09-11 19:17:59.426 24087 24087 D KeyguardPasswordView: H.UPDATE_EMERGENCY_BUTTON
09-11 19:17:59.427 24087 24087 I KeyguardPasswordView: set params.topMargin:799
09-11 19:17:59.447 24087 24087 D KeyguardPasswordView: H.UPDATE_EMERGENCY_BUTTON
09-11 19:17:59.447 24087 24087 I KeyguardPasswordView: set params.topMargin:799
09-11 19:17:59.468 24087 24087 D KeyguardPasswordView: H.UPDATE_EMERGENCY_BUTTON
09-11 19:17:59.468 24087 24087 I KeyguardPasswordView: set params.topMargin:799
09-11 19:17:59.488 24087 24087 D KeyguardPasswordView: H.UPDATE_EMERGENCY_BUTTON
09-11 19:17:59.489 24087 24087 I KeyguardPasswordView: set params.topMargin:799
09-11 19:17:59.507 24087 24087 D KeyguardPasswordView: H.UPDATE_EMERGENCY_BUTTON
09-11 19:17:59.507 24087 24087 I KeyguardPasswordView: set params.topMargin:799
09-11 19:17:59.527 24087 24087 D KeyguardPasswordView: H.UPDATE_EMERGENCY_BUTTON
09-11 19:17:59.529 24087 24087 I KeyguardPasswordView: set params.topMargin:799
09-11 19:17:59.546 24087 24087 D KeyguardPasswordView: H.UPDATE_EMERGENCY_BUTTON
09-11 19:17:59.546 24087 24087 I KeyguardPasswordView: set params.topMargin:799
09-11 19:17:59.564 24087 24087 D KeyguardPasswordView: H.UPDATE_EMERGENCY_BUTTON
09-11 19:17:59.564 24087 24087 I KeyguardPasswordView: set params.topMargin:799
09-11 19:17:59.585 24087 24087 D KeyguardPasswordView: H.UPDATE_EMERGENCY_BUTTON
09-11 19:17:59.585 24087 24087 I KeyguardPasswordView: set params.topMargin:799
09-11 19:17:59.604 24087 24087 D KeyguardPasswordView: H.UPDATE_EMERGENCY_BUTTON
09-11 19:17:59.604 24087 24087 I KeyguardPasswordView: set params.topMargin:799
09-11 19:17:59.621 24087 24087 D KeyguardPasswordView: H.UPDATE_EMERGENCY_BUTTON
09-11 19:17:59.622 24087 24087 I KeyguardPasswordView: set params.topMargin:799
09-11 19:17:59.639 24087 24087 D KeyguardPasswordView: H.UPDATE_EMERGENCY_BUTTON
09-11 19:17:59.639 24087 24087 I KeyguardPasswordView: set params.topMargin:799
09-11 19:17:59.659 24087 24087 D KeyguardPasswordView: H.UPDATE_EMERGENCY_BUTTON
09-11 19:17:59.660 24087 24087 I KeyguardPasswordView: set params.topMargin:799
09-11 19:17:59.677 24087 24087 D KeyguardPasswordView: H.UPDATE_EMERGENCY_BUTTON
09-11 19:17:59.677 24087 24087 I KeyguardPasswordView: set params.topMargin:799
09-11 19:17:59.695 24087 24087 D KeyguardPasswordView: H.UPDATE_EMERGENCY_BUTTON
09-11 19:17:59.696 24087 24087 I KeyguardPasswordView: set params.topMargin:799
09-11 19:17:59.713 24087 24087 D KeyguardPasswordView: H.UPDATE_EMERGENCY_BUTTON
09-11 19:17:59.714 24087 24087 I KeyguardPasswordView: set params.topMargin:799
09-11 19:17:59.731 24087 24087 D KeyguardPasswordView: H.UPDATE_EMERGENCY_BUTTON
09-11 19:17:59.732 24087 24087 I KeyguardPasswordView: set params.topMargin:799
09-11 19:17:59.749 24087 24087 D KeyguardPasswordView: H.UPDATE_EMERGENCY_BUTTON
09-11 19:17:59.750 24087 24087 I KeyguardPasswordView: set params.topMargin:799
09-11 19:17:59.768 24087 24087 D KeyguardPasswordView: H.UPDATE_EMERGENCY_BUTTON
09-11 19:17:59.769 24087 24087 I KeyguardPasswordView: set params.topMargin:799
09-11 19:17:59.786 24087 24087 D KeyguardPasswordView: H.UPDATE_EMERGENCY_BUTTON
09-11 19:17:59.786 24087 24087 I KeyguardPasswordView: set params.topMargin:799
09-11 19:17:59.804 24087 24087 D KeyguardPasswordView: H.UPDATE_EMERGENCY_BUTTON
09-11 19:17:59.805 24087 24087 I KeyguardPasswordView: set params.topMargin:799
09-11 19:17:59.823 24087 24087 D KeyguardPasswordView: H.UPDATE_EMERGENCY_BUTTON
09-11 19:17:59.824 24087 24087 I KeyguardPasswordView: set params.topMargin:799
09-11 19:17:59.844 24087 24087 D KeyguardPasswordView: H.UPDATE_EMERGENCY_BUTTON
09-11 19:17:59.844 24087 24087 I KeyguardPasswordView: set params.topMargin:799
09-11 19:17:59.864 24087 24087 D KeyguardPasswordView: H.UPDATE_EMERGENCY_BUTTON
09-11 19:17:59.865 24087 24087 I KeyguardPasswordView: set params.topMargin:799
09-11 19:17:59.881 24087 24087 D KeyguardPasswordView: H.UPDATE_EMERGENCY_BUTTON
09-11 19:17:59.881 24087 24087 I KeyguardPasswordView: set params.topMargin:799
09-11 19:17:59.900 24087 24087 D KeyguardPasswordView: H.UPDATE_EMERGENCY_BUTTON
09-11 19:17:59.900 24087 24087 I KeyguardPasswordView: set params.topMargin:799
09-11 19:17:59.920 24087 24087 D KeyguardPasswordView: H.UPDATE_EMERGENCY_BUTTON
09-11 19:17:59.921 24087 24087 I KeyguardPasswordView: set params.topMargin:799
09-11 19:17:59.940 24087 24087 D KeyguardPasswordView: H.UPDATE_EMERGENCY_BUTTON
09-11 19:17:59.941 24087 24087 I KeyguardPasswordView: set params.topMargin:799
09-11 19:17:59.958 24087 24087 D KeyguardPasswordView: H.UPDATE_EMERGENCY_BUTTON
09-11 19:17:59.959 24087 24087 I KeyguardPasswordView: set params.topMargin:799
09-11 19:17:59.975 24087 24087 D KeyguardPasswordView: H.UPDATE_EMERGENCY_BUTTON
09-11 19:17:59.976 24087 24087 I KeyguardPasswordView: set params.topMargin:799
09-11 19:17:59.994 24087 24087 D KeyguardPasswordView: H.UPDATE_EMERGENCY_BUTTON
09-11 19:17:59.994 24087 24087 I KeyguardPasswordView: set params.topMargin:799
09-11 19:18:00.013 24087 24087 D KeyguardPasswordView: H.UPDATE_EMERGENCY_BUTTON
09-11 19:18:00.014 24087 24087 I KeyguardPasswordView: set params.topMargin:799
09-11 19:18:00.034 24087 24087 D KeyguardPasswordView: H.UPDATE_EMERGENCY_BUTTON
09-11 19:18:00.035 24087 24087 I KeyguardPasswordView: set params.topMargin:799
09-11 19:18:00.056 24087 24087 D KeyguardPasswordView: H.UPDATE_EMERGENCY_BUTTON
09-11 19:18:00.056 24087 24087 I KeyguardPasswordView: set params.topMargin:799
09-11 19:18:00.076 24087 24087 D KeyguardPasswordView: H.UPDATE_EMERGENCY_BUTTON
09-11 19:18:00.076 24087 24087 I KeyguardPasswordView: set params.topMargin:799
09-11 19:18:00.095 24087 24087 D KeyguardPasswordView: H.UPDATE_EMERGENCY_BUTTON
09-11 19:18:00.096 24087 24087 I KeyguardPasswordView: set params.topMargin:799
09-11 19:18:00.112 24087 24087 D KeyguardPasswordView: H.UPDATE_EMERGENCY_BUTTON
09-11 19:18:00.112 24087 24087 I KeyguardPasswordView: set params.topMargin:799
09-11 19:18:00.130 24087 24087 D KeyguardPasswordView: H.UPDATE_EMERGENCY_BUTTON
09-11 19:18:00.130 24087 24087 I KeyguardPasswordView: set params.topMargin:799
09-11 19:18:00.146 24087 24087 D KeyguardPasswordView: H.UPDATE_EMERGENCY_BUTTON
09-11 19:18:00.147 24087 24087 I KeyguardPasswordView: set params.topMargin:799
09-11 19:18:00.163 24087 24087 D KeyguardPasswordView: H.UPDATE_EMERGENCY_BUTTON
09-11 19:18:00.163 24087 24087 I KeyguardPasswordView: set params.topMargin:799
09-11 19:18:00.181 24087 24087 D KeyguardPasswordView: H.UPDATE_EMERGENCY_BUTTON
09-11 19:18:00.181 24087 24087 I KeyguardPasswordView: set params.topMargin:799
09-11 19:18:00.198 24087 24087 D KeyguardPasswordView: H.UPDATE_EMERGENCY_BUTTON
09-11 19:18:00.200 24087 24087 I KeyguardPasswordView: set params.topMargin:799
09-11 19:18:00.217 24087 24087 D KeyguardPasswordView: H.UPDATE_EMERGENCY_BUTTON
09-11 19:18:00.217 24087 24087 I KeyguardPasswordView: set params.topMargin:799
09-11 19:18:00.235 24087 24087 D KeyguardPasswordView: H.UPDATE_EMERGENCY_BUTTON
09-11 19:18:00.235 24087 24087 I KeyguardPasswordView: set params.topMargin:799
09-11 19:18:00.252 24087 24087 D KeyguardPasswordView: H.UPDATE_EMERGENCY_BUTTON
09-11 19:18:00.253 24087 24087 I KeyguardPasswordView: set params.topMargin:799
09-11 19:18:00.270 24087 24087 D KeyguardPasswordView: H.UPDATE_EMERGENCY_BUTTON
09-11 19:18:00.271 24087 24087 I KeyguardPasswordView: set params.topMargin:799
09-11 19:18:00.288 24087 24087 D KeyguardPasswordView: H.UPDATE_EMERGENCY_BUTTON
09-11 19:18:00.288 24087 24087 I KeyguardPasswordView: set params.topMargin:799
09-11 19:18:00.306 24087 24087 D KeyguardPasswordView: H.UPDATE_EMERGENCY_BUTTON
09-11 19:18:00.306 24087 24087 I KeyguardPasswordView: set params.topMargin:799
09-11 19:18:00.323 24087 24087 D KeyguardPasswordView: H.UPDATE_EMERGENCY_BUTTON
09-11 19:18:00.324 24087 24087 I KeyguardPasswordView: set params.topMargin:799
09-11 19:18:00.341 24087 24087 D KeyguardPasswordView: H.UPDATE_EMERGENCY_BUTTON
09-11 19:18:00.341 24087 24087 I KeyguardPasswordView: set params.topMargin:799
09-11 19:18:00.361 24087 24087 D KeyguardPasswordView: H.UPDATE_EMERGENCY_BUTTON
09-11 19:18:00.362 24087 24087 I KeyguardPasswordView: set params.topMargin:799
09-11 19:18:00.380 24087 24087 D KeyguardPasswordView: H.UPDATE_EMERGENCY_BUTTON
09-11 19:18:00.381 24087 24087 I KeyguardPasswordView: set params.topMargin:799
09-11 19:18:00.397 24087 24087 D KeyguardPasswordView: H.UPDATE_EMERGENCY_BUTTON
09-11 19:18:00.398 24087 24087 I KeyguardPasswordView: set params.topMargin:799
09-11 19:18:00.415 24087 24087 D KeyguardPasswordView: H.UPDATE_EMERGENCY_BUTTON
09-11 19:18:00.416 24087 24087 I KeyguardPasswordView: set params.topMargin:799
09-11 19:18:00.432 24087 24087 D KeyguardPasswordView: H.UPDATE_EMERGENCY_BUTTON
09-11 19:18:00.433 24087 24087 I KeyguardPasswordView: set params.topMargin:799
09-11 19:18:00.450 24087 24087 D KeyguardPasswordView: H.UPDATE_EMERGENCY_BUTTON
09-11 19:18:00.450 24087 24087 I KeyguardPasswordView: set params.topMargin:799
09-11 19:18:00.475 24087 24087 D KeyguardPasswordView: H.UPDATE_EMERGENCY_BUTTON
09-11 19:18:00.476 24087 24087 I KeyguardPasswordView: set params.topMargin:799
09-11 19:18:00.492 24087 24087 D KeyguardPasswordView: H.UPDATE_EMERGENCY_BUTTON
09-11 19:18:00.492 24087 24087 I KeyguardPasswordView: set params.topMargin:799
09-11 19:18:00.510 24087 24087 D KeyguardPasswordView: H.UPDATE_EMERGENCY_BUTTON
09-11 19:18:00.510 24087 24087 I KeyguardPasswordView: set params.topMargin:799
09-11 19:18:00.525  1071  5784 E oemlogkit: oemlogkit: Android log path: (null). Inside
09-11 19:18:00.525  1071  5784 E oemlogkit: oemlogkit: !start_log, sleep
09-11 19:18:00.531 24087 24087 D KeyguardPasswordView: H.UPDATE_EMERGENCY_BUTTON
09-11 19:18:00.532 24087 24087 I KeyguardPasswordView: set params.topMargin:799
09-11 19:18:00.549 24087 24087 D KeyguardPasswordView: H.UPDATE_EMERGENCY_BUTTON
09-11 19:18:00.549 24087 24087 I KeyguardPasswordView: set params.topMargin:799
09-11 19:18:00.569 24087 24087 D KeyguardPasswordView: H.UPDATE_EMERGENCY_BUTTON
09-11 19:18:00.570 24087 24087 I KeyguardPasswordView: set params.topMargin:799
09-11 19:18:00.577 14890 14952 W WM-WorkSpec: Interval duration lesser than minimum allowed value; Changed to 900000
09-11 19:18:00.577 14890 14952 W WM-WorkSpec: Flex duration lesser than minimum allowed value; Changed to 300000
09-11 19:18:00.579 14890 14959 W System.err: java.lang.NullPointerException: Attempt to invoke virtual method 'void android.bluetooth.le.BluetoothLeAdvertiser.stopAdvertisingSet(android.bluetooth.le.AdvertisingSetCallback)' on a null object reference
09-11 19:18:00.580 14890 14959 W System.err: 	at u4.e(SourceFile:2)
09-11 19:18:00.580 14890 14959 W System.err: 	at u4.g(SourceFile:4)
09-11 19:18:00.580 14890 14959 W System.err: 	at v7.b(SourceFile:3)
09-11 19:18:00.580 14890 14959 W System.err: 	at v7.h(Unknown Source:0)
09-11 19:18:00.580 14890 14959 W System.err: 	at n0.run(Unknown Source:8)
09-11 19:18:00.580 14890 14959 W System.err: 	at java.util.concurrent.ThreadPoolExecutor.runWorker(ThreadPoolExecutor.java:1167)
09-11 19:18:00.580 14890 14959 W System.err: 	at java.util.concurrent.ThreadPoolExecutor$Worker.run(ThreadPoolExecutor.java:641)
09-11 19:18:00.580 14890 14959 W System.err: 	at java.lang.Thread.run(Thread.java:923)
09-11 19:18:00.582 14890 14959 W System.err: java.lang.NullPointerException: Attempt to invoke virtual method 'void android.bluetooth.le.BluetoothLeAdvertiser.startAdvertisingSet(android.bluetooth.le.AdvertisingSetParameters, android.bluetooth.le.AdvertiseData, android.bluetooth.le.AdvertiseData, android.bluetooth.le.PeriodicAdvertisingParameters, android.bluetooth.le.AdvertiseData, int, int, android.bluetooth.le.AdvertisingSetCallback)' on a null object reference
09-11 19:18:00.583 14890 14959 W System.err: 	at u4.g(SourceFile:8)
09-11 19:18:00.583 14890 14959 W System.err: 	at v7.b(SourceFile:3)
09-11 19:18:00.583 14890 14959 W System.err: 	at v7.h(Unknown Source:0)
09-11 19:18:00.583 14890 14959 W System.err: 	at n0.run(Unknown Source:8)
09-11 19:18:00.583 14890 14959 W System.err: 	at java.util.concurrent.ThreadPoolExecutor.runWorker(ThreadPoolExecutor.java:1167)
09-11 19:18:00.583 14890 14959 W System.err: 	at java.util.concurrent.ThreadPoolExecutor$Worker.run(ThreadPoolExecutor.java:641)
09-11 19:18:00.583 14890 14959 W System.err: 	at java.lang.Thread.run(Thread.java:923)
09-11 19:18:00.591 24087 24087 D KeyguardPasswordView: H.UPDATE_EMERGENCY_BUTTON
09-11 19:18:00.591 24087 24087 I KeyguardPasswordView: set params.topMargin:799
09-11 19:18:00.608 24087 24087 D KeyguardPasswordView: H.UPDATE_EMERGENCY_BUTTON
09-11 19:18:00.608 24087 24087 I KeyguardPasswordView: set params.topMargin:799
09-11 19:18:00.629 24087 24087 D KeyguardPasswordView: H.UPDATE_EMERGENCY_BUTTON
09-11 19:18:00.629 24087 24087 I KeyguardPasswordView: set params.topMargin:799
09-11 19:18:00.648 24087 24087 D KeyguardPasswordView: H.UPDATE_EMERGENCY_BUTTON
09-11 19:18:00.648 24087 24087 I KeyguardPasswordView: set params.topMargin:799
09-11 19:18:00.666 24087 24087 D KeyguardPasswordView: H.UPDATE_EMERGENCY_BUTTON
09-11 19:18:00.666 24087 24087 I KeyguardPasswordView: set params.topMargin:799
09-11 19:18:00.684 24087 24087 D KeyguardPasswordView: H.UPDATE_EMERGENCY_BUTTON
09-11 19:18:00.684 24087 24087 I KeyguardPasswordView: set params.topMargin:799
09-11 19:18:00.701 24087 24087 D KeyguardPasswordView: H.UPDATE_EMERGENCY_BUTTON
09-11 19:18:00.701 24087 24087 I KeyguardPasswordView: set params.topMargin:799
09-11 19:18:00.718 24087 24087 D KeyguardPasswordView: H.UPDATE_EMERGENCY_BUTTON
09-11 19:18:00.719 24087 24087 I KeyguardPasswordView: set params.topMargin:799
09-11 19:18:00.739 24087 24087 D KeyguardPasswordView: H.UPDATE_EMERGENCY_BUTTON
09-11 19:18:00.739 24087 24087 I KeyguardPasswordView: set params.topMargin:799
09-11 19:18:00.756 24087 24087 D KeyguardPasswordView: H.UPDATE_EMERGENCY_BUTTON
09-11 19:18:00.757 24087 24087 I KeyguardPasswordView: set params.topMargin:799
09-11 19:18:00.775 24087 24087 D KeyguardPasswordView: H.UPDATE_EMERGENCY_BUTTON
09-11 19:18:00.776 24087 24087 I KeyguardPasswordView: set params.topMargin:799
09-11 19:18:00.794 24087 24087 D KeyguardPasswordView: H.UPDATE_EMERGENCY_BUTTON
09-11 19:18:00.795 24087 24087 I KeyguardPasswordView: set params.topMargin:799
09-11 19:18:00.813 24087 24087 D KeyguardPasswordView: H.UPDATE_EMERGENCY_BUTTON
09-11 19:18:00.814 24087 24087 I KeyguardPasswordView: set params.topMargin:799
09-11 19:18:00.831 24087 24087 D KeyguardPasswordView: H.UPDATE_EMERGENCY_BUTTON
09-11 19:18:00.832 24087 24087 I KeyguardPasswordView: set params.topMargin:799
09-11 19:18:00.851 24087 24087 D KeyguardPasswordView: H.UPDATE_EMERGENCY_BUTTON
09-11 19:18:00.851 24087 24087 I KeyguardPasswordView: set params.topMargin:799
09-11 19:18:00.872 24087 24087 D KeyguardPasswordView: H.UPDATE_EMERGENCY_BUTTON
09-11 19:18:00.872 24087 24087 I KeyguardPasswordView: set params.topMargin:799
09-11 19:18:00.890 24087 24087 D KeyguardPasswordView: H.UPDATE_EMERGENCY_BUTTON
09-11 19:18:00.890 24087 24087 I KeyguardPasswordView: set params.topMargin:799
09-11 19:18:00.910 24087 24087 D KeyguardPasswordView: H.UPDATE_EMERGENCY_BUTTON
09-11 19:18:00.911 24087 24087 I KeyguardPasswordView: set params.topMargin:799
09-11 19:18:00.932 24087 24087 D KeyguardPasswordView: H.UPDATE_EMERGENCY_BUTTON
09-11 19:18:00.932 24087 24087 I KeyguardPasswordView: set params.topMargin:799
09-11 19:18:00.953 24087 24087 D KeyguardPasswordView: H.UPDATE_EMERGENCY_BUTTON
09-11 19:18:00.953 24087 24087 I KeyguardPasswordView: set params.topMargin:799
09-11 19:18:00.970 24087 24087 D KeyguardPasswordView: H.UPDATE_EMERGENCY_BUTTON
09-11 19:18:00.971 24087 24087 I KeyguardPasswordView: set params.topMargin:799
09-11 19:18:00.988 24087 24087 D KeyguardPasswordView: H.UPDATE_EMERGENCY_BUTTON
09-11 19:18:00.989 24087 24087 I KeyguardPasswordView: set params.topMargin:799
09-11 19:18:01.007 24087 24087 D KeyguardPasswordView: H.UPDATE_EMERGENCY_BUTTON
09-11 19:18:01.007 24087 24087 I KeyguardPasswordView: set params.topMargin:799
09-11 19:18:01.027 24087 24087 D KeyguardPasswordView: H.UPDATE_EMERGENCY_BUTTON
09-11 19:18:01.028 24087 24087 I KeyguardPasswordView: set params.topMargin:799
09-11 19:18:01.048 24087 24087 D KeyguardPasswordView: H.UPDATE_EMERGENCY_BUTTON
09-11 19:18:01.048 24087 24087 I KeyguardPasswordView: set params.topMargin:799
09-11 19:18:01.068 24087 24087 D KeyguardPasswordView: H.UPDATE_EMERGENCY_BUTTON
09-11 19:18:01.069 24087 24087 I KeyguardPasswordView: set params.topMargin:799
09-11 19:18:01.087 24087 24087 D KeyguardPasswordView: H.UPDATE_EMERGENCY_BUTTON
09-11 19:18:01.087 24087 24087 I KeyguardPasswordView: set params.topMargin:799
09-11 19:18:01.106 24087 24087 D KeyguardPasswordView: H.UPDATE_EMERGENCY_BUTTON
09-11 19:18:01.106 24087 24087 I KeyguardPasswordView: set params.topMargin:799
09-11 19:18:01.127 24087 24087 D KeyguardPasswordView: H.UPDATE_EMERGENCY_BUTTON
09-11 19:18:01.127 24087 24087 I KeyguardPasswordView: set params.topMargin:799
09-11 19:18:01.144 24087 24087 D KeyguardPasswordView: H.UPDATE_EMERGENCY_BUTTON
09-11 19:18:01.145 24087 24087 I KeyguardPasswordView: set params.topMargin:799
09-11 19:18:01.164 24087 24087 D KeyguardPasswordView: H.UPDATE_EMERGENCY_BUTTON
09-11 19:18:01.164 24087 24087 I KeyguardPasswordView: set params.topMargin:799
09-11 19:18:01.182 24087 24087 D KeyguardPasswordView: H.UPDATE_EMERGENCY_BUTTON
09-11 19:18:01.182 24087 24087 I KeyguardPasswordView: set params.topMargin:799
09-11 19:18:01.200 24087 24087 D KeyguardPasswordView: H.UPDATE_EMERGENCY_BUTTON
09-11 19:18:01.201 24087 24087 I KeyguardPasswordView: set params.topMargin:799
09-11 19:18:01.220 24087 24087 D KeyguardPasswordView: H.UPDATE_EMERGENCY_BUTTON
09-11 19:18:01.221 24087 24087 I KeyguardPasswordView: set params.topMargin:799
09-11 19:18:01.238 24087 24087 D KeyguardPasswordView: H.UPDATE_EMERGENCY_BUTTON
09-11 19:18:01.239 24087 24087 I KeyguardPasswordView: set params.topMargin:799
09-11 19:18:01.256 24087 24087 D KeyguardPasswordView: H.UPDATE_EMERGENCY_BUTTON
09-11 19:18:01.259 24087 24087 I KeyguardPasswordView: set params.topMargin:799
09-11 19:18:01.274 24087 24087 D KeyguardPasswordView: H.UPDATE_EMERGENCY_BUTTON
09-11 19:18:01.274 24087 24087 I KeyguardPasswordView: set params.topMargin:799
09-11 19:18:01.294 24087 24087 D KeyguardPasswordView: H.UPDATE_EMERGENCY_BUTTON
09-11 19:18:01.294 24087 24087 I KeyguardPasswordView: set params.topMargin:799
09-11 19:18:01.311 24087 24087 D KeyguardPasswordView: H.UPDATE_EMERGENCY_BUTTON
09-11 19:18:01.312 24087 24087 I KeyguardPasswordView: set params.topMargin:799
09-11 19:18:01.331 24087 24087 D KeyguardPasswordView: H.UPDATE_EMERGENCY_BUTTON
09-11 19:18:01.332 24087 24087 I KeyguardPasswordView: set params.topMargin:799
09-11 19:18:01.352 24087 24087 D KeyguardPasswordView: H.UPDATE_EMERGENCY_BUTTON
09-11 19:18:01.352 24087 24087 I KeyguardPasswordView: set params.topMargin:799
09-11 19:18:01.372 24087 24087 D KeyguardPasswordView: H.UPDATE_EMERGENCY_BUTTON
09-11 19:18:01.373 24087 24087 I KeyguardPasswordView: set params.topMargin:799
09-11 19:18:01.395 24087 24087 D KeyguardPasswordView: H.UPDATE_EMERGENCY_BUTTON
09-11 19:18:01.395 24087 24087 I KeyguardPasswordView: set params.topMargin:799
09-11 19:18:01.410 24087 24087 D KeyguardPasswordView: H.UPDATE_EMERGENCY_BUTTON
09-11 19:18:01.411 24087 24087 I KeyguardPasswordView: set params.topMargin:799
09-11 19:18:01.429 24087 24087 D KeyguardPasswordView: H.UPDATE_EMERGENCY_BUTTON
09-11 19:18:01.429 24087 24087 I KeyguardPasswordView: set params.topMargin:799
09-11 19:18:01.449 24087 24087 D KeyguardPasswordView: H.UPDATE_EMERGENCY_BUTTON
09-11 19:18:01.449 24087 24087 I KeyguardPasswordView: set params.topMargin:799
09-11 19:18:01.467 24087 24087 D KeyguardPasswordView: H.UPDATE_EMERGENCY_BUTTON
09-11 19:18:01.468 24087 24087 I KeyguardPasswordView: set params.topMargin:799
09-11 19:18:01.485 24087 24087 D KeyguardPasswordView: H.UPDATE_EMERGENCY_BUTTON
09-11 19:18:01.485 24087 24087 I KeyguardPasswordView: set params.topMargin:799
09-11 19:18:01.502 24087 24087 D KeyguardPasswordView: H.UPDATE_EMERGENCY_BUTTON
09-11 19:18:01.504 24087 24087 I KeyguardPasswordView: set params.topMargin:799
09-11 19:18:01.520 24087 24087 D KeyguardPasswordView: H.UPDATE_EMERGENCY_BUTTON
09-11 19:18:01.520 24087 24087 I KeyguardPasswordView: set params.topMargin:799
09-11 19:18:01.538 24087 24087 D KeyguardPasswordView: H.UPDATE_EMERGENCY_BUTTON
09-11 19:18:01.538 24087 24087 I KeyguardPasswordView: set params.topMargin:799
09-11 19:18:01.555 24087 24087 D KeyguardPasswordView: H.UPDATE_EMERGENCY_BUTTON
09-11 19:18:01.556 24087 24087 I KeyguardPasswordView: set params.topMargin:799
09-11 19:18:01.574 24087 24087 D KeyguardPasswordView: H.UPDATE_EMERGENCY_BUTTON
09-11 19:18:01.574 24087 24087 I KeyguardPasswordView: set params.topMargin:799
09-11 19:18:01.593 24087 24087 D KeyguardPasswordView: H.UPDATE_EMERGENCY_BUTTON
09-11 19:18:01.594 24087 24087 I KeyguardPasswordView: set params.topMargin:799
09-11 19:18:01.614 24087 24087 D KeyguardPasswordView: H.UPDATE_EMERGENCY_BUTTON
09-11 19:18:01.614 24087 24087 I KeyguardPasswordView: set params.topMargin:799
09-11 19:18:01.631 24087 24087 D KeyguardPasswordView: H.UPDATE_EMERGENCY_BUTTON
09-11 19:18:01.632 24087 24087 I KeyguardPasswordView: set params.topMargin:799
09-11 19:18:01.649 24087 24087 D KeyguardPasswordView: H.UPDATE_EMERGENCY_BUTTON
09-11 19:18:01.649 24087 24087 I KeyguardPasswordView: set params.topMargin:799
09-11 19:18:01.670 24087 24087 D KeyguardPasswordView: H.UPDATE_EMERGENCY_BUTTON
09-11 19:18:01.670 24087 24087 I KeyguardPasswordView: set params.topMargin:799
09-11 19:18:01.690 24087 24087 D KeyguardPasswordView: H.UPDATE_EMERGENCY_BUTTON
09-11 19:18:01.691 24087 24087 I KeyguardPasswordView: set params.topMargin:799
09-11 19:18:01.711 24087 24087 D KeyguardPasswordView: H.UPDATE_EMERGENCY_BUTTON
09-11 19:18:01.712 24087 24087 I KeyguardPasswordView: set params.topMargin:799
09-11 19:18:01.732 24087 24087 D KeyguardPasswordView: H.UPDATE_EMERGENCY_BUTTON
09-11 19:18:01.732 24087 24087 I KeyguardPasswordView: set params.topMargin:799
09-11 19:18:01.753 24087 24087 D KeyguardPasswordView: H.UPDATE_EMERGENCY_BUTTON
09-11 19:18:01.754 24087 24087 I KeyguardPasswordView: set params.topMargin:799
09-11 19:18:01.771 24087 24087 D KeyguardPasswordView: H.UPDATE_EMERGENCY_BUTTON
09-11 19:18:01.771 24087 24087 I KeyguardPasswordView: set params.topMargin:799
09-11 19:18:01.788 24087 24087 D KeyguardPasswordView: H.UPDATE_EMERGENCY_BUTTON
09-11 19:18:01.788 24087 24087 I KeyguardPasswordView: set params.topMargin:799
09-11 19:18:01.791  1555  1746 W AlarmManager: Unrecognized alarm listener com.android.server.OpPowerControllerService$tsu@ecdb27f
09-11 19:18:01.802 14890 14890 W WM-WorkSpec: Interval duration lesser than minimum allowed value; Changed to 900000
09-11 19:18:01.803 14890 14890 W WM-WorkSpec: Flex duration lesser than minimum allowed value; Changed to 300000
09-11 19:18:01.807 14890 14959 W System.err: java.lang.NullPointerException: Attempt to invoke virtual method 'void android.bluetooth.le.BluetoothLeAdvertiser.stopAdvertisingSet(android.bluetooth.le.AdvertisingSetCallback)' on a null object reference
09-11 19:18:01.808 14890 14959 W System.err: 	at u4.e(SourceFile:2)
09-11 19:18:01.808 14890 14959 W System.err: 	at u4.g(SourceFile:4)
09-11 19:18:01.808 14890 14959 W System.err: 	at v7.b(SourceFile:3)
09-11 19:18:01.808 14890 14959 W System.err: 	at v7.h(Unknown Source:0)
09-11 19:18:01.808 14890 14959 W System.err: 	at n0.run(Unknown Source:8)
09-11 19:18:01.808 14890 14959 W System.err: 	at java.util.concurrent.ThreadPoolExecutor.runWorker(ThreadPoolExecutor.java:1167)
09-11 19:18:01.808 14890 14959 W System.err: 	at java.util.concurrent.ThreadPoolExecutor$Worker.run(ThreadPoolExecutor.java:641)
09-11 19:18:01.808 14890 14959 W System.err: 	at java.lang.Thread.run(Thread.java:923)
09-11 19:18:01.808 14890 14959 W System.err: java.lang.NullPointerException: Attempt to invoke virtual method 'void android.bluetooth.le.BluetoothLeAdvertiser.startAdvertisingSet(android.bluetooth.le.AdvertisingSetParameters, android.bluetooth.le.AdvertiseData, android.bluetooth.le.AdvertiseData, android.bluetooth.le.PeriodicAdvertisingParameters, android.bluetooth.le.AdvertiseData, int, int, android.bluetooth.le.AdvertisingSetCallback)' on a null object reference
09-11 19:18:01.808 14890 14959 W System.err: 	at u4.g(SourceFile:8)
09-11 19:18:01.808 14890 14959 W System.err: 	at v7.b(SourceFile:3)
09-11 19:18:01.808 14890 14959 W System.err: 	at v7.h(Unknown Source:0)
09-11 19:18:01.808 14890 14959 W System.err: 	at n0.run(Unknown Source:8)
09-11 19:18:01.808 14890 14959 W System.err: 	at java.util.concurrent.ThreadPoolExecutor.runWorker(ThreadPoolExecutor.java:1167)
09-11 19:18:01.808 14890 14959 W System.err: 	at java.util.concurrent.ThreadPoolExecutor$Worker.run(ThreadPoolExecutor.java:641)
09-11 19:18:01.808 14890 14959 W System.err: 	at java.lang.Thread.run(Thread.java:923)
09-11 19:18:01.809 24087 24087 I OpUtils : isSupportWarpCharging:false
09-11 19:18:01.810 24087 24087 D OpSWarpChargingView: level is same as latest one [41]
09-11 19:18:01.811 24087 24087 D KeyguardUpdateMonitor: received broadcast android.intent.action.BATTERY_CHANGED
09-11 19:18:01.811 24087 24087 I OpUtils : isSupportWarpCharging:false
09-11 19:18:01.811 24087 24087 D KeyguardUpdateMonitor: pdCharge false, chargingstatus 0, fastcharge:0
09-11 19:18:01.811 24087 24087 D KeyguardPasswordView: H.UPDATE_EMERGENCY_BUTTON
09-11 19:18:01.812 24087 24087 I KeyguardPasswordView: set params.topMargin:799
09-11 19:18:01.812 24087 24109 D BatterySaverTile: handleUpdateState, true, false
09-11 19:18:01.831 24087 24087 D KeyguardPasswordView: H.UPDATE_EMERGENCY_BUTTON
09-11 19:18:01.832 24087 24087 I KeyguardPasswordView: set params.topMargin:799
09-11 19:18:01.835  8627  8627 D DeviceStatisticsService: chargerType=2 batteryLevel=41 totalBatteryCapacity=3777900
09-11 19:18:01.848 24087 24087 D KeyguardPasswordView: H.UPDATE_EMERGENCY_BUTTON
09-11 19:18:01.848 24087 24087 I KeyguardPasswordView: set params.topMargin:799
09-11 19:18:01.867 24087 24087 D KeyguardPasswordView: H.UPDATE_EMERGENCY_BUTTON
09-11 19:18:01.868 24087 24087 I KeyguardPasswordView: set params.topMargin:799
09-11 19:18:01.885 24087 24087 D KeyguardPasswordView: H.UPDATE_EMERGENCY_BUTTON
09-11 19:18:01.885 24087 24087 I KeyguardPasswordView: set params.topMargin:799
09-11 19:18:01.902 24087 24087 D KeyguardPasswordView: H.UPDATE_EMERGENCY_BUTTON
09-11 19:18:01.902 24087 24087 I KeyguardPasswordView: set params.topMargin:799
09-11 19:18:01.920 24087 24087 D KeyguardPasswordView: H.UPDATE_EMERGENCY_BUTTON
09-11 19:18:01.920 24087 24087 I KeyguardPasswordView: set params.topMargin:799
09-11 19:18:01.937 24087 24087 D KeyguardPasswordView: H.UPDATE_EMERGENCY_BUTTON
09-11 19:18:01.937 24087 24087 I KeyguardPasswordView: set params.topMargin:799
09-11 19:18:01.955 24087 24087 D KeyguardPasswordView: H.UPDATE_EMERGENCY_BUTTON
09-11 19:18:01.955 24087 24087 I KeyguardPasswordView: set params.topMargin:799
09-11 19:18:01.974 24087 24087 D KeyguardPasswordView: H.UPDATE_EMERGENCY_BUTTON
09-11 19:18:01.974 24087 24087 I KeyguardPasswordView: set params.topMargin:799
09-11 19:18:01.991 24087 24087 D KeyguardPasswordView: H.UPDATE_EMERGENCY_BUTTON
09-11 19:18:01.992 24087 24087 I KeyguardPasswordView: set params.topMargin:799
09-11 19:18:02.009 24087 24087 D KeyguardPasswordView: H.UPDATE_EMERGENCY_BUTTON
09-11 19:18:02.010 24087 24087 I KeyguardPasswordView: set params.topMargin:799
09-11 19:18:02.031 24087 24087 D KeyguardPasswordView: H.UPDATE_EMERGENCY_BUTTON
09-11 19:18:02.031 24087 24087 I KeyguardPasswordView: set params.topMargin:799
09-11 19:18:02.049 24087 24087 D KeyguardPasswordView: H.UPDATE_EMERGENCY_BUTTON
09-11 19:18:02.049 24087 24087 I KeyguardPasswordView: set params.topMargin:799
09-11 19:18:02.069 24087 24087 D KeyguardPasswordView: H.UPDATE_EMERGENCY_BUTTON
09-11 19:18:02.070 24087 24087 I KeyguardPasswordView: set params.topMargin:799
09-11 19:18:02.090 24087 24087 D KeyguardPasswordView: H.UPDATE_EMERGENCY_BUTTON
09-11 19:18:02.091 24087 24087 I KeyguardPasswordView: set params.topMargin:799
09-11 19:18:02.109 24087 24087 D KeyguardPasswordView: H.UPDATE_EMERGENCY_BUTTON
09-11 19:18:02.109 24087 24087 I KeyguardPasswordView: set params.topMargin:799
09-11 19:18:02.127 24087 24087 D KeyguardPasswordView: H.UPDATE_EMERGENCY_BUTTON
09-11 19:18:02.128 24087 24087 I KeyguardPasswordView: set params.topMargin:799
09-11 19:18:02.145 24087 24087 D KeyguardPasswordView: H.UPDATE_EMERGENCY_BUTTON
09-11 19:18:02.146 24087 24087 I KeyguardPasswordView: set params.topMargin:799
09-11 19:18:02.163 24087 24087 D KeyguardPasswordView: H.UPDATE_EMERGENCY_BUTTON
09-11 19:18:02.164 24087 24087 I KeyguardPasswordView: set params.topMargin:799
09-11 19:18:02.184 24087 24087 D KeyguardPasswordView: H.UPDATE_EMERGENCY_BUTTON
09-11 19:18:02.185 24087 24087 I KeyguardPasswordView: set params.topMargin:799
09-11 19:18:02.201 24087 24087 D KeyguardPasswordView: H.UPDATE_EMERGENCY_BUTTON
09-11 19:18:02.201 24087 24087 I KeyguardPasswordView: set params.topMargin:799
09-11 19:18:02.221 24087 24087 D KeyguardPasswordView: H.UPDATE_EMERGENCY_BUTTON
09-11 19:18:02.222 24087 24087 I KeyguardPasswordView: set params.topMargin:799
09-11 19:18:02.239 24087 24087 D KeyguardPasswordView: H.UPDATE_EMERGENCY_BUTTON
09-11 19:18:02.239 24087 24087 I KeyguardPasswordView: set params.topMargin:799
09-11 19:18:02.260 24087 24087 D KeyguardPasswordView: H.UPDATE_EMERGENCY_BUTTON
09-11 19:18:02.261 24087 24087 I KeyguardPasswordView: set params.topMargin:799
09-11 19:18:02.277 24087 24087 D KeyguardPasswordView: H.UPDATE_EMERGENCY_BUTTON
09-11 19:18:02.278 24087 24087 I KeyguardPasswordView: set params.topMargin:799
09-11 19:18:02.295 24087 24087 D KeyguardPasswordView: H.UPDATE_EMERGENCY_BUTTON
09-11 19:18:02.296 24087 24087 I KeyguardPasswordView: set params.topMargin:799
09-11 19:18:02.313 24087 24087 D KeyguardPasswordView: H.UPDATE_EMERGENCY_BUTTON
09-11 19:18:02.314 24087 24087 I KeyguardPasswordView: set params.topMargin:799
09-11 19:18:02.331 24087 24087 D KeyguardPasswordView: H.UPDATE_EMERGENCY_BUTTON
09-11 19:18:02.331 24087 24087 I KeyguardPasswordView: set params.topMargin:799
09-11 19:18:02.349 24087 24087 D KeyguardPasswordView: H.UPDATE_EMERGENCY_BUTTON
09-11 19:18:02.349 24087 24087 I KeyguardPasswordView: set params.topMargin:799
09-11 19:18:02.367 24087 24087 D KeyguardPasswordView: H.UPDATE_EMERGENCY_BUTTON
09-11 19:18:02.367 24087 24087 I KeyguardPasswordView: set params.topMargin:799
09-11 19:18:02.385 24087 24087 D KeyguardPasswordView: H.UPDATE_EMERGENCY_BUTTON
09-11 19:18:02.386 24087 24087 I KeyguardPasswordView: set params.topMargin:799
09-11 19:18:02.402 24087 24087 D KeyguardPasswordView: H.UPDATE_EMERGENCY_BUTTON
09-11 19:18:02.402 24087 24087 I KeyguardPasswordView: set params.topMargin:799
09-11 19:18:02.421 24087 24087 D KeyguardPasswordView: H.UPDATE_EMERGENCY_BUTTON
09-11 19:18:02.422 24087 24087 I KeyguardPasswordView: set params.topMargin:799
09-11 19:18:02.441 24087 24087 D KeyguardPasswordView: H.UPDATE_EMERGENCY_BUTTON
09-11 19:18:02.441 24087 24087 I KeyguardPasswordView: set params.topMargin:799
09-11 19:18:02.458 24087 24087 D KeyguardPasswordView: H.UPDATE_EMERGENCY_BUTTON
09-11 19:18:02.459 24087 24087 I KeyguardPasswordView: set params.topMargin:799
09-11 19:18:02.477 24087 24087 D KeyguardPasswordView: H.UPDATE_EMERGENCY_BUTTON
09-11 19:18:02.478 24087 24087 I KeyguardPasswordView: set params.topMargin:799
09-11 19:18:02.494 24087 24087 D KeyguardPasswordView: H.UPDATE_EMERGENCY_BUTTON
09-11 19:18:02.495 24087 24087 I KeyguardPasswordView: set params.topMargin:799
09-11 19:18:02.512 24087 24087 D KeyguardPasswordView: H.UPDATE_EMERGENCY_BUTTON
09-11 19:18:02.512 24087 24087 I KeyguardPasswordView: set params.topMargin:799
09-11 19:18:02.530 24087 24087 D KeyguardPasswordView: H.UPDATE_EMERGENCY_BUTTON
09-11 19:18:02.531 24087 24087 I KeyguardPasswordView: set params.topMargin:799
09-11 19:18:02.548 24087 24087 D KeyguardPasswordView: H.UPDATE_EMERGENCY_BUTTON
09-11 19:18:02.548 24087 24087 I KeyguardPasswordView: set params.topMargin:799
09-11 19:18:02.566 24087 24087 D KeyguardPasswordView: H.UPDATE_EMERGENCY_BUTTON
09-11 19:18:02.566 24087 24087 I KeyguardPasswordView: set params.topMargin:799
09-11 19:18:02.581  1664  7162 E QMI_FW  : qmi_cci_get_ref: ref count increased 2
09-11 19:18:02.583 24087 24087 D KeyguardPasswordView: H.UPDATE_EMERGENCY_BUTTON
09-11 19:18:02.584 24087 24087 I KeyguardPasswordView: set params.topMargin:799
09-11 19:18:02.584  1664  1732 E QMI_FW  : qmi_cci_get_ref: ref count increased 2
09-11 19:18:02.601 24087 24087 D KeyguardPasswordView: H.UPDATE_EMERGENCY_BUTTON
09-11 19:18:02.602 24087 24087 I KeyguardPasswordView: set params.topMargin:799
09-11 19:18:02.624 24087 24087 D KeyguardPasswordView: H.UPDATE_EMERGENCY_BUTTON
09-11 19:18:02.625 24087 24087 I KeyguardPasswordView: set params.topMargin:799
09-11 19:18:02.630  3155  3155 D PhoneInterfaceManager: [PhoneIntfMgr] getPhoneFromSubId: 6
09-11 19:18:02.641  1664  1732 E QMI_FW  : qmi_cci_get_ref: ref count increased 2
09-11 19:18:02.642 24087 24087 D KeyguardPasswordView: H.UPDATE_EMERGENCY_BUTTON
09-11 19:18:02.642 24087 24087 I KeyguardPasswordView: set params.topMargin:799
09-11 19:18:02.645  1664  1732 E QMI_FW  : qmi_cci_get_ref: ref count increased 2
09-11 19:18:02.660 24087 24087 D KeyguardPasswordView: H.UPDATE_EMERGENCY_BUTTON
09-11 19:18:02.661 24087 24087 I KeyguardPasswordView: set params.topMargin:799
09-11 19:18:02.669  3155  3155 D MDM-OPMdmListener: onCellInfoChanged the cellInfo changed phoneId 0
09-11 19:18:02.679 24087 24087 D KeyguardPasswordView: H.UPDATE_EMERGENCY_BUTTON
09-11 19:18:02.679 24087 24087 I KeyguardPasswordView: set params.topMargin:799
09-11 19:18:02.696 24087 24087 D KeyguardPasswordView: H.UPDATE_EMERGENCY_BUTTON
09-11 19:18:02.696 24087 24087 I KeyguardPasswordView: set params.topMargin:799
09-11 19:18:02.713 24087 24087 D KeyguardPasswordView: H.UPDATE_EMERGENCY_BUTTON
09-11 19:18:02.714 24087 24087 I KeyguardPasswordView: set params.topMargin:799
09-11 19:18:02.730 24087 24087 D KeyguardPasswordView: H.UPDATE_EMERGENCY_BUTTON
09-11 19:18:02.731 24087 24087 I KeyguardPasswordView: set params.topMargin:799
09-11 19:18:02.749 24087 24087 D KeyguardPasswordView: H.UPDATE_EMERGENCY_BUTTON
09-11 19:18:02.750 24087 24087 I KeyguardPasswordView: set params.topMargin:799
09-11 19:18:02.767 24087 24087 D KeyguardPasswordView: H.UPDATE_EMERGENCY_BUTTON
09-11 19:18:02.768 24087 24087 I KeyguardPasswordView: set params.topMargin:799
09-11 19:18:02.787 24087 24087 D KeyguardPasswordView: H.UPDATE_EMERGENCY_BUTTON
09-11 19:18:02.788 24087 24087 I KeyguardPasswordView: set params.topMargin:799
09-11 19:18:02.805 24087 24087 D KeyguardPasswordView: H.UPDATE_EMERGENCY_BUTTON
09-11 19:18:02.805 24087 24087 I KeyguardPasswordView: set params.topMargin:799
09-11 19:18:02.824 24087 24087 D KeyguardPasswordView: H.UPDATE_EMERGENCY_BUTTON
09-11 19:18:02.824 24087 24087 I KeyguardPasswordView: set params.topMargin:799
09-11 19:18:02.841 24087 24087 D KeyguardPasswordView: H.UPDATE_EMERGENCY_BUTTON
09-11 19:18:02.841 24087 24087 I KeyguardPasswordView: set params.topMargin:799
09-11 19:18:02.859 24087 24087 D KeyguardPasswordView: H.UPDATE_EMERGENCY_BUTTON
09-11 19:18:02.860 24087 24087 I KeyguardPasswordView: set params.topMargin:799
09-11 19:18:02.878 24087 24087 D KeyguardPasswordView: H.UPDATE_EMERGENCY_BUTTON
09-11 19:18:02.878 24087 24087 I KeyguardPasswordView: set params.topMargin:799
09-11 19:18:02.898 24087 24087 D KeyguardPasswordView: H.UPDATE_EMERGENCY_BUTTON
09-11 19:18:02.898 24087 24087 I KeyguardPasswordView: set params.topMargin:799
09-11 19:18:02.916 24087 24087 D KeyguardPasswordView: H.UPDATE_EMERGENCY_BUTTON
09-11 19:18:02.917 24087 24087 I KeyguardPasswordView: set params.topMargin:799
09-11 19:18:02.934 24087 24087 D KeyguardPasswordView: H.UPDATE_EMERGENCY_BUTTON
09-11 19:18:02.934 24087 24087 I KeyguardPasswordView: set params.topMargin:799
09-11 19:18:02.951 24087 24087 D KeyguardPasswordView: H.UPDATE_EMERGENCY_BUTTON
09-11 19:18:02.952 24087 24087 I KeyguardPasswordView: set params.topMargin:799
09-11 19:18:02.970 24087 24087 D KeyguardPasswordView: H.UPDATE_EMERGENCY_BUTTON
09-11 19:18:02.971 24087 24087 I KeyguardPasswordView: set params.topMargin:799
09-11 19:18:02.987 24087 24087 D KeyguardPasswordView: H.UPDATE_EMERGENCY_BUTTON
09-11 19:18:02.988 24087 24087 I KeyguardPasswordView: set params.topMargin:799
09-11 19:18:03.006 24087 24087 D KeyguardPasswordView: H.UPDATE_EMERGENCY_BUTTON
09-11 19:18:03.006 24087 24087 I KeyguardPasswordView: set params.topMargin:799
09-11 19:18:03.024 24087 24087 D KeyguardPasswordView: H.UPDATE_EMERGENCY_BUTTON
09-11 19:18:03.025 24087 24087 I KeyguardPasswordView: set params.topMargin:799
09-11 19:18:03.041 24087 24087 D KeyguardPasswordView: H.UPDATE_EMERGENCY_BUTTON
09-11 19:18:03.042 24087 24087 I KeyguardPasswordView: set params.topMargin:799
09-11 19:18:03.059 24087 24087 D KeyguardPasswordView: H.UPDATE_EMERGENCY_BUTTON
09-11 19:18:03.060 24087 24087 I KeyguardPasswordView: set params.topMargin:799
09-11 19:18:03.080 24087 24087 D KeyguardPasswordView: H.UPDATE_EMERGENCY_BUTTON
09-11 19:18:03.080 24087 24087 I KeyguardPasswordView: set params.topMargin:799
09-11 19:18:03.100 24087 24087 D KeyguardPasswordView: H.UPDATE_EMERGENCY_BUTTON
09-11 19:18:03.101 24087 24087 I KeyguardPasswordView: set params.topMargin:799
09-11 19:18:03.121 24087 24087 D KeyguardPasswordView: H.UPDATE_EMERGENCY_BUTTON
09-11 19:18:03.121 24087 24087 I KeyguardPasswordView: set params.topMargin:799
09-11 19:18:03.139 24087 24087 D KeyguardPasswordView: H.UPDATE_EMERGENCY_BUTTON
09-11 19:18:03.139 24087 24087 I KeyguardPasswordView: set params.topMargin:799
09-11 19:18:03.159 24087 24087 D KeyguardPasswordView: H.UPDATE_EMERGENCY_BUTTON
09-11 19:18:03.159 24087 24087 I KeyguardPasswordView: set params.topMargin:799
09-11 19:18:03.176 24087 24087 D KeyguardPasswordView: H.UPDATE_EMERGENCY_BUTTON
09-11 19:18:03.177 24087 24087 I KeyguardPasswordView: set params.topMargin:799
09-11 19:18:03.197 24087 24087 D KeyguardPasswordView: H.UPDATE_EMERGENCY_BUTTON
09-11 19:18:03.197 24087 24087 I KeyguardPasswordView: set params.topMargin:799
09-11 19:18:03.217 24087 24087 D KeyguardPasswordView: H.UPDATE_EMERGENCY_BUTTON
09-11 19:18:03.217 24087 24087 I KeyguardPasswordView: set params.topMargin:799
09-11 19:18:03.238 24087 24087 D KeyguardPasswordView: H.UPDATE_EMERGENCY_BUTTON
09-11 19:18:03.239 24087 24087 I KeyguardPasswordView: set params.topMargin:799
09-11 19:18:03.255 24087 24087 D KeyguardPasswordView: H.UPDATE_EMERGENCY_BUTTON
09-11 19:18:03.256 24087 24087 I KeyguardPasswordView: set params.topMargin:799
09-11 19:18:03.274 24087 24087 D KeyguardPasswordView: H.UPDATE_EMERGENCY_BUTTON
09-11 19:18:03.277 24087 24087 I KeyguardPasswordView: set params.topMargin:799
09-11 19:18:03.291 24087 24087 D KeyguardPasswordView: H.UPDATE_EMERGENCY_BUTTON
09-11 19:18:03.291 24087 24087 I KeyguardPasswordView: set params.topMargin:799
09-11 19:18:03.309 24087 24087 D KeyguardPasswordView: H.UPDATE_EMERGENCY_BUTTON
09-11 19:18:03.309 24087 24087 I KeyguardPasswordView: set params.topMargin:799
09-11 19:18:03.327 24087 24087 D KeyguardPasswordView: H.UPDATE_EMERGENCY_BUTTON
09-11 19:18:03.328 24087 24087 I KeyguardPasswordView: set params.topMargin:799
09-11 19:18:03.346 24087 24087 D KeyguardPasswordView: H.UPDATE_EMERGENCY_BUTTON
09-11 19:18:03.346 24087 24087 I KeyguardPasswordView: set params.topMargin:799
09-11 19:18:03.363 24087 24087 D KeyguardPasswordView: H.UPDATE_EMERGENCY_BUTTON
09-11 19:18:03.364 24087 24087 I KeyguardPasswordView: set params.topMargin:799
09-11 19:18:03.385 24087 24087 D KeyguardPasswordView: H.UPDATE_EMERGENCY_BUTTON
09-11 19:18:03.385 24087 24087 I KeyguardPasswordView: set params.topMargin:799
09-11 19:18:03.403 24087 24087 D KeyguardPasswordView: H.UPDATE_EMERGENCY_BUTTON
09-11 19:18:03.404 24087 24087 I KeyguardPasswordView: set params.topMargin:799
09-11 19:18:03.424 24087 24087 D KeyguardPasswordView: H.UPDATE_EMERGENCY_BUTTON
09-11 19:18:03.424 24087 24087 I KeyguardPasswordView: set params.topMargin:799
09-11 19:18:03.443 24087 24087 D KeyguardPasswordView: H.UPDATE_EMERGENCY_BUTTON
09-11 19:18:03.444 24087 24087 I KeyguardPasswordView: set params.topMargin:799
09-11 19:18:03.464 24087 24087 D KeyguardPasswordView: H.UPDATE_EMERGENCY_BUTTON
09-11 19:18:03.464 24087 24087 I KeyguardPasswordView: set params.topMargin:799
09-11 19:18:03.484 24087 24087 D KeyguardPasswordView: H.UPDATE_EMERGENCY_BUTTON
09-11 19:18:03.484 24087 24087 I KeyguardPasswordView: set params.topMargin:799
09-11 19:18:03.502 24087 24087 D KeyguardPasswordView: H.UPDATE_EMERGENCY_BUTTON
09-11 19:18:03.503 24087 24087 I KeyguardPasswordView: set params.topMargin:799
09-11 19:18:03.520 24087 24087 D KeyguardPasswordView: H.UPDATE_EMERGENCY_BUTTON
09-11 19:18:03.520 24087 24087 I KeyguardPasswordView: set params.topMargin:799
09-11 19:18:03.540 24087 24087 D KeyguardPasswordView: H.UPDATE_EMERGENCY_BUTTON
09-11 19:18:03.540 24087 24087 I KeyguardPasswordView: set params.topMargin:799
09-11 19:18:03.560 24087 24087 D KeyguardPasswordView: H.UPDATE_EMERGENCY_BUTTON
09-11 19:18:03.561 24087 24087 I KeyguardPasswordView: set params.topMargin:799
09-11 19:18:03.582 24087 24087 D KeyguardPasswordView: H.UPDATE_EMERGENCY_BUTTON
09-11 19:18:03.583 24087 24087 I KeyguardPasswordView: set params.topMargin:799
09-11 19:18:03.599 24087 24087 D KeyguardPasswordView: H.UPDATE_EMERGENCY_BUTTON
09-11 19:18:03.600 24087 24087 I KeyguardPasswordView: set params.topMargin:799
09-11 19:18:03.619 24087 24087 D KeyguardPasswordView: H.UPDATE_EMERGENCY_BUTTON
09-11 19:18:03.620 24087 24087 I KeyguardPasswordView: set params.topMargin:799
09-11 19:18:03.637 24087 24087 D KeyguardPasswordView: H.UPDATE_EMERGENCY_BUTTON
09-11 19:18:03.638 24087 24087 I KeyguardPasswordView: set params.topMargin:799
09-11 19:18:03.657 24087 24087 D KeyguardPasswordView: H.UPDATE_EMERGENCY_BUTTON
09-11 19:18:03.658 24087 24087 I KeyguardPasswordView: set params.topMargin:799
09-11 19:18:03.678 24087 24087 D KeyguardPasswordView: H.UPDATE_EMERGENCY_BUTTON
09-11 19:18:03.678 24087 24087 I KeyguardPasswordView: set params.topMargin:799
09-11 19:18:03.696 24087 24087 D KeyguardPasswordView: H.UPDATE_EMERGENCY_BUTTON
09-11 19:18:03.697 24087 24087 I KeyguardPasswordView: set params.topMargin:799
09-11 19:18:03.713 24087 24087 D KeyguardPasswordView: H.UPDATE_EMERGENCY_BUTTON
09-11 19:18:03.714 24087 24087 I KeyguardPasswordView: set params.topMargin:799
09-11 19:18:03.732 24087 24087 D KeyguardPasswordView: H.UPDATE_EMERGENCY_BUTTON
09-11 19:18:03.732 24087 24087 I KeyguardPasswordView: set params.topMargin:799
09-11 19:18:03.752 24087 24087 D KeyguardPasswordView: H.UPDATE_EMERGENCY_BUTTON
09-11 19:18:03.753 24087 24087 I KeyguardPasswordView: set params.topMargin:799
09-11 19:18:03.774 24087 24087 D KeyguardPasswordView: H.UPDATE_EMERGENCY_BUTTON
09-11 19:18:03.774 24087 24087 I KeyguardPasswordView: set params.topMargin:799
09-11 19:18:03.792 24087 24087 D KeyguardPasswordView: H.UPDATE_EMERGENCY_BUTTON
09-11 19:18:03.792 24087 24087 I KeyguardPasswordView: set params.topMargin:799
09-11 19:18:03.812 24087 24087 D KeyguardPasswordView: H.UPDATE_EMERGENCY_BUTTON
09-11 19:18:03.813 24087 24087 I KeyguardPasswordView: set params.topMargin:799
09-11 19:18:03.831 24087 24087 D KeyguardPasswordView: H.UPDATE_EMERGENCY_BUTTON
09-11 19:18:03.832 24087 24087 I KeyguardPasswordView: set params.topMargin:799
09-11 19:18:03.850 24087 24087 D KeyguardPasswordView: H.UPDATE_EMERGENCY_BUTTON
09-11 19:18:03.850 24087 24087 I KeyguardPasswordView: set params.topMargin:799
09-11 19:18:03.870 24087 24087 D KeyguardPasswordView: H.UPDATE_EMERGENCY_BUTTON
09-11 19:18:03.871 24087 24087 I KeyguardPasswordView: set params.topMargin:799
09-11 19:18:03.892 24087 24087 D KeyguardPasswordView: H.UPDATE_EMERGENCY_BUTTON
09-11 19:18:03.893 24087 24087 I KeyguardPasswordView: set params.topMargin:799
09-11 19:18:03.910 24087 24087 D KeyguardPasswordView: H.UPDATE_EMERGENCY_BUTTON
09-11 19:18:03.911 24087 24087 I KeyguardPasswordView: set params.topMargin:799
09-11 19:18:03.928 24087 24087 D KeyguardPasswordView: H.UPDATE_EMERGENCY_BUTTON
09-11 19:18:03.929 24087 24087 I KeyguardPasswordView: set params.topMargin:799
09-11 19:18:03.945 24087 24087 D KeyguardPasswordView: H.UPDATE_EMERGENCY_BUTTON
09-11 19:18:03.946 24087 24087 I KeyguardPasswordView: set params.topMargin:799
09-11 19:18:03.963 24087 24087 D KeyguardPasswordView: H.UPDATE_EMERGENCY_BUTTON
09-11 19:18:03.964 24087 24087 I KeyguardPasswordView: set params.topMargin:799
09-11 19:18:03.981 24087 24087 D KeyguardPasswordView: H.UPDATE_EMERGENCY_BUTTON
09-11 19:18:03.982 24087 24087 I KeyguardPasswordView: set params.topMargin:799
09-11 19:18:03.999 24087 24087 D KeyguardPasswordView: H.UPDATE_EMERGENCY_BUTTON
09-11 19:18:03.999 24087 24087 I KeyguardPasswordView: set params.topMargin:799
09-11 19:18:04.019 24087 24087 D KeyguardPasswordView: H.UPDATE_EMERGENCY_BUTTON
09-11 19:18:04.020 24087 24087 I KeyguardPasswordView: set params.topMargin:799
09-11 19:18:04.038 24087 24087 D KeyguardPasswordView: H.UPDATE_EMERGENCY_BUTTON
09-11 19:18:04.038 24087 24087 I KeyguardPasswordView: set params.topMargin:799
09-11 19:18:04.056 24087 24087 D KeyguardPasswordView: H.UPDATE_EMERGENCY_BUTTON
09-11 19:18:04.056 24087 24087 I KeyguardPasswordView: set params.topMargin:799
09-11 19:18:04.075 24087 24087 D KeyguardPasswordView: H.UPDATE_EMERGENCY_BUTTON
09-11 19:18:04.076 24087 24087 I KeyguardPasswordView: set params.topMargin:799
09-11 19:18:04.094 24087 24087 D KeyguardPasswordView: H.UPDATE_EMERGENCY_BUTTON
09-11 19:18:04.094 24087 24087 I KeyguardPasswordView: set params.topMargin:799
09-11 19:18:04.113 24087 24087 D KeyguardPasswordView: H.UPDATE_EMERGENCY_BUTTON
09-11 19:18:04.114 24087 24087 I KeyguardPasswordView: set params.topMargin:799
09-11 19:18:04.132 24087 24087 D KeyguardPasswordView: H.UPDATE_EMERGENCY_BUTTON
09-11 19:18:04.132 24087 24087 I KeyguardPasswordView: set params.topMargin:799
09-11 19:18:04.150 24087 24087 D KeyguardPasswordView: H.UPDATE_EMERGENCY_BUTTON
09-11 19:18:04.151 24087 24087 I KeyguardPasswordView: set params.topMargin:799
09-11 19:18:04.170 24087 24087 D KeyguardPasswordView: H.UPDATE_EMERGENCY_BUTTON
09-11 19:18:04.171 24087 24087 I KeyguardPasswordView: set params.topMargin:799
09-11 19:18:04.191 24087 24087 D KeyguardPasswordView: H.UPDATE_EMERGENCY_BUTTON
09-11 19:18:04.192 24087 24087 I KeyguardPasswordView: set params.topMargin:799
09-11 19:18:04.209 24087 24087 D KeyguardPasswordView: H.UPDATE_EMERGENCY_BUTTON
09-11 19:18:04.210 24087 24087 I KeyguardPasswordView: set params.topMargin:799
09-11 19:18:04.230 24087 24087 D KeyguardPasswordView: H.UPDATE_EMERGENCY_BUTTON
09-11 19:18:04.230 24087 24087 I KeyguardPasswordView: set params.topMargin:799
09-11 19:18:04.250 24087 24087 D KeyguardPasswordView: H.UPDATE_EMERGENCY_BUTTON
09-11 19:18:04.251 24087 24087 I KeyguardPasswordView: set params.topMargin:799
09-11 19:18:04.271 24087 24087 D KeyguardPasswordView: H.UPDATE_EMERGENCY_BUTTON
09-11 19:18:04.271 24087 24087 I KeyguardPasswordView: set params.topMargin:799
09-11 19:18:04.289 24087 24087 D KeyguardPasswordView: H.UPDATE_EMERGENCY_BUTTON
09-11 19:18:04.289 24087 24087 I KeyguardPasswordView: set params.topMargin:799
09-11 19:18:04.308 24087 24087 D KeyguardPasswordView: H.UPDATE_EMERGENCY_BUTTON
09-11 19:18:04.308 24087 24087 I KeyguardPasswordView: set params.topMargin:799
09-11 19:18:04.326 24087 24087 D KeyguardPasswordView: H.UPDATE_EMERGENCY_BUTTON
09-11 19:18:04.327 24087 24087 I KeyguardPasswordView: set params.topMargin:799
09-11 19:18:04.345 24087 24087 D KeyguardPasswordView: H.UPDATE_EMERGENCY_BUTTON
09-11 19:18:04.345 24087 24087 I KeyguardPasswordView: set params.topMargin:799
09-11 19:18:04.363 24087 24087 D KeyguardPasswordView: H.UPDATE_EMERGENCY_BUTTON
09-11 19:18:04.364 24087 24087 I KeyguardPasswordView: set params.topMargin:799
09-11 19:18:04.383 24087 24087 D KeyguardPasswordView: H.UPDATE_EMERGENCY_BUTTON
09-11 19:18:04.384 24087 24087 I KeyguardPasswordView: set params.topMargin:799
09-11 19:18:04.400 24087 24087 D KeyguardPasswordView: H.UPDATE_EMERGENCY_BUTTON
09-11 19:18:04.401 24087 24087 I KeyguardPasswordView: set params.topMargin:799
09-11 19:18:04.418 24087 24087 D KeyguardPasswordView: H.UPDATE_EMERGENCY_BUTTON
09-11 19:18:04.419 24087 24087 I KeyguardPasswordView: set params.topMargin:799
09-11 19:18:04.438 24087 24087 D KeyguardPasswordView: H.UPDATE_EMERGENCY_BUTTON
09-11 19:18:04.439 24087 24087 I KeyguardPasswordView: set params.topMargin:799
09-11 19:18:04.458 24087 24087 D KeyguardPasswordView: H.UPDATE_EMERGENCY_BUTTON
09-11 19:18:04.458 24087 24087 I KeyguardPasswordView: set params.topMargin:799
09-11 19:18:04.476 24087 24087 D KeyguardPasswordView: H.UPDATE_EMERGENCY_BUTTON
09-11 19:18:04.477 24087 24087 I KeyguardPasswordView: set params.topMargin:799
09-11 19:18:04.495 24087 24087 D KeyguardPasswordView: H.UPDATE_EMERGENCY_BUTTON
09-11 19:18:04.496 24087 24087 I KeyguardPasswordView: set params.topMargin:799
09-11 19:18:04.516 24087 24087 D KeyguardPasswordView: H.UPDATE_EMERGENCY_BUTTON
09-11 19:18:04.517 24087 24087 I KeyguardPasswordView: set params.topMargin:799
09-11 19:18:04.534 24087 24087 D KeyguardPasswordView: H.UPDATE_EMERGENCY_BUTTON
09-11 19:18:04.535 24087 24087 I KeyguardPasswordView: set params.topMargin:799
09-11 19:18:04.551 24087 24087 D KeyguardPasswordView: H.UPDATE_EMERGENCY_BUTTON
09-11 19:18:04.551 24087 24087 I KeyguardPasswordView: set params.topMargin:799
