09-11 19:18:56.990 24442 24465 I TestRunner: started: clicking_vertical_list_button_displays_vertical_list(com.example.dogglers.ButtonTests)
09-11 19:18:56.996  1098  1098 E CompositionEngine: map unknown (BT709 sRGB Full range)/(Unknown RenderIntent) to default color mode
09-11 19:18:57.004 24442 24465 W Settings: Setting always_finish_activities has moved from android.provider.Settings.System to android.provider.Settings.Global, returning read-only value.
09-11 19:18:57.010 24087 24087 D EdgeBackGestureHandler: updateTopPackage isHomeApp false
09-11 19:18:57.010 24087 24087 D KeyguardPasswordView: H.UPDATE_EMERGENCY_BUTTON
09-11 19:18:57.010 24087 24087 I KeyguardPasswordView: set params.topMargin:799
09-11 19:18:57.013  1098  1098 E CompositionEngine: map unknown (BT709 sRGB Full range)/(Unknown RenderIntent) to default color mode
09-11 19:18:57.020 24087 24087 D KeyguardPasswordView: H.UPDATE_EMERGENCY_BUTTON
09-11 19:18:57.021 24087 24087 I KeyguardPasswordView: set params.topMargin:799
09-11 19:18:57.021  1555  5265 E ANDR-PERF-JNI: com_qualcomm_qtiperformance_native_perf_io_prefetch_start
09-11 19:18:57.030  1098  1098 E CompositionEngine: map unknown (BT709 sRGB Full range)/(Unknown RenderIntent) to default color mode
09-11 19:18:57.038 24087 24087 D KeyguardPasswordView: H.UPDATE_EMERGENCY_BUTTON
09-11 19:18:57.038 24087 24087 I KeyguardPasswordView: set params.topMargin:799
09-11 19:18:57.039  1037  1060 E ANDR-IOP: io prefetch is disabled
09-11 19:18:57.046  1098  1098 E CompositionEngine: map unknown (BT709 sRGB Full range)/(Unknown RenderIntent) to default color mode
09-11 19:18:57.047  1555  5265 D ActivityTrigger: ActivityTrigger activityPauseTrigger
09-11 19:18:57.054 24087 24087 D KeyguardPasswordView: H.UPDATE_EMERGENCY_BUTTON
09-11 19:18:57.055 24087 24087 I KeyguardPasswordView: set params.topMargin:799
09-11 19:18:57.058  1555  1714 D OpPowerConsumpStatsInjector: notifyPkgEvent
09-11 19:18:57.062 24442 24442 D LifecycleMonitor: Lifecycle status change: androidx.test.core.app.InstrumentationActivityInvoker$BootstrapActivity@71e0b01 in: PRE_ON_CREATE
09-11 19:18:57.062  1098  1098 E CompositionEngine: map unknown (BT709 sRGB Full range)/(Unknown RenderIntent) to default color mode
09-11 19:18:57.063 24442 24442 V ActivityScenario: Activity lifecycle changed event received but ignored because the intent does not match. startActivityIntent=Intent { act=android.intent.action.MAIN cat=[android.intent.category.LAUNCHER] cmp=com.example.dogglers/.MainActivity }, activity.getIntent()=Intent { act=android.intent.action.MAIN cat=[android.intent.category.LAUNCHER] flg=0x10008000 cmp=com.example.dogglers/androidx.test.core.app.InstrumentationActivityInvoker$BootstrapActivity (has extras) }, activity=androidx.test.core.app.InstrumentationActivityInvoker$BootstrapActivity@71e0b01
09-11 19:18:57.072 24087 24087 D KeyguardPasswordView: H.UPDATE_EMERGENCY_BUTTON
09-11 19:18:57.072 24087 24087 I KeyguardPasswordView: set params.topMargin:799
09-11 19:18:57.088 24442 24442 E xample.doggler: Invalid ID 0x00000000.
09-11 19:18:57.091 24087 24087 D KeyguardPasswordView: H.UPDATE_EMERGENCY_BUTTON
09-11 19:18:57.091 24087 24087 I KeyguardPasswordView: set params.topMargin:799
09-11 19:18:57.092 24442 24442 D LifecycleMonitor: Lifecycle status change: androidx.test.core.app.InstrumentationActivityInvoker$BootstrapActivity@71e0b01 in: CREATED
09-11 19:18:57.092 24442 24442 V ActivityScenario: Activity lifecycle changed event received but ignored because the intent does not match. startActivityIntent=Intent { act=android.intent.action.MAIN cat=[android.intent.category.LAUNCHER] cmp=com.example.dogglers/.MainActivity }, activity.getIntent()=Intent { act=android.intent.action.MAIN cat=[android.intent.category.LAUNCHER] flg=0x10008000 cmp=com.example.dogglers/androidx.test.core.app.InstrumentationActivityInvoker$BootstrapActivity (has extras) }, activity=androidx.test.core.app.InstrumentationActivityInvoker$BootstrapActivity@71e0b01
09-11 19:18:57.097 24442 24442 D LifecycleMonitor: Lifecycle status change: androidx.test.core.app.InstrumentationActivityInvoker$BootstrapActivity@71e0b01 in: STARTED
09-11 19:18:57.098 24442 24442 V ActivityScenario: Activity lifecycle changed event received but ignored because the intent does not match. startActivityIntent=Intent { act=android.intent.action.MAIN cat=[android.intent.category.LAUNCHER] cmp=com.example.dogglers/.MainActivity }, activity.getIntent()=Intent { act=android.intent.action.MAIN cat=[android.intent.category.LAUNCHER] flg=0x10008000 cmp=com.example.dogglers/androidx.test.core.app.InstrumentationActivityInvoker$BootstrapActivity (has extras) }, activity=androidx.test.core.app.InstrumentationActivityInvoker$BootstrapActivity@71e0b01
09-11 19:18:57.113  1098  1098 E CompositionEngine: map unknown (BT709 sRGB Full range)/(Unknown RenderIntent) to default color mode
09-11 19:18:57.113 24087 24087 D KeyguardPasswordView: H.UPDATE_EMERGENCY_BUTTON
09-11 19:18:57.114 24087 24087 I KeyguardPasswordView: set params.topMargin:799
09-11 19:18:57.118 24442 24442 D LifecycleMonitor: Lifecycle status change: androidx.test.core.app.InstrumentationActivityInvoker$BootstrapActivity@71e0b01 in: RESUMED
09-11 19:18:57.118 24442 24442 V ActivityScenario: Activity lifecycle changed event received but ignored because the intent does not match. startActivityIntent=Intent { act=android.intent.action.MAIN cat=[android.intent.category.LAUNCHER] cmp=com.example.dogglers/.MainActivity }, activity.getIntent()=Intent { act=android.intent.action.MAIN cat=[android.intent.category.LAUNCHER] flg=0x10008000 cmp=com.example.dogglers/androidx.test.core.app.InstrumentationActivityInvoker$BootstrapActivity (has extras) }, activity=androidx.test.core.app.InstrumentationActivityInvoker$BootstrapActivity@71e0b01
09-11 19:18:57.126 24442 24442 D LifecycleMonitor: Lifecycle status change: androidx.test.core.app.InstrumentationActivityInvoker$BootstrapActivity@71e0b01 in: PAUSED
09-11 19:18:57.127 24442 24442 V ActivityScenario: Activity lifecycle changed event received but ignored because the intent does not match. startActivityIntent=Intent { act=android.intent.action.MAIN cat=[android.intent.category.LAUNCHER] cmp=com.example.dogglers/.MainActivity }, activity.getIntent()=Intent { act=android.intent.action.MAIN cat=[android.intent.category.LAUNCHER] flg=0x10008000 cmp=com.example.dogglers/androidx.test.core.app.InstrumentationActivityInvoker$BootstrapActivity (has extras) }, activity=androidx.test.core.app.InstrumentationActivityInvoker$BootstrapActivity@71e0b01
09-11 19:18:57.129  1098  1098 E CompositionEngine: map unknown (BT709 sRGB Full range)/(Unknown RenderIntent) to default color mode
09-11 19:18:57.131 24087 24087 D KeyguardPasswordView: H.UPDATE_EMERGENCY_BUTTON
09-11 19:18:57.131 24087 24087 I KeyguardPasswordView: set params.topMargin:799
09-11 19:18:57.137  1555  5265 D ActivityTrigger: ActivityTrigger activityPauseTrigger
09-11 19:18:57.148 24087 24087 D KeyguardPasswordView: H.UPDATE_EMERGENCY_BUTTON
09-11 19:18:57.149 24087 24087 I KeyguardPasswordView: set params.topMargin:799
09-11 19:18:57.160  1555  1714 D OpPowerConsumpStatsInjector: notifyPkgEvent
09-11 19:18:57.161 24442 24442 D LifecycleMonitor: Lifecycle status change: com.example.dogglers.MainActivity@bf12783 in: PRE_ON_CREATE
09-11 19:18:57.162 24442 24442 V ActivityScenario: Activity lifecycle changed event received but ignored because the reported transition was not ON_CREATE while the last known transition was PRE_ON_CREATE
09-11 19:18:57.164  1098  1098 E CompositionEngine: map unknown (BT709 sRGB Full range)/(Unknown RenderIntent) to default color mode
09-11 19:18:57.165  1555  1714 D OpPowerConsumpStatsInjector: notifyPkgEvent
09-11 19:18:57.170 24087 24087 D KeyguardPasswordView: H.UPDATE_EMERGENCY_BUTTON
09-11 19:18:57.171 24087 24087 I KeyguardPasswordView: set params.topMargin:799
09-11 19:18:57.196 24087 24087 D KeyguardPasswordView: H.UPDATE_EMERGENCY_BUTTON
09-11 19:18:57.196 24087 24087 I KeyguardPasswordView: set params.topMargin:799
09-11 19:18:57.213 24087 24087 D KeyguardPasswordView: H.UPDATE_EMERGENCY_BUTTON
09-11 19:18:57.213 24087 24087 I KeyguardPasswordView: set params.topMargin:799
09-11 19:18:57.222 24442 24442 D LifecycleMonitor: Lifecycle status change: com.example.dogglers.MainActivity@bf12783 in: CREATED
09-11 19:18:57.222 24442 24442 V ActivityScenario: Update currentActivityStage to CREATED, currentActivity=com.example.dogglers.MainActivity@bf12783
09-11 19:18:57.224 24442 24442 D LifecycleMonitor: Lifecycle status change: com.example.dogglers.MainActivity@bf12783 in: STARTED
09-11 19:18:57.224 24442 24442 V ActivityScenario: Update currentActivityStage to STARTED, currentActivity=com.example.dogglers.MainActivity@bf12783
09-11 19:18:57.226 24442 24442 D LifecycleMonitor: Lifecycle status change: com.example.dogglers.MainActivity@bf12783 in: RESUMED
09-11 19:18:57.226 24442 24442 V ActivityScenario: Update currentActivityStage to RESUMED, currentActivity=com.example.dogglers.MainActivity@bf12783
09-11 19:18:57.232 24442 24442 V ViewRootImpl: The specified message queue synchronization  barrier token has not been posted or has already been removed
09-11 19:18:57.234 24087 24087 D KeyguardPasswordView: H.UPDATE_EMERGENCY_BUTTON
09-11 19:18:57.234 24087 24087 I KeyguardPasswordView: set params.topMargin:799
09-11 19:18:57.246  1098  1098 E CompositionEngine: map unknown (BT709 sRGB Full range)/(Unknown RenderIntent) to default color mode
09-11 19:18:57.259 24442 24442 D LifecycleMonitor: Lifecycle status change: com.example.dogglers.MainActivity@bf12783 in: PAUSED
09-11 19:18:57.259 24442 24442 V ActivityScenario: Update currentActivityStage to PAUSED, currentActivity=com.example.dogglers.MainActivity@bf12783
09-11 19:18:57.260  1555  1714 D OpPowerConsumpStatsInjector: notifyPkgEvent
09-11 19:18:57.262 24442 24442 D LifecycleMonitor: Lifecycle status change: androidx.test.core.app.InstrumentationActivityInvoker$BootstrapActivity@71e0b01 in: STOPPED
09-11 19:18:57.262 24442 24442 V ActivityScenario: Activity lifecycle changed event received but ignored because the intent does not match. startActivityIntent=Intent { act=android.intent.action.MAIN cat=[android.intent.category.LAUNCHER] cmp=com.example.dogglers/.MainActivity }, activity.getIntent()=Intent { act=android.intent.action.MAIN cat=[android.intent.category.LAUNCHER] flg=0x10008000 cmp=com.example.dogglers/androidx.test.core.app.InstrumentationActivityInvoker$BootstrapActivity (has extras) }, activity=androidx.test.core.app.InstrumentationActivityInvoker$BootstrapActivity@71e0b01
09-11 19:18:57.263 24087 24087 D EdgeBackGestureHandler: updateTopPackage isHomeApp false
09-11 19:18:57.263 24087 24087 D KeyguardPasswordView: H.UPDATE_EMERGENCY_BUTTON
09-11 19:18:57.263 24087 24087 I KeyguardPasswordView: set params.topMargin:799
09-11 19:18:57.268  1098  1098 E CompositionEngine: map unknown (BT709 sRGB Full range)/(Unknown RenderIntent) to default color mode
09-11 19:18:57.275 24442 24442 D LifecycleMonitor: Lifecycle status change: com.example.dogglers.MainActivity@bf12783 in: STOPPED
09-11 19:18:57.276 24442 24442 V ActivityScenario: Update currentActivityStage to STOPPED, currentActivity=com.example.dogglers.MainActivity@bf12783
09-11 19:18:57.279  1098  1098 E CompositionEngine: map unknown (BT709 sRGB Full range)/(Unknown RenderIntent) to default color mode
09-11 19:18:57.290 24087 24087 D KeyguardPasswordView: H.UPDATE_EMERGENCY_BUTTON
09-11 19:18:57.290 24087 24087 I KeyguardPasswordView: set params.topMargin:799
09-11 19:18:57.297 24442 24442 W RootViewPicker: No activity currently resumed - waiting: 10ms for one to appear.
09-11 19:18:57.307 24087 24087 D KeyguardPasswordView: H.UPDATE_EMERGENCY_BUTTON
09-11 19:18:57.307 24442 24442 W RootViewPicker: No activity currently resumed - waiting: 50ms for one to appear.
09-11 19:18:57.307 24087 24087 I KeyguardPasswordView: set params.topMargin:799
09-11 19:18:57.327 24087 24087 D KeyguardPasswordView: H.UPDATE_EMERGENCY_BUTTON
09-11 19:18:57.328 24087 24087 I KeyguardPasswordView: set params.topMargin:799
09-11 19:18:57.345 24087 24087 D KeyguardPasswordView: H.UPDATE_EMERGENCY_BUTTON
09-11 19:18:57.346 24087 24087 I KeyguardPasswordView: set params.topMargin:799
09-11 19:18:57.360 24442 24442 W RootViewPicker: No activity currently resumed - waiting: 100ms for one to appear.
09-11 19:18:57.363 24087 24087 D KeyguardPasswordView: H.UPDATE_EMERGENCY_BUTTON
09-11 19:18:57.364 24087 24087 I KeyguardPasswordView: set params.topMargin:799
09-11 19:18:57.381 24087 24087 D KeyguardPasswordView: H.UPDATE_EMERGENCY_BUTTON
09-11 19:18:57.381 24087 24087 I KeyguardPasswordView: set params.topMargin:799
09-11 19:18:57.398 24087 24087 D KeyguardPasswordView: H.UPDATE_EMERGENCY_BUTTON
09-11 19:18:57.399 24087 24087 I KeyguardPasswordView: set params.topMargin:799
09-11 19:18:57.416 24087 24087 D KeyguardPasswordView: H.UPDATE_EMERGENCY_BUTTON
09-11 19:18:57.417 24087 24087 I KeyguardPasswordView: set params.topMargin:799
09-11 19:18:57.434 24087 24087 D KeyguardPasswordView: H.UPDATE_EMERGENCY_BUTTON
09-11 19:18:57.435 24087 24087 I KeyguardPasswordView: set params.topMargin:799
09-11 19:18:57.451 24087 24087 D KeyguardPasswordView: H.UPDATE_EMERGENCY_BUTTON
09-11 19:18:57.452 24087 24087 I KeyguardPasswordView: set params.topMargin:799
09-11 19:18:57.465 24442 24442 W RootViewPicker: No activity currently resumed - waiting: 500ms for one to appear.
09-11 19:18:57.471 24087 24087 D KeyguardPasswordView: H.UPDATE_EMERGENCY_BUTTON
09-11 19:18:57.472 24087 24087 I KeyguardPasswordView: set params.topMargin:799
09-11 19:18:57.492 24087 24087 D KeyguardPasswordView: H.UPDATE_EMERGENCY_BUTTON
09-11 19:18:57.493 24087 24087 I KeyguardPasswordView: set params.topMargin:799
09-11 19:18:57.510 24087 24087 D KeyguardPasswordView: H.UPDATE_EMERGENCY_BUTTON
09-11 19:18:57.511 24087 24087 I KeyguardPasswordView: set params.topMargin:799
09-11 19:18:57.527 24087 24087 D KeyguardPasswordView: H.UPDATE_EMERGENCY_BUTTON
09-11 19:18:57.528 24087 24087 I KeyguardPasswordView: set params.topMargin:799
09-11 19:18:57.548 24087 24087 D KeyguardPasswordView: H.UPDATE_EMERGENCY_BUTTON
09-11 19:18:57.548 24087 24087 I KeyguardPasswordView: set params.topMargin:799
09-11 19:18:57.569 24087 24087 D KeyguardPasswordView: H.UPDATE_EMERGENCY_BUTTON
09-11 19:18:57.569 24087 24087 I KeyguardPasswordView: set params.topMargin:799
09-11 19:18:57.586 24087 24087 D KeyguardPasswordView: H.UPDATE_EMERGENCY_BUTTON
09-11 19:18:57.587 24087 24087 I KeyguardPasswordView: set params.topMargin:799
09-11 19:18:57.605 24087 24087 D KeyguardPasswordView: H.UPDATE_EMERGENCY_BUTTON
09-11 19:18:57.605 24087 24087 I KeyguardPasswordView: set params.topMargin:799
09-11 19:18:57.624 24087 24087 D KeyguardPasswordView: H.UPDATE_EMERGENCY_BUTTON
09-11 19:18:57.624 24087 24087 I KeyguardPasswordView: set params.topMargin:799
09-11 19:18:57.641 24087 24087 D KeyguardPasswordView: H.UPDATE_EMERGENCY_BUTTON
09-11 19:18:57.641 24087 24087 I KeyguardPasswordView: set params.topMargin:799
09-11 19:18:57.658 24087 24087 D KeyguardPasswordView: H.UPDATE_EMERGENCY_BUTTON
09-11 19:18:57.659 24087 24087 I KeyguardPasswordView: set params.topMargin:799
09-11 19:18:57.677 24087 24087 D KeyguardPasswordView: H.UPDATE_EMERGENCY_BUTTON
09-11 19:18:57.677 24087 24087 I KeyguardPasswordView: set params.topMargin:799
09-11 19:18:57.695 24087 24087 D KeyguardPasswordView: H.UPDATE_EMERGENCY_BUTTON
09-11 19:18:57.695 24087 24087 I KeyguardPasswordView: set params.topMargin:799
09-11 19:18:57.713 24087 24087 D KeyguardPasswordView: H.UPDATE_EMERGENCY_BUTTON
09-11 19:18:57.714 24087 24087 I KeyguardPasswordView: set params.topMargin:799
09-11 19:18:57.733 24087 24087 D KeyguardPasswordView: H.UPDATE_EMERGENCY_BUTTON
09-11 19:18:57.734 24087 24087 I KeyguardPasswordView: set params.topMargin:799
09-11 19:18:57.754 24087 24087 D KeyguardPasswordView: H.UPDATE_EMERGENCY_BUTTON
09-11 19:18:57.754 24087 24087 I KeyguardPasswordView: set params.topMargin:799
09-11 19:18:57.775 24087 24087 D KeyguardPasswordView: H.UPDATE_EMERGENCY_BUTTON
09-11 19:18:57.776 24087 24087 I KeyguardPasswordView: set params.topMargin:799
09-11 19:18:57.792 24087 24087 D KeyguardPasswordView: H.UPDATE_EMERGENCY_BUTTON
09-11 19:18:57.794 24087 24087 I KeyguardPasswordView: set params.topMargin:799
09-11 19:18:57.811 24087 24087 D KeyguardPasswordView: H.UPDATE_EMERGENCY_BUTTON
09-11 19:18:57.811 24087 24087 I KeyguardPasswordView: set params.topMargin:799
09-11 19:18:57.831 24087 24087 D KeyguardPasswordView: H.UPDATE_EMERGENCY_BUTTON
09-11 19:18:57.832 24087 24087 I KeyguardPasswordView: set params.topMargin:799
09-11 19:18:57.852 24087 24087 D KeyguardPasswordView: H.UPDATE_EMERGENCY_BUTTON
09-11 19:18:57.853 24087 24087 I KeyguardPasswordView: set params.topMargin:799
09-11 19:18:57.873 24087 24087 D KeyguardPasswordView: H.UPDATE_EMERGENCY_BUTTON
09-11 19:18:57.874 24087 24087 I KeyguardPasswordView: set params.topMargin:799
09-11 19:18:57.892 24087 24087 D KeyguardPasswordView: H.UPDATE_EMERGENCY_BUTTON
09-11 19:18:57.892 24087 24087 I KeyguardPasswordView: set params.topMargin:799
09-11 19:18:57.912 24087 24087 D KeyguardPasswordView: H.UPDATE_EMERGENCY_BUTTON
09-11 19:18:57.914 24087 24087 I KeyguardPasswordView: set params.topMargin:799
09-11 19:18:57.930 24087 24087 D KeyguardPasswordView: H.UPDATE_EMERGENCY_BUTTON
09-11 19:18:57.931 24087 24087 I KeyguardPasswordView: set params.topMargin:799
09-11 19:18:57.948 24087 24087 D KeyguardPasswordView: H.UPDATE_EMERGENCY_BUTTON
09-11 19:18:57.950 24087 24087 I KeyguardPasswordView: set params.topMargin:799
09-11 19:18:57.966 24087 24087 D KeyguardPasswordView: H.UPDATE_EMERGENCY_BUTTON
09-11 19:18:57.966 24087 24087 I KeyguardPasswordView: set params.topMargin:799
09-11 19:18:57.970 24442 24442 W RootViewPicker: No activity currently resumed - waiting: 2000ms for one to appear.
09-11 19:18:57.984 24087 24087 D KeyguardPasswordView: H.UPDATE_EMERGENCY_BUTTON
09-11 19:18:57.984 24087 24087 I KeyguardPasswordView: set params.topMargin:799
09-11 19:18:58.003 24087 24087 D KeyguardPasswordView: H.UPDATE_EMERGENCY_BUTTON
09-11 19:18:58.004 24087 24087 I KeyguardPasswordView: set params.topMargin:799
09-11 19:18:58.020 24087 24087 D KeyguardPasswordView: H.UPDATE_EMERGENCY_BUTTON
09-11 19:18:58.021 24087 24087 I KeyguardPasswordView: set params.topMargin:799
09-11 19:18:58.038 24087 24087 D KeyguardPasswordView: H.UPDATE_EMERGENCY_BUTTON
09-11 19:18:58.038 24087 24087 I KeyguardPasswordView: set params.topMargin:799
09-11 19:18:58.056 24087 24087 D KeyguardPasswordView: H.UPDATE_EMERGENCY_BUTTON
09-11 19:18:58.056 24087 24087 I KeyguardPasswordView: set params.topMargin:799
09-11 19:18:58.074 24087 24087 D KeyguardPasswordView: H.UPDATE_EMERGENCY_BUTTON
09-11 19:18:58.074 24087 24087 I KeyguardPasswordView: set params.topMargin:799
09-11 19:18:58.095 24087 24087 D KeyguardPasswordView: H.UPDATE_EMERGENCY_BUTTON
09-11 19:18:58.096 24087 24087 I KeyguardPasswordView: set params.topMargin:799
09-11 19:18:58.114 24087 24087 D KeyguardPasswordView: H.UPDATE_EMERGENCY_BUTTON
09-11 19:18:58.114 24087 24087 I KeyguardPasswordView: set params.topMargin:799
09-11 19:18:58.134 24087 24087 D KeyguardPasswordView: H.UPDATE_EMERGENCY_BUTTON
09-11 19:18:58.135 24087 24087 I KeyguardPasswordView: set params.topMargin:799
09-11 19:18:58.153 24087 24087 D KeyguardPasswordView: H.UPDATE_EMERGENCY_BUTTON
09-11 19:18:58.154 24087 24087 I KeyguardPasswordView: set params.topMargin:799
09-11 19:18:58.175 24087 24087 D KeyguardPasswordView: H.UPDATE_EMERGENCY_BUTTON
09-11 19:18:58.175 24087 24087 I KeyguardPasswordView: set params.topMargin:799
09-11 19:18:58.193 24087 24087 D KeyguardPasswordView: H.UPDATE_EMERGENCY_BUTTON
09-11 19:18:58.194 24087 24087 I KeyguardPasswordView: set params.topMargin:799
09-11 19:18:58.210 24087 24087 D KeyguardPasswordView: H.UPDATE_EMERGENCY_BUTTON
09-11 19:18:58.211 24087 24087 I KeyguardPasswordView: set params.topMargin:799
09-11 19:18:58.232 24087 24087 D KeyguardPasswordView: H.UPDATE_EMERGENCY_BUTTON
09-11 19:18:58.232 24087 24087 I KeyguardPasswordView: set params.topMargin:799
09-11 19:18:58.249 24087 24087 D KeyguardPasswordView: H.UPDATE_EMERGENCY_BUTTON
09-11 19:18:58.249 24087 24087 I KeyguardPasswordView: set params.topMargin:799
09-11 19:18:58.270 24087 24087 D KeyguardPasswordView: H.UPDATE_EMERGENCY_BUTTON
09-11 19:18:58.270 24087 24087 I KeyguardPasswordView: set params.topMargin:799
09-11 19:18:58.290 24087 24087 D KeyguardPasswordView: H.UPDATE_EMERGENCY_BUTTON
09-11 19:18:58.291 24087 24087 I KeyguardPasswordView: set params.topMargin:799
09-11 19:18:58.311 24087 24087 D KeyguardPasswordView: H.UPDATE_EMERGENCY_BUTTON
09-11 19:18:58.312 24087 24087 I KeyguardPasswordView: set params.topMargin:799
09-11 19:18:58.330 24087 24087 D KeyguardPasswordView: H.UPDATE_EMERGENCY_BUTTON
09-11 19:18:58.331 24087 24087 I KeyguardPasswordView: set params.topMargin:799
09-11 19:18:58.351 24087 24087 D KeyguardPasswordView: H.UPDATE_EMERGENCY_BUTTON
09-11 19:18:58.351 24087 24087 I KeyguardPasswordView: set params.topMargin:799
09-11 19:18:58.369 24087 24087 D KeyguardPasswordView: H.UPDATE_EMERGENCY_BUTTON
09-11 19:18:58.369 24087 24087 I KeyguardPasswordView: set params.topMargin:799
09-11 19:18:58.387 24087 24087 D KeyguardPasswordView: H.UPDATE_EMERGENCY_BUTTON
09-11 19:18:58.388 24087 24087 I KeyguardPasswordView: set params.topMargin:799
09-11 19:18:58.405 24087 24087 D KeyguardPasswordView: H.UPDATE_EMERGENCY_BUTTON
09-11 19:18:58.405 24087 24087 I KeyguardPasswordView: set params.topMargin:799
09-11 19:18:58.424 24087 24087 D KeyguardPasswordView: H.UPDATE_EMERGENCY_BUTTON
09-11 19:18:58.425 24087 24087 I KeyguardPasswordView: set params.topMargin:799
09-11 19:18:58.444 24087 24087 D KeyguardPasswordView: H.UPDATE_EMERGENCY_BUTTON
09-11 19:18:58.444 24087 24087 I KeyguardPasswordView: set params.topMargin:799
09-11 19:18:58.461 24087 24087 D KeyguardPasswordView: H.UPDATE_EMERGENCY_BUTTON
09-11 19:18:58.462 24087 24087 I KeyguardPasswordView: set params.topMargin:799
09-11 19:18:58.482 24087 24087 D KeyguardPasswordView: H.UPDATE_EMERGENCY_BUTTON
09-11 19:18:58.482 24087 24087 I KeyguardPasswordView: set params.topMargin:799
09-11 19:18:58.501 24087 24087 D KeyguardPasswordView: H.UPDATE_EMERGENCY_BUTTON
09-11 19:18:58.502 24087 24087 I KeyguardPasswordView: set params.topMargin:799
09-11 19:18:58.520 24087 24087 D KeyguardPasswordView: H.UPDATE_EMERGENCY_BUTTON
09-11 19:18:58.520 24087 24087 I KeyguardPasswordView: set params.topMargin:799
09-11 19:18:58.541 24087 24087 D KeyguardPasswordView: H.UPDATE_EMERGENCY_BUTTON
09-11 19:18:58.541 24087 24087 I KeyguardPasswordView: set params.topMargin:799
09-11 19:18:58.559 24087 24087 D KeyguardPasswordView: H.UPDATE_EMERGENCY_BUTTON
09-11 19:18:58.560 24087 24087 I KeyguardPasswordView: set params.topMargin:799
09-11 19:18:58.577 24087 24087 D KeyguardPasswordView: H.UPDATE_EMERGENCY_BUTTON
09-11 19:18:58.578 24087 24087 I KeyguardPasswordView: set params.topMargin:799
09-11 19:18:58.599 24087 24087 D KeyguardPasswordView: H.UPDATE_EMERGENCY_BUTTON
09-11 19:18:58.600 24087 24087 I KeyguardPasswordView: set params.topMargin:799
09-11 19:18:58.617 24087 24087 D KeyguardPasswordView: H.UPDATE_EMERGENCY_BUTTON
09-11 19:18:58.618 24087 24087 I KeyguardPasswordView: set params.topMargin:799
09-11 19:18:58.635 24087 24087 D KeyguardPasswordView: H.UPDATE_EMERGENCY_BUTTON
09-11 19:18:58.636 24087 24087 I KeyguardPasswordView: set params.topMargin:799
09-11 19:18:58.656 24087 24087 D KeyguardPasswordView: H.UPDATE_EMERGENCY_BUTTON
09-11 19:18:58.657 24087 24087 I KeyguardPasswordView: set params.topMargin:799
09-11 19:18:58.677 24087 24087 D KeyguardPasswordView: H.UPDATE_EMERGENCY_BUTTON
09-11 19:18:58.678 24087 24087 I KeyguardPasswordView: set params.topMargin:799
09-11 19:18:58.695 24087 24087 D KeyguardPasswordView: H.UPDATE_EMERGENCY_BUTTON
09-11 19:18:58.696 24087 24087 I KeyguardPasswordView: set params.topMargin:799
09-11 19:18:58.712 24087 24087 D KeyguardPasswordView: H.UPDATE_EMERGENCY_BUTTON
09-11 19:18:58.713 24087 24087 I KeyguardPasswordView: set params.topMargin:799
09-11 19:18:58.733 24087 24087 D KeyguardPasswordView: H.UPDATE_EMERGENCY_BUTTON
09-11 19:18:58.735 24087 24087 I KeyguardPasswordView: set params.topMargin:799
09-11 19:18:58.753 24087 24087 D KeyguardPasswordView: H.UPDATE_EMERGENCY_BUTTON
09-11 19:18:58.753 24087 24087 I KeyguardPasswordView: set params.topMargin:799
09-11 19:18:58.770 24087 24087 D KeyguardPasswordView: H.UPDATE_EMERGENCY_BUTTON
09-11 19:18:58.771 24087 24087 I KeyguardPasswordView: set params.topMargin:799
09-11 19:18:58.791 24087 24087 D KeyguardPasswordView: H.UPDATE_EMERGENCY_BUTTON
09-11 19:18:58.792 24087 24087 I KeyguardPasswordView: set params.topMargin:799
09-11 19:18:58.809 24087 24087 D KeyguardPasswordView: H.UPDATE_EMERGENCY_BUTTON
09-11 19:18:58.810 24087 24087 I KeyguardPasswordView: set params.topMargin:799
09-11 19:18:58.830 24087 24087 D KeyguardPasswordView: H.UPDATE_EMERGENCY_BUTTON
09-11 19:18:58.830 24087 24087 I KeyguardPasswordView: set params.topMargin:799
09-11 19:18:58.848 24087 24087 D KeyguardPasswordView: H.UPDATE_EMERGENCY_BUTTON
09-11 19:18:58.849 24087 24087 I KeyguardPasswordView: set params.topMargin:799
09-11 19:18:58.869 24087 24087 D KeyguardPasswordView: H.UPDATE_EMERGENCY_BUTTON
09-11 19:18:58.870 24087 24087 I KeyguardPasswordView: set params.topMargin:799
09-11 19:18:58.887 24087 24087 D KeyguardPasswordView: H.UPDATE_EMERGENCY_BUTTON
09-11 19:18:58.887 24087 24087 I KeyguardPasswordView: set params.topMargin:799
09-11 19:18:58.904 24087 24087 D KeyguardPasswordView: H.UPDATE_EMERGENCY_BUTTON
09-11 19:18:58.905 24087 24087 I KeyguardPasswordView: set params.topMargin:799
09-11 19:18:58.923 24087 24087 D KeyguardPasswordView: H.UPDATE_EMERGENCY_BUTTON
09-11 19:18:58.924 24087 24087 I KeyguardPasswordView: set params.topMargin:799
09-11 19:18:58.944 24087 24087 D KeyguardPasswordView: H.UPDATE_EMERGENCY_BUTTON
09-11 19:18:58.944 24087 24087 I KeyguardPasswordView: set params.topMargin:799
09-11 19:18:58.963 24087 24087 D KeyguardPasswordView: H.UPDATE_EMERGENCY_BUTTON
09-11 19:18:58.964 24087 24087 I KeyguardPasswordView: set params.topMargin:799
09-11 19:18:58.981 24087 24087 D KeyguardPasswordView: H.UPDATE_EMERGENCY_BUTTON
09-11 19:18:58.981 24087 24087 I KeyguardPasswordView: set params.topMargin:799
09-11 19:18:58.999 24087 24087 D KeyguardPasswordView: H.UPDATE_EMERGENCY_BUTTON
09-11 19:18:59.000 24087 24087 I KeyguardPasswordView: set params.topMargin:799
09-11 19:18:59.018 24087 24087 D KeyguardPasswordView: H.UPDATE_EMERGENCY_BUTTON
09-11 19:18:59.018 24087 24087 I KeyguardPasswordView: set params.topMargin:799
09-11 19:18:59.036 24087 24087 D KeyguardPasswordView: H.UPDATE_EMERGENCY_BUTTON
09-11 19:18:59.037 24087 24087 I KeyguardPasswordView: set params.topMargin:799
09-11 19:18:59.053 24087 24087 D KeyguardPasswordView: H.UPDATE_EMERGENCY_BUTTON
09-11 19:18:59.054 24087 24087 I KeyguardPasswordView: set params.topMargin:799
09-11 19:18:59.071 24087 24087 D KeyguardPasswordView: H.UPDATE_EMERGENCY_BUTTON
09-11 19:18:59.071 24087 24087 I KeyguardPasswordView: set params.topMargin:799
09-11 19:18:59.091 24087 24087 D KeyguardPasswordView: H.UPDATE_EMERGENCY_BUTTON
09-11 19:18:59.092 24087 24087 I KeyguardPasswordView: set params.topMargin:799
09-11 19:18:59.110  1044  1086 E ANDR-PERF-OPTSHANDLER: perf_lock_rel: failed for /sys/class/devfreq/soc:qcom,llccbw/min_freq as previous value is not stored
09-11 19:18:59.110 24087 24087 D KeyguardPasswordView: H.UPDATE_EMERGENCY_BUTTON
09-11 19:18:59.111 24087 24087 I KeyguardPasswordView: set params.topMargin:799
09-11 19:18:59.112  1044  1086 E ANDR-PERF-OPTSHANDLER: perf_lock_rel: failed for /sys/class/devfreq/soc:qcom,cpubw/min_freq as previous value is not stored
09-11 19:18:59.128 24087 24087 D KeyguardPasswordView: H.UPDATE_EMERGENCY_BUTTON
09-11 19:18:59.128 24087 24087 I KeyguardPasswordView: set params.topMargin:799
09-11 19:18:59.146 24087 24087 D KeyguardPasswordView: H.UPDATE_EMERGENCY_BUTTON
09-11 19:18:59.147 24087 24087 I KeyguardPasswordView: set params.topMargin:799
09-11 19:18:59.164 24087 24087 D KeyguardPasswordView: H.UPDATE_EMERGENCY_BUTTON
09-11 19:18:59.165 24087 24087 I KeyguardPasswordView: set params.topMargin:799
09-11 19:18:59.183 24087 24087 D KeyguardPasswordView: H.UPDATE_EMERGENCY_BUTTON
09-11 19:18:59.183 24087 24087 I KeyguardPasswordView: set params.topMargin:799
09-11 19:18:59.204 24087 24087 D KeyguardPasswordView: H.UPDATE_EMERGENCY_BUTTON
09-11 19:18:59.205 24087 24087 I KeyguardPasswordView: set params.topMargin:799
09-11 19:18:59.221 24087 24087 D KeyguardPasswordView: H.UPDATE_EMERGENCY_BUTTON
09-11 19:18:59.221 24087 24087 I KeyguardPasswordView: set params.topMargin:799
09-11 19:18:59.241 24087 24087 D KeyguardPasswordView: H.UPDATE_EMERGENCY_BUTTON
09-11 19:18:59.241 24087 24087 I KeyguardPasswordView: set params.topMargin:799
09-11 19:18:59.258 24087 24087 D KeyguardPasswordView: H.UPDATE_EMERGENCY_BUTTON
09-11 19:18:59.259 24087 24087 I KeyguardPasswordView: set params.topMargin:799
09-11 19:18:59.277 24087 24087 D KeyguardPasswordView: H.UPDATE_EMERGENCY_BUTTON
09-11 19:18:59.277 24087 24087 I KeyguardPasswordView: set params.topMargin:799
09-11 19:18:59.297 24087 24087 D KeyguardPasswordView: H.UPDATE_EMERGENCY_BUTTON
09-11 19:18:59.298 24087 24087 I KeyguardPasswordView: set params.topMargin:799
09-11 19:18:59.316 24087 24087 D KeyguardPasswordView: H.UPDATE_EMERGENCY_BUTTON
09-11 19:18:59.316 24087 24087 I KeyguardPasswordView: set params.topMargin:799
09-11 19:18:59.334 24087 24087 D KeyguardPasswordView: H.UPDATE_EMERGENCY_BUTTON
09-11 19:18:59.335 24087 24087 I KeyguardPasswordView: set params.topMargin:799
09-11 19:18:59.352 24087 24087 D KeyguardPasswordView: H.UPDATE_EMERGENCY_BUTTON
09-11 19:18:59.352 24087 24087 I KeyguardPasswordView: set params.topMargin:799
09-11 19:18:59.371 24087 24087 D KeyguardPasswordView: H.UPDATE_EMERGENCY_BUTTON
09-11 19:18:59.372 24087 24087 I KeyguardPasswordView: set params.topMargin:799
09-11 19:18:59.389 24087 24087 D KeyguardPasswordView: H.UPDATE_EMERGENCY_BUTTON
09-11 19:18:59.390 24087 24087 I KeyguardPasswordView: set params.topMargin:799
09-11 19:18:59.407 24087 24087 D KeyguardPasswordView: H.UPDATE_EMERGENCY_BUTTON
09-11 19:18:59.407 24087 24087 I KeyguardPasswordView: set params.topMargin:799
09-11 19:18:59.428 24087 24087 D KeyguardPasswordView: H.UPDATE_EMERGENCY_BUTTON
09-11 19:18:59.428 24087 24087 I KeyguardPasswordView: set params.topMargin:799
09-11 19:18:59.449 24087 24087 D KeyguardPasswordView: H.UPDATE_EMERGENCY_BUTTON
09-11 19:18:59.449 24087 24087 I KeyguardPasswordView: set params.topMargin:799
09-11 19:18:59.470 24087 24087 D KeyguardPasswordView: H.UPDATE_EMERGENCY_BUTTON
09-11 19:18:59.471 24087 24087 I KeyguardPasswordView: set params.topMargin:799
09-11 19:18:59.487 24087 24087 D KeyguardPasswordView: H.UPDATE_EMERGENCY_BUTTON
09-11 19:18:59.488 24087 24087 I KeyguardPasswordView: set params.topMargin:799
09-11 19:18:59.507 24087 24087 D KeyguardPasswordView: H.UPDATE_EMERGENCY_BUTTON
09-11 19:18:59.507 24087 24087 I KeyguardPasswordView: set params.topMargin:799
09-11 19:18:59.528 24087 24087 D KeyguardPasswordView: H.UPDATE_EMERGENCY_BUTTON
09-11 19:18:59.528 24087 24087 I KeyguardPasswordView: set params.topMargin:799
09-11 19:18:59.546 24087 24087 D KeyguardPasswordView: H.UPDATE_EMERGENCY_BUTTON
09-11 19:18:59.546 24087 24087 I KeyguardPasswordView: set params.topMargin:799
09-11 19:18:59.564 24087 24087 D KeyguardPasswordView: H.UPDATE_EMERGENCY_BUTTON
09-11 19:18:59.565 24087 24087 I KeyguardPasswordView: set params.topMargin:799
09-11 19:18:59.585 24087 24087 D KeyguardPasswordView: H.UPDATE_EMERGENCY_BUTTON
09-11 19:18:59.586 24087 24087 I KeyguardPasswordView: set params.topMargin:799
09-11 19:18:59.606 24087 24087 D KeyguardPasswordView: H.UPDATE_EMERGENCY_BUTTON
09-11 19:18:59.607 24087 24087 I KeyguardPasswordView: set params.topMargin:799
09-11 19:18:59.627 24087 24087 D KeyguardPasswordView: H.UPDATE_EMERGENCY_BUTTON
09-11 19:18:59.627 24087 24087 I KeyguardPasswordView: set params.topMargin:799
09-11 19:18:59.647 24087 24087 D KeyguardPasswordView: H.UPDATE_EMERGENCY_BUTTON
09-11 19:18:59.647 24087 24087 I KeyguardPasswordView: set params.topMargin:799
09-11 19:18:59.668 24087 24087 D KeyguardPasswordView: H.UPDATE_EMERGENCY_BUTTON
09-11 19:18:59.668 24087 24087 I KeyguardPasswordView: set params.topMargin:799
09-11 19:18:59.686 24087 24087 D KeyguardPasswordView: H.UPDATE_EMERGENCY_BUTTON
09-11 19:18:59.686 24087 24087 I KeyguardPasswordView: set params.topMargin:799
09-11 19:18:59.707 24087 24087 D KeyguardPasswordView: H.UPDATE_EMERGENCY_BUTTON
09-11 19:18:59.707 24087 24087 I KeyguardPasswordView: set params.topMargin:799
09-11 19:18:59.724 24087 24087 D KeyguardPasswordView: H.UPDATE_EMERGENCY_BUTTON
09-11 19:18:59.724 24087 24087 I KeyguardPasswordView: set params.topMargin:799
09-11 19:18:59.743 24087 24087 D KeyguardPasswordView: H.UPDATE_EMERGENCY_BUTTON
09-11 19:18:59.744 24087 24087 I KeyguardPasswordView: set params.topMargin:799
09-11 19:18:59.765 24087 24087 D KeyguardPasswordView: H.UPDATE_EMERGENCY_BUTTON
09-11 19:18:59.765 24087 24087 I KeyguardPasswordView: set params.topMargin:799
09-11 19:18:59.783 24087 24087 D KeyguardPasswordView: H.UPDATE_EMERGENCY_BUTTON
09-11 19:18:59.784 24087 24087 I KeyguardPasswordView: set params.topMargin:799
09-11 19:18:59.800 24087 24087 D KeyguardPasswordView: H.UPDATE_EMERGENCY_BUTTON
09-11 19:18:59.801 24087 24087 I KeyguardPasswordView: set params.topMargin:799
09-11 19:18:59.821 24087 24087 D KeyguardPasswordView: H.UPDATE_EMERGENCY_BUTTON
09-11 19:18:59.821 24087 24087 I KeyguardPasswordView: set params.topMargin:799
09-11 19:18:59.840 24087 24087 D KeyguardPasswordView: H.UPDATE_EMERGENCY_BUTTON
09-11 19:18:59.840 24087 24087 I KeyguardPasswordView: set params.topMargin:799
09-11 19:18:59.858 24087 24087 D KeyguardPasswordView: H.UPDATE_EMERGENCY_BUTTON
09-11 19:18:59.859 24087 24087 I KeyguardPasswordView: set params.topMargin:799
09-11 19:18:59.876 24087 24087 D KeyguardPasswordView: H.UPDATE_EMERGENCY_BUTTON
09-11 19:18:59.878 24087 24087 I KeyguardPasswordView: set params.topMargin:799
09-11 19:18:59.882  1664  7162 E QMI_FW  : qmi_cci_get_ref: ref count increased 2
09-11 19:18:59.885  1664  1732 E QMI_FW  : qmi_cci_get_ref: ref count increased 2
09-11 19:18:59.894 24087 24087 D KeyguardPasswordView: H.UPDATE_EMERGENCY_BUTTON
09-11 19:18:59.894 24087 24087 I KeyguardPasswordView: set params.topMargin:799
09-11 19:18:59.912 24087 24087 D KeyguardPasswordView: H.UPDATE_EMERGENCY_BUTTON
09-11 19:18:59.913 24087 24087 I KeyguardPasswordView: set params.topMargin:799
09-11 19:18:59.930 24087 24087 D KeyguardPasswordView: H.UPDATE_EMERGENCY_BUTTON
09-11 19:18:59.930 24087 24087 I KeyguardPasswordView: set params.topMargin:799
09-11 19:18:59.931  3155  3155 D PhoneInterfaceManager: [PhoneIntfMgr] getPhoneFromSubId: 6
09-11 19:18:59.948 24087 24087 D KeyguardPasswordView: H.UPDATE_EMERGENCY_BUTTON
09-11 19:18:59.948 24087 24087 I KeyguardPasswordView: set params.topMargin:799
09-11 19:18:59.965 24087 24087 D KeyguardPasswordView: H.UPDATE_EMERGENCY_BUTTON
09-11 19:18:59.966 24087 24087 I KeyguardPasswordView: set params.topMargin:799
09-11 19:18:59.978 24442 24442 W RootViewPicker: No activity currently resumed - waiting: 30000ms for one to appear.
09-11 19:18:59.983 24087 24087 D KeyguardPasswordView: H.UPDATE_EMERGENCY_BUTTON
09-11 19:18:59.984 24087 24087 I KeyguardPasswordView: set params.topMargin:799
09-11 19:19:00.001 24087 24087 D KeyguardPasswordView: H.UPDATE_EMERGENCY_BUTTON
09-11 19:19:00.002 24087 24087 I KeyguardPasswordView: set params.topMargin:799
09-11 19:19:00.019 24087 24087 D KeyguardPasswordView: H.UPDATE_EMERGENCY_BUTTON
09-11 19:19:00.019 24087 24087 I KeyguardPasswordView: set params.topMargin:799
09-11 19:19:00.036 24087 24087 D KeyguardPasswordView: H.UPDATE_EMERGENCY_BUTTON
09-11 19:19:00.037 24087 24087 I KeyguardPasswordView: set params.topMargin:799
09-11 19:19:00.055 24087 24087 D KeyguardPasswordView: H.UPDATE_EMERGENCY_BUTTON
09-11 19:19:00.056 24087 24087 I KeyguardPasswordView: set params.topMargin:799
09-11 19:19:00.073 24087 24087 D KeyguardPasswordView: H.UPDATE_EMERGENCY_BUTTON
09-11 19:19:00.075 24087 24087 I KeyguardPasswordView: set params.topMargin:799
09-11 19:19:00.090 24087 24087 D KeyguardPasswordView: H.UPDATE_EMERGENCY_BUTTON
09-11 19:19:00.091 24087 24087 I KeyguardPasswordView: set params.topMargin:799
09-11 19:19:00.111 24087 24087 D KeyguardPasswordView: H.UPDATE_EMERGENCY_BUTTON
09-11 19:19:00.112 24087 24087 I KeyguardPasswordView: set params.topMargin:799
09-11 19:19:00.129 24087 24087 D KeyguardPasswordView: H.UPDATE_EMERGENCY_BUTTON
09-11 19:19:00.131 24087 24087 I KeyguardPasswordView: set params.topMargin:799
09-11 19:19:00.148 24087 24087 D KeyguardPasswordView: H.UPDATE_EMERGENCY_BUTTON
09-11 19:19:00.149 24087 24087 I KeyguardPasswordView: set params.topMargin:799
09-11 19:19:00.167 24087 24087 D KeyguardPasswordView: H.UPDATE_EMERGENCY_BUTTON
09-11 19:19:00.167 24087 24087 I KeyguardPasswordView: set params.topMargin:799
09-11 19:19:00.187 24087 24087 D KeyguardPasswordView: H.UPDATE_EMERGENCY_BUTTON
09-11 19:19:00.188 24087 24087 I KeyguardPasswordView: set params.topMargin:799
09-11 19:19:00.206 24087 24087 D KeyguardPasswordView: H.UPDATE_EMERGENCY_BUTTON
09-11 19:19:00.207 24087 24087 I KeyguardPasswordView: set params.topMargin:799
09-11 19:19:00.224 24087 24087 D KeyguardPasswordView: H.UPDATE_EMERGENCY_BUTTON
09-11 19:19:00.225 24087 24087 I KeyguardPasswordView: set params.topMargin:799
09-11 19:19:00.243 24087 24087 D KeyguardPasswordView: H.UPDATE_EMERGENCY_BUTTON
09-11 19:19:00.244 24087 24087 I KeyguardPasswordView: set params.topMargin:799
09-11 19:19:00.264 24087 24087 D KeyguardPasswordView: H.UPDATE_EMERGENCY_BUTTON
09-11 19:19:00.264 24087 24087 I KeyguardPasswordView: set params.topMargin:799
09-11 19:19:00.281 24087 24087 D KeyguardPasswordView: H.UPDATE_EMERGENCY_BUTTON
09-11 19:19:00.282 24087 24087 I KeyguardPasswordView: set params.topMargin:799
09-11 19:19:00.302 24087 24087 D KeyguardPasswordView: H.UPDATE_EMERGENCY_BUTTON
09-11 19:19:00.302 24087 24087 I KeyguardPasswordView: set params.topMargin:799
09-11 19:19:00.320 24087 24087 D KeyguardPasswordView: H.UPDATE_EMERGENCY_BUTTON
09-11 19:19:00.320 24087 24087 I KeyguardPasswordView: set params.topMargin:799
09-11 19:19:00.340 24087 24087 D KeyguardPasswordView: H.UPDATE_EMERGENCY_BUTTON
09-11 19:19:00.341 24087 24087 I KeyguardPasswordView: set params.topMargin:799
09-11 19:19:00.361 24087 24087 D KeyguardPasswordView: H.UPDATE_EMERGENCY_BUTTON
09-11 19:19:00.362 24087 24087 I KeyguardPasswordView: set params.topMargin:799
09-11 19:19:00.380 24087 24087 D KeyguardPasswordView: H.UPDATE_EMERGENCY_BUTTON
09-11 19:19:00.381 24087 24087 I KeyguardPasswordView: set params.topMargin:799
09-11 19:19:00.400 24087 24087 D KeyguardPasswordView: H.UPDATE_EMERGENCY_BUTTON
09-11 19:19:00.401 24087 24087 I KeyguardPasswordView: set params.topMargin:799
09-11 19:19:00.421 24087 24087 D KeyguardPasswordView: H.UPDATE_EMERGENCY_BUTTON
09-11 19:19:00.421 24087 24087 I KeyguardPasswordView: set params.topMargin:799
09-11 19:19:00.442 24087 24087 D KeyguardPasswordView: H.UPDATE_EMERGENCY_BUTTON
09-11 19:19:00.444 24087 24087 I KeyguardPasswordView: set params.topMargin:799
09-11 19:19:00.460 24087 24087 D KeyguardPasswordView: H.UPDATE_EMERGENCY_BUTTON
09-11 19:19:00.461 24087 24087 I KeyguardPasswordView: set params.topMargin:799
09-11 19:19:00.479 24087 24087 D KeyguardPasswordView: H.UPDATE_EMERGENCY_BUTTON
09-11 19:19:00.479 24087 24087 I KeyguardPasswordView: set params.topMargin:799
09-11 19:19:00.496 24087 24087 D KeyguardPasswordView: H.UPDATE_EMERGENCY_BUTTON
09-11 19:19:00.497 24087 24087 I KeyguardPasswordView: set params.topMargin:799
09-11 19:19:00.514 24087 24087 D KeyguardPasswordView: H.UPDATE_EMERGENCY_BUTTON
09-11 19:19:00.514 24087 24087 I KeyguardPasswordView: set params.topMargin:799
09-11 19:19:00.526  1071  5784 E oemlogkit: oemlogkit: Android log path: (null). Inside
09-11 19:19:00.526  1071  5784 E oemlogkit: oemlogkit: !start_log, sleep
09-11 19:19:00.531 24087 24087 D KeyguardPasswordView: H.UPDATE_EMERGENCY_BUTTON
09-11 19:19:00.532 24087 24087 I KeyguardPasswordView: set params.topMargin:799
09-11 19:19:00.550 24087 24087 D KeyguardPasswordView: H.UPDATE_EMERGENCY_BUTTON
09-11 19:19:00.550 24087 24087 I KeyguardPasswordView: set params.topMargin:799
09-11 19:19:00.567 24087 24087 D KeyguardPasswordView: H.UPDATE_EMERGENCY_BUTTON
09-11 19:19:00.567 24087 24087 I KeyguardPasswordView: set params.topMargin:799
09-11 19:19:00.584 24087 24087 D KeyguardPasswordView: H.UPDATE_EMERGENCY_BUTTON
09-11 19:19:00.585 24087 24087 I KeyguardPasswordView: set params.topMargin:799
09-11 19:19:00.600 14890 14952 W WM-WorkSpec: Interval duration lesser than minimum allowed value; Changed to 900000
09-11 19:19:00.600 14890 14952 W WM-WorkSpec: Flex duration lesser than minimum allowed value; Changed to 300000
09-11 19:19:00.602 24087 24087 D KeyguardPasswordView: H.UPDATE_EMERGENCY_BUTTON
09-11 19:19:00.603 24087 24087 I KeyguardPasswordView: set params.topMargin:799
09-11 19:19:00.605 14890 14959 W System.err: java.lang.NullPointerException: Attempt to invoke virtual method 'void android.bluetooth.le.BluetoothLeAdvertiser.stopAdvertisingSet(android.bluetooth.le.AdvertisingSetCallback)' on a null object reference
09-11 19:19:00.606 14890 14959 W System.err: 	at u4.e(SourceFile:2)
09-11 19:19:00.606 14890 14959 W System.err: 	at u4.g(SourceFile:4)
09-11 19:19:00.606 14890 14959 W System.err: 	at v7.b(SourceFile:3)
09-11 19:19:00.606 14890 14959 W System.err: 	at v7.h(Unknown Source:0)
09-11 19:19:00.606 14890 14959 W System.err: 	at n0.run(Unknown Source:8)
09-11 19:19:00.606 14890 14959 W System.err: 	at java.util.concurrent.ThreadPoolExecutor.runWorker(ThreadPoolExecutor.java:1167)
09-11 19:19:00.606 14890 14959 W System.err: 	at java.util.concurrent.ThreadPoolExecutor$Worker.run(ThreadPoolExecutor.java:641)
09-11 19:19:00.606 14890 14959 W System.err: 	at java.lang.Thread.run(Thread.java:923)
09-11 19:19:00.607 14890 14959 W System.err: java.lang.NullPointerException: Attempt to invoke virtual method 'void android.bluetooth.le.BluetoothLeAdvertiser.startAdvertisingSet(android.bluetooth.le.AdvertisingSetParameters, android.bluetooth.le.AdvertiseData, android.bluetooth.le.AdvertiseData, android.bluetooth.le.PeriodicAdvertisingParameters, android.bluetooth.le.AdvertiseData, int, int, android.bluetooth.le.AdvertisingSetCallback)' on a null object reference
09-11 19:19:00.607 14890 14959 W System.err: 	at u4.g(SourceFile:8)
09-11 19:19:00.607 14890 14959 W System.err: 	at v7.b(SourceFile:3)
09-11 19:19:00.607 14890 14959 W System.err: 	at v7.h(Unknown Source:0)
09-11 19:19:00.607 14890 14959 W System.err: 	at n0.run(Unknown Source:8)
09-11 19:19:00.607 14890 14959 W System.err: 	at java.util.concurrent.ThreadPoolExecutor.runWorker(ThreadPoolExecutor.java:1167)
09-11 19:19:00.607 14890 14959 W System.err: 	at java.util.concurrent.ThreadPoolExecutor$Worker.run(ThreadPoolExecutor.java:641)
09-11 19:19:00.607 14890 14959 W System.err: 	at java.lang.Thread.run(Thread.java:923)
09-11 19:19:00.625 24087 24087 D KeyguardPasswordView: H.UPDATE_EMERGENCY_BUTTON
09-11 19:19:00.625 24087 24087 I KeyguardPasswordView: set params.topMargin:799
09-11 19:19:00.640 24087 24087 D KeyguardPasswordView: H.UPDATE_EMERGENCY_BUTTON
09-11 19:19:00.640 24087 24087 I KeyguardPasswordView: set params.topMargin:799
09-11 19:19:00.659 24087 24087 D KeyguardPasswordView: H.UPDATE_EMERGENCY_BUTTON
09-11 19:19:00.659 24087 24087 I KeyguardPasswordView: set params.topMargin:799
09-11 19:19:00.677 24087 24087 D KeyguardPasswordView: H.UPDATE_EMERGENCY_BUTTON
09-11 19:19:00.678 24087 24087 I KeyguardPasswordView: set params.topMargin:799
09-11 19:19:00.696 24087 24087 D KeyguardPasswordView: H.UPDATE_EMERGENCY_BUTTON
09-11 19:19:00.696 24087 24087 I KeyguardPasswordView: set params.topMargin:799
09-11 19:19:00.715 24087 24087 D KeyguardPasswordView: H.UPDATE_EMERGENCY_BUTTON
09-11 19:19:00.716 24087 24087 I KeyguardPasswordView: set params.topMargin:799
09-11 19:19:00.733 24087 24087 D KeyguardPasswordView: H.UPDATE_EMERGENCY_BUTTON
09-11 19:19:00.734 24087 24087 I KeyguardPasswordView: set params.topMargin:799
09-11 19:19:00.752 24087 24087 D KeyguardPasswordView: H.UPDATE_EMERGENCY_BUTTON
09-11 19:19:00.752 24087 24087 I KeyguardPasswordView: set params.topMargin:799
09-11 19:19:00.769 24087 24087 D KeyguardPasswordView: H.UPDATE_EMERGENCY_BUTTON
09-11 19:19:00.770 24087 24087 I KeyguardPasswordView: set params.topMargin:799
09-11 19:19:00.787 24087 24087 D KeyguardPasswordView: H.UPDATE_EMERGENCY_BUTTON
09-11 19:19:00.788 24087 24087 I KeyguardPasswordView: set params.topMargin:799
09-11 19:19:00.806 24087 24087 D KeyguardPasswordView: H.UPDATE_EMERGENCY_BUTTON
09-11 19:19:00.806 24087 24087 I KeyguardPasswordView: set params.topMargin:799
09-11 19:19:00.826 24087 24087 D KeyguardPasswordView: H.UPDATE_EMERGENCY_BUTTON
09-11 19:19:00.827 24087 24087 I KeyguardPasswordView: set params.topMargin:799
09-11 19:19:00.844 24087 24087 D KeyguardPasswordView: H.UPDATE_EMERGENCY_BUTTON
09-11 19:19:00.845 24087 24087 I KeyguardPasswordView: set params.topMargin:799
09-11 19:19:00.866 24087 24087 D KeyguardPasswordView: H.UPDATE_EMERGENCY_BUTTON
09-11 19:19:00.866 24087 24087 I KeyguardPasswordView: set params.topMargin:799
09-11 19:19:00.887 24087 24087 D KeyguardPasswordView: H.UPDATE_EMERGENCY_BUTTON
09-11 19:19:00.887 24087 24087 I KeyguardPasswordView: set params.topMargin:799
09-11 19:19:00.907 24087 24087 D KeyguardPasswordView: H.UPDATE_EMERGENCY_BUTTON
09-11 19:19:00.908 24087 24087 I KeyguardPasswordView: set params.topMargin:799
09-11 19:19:00.926 24087 24087 D KeyguardPasswordView: H.UPDATE_EMERGENCY_BUTTON
09-11 19:19:00.928 24087 24087 I KeyguardPasswordView: set params.topMargin:799
09-11 19:19:00.944 24087 24087 D KeyguardPasswordView: H.UPDATE_EMERGENCY_BUTTON
09-11 19:19:00.945 24087 24087 I KeyguardPasswordView: set params.topMargin:799
09-11 19:19:00.961 24087 24087 D KeyguardPasswordView: H.UPDATE_EMERGENCY_BUTTON
09-11 19:19:00.962 24087 24087 I KeyguardPasswordView: set params.topMargin:799
09-11 19:19:00.982 24087 24087 D KeyguardPasswordView: H.UPDATE_EMERGENCY_BUTTON
09-11 19:19:00.983 24087 24087 I KeyguardPasswordView: set params.topMargin:799
09-11 19:19:01.001 24087 24087 D KeyguardPasswordView: H.UPDATE_EMERGENCY_BUTTON
09-11 19:19:01.001 24087 24087 I KeyguardPasswordView: set params.topMargin:799
09-11 19:19:01.018 24087 24087 D KeyguardPasswordView: H.UPDATE_EMERGENCY_BUTTON
09-11 19:19:01.018 24087 24087 I KeyguardPasswordView: set params.topMargin:799
09-11 19:19:01.038 24087 24087 D KeyguardPasswordView: H.UPDATE_EMERGENCY_BUTTON
09-11 19:19:01.038 24087 24087 I KeyguardPasswordView: set params.topMargin:799
09-11 19:19:01.058 24087 24087 D KeyguardPasswordView: H.UPDATE_EMERGENCY_BUTTON
09-11 19:19:01.059 24087 24087 I KeyguardPasswordView: set params.topMargin:799
09-11 19:19:01.076 24087 24087 D KeyguardPasswordView: H.UPDATE_EMERGENCY_BUTTON
09-11 19:19:01.077 24087 24087 I KeyguardPasswordView: set params.topMargin:799
09-11 19:19:01.098 24087 24087 D KeyguardPasswordView: H.UPDATE_EMERGENCY_BUTTON
09-11 19:19:01.098 24087 24087 I KeyguardPasswordView: set params.topMargin:799
09-11 19:19:01.115 24087 24087 D KeyguardPasswordView: H.UPDATE_EMERGENCY_BUTTON
09-11 19:19:01.115 24087 24087 I KeyguardPasswordView: set params.topMargin:799
09-11 19:19:01.136 24087 24087 D KeyguardPasswordView: H.UPDATE_EMERGENCY_BUTTON
09-11 19:19:01.137 24087 24087 I KeyguardPasswordView: set params.topMargin:799
09-11 19:19:01.157 24087 24087 D KeyguardPasswordView: H.UPDATE_EMERGENCY_BUTTON
09-11 19:19:01.157 24087 24087 I KeyguardPasswordView: set params.topMargin:799
09-11 19:19:01.175 24087 24087 D KeyguardPasswordView: H.UPDATE_EMERGENCY_BUTTON
09-11 19:19:01.176 24087 24087 I KeyguardPasswordView: set params.topMargin:799
09-11 19:19:01.196 24087 24087 D KeyguardPasswordView: H.UPDATE_EMERGENCY_BUTTON
09-11 19:19:01.196 24087 24087 I KeyguardPasswordView: set params.topMargin:799
09-11 19:19:01.217 24087 24087 D KeyguardPasswordView: H.UPDATE_EMERGENCY_BUTTON
09-11 19:19:01.217 24087 24087 I KeyguardPasswordView: set params.topMargin:799
09-11 19:19:01.234 24087 24087 D KeyguardPasswordView: H.UPDATE_EMERGENCY_BUTTON
09-11 19:19:01.234 24087 24087 I KeyguardPasswordView: set params.topMargin:799
09-11 19:19:01.255 24087 24087 D KeyguardPasswordView: H.UPDATE_EMERGENCY_BUTTON
09-11 19:19:01.255 24087 24087 I KeyguardPasswordView: set params.topMargin:799
09-11 19:19:01.276 24087 24087 D KeyguardPasswordView: H.UPDATE_EMERGENCY_BUTTON
09-11 19:19:01.277 24087 24087 I KeyguardPasswordView: set params.topMargin:799
09-11 19:19:01.293 24087 24087 D KeyguardPasswordView: H.UPDATE_EMERGENCY_BUTTON
09-11 19:19:01.293 24087 24087 I KeyguardPasswordView: set params.topMargin:799
09-11 19:19:01.311 24087 24087 D KeyguardPasswordView: H.UPDATE_EMERGENCY_BUTTON
09-11 19:19:01.312 24087 24087 I KeyguardPasswordView: set params.topMargin:799
09-11 19:19:01.332 24087 24087 D KeyguardPasswordView: H.UPDATE_EMERGENCY_BUTTON
09-11 19:19:01.333 24087 24087 I KeyguardPasswordView: set params.topMargin:799
09-11 19:19:01.349 24087 24087 D KeyguardPasswordView: H.UPDATE_EMERGENCY_BUTTON
09-11 19:19:01.350 24087 24087 I KeyguardPasswordView: set params.topMargin:799
09-11 19:19:01.370 24087 24087 D KeyguardPasswordView: H.UPDATE_EMERGENCY_BUTTON
09-11 19:19:01.370 24087 24087 I KeyguardPasswordView: set params.topMargin:799
09-11 19:19:01.390 24087 24087 D KeyguardPasswordView: H.UPDATE_EMERGENCY_BUTTON
