09-11 19:18:15.150 14890 14959 W System.err: 	at v7.b(SourceFile:3)
09-11 19:18:15.150 24087 24087 D KeyguardUpdateMonitor: received broadcast android.intent.action.BATTERY_CHANGED
09-11 19:18:15.150 14890 14959 W System.err: 	at v7.h(Unknown Source:0)
09-11 19:18:15.150 24087 24087 I OpUtils : isSupportWarpCharging:false
09-11 19:18:15.150 24087 24087 D KeyguardUpdateMonitor: pdCharge false, chargingstatus 0, fastcharge:0
09-11 19:18:15.150 14890 14959 W System.err: 	at n0.run(Unknown Source:8)
09-11 19:18:15.150 14890 14959 W System.err: 	at java.util.concurrent.ThreadPoolExecutor.runWorker(ThreadPoolExecutor.java:1167)
09-11 19:18:15.150 24087 24087 D KeyguardPasswordView: H.UPDATE_EMERGENCY_BUTTON
09-11 19:18:15.150 14890 14959 W System.err: 	at java.util.concurrent.ThreadPoolExecutor$Worker.run(ThreadPoolExecutor.java:641)
09-11 19:18:15.150 14890 14959 W System.err: 	at java.lang.Thread.run(Thread.java:923)
09-11 19:18:15.151 24087 24087 I KeyguardPasswordView: set params.topMargin:799
09-11 19:18:15.152 24087 24109 D BatterySaverTile: handleUpdateState, true, false
09-11 19:18:15.175 24087 24087 D KeyguardPasswordView: H.UPDATE_EMERGENCY_BUTTON
09-11 19:18:15.176 24087 24087 I KeyguardPasswordView: set params.topMargin:799
09-11 19:18:15.193 24087 24087 D KeyguardPasswordView: H.UPDATE_EMERGENCY_BUTTON
09-11 19:18:15.193 24087 24087 I KeyguardPasswordView: set params.topMargin:799
09-11 19:18:15.201  1664  1732 E QMI_FW  : qmi_cci_get_ref: ref count increased 2
09-11 19:18:15.205  1664  1732 E QMI_FW  : qmi_cci_get_ref: ref count increased 2
09-11 19:18:15.212 24087 24087 D KeyguardPasswordView: H.UPDATE_EMERGENCY_BUTTON
09-11 19:18:15.212 24087 24087 I KeyguardPasswordView: set params.topMargin:799
09-11 19:18:15.229 24087 24087 D KeyguardPasswordView: H.UPDATE_EMERGENCY_BUTTON
09-11 19:18:15.230 24087 24087 I KeyguardPasswordView: set params.topMargin:799
09-11 19:18:15.246 24087 24087 D KeyguardPasswordView: H.UPDATE_EMERGENCY_BUTTON
09-11 19:18:15.246 24087 24087 I KeyguardPasswordView: set params.topMargin:799
09-11 19:18:15.262 24087 24087 D KeyguardPasswordView: H.UPDATE_EMERGENCY_BUTTON
09-11 19:18:15.262 24087 24087 I KeyguardPasswordView: set params.topMargin:799
09-11 19:18:15.284 24087 24087 D KeyguardPasswordView: H.UPDATE_EMERGENCY_BUTTON
09-11 19:18:15.284 24087 24087 I KeyguardPasswordView: set params.topMargin:799
09-11 19:18:15.300 24087 24087 D KeyguardPasswordView: H.UPDATE_EMERGENCY_BUTTON
09-11 19:18:15.301 24087 24087 I KeyguardPasswordView: set params.topMargin:799
09-11 19:18:15.318 24087 24087 D KeyguardPasswordView: H.UPDATE_EMERGENCY_BUTTON
09-11 19:18:15.319 24087 24087 I KeyguardPasswordView: set params.topMargin:799
09-11 19:18:15.336 24087 24087 D KeyguardPasswordView: H.UPDATE_EMERGENCY_BUTTON
09-11 19:18:15.336 24087 24087 I KeyguardPasswordView: set params.topMargin:799
09-11 19:18:15.355 24087 24087 D KeyguardPasswordView: H.UPDATE_EMERGENCY_BUTTON
09-11 19:18:15.356 24087 24087 I KeyguardPasswordView: set params.topMargin:799
09-11 19:18:15.373 24087 24087 D KeyguardPasswordView: H.UPDATE_EMERGENCY_BUTTON
09-11 19:18:15.374 24087 24087 I KeyguardPasswordView: set params.topMargin:799
09-11 19:18:15.392 24087 24087 D KeyguardPasswordView: H.UPDATE_EMERGENCY_BUTTON
09-11 19:18:15.393 24087 24087 I KeyguardPasswordView: set params.topMargin:799
09-11 19:18:15.412 24087 24087 D KeyguardPasswordView: H.UPDATE_EMERGENCY_BUTTON
09-11 19:18:15.413 24087 24087 I KeyguardPasswordView: set params.topMargin:799
09-11 19:18:15.432 24087 24087 D KeyguardPasswordView: H.UPDATE_EMERGENCY_BUTTON
09-11 19:18:15.432 24087 24087 I KeyguardPasswordView: set params.topMargin:799
09-11 19:18:15.450 24087 24087 D KeyguardPasswordView: H.UPDATE_EMERGENCY_BUTTON
09-11 19:18:15.451 24087 24087 I KeyguardPasswordView: set params.topMargin:799
09-11 19:18:15.471 24087 24087 D KeyguardPasswordView: H.UPDATE_EMERGENCY_BUTTON
09-11 19:18:15.472 24087 24087 I KeyguardPasswordView: set params.topMargin:799
09-11 19:18:15.490 24087 24087 D KeyguardPasswordView: H.UPDATE_EMERGENCY_BUTTON
09-11 19:18:15.491 24087 24087 I KeyguardPasswordView: set params.topMargin:799
09-11 19:18:15.510 24087 24087 D KeyguardPasswordView: H.UPDATE_EMERGENCY_BUTTON
09-11 19:18:15.510 24087 24087 I KeyguardPasswordView: set params.topMargin:799
09-11 19:18:15.529 24087 24087 D KeyguardPasswordView: H.UPDATE_EMERGENCY_BUTTON
09-11 19:18:15.529 24087 24087 I KeyguardPasswordView: set params.topMargin:799
09-11 19:18:15.548 24087 24087 D KeyguardPasswordView: H.UPDATE_EMERGENCY_BUTTON
09-11 19:18:15.549 24087 24087 I KeyguardPasswordView: set params.topMargin:799
09-11 19:18:15.565 24087 24087 D KeyguardPasswordView: H.UPDATE_EMERGENCY_BUTTON
09-11 19:18:15.566 24087 24087 I KeyguardPasswordView: set params.topMargin:799
09-11 19:18:15.585 24087 24087 D KeyguardPasswordView: H.UPDATE_EMERGENCY_BUTTON
09-11 19:18:15.585 24087 24087 I KeyguardPasswordView: set params.topMargin:799
09-11 19:18:15.601 24087 24087 D KeyguardPasswordView: H.UPDATE_EMERGENCY_BUTTON
09-11 19:18:15.602 24087 24087 I KeyguardPasswordView: set params.topMargin:799
09-11 19:18:15.621 24087 24087 D KeyguardPasswordView: H.UPDATE_EMERGENCY_BUTTON
09-11 19:18:15.621 24087 24087 I KeyguardPasswordView: set params.topMargin:799
09-11 19:18:15.640 24087 24087 D KeyguardPasswordView: H.UPDATE_EMERGENCY_BUTTON
09-11 19:18:15.641 24087 24087 I KeyguardPasswordView: set params.topMargin:799
09-11 19:18:15.659 24087 24087 D KeyguardPasswordView: H.UPDATE_EMERGENCY_BUTTON
09-11 19:18:15.660 24087 24087 I KeyguardPasswordView: set params.topMargin:799
09-11 19:18:15.679 24087 24087 D KeyguardPasswordView: H.UPDATE_EMERGENCY_BUTTON
09-11 19:18:15.679 24087 24087 I KeyguardPasswordView: set params.topMargin:799
09-11 19:18:15.698 24087 24087 D KeyguardPasswordView: H.UPDATE_EMERGENCY_BUTTON
09-11 19:18:15.698 24087 24087 I KeyguardPasswordView: set params.topMargin:799
09-11 19:18:15.717 24087 24087 D KeyguardPasswordView: H.UPDATE_EMERGENCY_BUTTON
09-11 19:18:15.718 24087 24087 I KeyguardPasswordView: set params.topMargin:799
09-11 19:18:15.736 24087 24087 D KeyguardPasswordView: H.UPDATE_EMERGENCY_BUTTON
09-11 19:18:15.737 24087 24087 I KeyguardPasswordView: set params.topMargin:799
09-11 19:18:15.755 24087 24087 D KeyguardPasswordView: H.UPDATE_EMERGENCY_BUTTON
09-11 19:18:15.755 24087 24087 I KeyguardPasswordView: set params.topMargin:799
09-11 19:18:15.769  1555  1746 W AlarmManager: Unrecognized alarm listener com.android.server.OpPowerControllerService$tsu@ecdb27f
09-11 19:18:15.774 24087 24087 D KeyguardPasswordView: H.UPDATE_EMERGENCY_BUTTON
09-11 19:18:15.774 24087 24087 I KeyguardPasswordView: set params.topMargin:799
09-11 19:18:15.791 24087 24087 D KeyguardPasswordView: H.UPDATE_EMERGENCY_BUTTON
09-11 19:18:15.791 24087 24087 I KeyguardPasswordView: set params.topMargin:799
09-11 19:18:15.809 24087 24087 D KeyguardPasswordView: H.UPDATE_EMERGENCY_BUTTON
09-11 19:18:15.810 24087 24087 I KeyguardPasswordView: set params.topMargin:799
09-11 19:18:15.835 24087 24087 D KeyguardPasswordView: H.UPDATE_EMERGENCY_BUTTON
09-11 19:18:15.835 24087 24087 I KeyguardPasswordView: set params.topMargin:799
09-11 19:18:15.847 24087 24087 D KeyguardPasswordView: H.UPDATE_EMERGENCY_BUTTON
09-11 19:18:15.847 24087 24087 I KeyguardPasswordView: set params.topMargin:799
09-11 19:18:15.865 24087 24087 D KeyguardPasswordView: H.UPDATE_EMERGENCY_BUTTON
09-11 19:18:15.867  1555  1746 W AlarmManager: Unrecognized alarm listener com.android.server.OpPowerControllerService$tsu@ecdb27f
09-11 19:18:15.868 24087 24087 I KeyguardPasswordView: set params.topMargin:799
09-11 19:18:15.873 14890 14890 W WM-WorkSpec: Interval duration lesser than minimum allowed value; Changed to 900000
09-11 19:18:15.873 14890 14890 W WM-WorkSpec: Flex duration lesser than minimum allowed value; Changed to 300000
09-11 19:18:15.881 14890 14959 W System.err: java.lang.NullPointerException: Attempt to invoke virtual method 'void android.bluetooth.le.BluetoothLeAdvertiser.stopAdvertisingSet(android.bluetooth.le.AdvertisingSetCallback)' on a null object reference
09-11 19:18:15.882 14890 14959 W System.err: 	at u4.e(SourceFile:2)
09-11 19:18:15.882 14890 14959 W System.err: 	at u4.g(SourceFile:4)
09-11 19:18:15.882 14890 14959 W System.err: 	at v7.b(SourceFile:3)
09-11 19:18:15.882 14890 14959 W System.err: 	at v7.h(Unknown Source:0)
09-11 19:18:15.882 14890 14959 W System.err: 	at n0.run(Unknown Source:8)
09-11 19:18:15.882 14890 14959 W System.err: 	at java.util.concurrent.ThreadPoolExecutor.runWorker(ThreadPoolExecutor.java:1167)
09-11 19:18:15.882 14890 14959 W System.err: 	at java.util.concurrent.ThreadPoolExecutor$Worker.run(ThreadPoolExecutor.java:641)
09-11 19:18:15.882 14890 14959 W System.err: 	at java.lang.Thread.run(Thread.java:923)
09-11 19:18:15.882 14890 14959 W System.err: java.lang.NullPointerException: Attempt to invoke virtual method 'void android.bluetooth.le.BluetoothLeAdvertiser.startAdvertisingSet(android.bluetooth.le.AdvertisingSetParameters, android.bluetooth.le.AdvertiseData, android.bluetooth.le.AdvertiseData, android.bluetooth.le.PeriodicAdvertisingParameters, android.bluetooth.le.AdvertiseData, int, int, android.bluetooth.le.AdvertisingSetCallback)' on a null object reference
09-11 19:18:15.882 14890 14959 W System.err: 	at u4.g(SourceFile:8)
09-11 19:18:15.882 14890 14959 W System.err: 	at v7.b(SourceFile:3)
09-11 19:18:15.882 14890 14959 W System.err: 	at v7.h(Unknown Source:0)
09-11 19:18:15.883 14890 14959 W System.err: 	at n0.run(Unknown Source:8)
09-11 19:18:15.883 14890 14959 W System.err: 	at java.util.concurrent.ThreadPoolExecutor.runWorker(ThreadPoolExecutor.java:1167)
09-11 19:18:15.883 14890 14959 W System.err: 	at java.util.concurrent.ThreadPoolExecutor$Worker.run(ThreadPoolExecutor.java:641)
09-11 19:18:15.883 14890 14959 W System.err: 	at java.lang.Thread.run(Thread.java:923)
09-11 19:18:15.884 24087 24087 I OpUtils : isSupportWarpCharging:false
09-11 19:18:15.885 24087 24087 D OpSWarpChargingView: level is same as latest one [41]
09-11 19:18:15.886 24087 24087 D KeyguardUpdateMonitor: received broadcast android.intent.action.BATTERY_CHANGED
09-11 19:18:15.886 24087 24087 I OpUtils : isSupportWarpCharging:false
09-11 19:18:15.886 24087 24087 D KeyguardUpdateMonitor: pdCharge false, chargingstatus 0, fastcharge:0
09-11 19:18:15.886 24087 24087 D KeyguardPasswordView: H.UPDATE_EMERGENCY_BUTTON
09-11 19:18:15.887 24087 24109 D BatterySaverTile: handleUpdateState, true, false
09-11 19:18:15.887 24087 24087 I KeyguardPasswordView: set params.topMargin:799
09-11 19:18:15.906 24087 24087 D KeyguardPasswordView: H.UPDATE_EMERGENCY_BUTTON
09-11 19:18:15.907 24087 24087 I KeyguardPasswordView: set params.topMargin:799
09-11 19:18:15.923 24087 24087 D KeyguardPasswordView: H.UPDATE_EMERGENCY_BUTTON
09-11 19:18:15.924 24087 24087 I KeyguardPasswordView: set params.topMargin:799
09-11 19:18:15.927  8627  8627 D DeviceStatisticsService: chargerType=2 batteryLevel=41 totalBatteryCapacity=3781600
09-11 19:18:15.941 24087 24087 D KeyguardPasswordView: H.UPDATE_EMERGENCY_BUTTON
09-11 19:18:15.942 24087 24087 I KeyguardPasswordView: set params.topMargin:799
09-11 19:18:15.959 24087 24087 D KeyguardPasswordView: H.UPDATE_EMERGENCY_BUTTON
09-11 19:18:15.959 24087 24087 I KeyguardPasswordView: set params.topMargin:799
09-11 19:18:15.978 24087 24087 D KeyguardPasswordView: H.UPDATE_EMERGENCY_BUTTON
09-11 19:18:15.978 24087 24087 I KeyguardPasswordView: set params.topMargin:799
09-11 19:18:15.996 24087 24087 D KeyguardPasswordView: H.UPDATE_EMERGENCY_BUTTON
09-11 19:18:15.997 24087 24087 I KeyguardPasswordView: set params.topMargin:799
09-11 19:18:16.013 24087 24087 D KeyguardPasswordView: H.UPDATE_EMERGENCY_BUTTON
09-11 19:18:16.014 24087 24087 I KeyguardPasswordView: set params.topMargin:799
09-11 19:18:16.030 24087 24087 D KeyguardPasswordView: H.UPDATE_EMERGENCY_BUTTON
09-11 19:18:16.031 24087 24087 I KeyguardPasswordView: set params.topMargin:799
09-11 19:18:16.049 24087 24087 D KeyguardPasswordView: H.UPDATE_EMERGENCY_BUTTON
09-11 19:18:16.049 24087 24087 I KeyguardPasswordView: set params.topMargin:799
09-11 19:18:16.067 24087 24087 D KeyguardPasswordView: H.UPDATE_EMERGENCY_BUTTON
09-11 19:18:16.068 24087 24087 I KeyguardPasswordView: set params.topMargin:799
09-11 19:18:16.085 24087 24087 D KeyguardPasswordView: H.UPDATE_EMERGENCY_BUTTON
09-11 19:18:16.086 24087 24087 I KeyguardPasswordView: set params.topMargin:799
09-11 19:18:16.103 24087 24087 D KeyguardPasswordView: H.UPDATE_EMERGENCY_BUTTON
09-11 19:18:16.104 24087 24087 I KeyguardPasswordView: set params.topMargin:799
09-11 19:18:16.120 24087 24087 D KeyguardPasswordView: H.UPDATE_EMERGENCY_BUTTON
09-11 19:18:16.121 24087 24087 I KeyguardPasswordView: set params.topMargin:799
09-11 19:18:16.141 24087 24087 D KeyguardPasswordView: H.UPDATE_EMERGENCY_BUTTON
09-11 19:18:16.141 24087 24087 I KeyguardPasswordView: set params.topMargin:799
09-11 19:18:16.160 24087 24087 D KeyguardPasswordView: H.UPDATE_EMERGENCY_BUTTON
09-11 19:18:16.160 24087 24087 I KeyguardPasswordView: set params.topMargin:799
09-11 19:18:16.182 24087 24087 D KeyguardPasswordView: H.UPDATE_EMERGENCY_BUTTON
09-11 19:18:16.182 24087 24087 I KeyguardPasswordView: set params.topMargin:799
09-11 19:18:16.200 24087 24087 D KeyguardPasswordView: H.UPDATE_EMERGENCY_BUTTON
09-11 19:18:16.200 24087 24087 I KeyguardPasswordView: set params.topMargin:799
09-11 19:18:16.217 24087 24087 D KeyguardPasswordView: H.UPDATE_EMERGENCY_BUTTON
09-11 19:18:16.218 24087 24087 I KeyguardPasswordView: set params.topMargin:799
09-11 19:18:16.235 24087 24087 D KeyguardPasswordView: H.UPDATE_EMERGENCY_BUTTON
09-11 19:18:16.235 24087 24087 I KeyguardPasswordView: set params.topMargin:799
09-11 19:18:16.254 24087 24087 D KeyguardPasswordView: H.UPDATE_EMERGENCY_BUTTON
09-11 19:18:16.255 24087 24087 I KeyguardPasswordView: set params.topMargin:799
09-11 19:18:16.275 24087 24087 D KeyguardPasswordView: H.UPDATE_EMERGENCY_BUTTON
09-11 19:18:16.276 24087 24087 I KeyguardPasswordView: set params.topMargin:799
09-11 19:18:16.295 24087 24087 D KeyguardPasswordView: H.UPDATE_EMERGENCY_BUTTON
09-11 19:18:16.296 24087 24087 I KeyguardPasswordView: set params.topMargin:799
09-11 19:18:16.314 24087 24087 D KeyguardPasswordView: H.UPDATE_EMERGENCY_BUTTON
09-11 19:18:16.314 24087 24087 I KeyguardPasswordView: set params.topMargin:799
09-11 19:18:16.331 24087 24087 D KeyguardPasswordView: H.UPDATE_EMERGENCY_BUTTON
09-11 19:18:16.331 24087 24087 I KeyguardPasswordView: set params.topMargin:799
09-11 19:18:16.353 24087 24087 D KeyguardPasswordView: H.UPDATE_EMERGENCY_BUTTON
09-11 19:18:16.354 24087 24087 I KeyguardPasswordView: set params.topMargin:799
09-11 19:18:16.373 24087 24087 D KeyguardPasswordView: H.UPDATE_EMERGENCY_BUTTON
09-11 19:18:16.373 24087 24087 I KeyguardPasswordView: set params.topMargin:799
09-11 19:18:16.391 24087 24087 D KeyguardPasswordView: H.UPDATE_EMERGENCY_BUTTON
09-11 19:18:16.391 24087 24087 I KeyguardPasswordView: set params.topMargin:799
09-11 19:18:16.412 24087 24087 D KeyguardPasswordView: H.UPDATE_EMERGENCY_BUTTON
09-11 19:18:16.413 24087 24087 I KeyguardPasswordView: set params.topMargin:799
09-11 19:18:16.429 24087 24087 D KeyguardPasswordView: H.UPDATE_EMERGENCY_BUTTON
09-11 19:18:16.429 24087 24087 I KeyguardPasswordView: set params.topMargin:799
09-11 19:18:16.447 24087 24087 D KeyguardPasswordView: H.UPDATE_EMERGENCY_BUTTON
09-11 19:18:16.448 24087 24087 I KeyguardPasswordView: set params.topMargin:799
09-11 19:18:16.468 24087 24087 D KeyguardPasswordView: H.UPDATE_EMERGENCY_BUTTON
09-11 19:18:16.469 24087 24087 I KeyguardPasswordView: set params.topMargin:799
09-11 19:18:16.486 24087 24087 D KeyguardPasswordView: H.UPDATE_EMERGENCY_BUTTON
09-11 19:18:16.487 24087 24087 I KeyguardPasswordView: set params.topMargin:799
09-11 19:18:16.504 24087 24087 D KeyguardPasswordView: H.UPDATE_EMERGENCY_BUTTON
09-11 19:18:16.504 24087 24087 I KeyguardPasswordView: set params.topMargin:799
09-11 19:18:16.521 24087 24087 D KeyguardPasswordView: H.UPDATE_EMERGENCY_BUTTON
09-11 19:18:16.522 24087 24087 I KeyguardPasswordView: set params.topMargin:799
09-11 19:18:16.539 24087 24087 D KeyguardPasswordView: H.UPDATE_EMERGENCY_BUTTON
09-11 19:18:16.540 24087 24087 I KeyguardPasswordView: set params.topMargin:799
09-11 19:18:16.560 24087 24087 D KeyguardPasswordView: H.UPDATE_EMERGENCY_BUTTON
09-11 19:18:16.560 24087 24087 I KeyguardPasswordView: set params.topMargin:799
09-11 19:18:16.580 24087 24087 D KeyguardPasswordView: H.UPDATE_EMERGENCY_BUTTON
09-11 19:18:16.581 24087 24087 I KeyguardPasswordView: set params.topMargin:799
09-11 19:18:16.599 24087 24087 D KeyguardPasswordView: H.UPDATE_EMERGENCY_BUTTON
09-11 19:18:16.600 24087 24087 I KeyguardPasswordView: set params.topMargin:799
09-11 19:18:16.620 24087 24087 D KeyguardPasswordView: H.UPDATE_EMERGENCY_BUTTON
09-11 19:18:16.620 24087 24087 I KeyguardPasswordView: set params.topMargin:799
09-11 19:18:16.640 24087 24087 D KeyguardPasswordView: H.UPDATE_EMERGENCY_BUTTON
09-11 19:18:16.641 24087 24087 I KeyguardPasswordView: set params.topMargin:799
09-11 19:18:16.658 24087 24087 D KeyguardPasswordView: H.UPDATE_EMERGENCY_BUTTON
09-11 19:18:16.658 24087 24087 I KeyguardPasswordView: set params.topMargin:799
09-11 19:18:16.679 24087 24087 D KeyguardPasswordView: H.UPDATE_EMERGENCY_BUTTON
09-11 19:18:16.679 24087 24087 I KeyguardPasswordView: set params.topMargin:799
09-11 19:18:16.696 24087 24087 D KeyguardPasswordView: H.UPDATE_EMERGENCY_BUTTON
09-11 19:18:16.696 24087 24087 I KeyguardPasswordView: set params.topMargin:799
09-11 19:18:16.717 24087 24087 D KeyguardPasswordView: H.UPDATE_EMERGENCY_BUTTON
09-11 19:18:16.717 24087 24087 I KeyguardPasswordView: set params.topMargin:799
09-11 19:18:16.738 24087 24087 D KeyguardPasswordView: H.UPDATE_EMERGENCY_BUTTON
09-11 19:18:16.738 24087 24087 I KeyguardPasswordView: set params.topMargin:799
09-11 19:18:16.757 24087 24087 D KeyguardPasswordView: H.UPDATE_EMERGENCY_BUTTON
09-11 19:18:16.758 24087 24087 I KeyguardPasswordView: set params.topMargin:799
09-11 19:18:16.779 24087 24087 D KeyguardPasswordView: H.UPDATE_EMERGENCY_BUTTON
09-11 19:18:16.780 24087 24087 I KeyguardPasswordView: set params.topMargin:799
09-11 19:18:16.799 24087 24087 D KeyguardPasswordView: H.UPDATE_EMERGENCY_BUTTON
09-11 19:18:16.800 24087 24087 I KeyguardPasswordView: set params.topMargin:799
09-11 19:18:16.817 24087 24087 D KeyguardPasswordView: H.UPDATE_EMERGENCY_BUTTON
09-11 19:18:16.817 24087 24087 I KeyguardPasswordView: set params.topMargin:799
09-11 19:18:16.835 24087 24087 D KeyguardPasswordView: H.UPDATE_EMERGENCY_BUTTON
09-11 19:18:16.835 24087 24087 I KeyguardPasswordView: set params.topMargin:799
09-11 19:18:16.854 24087 24087 D KeyguardPasswordView: H.UPDATE_EMERGENCY_BUTTON
09-11 19:18:16.855 24087 24087 I KeyguardPasswordView: set params.topMargin:799
09-11 19:18:16.872 24087 24087 D KeyguardPasswordView: H.UPDATE_EMERGENCY_BUTTON
09-11 19:18:16.874 24087 24087 I KeyguardPasswordView: set params.topMargin:799
09-11 19:18:16.891 24087 24087 D KeyguardPasswordView: H.UPDATE_EMERGENCY_BUTTON
09-11 19:18:16.891 24087 24087 I KeyguardPasswordView: set params.topMargin:799
09-11 19:18:16.910 24087 24087 D KeyguardPasswordView: H.UPDATE_EMERGENCY_BUTTON
09-11 19:18:16.910 24087 24087 I KeyguardPasswordView: set params.topMargin:799
09-11 19:18:16.927 24087 24087 D KeyguardPasswordView: H.UPDATE_EMERGENCY_BUTTON
09-11 19:18:16.928 24087 24087 I KeyguardPasswordView: set params.topMargin:799
09-11 19:18:16.945 24087 24087 D KeyguardPasswordView: H.UPDATE_EMERGENCY_BUTTON
09-11 19:18:16.946 24087 24087 I KeyguardPasswordView: set params.topMargin:799
09-11 19:18:16.964 24087 24087 D KeyguardPasswordView: H.UPDATE_EMERGENCY_BUTTON
09-11 19:18:16.964 24087 24087 I KeyguardPasswordView: set params.topMargin:799
09-11 19:18:16.981 24087 24087 D KeyguardPasswordView: H.UPDATE_EMERGENCY_BUTTON
09-11 19:18:16.982 24087 24087 I KeyguardPasswordView: set params.topMargin:799
09-11 19:18:17.002 24087 24087 D KeyguardPasswordView: H.UPDATE_EMERGENCY_BUTTON
09-11 19:18:17.003 24087 24087 I KeyguardPasswordView: set params.topMargin:799
09-11 19:18:17.019 24087 24087 D KeyguardPasswordView: H.UPDATE_EMERGENCY_BUTTON
09-11 19:18:17.020 24087 24087 I KeyguardPasswordView: set params.topMargin:799
09-11 19:18:17.037 24087 24087 D KeyguardPasswordView: H.UPDATE_EMERGENCY_BUTTON
09-11 19:18:17.038 24087 24087 I KeyguardPasswordView: set params.topMargin:799
09-11 19:18:17.055 24087 24087 D KeyguardPasswordView: H.UPDATE_EMERGENCY_BUTTON
09-11 19:18:17.056 24087 24087 I KeyguardPasswordView: set params.topMargin:799
09-11 19:18:17.072 24087 24087 D KeyguardPasswordView: H.UPDATE_EMERGENCY_BUTTON
09-11 19:18:17.073 24087 24087 I KeyguardPasswordView: set params.topMargin:799
09-11 19:18:17.093 24087 24087 D KeyguardPasswordView: H.UPDATE_EMERGENCY_BUTTON
09-11 19:18:17.094 24087 24087 I KeyguardPasswordView: set params.topMargin:799
09-11 19:18:17.112 24087 24087 D KeyguardPasswordView: H.UPDATE_EMERGENCY_BUTTON
09-11 19:18:17.112 24087 24087 I KeyguardPasswordView: set params.topMargin:799
09-11 19:18:17.132 24087 24087 D KeyguardPasswordView: H.UPDATE_EMERGENCY_BUTTON
09-11 19:18:17.133 24087 24087 I KeyguardPasswordView: set params.topMargin:799
09-11 19:18:17.151 24087 24087 D KeyguardPasswordView: H.UPDATE_EMERGENCY_BUTTON
09-11 19:18:17.153 24087 24087 I KeyguardPasswordView: set params.topMargin:799
09-11 19:18:17.169 24087 24087 D KeyguardPasswordView: H.UPDATE_EMERGENCY_BUTTON
09-11 19:18:17.169 24087 24087 I KeyguardPasswordView: set params.topMargin:799
09-11 19:18:17.188 24087 24087 D KeyguardPasswordView: H.UPDATE_EMERGENCY_BUTTON
09-11 19:18:17.188 24087 24087 I KeyguardPasswordView: set params.topMargin:799
09-11 19:18:17.207 24087 24087 D KeyguardPasswordView: H.UPDATE_EMERGENCY_BUTTON
09-11 19:18:17.207 24087 24087 I KeyguardPasswordView: set params.topMargin:799
09-11 19:18:17.225 24087 24087 D KeyguardPasswordView: H.UPDATE_EMERGENCY_BUTTON
09-11 19:18:17.225 24087 24087 I KeyguardPasswordView: set params.topMargin:799
09-11 19:18:17.241 24087 24087 D KeyguardPasswordView: H.UPDATE_EMERGENCY_BUTTON
09-11 19:18:17.242 24087 24087 I KeyguardPasswordView: set params.topMargin:799
09-11 19:18:17.259 24087 24087 D KeyguardPasswordView: H.UPDATE_EMERGENCY_BUTTON
09-11 19:18:17.260 24087 24087 I KeyguardPasswordView: set params.topMargin:799
09-11 19:18:17.269  1664  7162 E QMI_FW  : qmi_cci_get_ref: ref count increased 2
09-11 19:18:17.270  1664  7162 E QMI_FW  : qmi_cci_get_ref: ref count increased 2
09-11 19:18:17.276 24087 24087 D KeyguardPasswordView: H.UPDATE_EMERGENCY_BUTTON
09-11 19:18:17.276 24087 24087 I KeyguardPasswordView: set params.topMargin:799
09-11 19:18:17.291  1664  7199 E QMI_FW  : qmi_cci_get_ref: ref count increased 2
09-11 19:18:17.296 24087 24087 D KeyguardPasswordView: H.UPDATE_EMERGENCY_BUTTON
09-11 19:18:17.297  1664  7162 E QMI_FW  : qmi_cci_get_ref: ref count increased 2
09-11 19:18:17.297  1664  7162 E QMI_FW  : qmi_cci_get_ref: ref count increased 2
09-11 19:18:17.297 24087 24087 I KeyguardPasswordView: set params.topMargin:799
09-11 19:18:17.298  1664  7162 E QMI_FW  : qmi_cci_get_ref: ref count increased 2
09-11 19:18:17.298  1664  7162 E QMI_FW  : qmi_cci_get_ref: ref count increased 2
09-11 19:18:17.305  1664  7171 E QMI_FW  : qmi_cci_get_ref: ref count increased 2
09-11 19:18:17.318 24087 24087 D KeyguardPasswordView: H.UPDATE_EMERGENCY_BUTTON
09-11 19:18:17.319 24087 24087 I KeyguardPasswordView: set params.topMargin:799
09-11 19:18:17.334 24087 24087 D KeyguardPasswordView: H.UPDATE_EMERGENCY_BUTTON
09-11 19:18:17.335 24087 24087 I KeyguardPasswordView: set params.topMargin:799
09-11 19:18:17.346  2741  2816 I QcrilOemhookMsgTunnel: [0]processOemHookIndication length=21
09-11 19:18:17.346  2741  2741 D QcrilMsgTunnelIfaceManager: handleMessage what = 0
09-11 19:18:17.349  1555  1555 D QC_RIL_OEM_HOOK: Received Broadcast Intent ACTION_UNSOL_RESPONSE_OEM_HOOK_RAW
09-11 19:18:17.349  1555  1555 D QC_RIL_OEM_HOOK: Oem ID in QCRILHOOK UNSOL RESP is QOEMHOOK
09-11 19:18:17.349  3548  3586 I QImsService: ImsSenderRxr : [UNSL]< UNSOL_VOPS_CHANGED true[SUB0]
09-11 19:18:17.350  3155  3155 D QC_RIL_OEM_HOOK: Received Broadcast Intent ACTION_UNSOL_RESPONSE_OEM_HOOK_RAW
09-11 19:18:17.351  3155  3155 D QC_RIL_OEM_HOOK: Oem ID in QCRILHOOK UNSOL RESP is QOEMHOOK
09-11 19:18:17.351  3155  3155 D QC_RIL_OEM_HOOK: Received Broadcast Intent ACTION_UNSOL_RESPONSE_OEM_HOOK_RAW
09-11 19:18:17.351  3155  3155 D QC_RIL_OEM_HOOK: Oem ID in QCRILHOOK UNSOL RESP is QOEMHOOK
09-11 19:18:17.351  3155  3155 D QC_RIL_OEM_HOOK: Received Broadcast Intent ACTION_UNSOL_RESPONSE_OEM_HOOK_RAW
09-11 19:18:17.351  3155  3155 D QC_RIL_OEM_HOOK: Oem ID in QCRILHOOK UNSOL RESP is QOEMHOOK
09-11 19:18:17.351  3155  3155 D QC_RIL_OEM_HOOK: Received Broadcast Intent ACTION_UNSOL_RESPONSE_OEM_HOOK_RAW
09-11 19:18:17.351  3155  3155 D QC_RIL_OEM_HOOK: Oem ID in QCRILHOOK UNSOL RESP is QOEMHOOK
09-11 19:18:17.351  3155  3155 D QC_RIL_OEM_HOOK: Received Broadcast Intent ACTION_UNSOL_RESPONSE_OEM_HOOK_RAW
09-11 19:18:17.351  3155  3155 D QC_RIL_OEM_HOOK: Oem ID in QCRILHOOK UNSOL RESP is QOEMHOOK
09-11 19:18:17.351 24087 24087 D KeyguardPasswordView: H.UPDATE_EMERGENCY_BUTTON
09-11 19:18:17.352  3155  3155 D QC_RIL_OEM_HOOK: Received Broadcast Intent ACTION_UNSOL_RESPONSE_OEM_HOOK_RAW
09-11 19:18:17.352  3155  3155 D QC_RIL_OEM_HOOK: Oem ID in QCRILHOOK UNSOL RESP is QOEMHOOK
09-11 19:18:17.352 24087 24087 I KeyguardPasswordView: set params.topMargin:799
09-11 19:18:17.353  2965  2965 D QC_RIL_OEM_HOOK: Received Broadcast Intent ACTION_UNSOL_RESPONSE_OEM_HOOK_RAW
09-11 19:18:17.353  2965  2965 D QC_RIL_OEM_HOOK: Oem ID in QCRILHOOK UNSOL RESP is QOEMHOOK
09-11 19:18:17.353  1555  1555 D QC_RIL_OEM_HOOK: Received Broadcast Intent ACTION_UNSOL_RESPONSE_OEM_HOOK_RAW
09-11 19:18:17.353  1555  1555 D QC_RIL_OEM_HOOK: Oem ID in QCRILHOOK UNSOL RESP is QOEMHOOK
09-11 19:18:17.356  1664  1732 E QMI_FW  : qmi_cci_get_ref: ref count increased 2
09-11 19:18:17.360  3548  3548 I QImsService: ImsServiceSubHandler : Message received: what = 25
09-11 19:18:17.360  3548  3548 I QImsService: ImsServiceSub : [0] broadcastVopsSsacIntent Vops = true , Ssac = false , PhoneId = 0
09-11 19:18:17.364  2741  2816 I QcrilOemhookMsgTunnel: [0]processOemHookIndication length=22
09-11 19:18:17.366  1664  1732 E QMI_FW  : qmi_cci_get_ref: ref count increased 2
09-11 19:18:17.367  1664  1732 E QMI_FW  : qmi_cci_get_ref: ref count increased 2
09-11 19:18:17.373 24087 24087 D KeyguardPasswordView: H.UPDATE_EMERGENCY_BUTTON
09-11 19:18:17.373 24087 24087 I KeyguardPasswordView: set params.topMargin:799
09-11 19:18:17.391 24087 24087 D KeyguardPasswordView: H.UPDATE_EMERGENCY_BUTTON
09-11 19:18:17.391 24087 24087 I KeyguardPasswordView: set params.topMargin:799
09-11 19:18:17.393  1664  1732 E QMI_FW  : qmi_cci_get_ref: ref count increased 2
09-11 19:18:17.406  1664  1732 I chatty  : uid=1001(radio) DispatcherModul identical 9 lines
09-11 19:18:17.408  1664  1732 E QMI_FW  : qmi_cci_get_ref: ref count increased 2
09-11 19:18:17.410  2741  2816 I QcrilOemhookMsgTunnel: [0]processOemHookIndication length=21
09-11 19:18:17.411  2741  2741 D QcrilMsgTunnelIfaceManager: handleMessage what = 0
09-11 19:18:17.412  1664  1732 E QMI_FW  : qmi_cci_get_ref: ref count increased 2
09-11 19:18:17.414  1555  1555 D QC_RIL_OEM_HOOK: Received Broadcast Intent ACTION_UNSOL_RESPONSE_OEM_HOOK_RAW
09-11 19:18:17.414  1555  1555 D QC_RIL_OEM_HOOK: Oem ID in QCRILHOOK UNSOL RESP is QOEMHOOK
09-11 19:18:17.414  1555  1555 D QC_RIL_OEM_HOOK: Received Broadcast Intent ACTION_UNSOL_RESPONSE_OEM_HOOK_RAW
09-11 19:18:17.414  1555  1555 D QC_RIL_OEM_HOOK: Oem ID in QCRILHOOK UNSOL RESP is QOEMHOOK
09-11 19:18:17.415  2965  2965 D QC_RIL_OEM_HOOK: Received Broadcast Intent ACTION_UNSOL_RESPONSE_OEM_HOOK_RAW
09-11 19:18:17.415  1664  1732 E QMI_FW  : qmi_cci_get_ref: ref count increased 2
09-11 19:18:17.415  2965  2965 D QC_RIL_OEM_HOOK: Oem ID in QCRILHOOK UNSOL RESP is QOEMHOOK
09-11 19:18:17.416  1664  1732 E QMI_FW  : qmi_cci_get_ref: ref count increased 2
09-11 19:18:17.419  1664  1732 E QMI_FW  : qmi_cci_get_ref: ref count increased 2
09-11 19:18:17.423 24087 24087 D KeyguardPasswordView: H.UPDATE_EMERGENCY_BUTTON
09-11 19:18:17.423 24087 24087 I KeyguardPasswordView: set params.topMargin:799
09-11 19:18:17.425 24087 24087 D KeyguardPasswordView: H.UPDATE_EMERGENCY_BUTTON
09-11 19:18:17.426 24087 24087 I KeyguardPasswordView: set params.topMargin:799
09-11 19:18:17.430  3155  3155 D QC_RIL_OEM_HOOK: Received Broadcast Intent ACTION_UNSOL_RESPONSE_OEM_HOOK_RAW
09-11 19:18:17.430  3155  3155 D QC_RIL_OEM_HOOK: Oem ID in QCRILHOOK UNSOL RESP is QOEMHOOK
09-11 19:18:17.443 24087 24087 D KeyguardPasswordView: H.UPDATE_EMERGENCY_BUTTON
09-11 19:18:17.443 24087 24087 I KeyguardPasswordView: set params.topMargin:799
09-11 19:18:17.445  3155  3155 D PhoneInterfaceManager: [PhoneIntfMgr] getPhoneFromSubId: 6
09-11 19:18:17.445  3155  3155 D QC_RIL_OEM_HOOK: Received Broadcast Intent ACTION_UNSOL_RESPONSE_OEM_HOOK_RAW
09-11 19:18:17.445  3155  3155 D QC_RIL_OEM_HOOK: Oem ID in QCRILHOOK UNSOL RESP is QOEMHOOK
09-11 19:18:17.445  3155  3155 D QC_RIL_OEM_HOOK: Received Broadcast Intent ACTION_UNSOL_RESPONSE_OEM_HOOK_RAW
09-11 19:18:17.445  3155  3155 D QC_RIL_OEM_HOOK: Oem ID in QCRILHOOK UNSOL RESP is QOEMHOOK
09-11 19:18:17.445  3155  3155 D QC_RIL_OEM_HOOK: Received Broadcast Intent ACTION_UNSOL_RESPONSE_OEM_HOOK_RAW
09-11 19:18:17.445  3155  3155 D QC_RIL_OEM_HOOK: Oem ID in QCRILHOOK UNSOL RESP is QOEMHOOK
09-11 19:18:17.445  3155  3155 D QC_RIL_OEM_HOOK: Received Broadcast Intent ACTION_UNSOL_RESPONSE_OEM_HOOK_RAW
09-11 19:18:17.445  3155  3155 D QC_RIL_OEM_HOOK: Oem ID in QCRILHOOK UNSOL RESP is QOEMHOOK
09-11 19:18:17.445  3155  3155 D QC_RIL_OEM_HOOK: Received Broadcast Intent ACTION_UNSOL_RESPONSE_OEM_HOOK_RAW
09-11 19:18:17.445  3155  3155 D QC_RIL_OEM_HOOK: Oem ID in QCRILHOOK UNSOL RESP is QOEMHOOK
09-11 19:18:17.460 24087 24087 D KeyguardPasswordView: H.UPDATE_EMERGENCY_BUTTON
09-11 19:18:17.460 24087 24087 I KeyguardPasswordView: set params.topMargin:799
09-11 19:18:17.465  1664  7162 E QMI_FW  : qmi_cci_get_ref: ref count increased 2
09-11 19:18:17.471  2741  2816 I QcrilOemhookMsgTunnel: [0]processOemHookIndication length=21
09-11 19:18:17.471  2741  2741 D QcrilMsgTunnelIfaceManager: handleMessage what = 0
09-11 19:18:17.472  1664  1732 E QMI_FW  : qmi_cci_get_ref: ref count increased 2
09-11 19:18:17.474  1664  1732 E QMI_FW  : qmi_cci_get_ref: ref count increased 2
09-11 19:18:17.474  1555  1555 D QC_RIL_OEM_HOOK: Received Broadcast Intent ACTION_UNSOL_RESPONSE_OEM_HOOK_RAW
09-11 19:18:17.474  1555  1555 D QC_RIL_OEM_HOOK: Oem ID in QCRILHOOK UNSOL RESP is QOEMHOOK
09-11 19:18:17.474  1555  1555 D QC_RIL_OEM_HOOK: Received Broadcast Intent ACTION_UNSOL_RESPONSE_OEM_HOOK_RAW
09-11 19:18:17.474  1555  1555 D QC_RIL_OEM_HOOK: Oem ID in QCRILHOOK UNSOL RESP is QOEMHOOK
09-11 19:18:17.475  2965  2965 D QC_RIL_OEM_HOOK: Received Broadcast Intent ACTION_UNSOL_RESPONSE_OEM_HOOK_RAW
09-11 19:18:17.475  2965  2965 D QC_RIL_OEM_HOOK: Oem ID in QCRILHOOK UNSOL RESP is QOEMHOOK
09-11 19:18:17.476  1664 24564 E QMI_FW  : qmi_cci_get_ref: ref count increased 2
09-11 19:18:17.476  1664  1732 E QMI_FW  : qmi_cci_get_ref: ref count increased 3
09-11 19:18:17.476  3155  3155 D QC_RIL_OEM_HOOK: Received Broadcast Intent ACTION_UNSOL_RESPONSE_OEM_HOOK_RAW
09-11 19:18:17.476  3155  3155 D QC_RIL_OEM_HOOK: Oem ID in QCRILHOOK UNSOL RESP is QOEMHOOK
09-11 19:18:17.476  3155  3155 D QC_RIL_OEM_HOOK: Received Broadcast Intent ACTION_UNSOL_RESPONSE_OEM_HOOK_RAW
09-11 19:18:17.476  3155  3155 D QC_RIL_OEM_HOOK: Oem ID in QCRILHOOK UNSOL RESP is QOEMHOOK
09-11 19:18:17.476  3155  3155 D QC_RIL_OEM_HOOK: Received Broadcast Intent ACTION_UNSOL_RESPONSE_OEM_HOOK_RAW
09-11 19:18:17.476  3155  3155 D QC_RIL_OEM_HOOK: Oem ID in QCRILHOOK UNSOL RESP is QOEMHOOK
09-11 19:18:17.476  3155  3155 D QC_RIL_OEM_HOOK: Received Broadcast Intent ACTION_UNSOL_RESPONSE_OEM_HOOK_RAW
09-11 19:18:17.476  3155  3155 D QC_RIL_OEM_HOOK: Oem ID in QCRILHOOK UNSOL RESP is QOEMHOOK
09-11 19:18:17.476  3155  3155 D QC_RIL_OEM_HOOK: Received Broadcast Intent ACTION_UNSOL_RESPONSE_OEM_HOOK_RAW
09-11 19:18:17.476  3155  3155 D QC_RIL_OEM_HOOK: Oem ID in QCRILHOOK UNSOL RESP is QOEMHOOK
09-11 19:18:17.476  3155  3155 D QC_RIL_OEM_HOOK: Received Broadcast Intent ACTION_UNSOL_RESPONSE_OEM_HOOK_RAW
09-11 19:18:17.477  3155  3155 D QC_RIL_OEM_HOOK: Oem ID in QCRILHOOK UNSOL RESP is QOEMHOOK
09-11 19:18:17.477  1664 24564 E QMI_FW  : qmi_cci_get_ref: ref count increased 2
09-11 19:18:17.478 24087 24087 D KeyguardPasswordView: H.UPDATE_EMERGENCY_BUTTON
09-11 19:18:17.478 24087 24087 I KeyguardPasswordView: set params.topMargin:799
09-11 19:18:17.481  1664 24565 E QMI_FW  : qmi_cci_get_ref: ref count increased 2
09-11 19:18:17.484  1664 24565 E QMI_FW  : qmi_cci_get_ref: ref count increased 2
09-11 19:18:17.486  3155  3155 D MDM-OPMdmListener: onCellInfoChanged the cellInfo changed phoneId 0
09-11 19:18:17.486  3155  3155 D MDM-OPMdmListener: onCellInfoChanged: Failed since celllist is zero
09-11 19:18:17.496 24087 24087 D KeyguardPasswordView: H.UPDATE_EMERGENCY_BUTTON
09-11 19:18:17.497 24087 24087 I KeyguardPasswordView: set params.topMargin:799
09-11 19:18:17.514 24087 24087 D KeyguardPasswordView: H.UPDATE_EMERGENCY_BUTTON
09-11 19:18:17.514 24087 24087 I KeyguardPasswordView: set params.topMargin:799
09-11 19:18:17.530 24087 24087 D KeyguardPasswordView: H.UPDATE_EMERGENCY_BUTTON
09-11 19:18:17.531 24087 24087 I KeyguardPasswordView: set params.topMargin:799
09-11 19:18:17.534 24087 24109 D NetworkController.MobileSignalController(6): onServiceStateChanged voiceState=0 dataState=0 isUsingCarrierAggregation:false getDataNetworkType:10 getVoiceNetworkType:3 wwanAccessNetworkType:10
09-11 19:18:17.541  3155  3155 D ServiceStateProvider: subId=6
09-11 19:18:17.547 24087 24087 D KeyguardPasswordView: H.UPDATE_EMERGENCY_BUTTON
09-11 19:18:17.548 24087 24087 I KeyguardPasswordView: set params.topMargin:799
09-11 19:18:17.571  1664 24566 E QMI_FW  : qmi_cci_get_ref: ref count increased 2
09-11 19:18:17.571 24087 24087 D KeyguardPasswordView: H.UPDATE_EMERGENCY_BUTTON
09-11 19:18:17.571  1664  7162 E QMI_FW  : qmi_cci_get_ref: ref count increased 3
09-11 19:18:17.572 24087 24087 I KeyguardPasswordView: set params.topMargin:799
09-11 19:18:17.574  1664 24566 E QMI_FW  : qmi_cci_get_ref: ref count increased 2
09-11 19:18:17.576  3155  3155 I Telephony: isRttCurrentlySupported -- regular acct, hasVoiceAvailability: false
09-11 19:18:17.576  3155  3155 I Telephony:  isRttSupported: false
09-11 19:18:17.576  3155  3155 I Telephony:  isRoaming: false
09-11 19:18:17.576  3155  3155 I Telephony:  isOnWfc: false
09-11 19:18:17.577  3155  3155 D OPDiagnoseManagerTelephonyReceiver: onServiceStateChanged serviceState = 0, slotIndex = 0 , isShutdownPeriod() = false
09-11 19:18:17.577  3155  3155 D OPDiagnoseManagerTelephonyReceiver: onServiceStateChanged getNetworkRegistrationInfoList = [NetworkRegistrationInfo{ domain=CS transportType=WWAN registrationState=HOME roamingType=NOT_ROAMING accessNetworkTechnology=UMTS rejectCause=0 emergencyEnabled=false availableServices=[VOICE,SMS,VIDEO] cellIdentity=CellIdentityWcdma:{ mLac=34921 mCid=250473253 mPsc=144 mUarfcn=2147483647 mMcc=724 mMnc=05 mAlphaLong=Claro BR mAlphaShort=Claro BR mAdditionalPlmns={} mCsgInfo=null} voiceSpecificInfo=VoiceSpecificRegistrationInfo { mCssSupported=false mRoamingIndicator=1 mSystemIsInPrl=-1 mDefaultRoamingIndicator=-1} dataSpecificInfo=null nrState=NONE rRplmn=72405}, NetworkRegistrationInfo{ domain=PS transportType=WWAN registrationState=HOME roamingType=NOT_ROAMING accessNetworkTechnology=HSPA rejectCause=0 emergencyEnabled=false availableServices=[DATA] cellIdentity=CellIdentityWcdma:{ mLac=34921 mCid=250473253 mPsc=144 mUarfcn=2147483647 mMcc=724 mMnc=05 mAlphaLong=Claro BR mAlphaShort=Claro BR mAdditionalPlmns={} mCsgInfo=null} voiceSpecificInfo=null dataSpecificInfo=android.telephony.DataSpecificRegistrationInfo :{ maxDataCalls = 20 isDcNrRestricted = false isNrAvailable = false isEnDcAvailable = false LteVopsSupportInfo :  mVopsSupport = 1 mEmcBearerSupport = 1 mIsUsingCarrierAggregation = false } nrState=NONE rRplmn=72405}]
09-11 19:18:17.579  3155  3155 D OPDiagnoseManagerTelephonyReceiver: ISSUE_CANNOT_USE_4G_NETWORK mNetworkNo4GCount[0] = 14
09-11 19:18:17.579   868   868 D Zygote  : Forked child process 24569
09-11 19:18:17.584 24087 24087 D KeyguardPasswordView: H.UPDATE_EMERGENCY_BUTTON
09-11 19:18:17.584 24087 24087 I KeyguardPasswordView: set params.topMargin:799
09-11 19:18:17.584  2741  2816 I QcrilOemhookMsgTunnel: [0]processOemHookIndication length=21
09-11 19:18:17.585  2741  2741 D QcrilMsgTunnelIfaceManager: handleMessage what = 0
09-11 19:18:17.585  3155  3155 I PhoneGlobals: noServiceSimNotification  subId: 6 slotId: 0 state: 0
09-11 19:18:17.585  3155  3155 I OPSimAlarmReceiver: SoltId 0 isScheduled false
09-11 19:18:17.585  3155  3155 V PhoneGlobals: subId=6,mDefaultDataSubId=6,ss roaming=false
09-11 19:18:17.586  1664  1732 E QMI_FW  : qmi_cci_get_ref: ref count increased 2
09-11 19:18:17.588  1664  1732 E QMI_FW  : qmi_cci_get_ref: ref count increased 2
09-11 19:18:17.588  1555  1555 D QC_RIL_OEM_HOOK: Received Broadcast Intent ACTION_UNSOL_RESPONSE_OEM_HOOK_RAW
09-11 19:18:17.588  1555  1555 D QC_RIL_OEM_HOOK: Oem ID in QCRILHOOK UNSOL RESP is QOEMHOOK
09-11 19:18:17.588  1555  1555 D QC_RIL_OEM_HOOK: Received Broadcast Intent ACTION_UNSOL_RESPONSE_OEM_HOOK_RAW
09-11 19:18:17.588  1555  1555 D QC_RIL_OEM_HOOK: Oem ID in QCRILHOOK UNSOL RESP is QOEMHOOK
09-11 19:18:17.589  2965  2965 D QC_RIL_OEM_HOOK: Received Broadcast Intent ACTION_UNSOL_RESPONSE_OEM_HOOK_RAW
09-11 19:18:17.589  2965  2965 D QC_RIL_OEM_HOOK: Oem ID in QCRILHOOK UNSOL RESP is QOEMHOOK
09-11 19:18:17.590  1664 24567 E QMI_FW  : qmi_cci_get_ref: ref count increased 2
09-11 19:18:17.592  1664 24567 E QMI_FW  : qmi_cci_get_ref: ref count increased 2
09-11 19:18:17.596  3155  3155 D QC_RIL_OEM_HOOK: Received Broadcast Intent ACTION_UNSOL_RESPONSE_OEM_HOOK_RAW
09-11 19:18:17.596  3155  3155 D QC_RIL_OEM_HOOK: Oem ID in QCRILHOOK UNSOL RESP is QOEMHOOK
09-11 19:18:17.596  3155  3155 D QC_RIL_OEM_HOOK: Received Broadcast Intent ACTION_UNSOL_RESPONSE_OEM_HOOK_RAW
09-11 19:18:17.596  3155  3155 D QC_RIL_OEM_HOOK: Oem ID in QCRILHOOK UNSOL RESP is QOEMHOOK
09-11 19:18:17.596  3155  3155 D QC_RIL_OEM_HOOK: Received Broadcast Intent ACTION_UNSOL_RESPONSE_OEM_HOOK_RAW
09-11 19:18:17.596  3155  3155 D QC_RIL_OEM_HOOK: Oem ID in QCRILHOOK UNSOL RESP is QOEMHOOK
09-11 19:18:17.596  3155  3155 D QC_RIL_OEM_HOOK: Received Broadcast Intent ACTION_UNSOL_RESPONSE_OEM_HOOK_RAW
09-11 19:18:17.596  3155  3155 D QC_RIL_OEM_HOOK: Oem ID in QCRILHOOK UNSOL RESP is QOEMHOOK
09-11 19:18:17.596  3155  3155 D QC_RIL_OEM_HOOK: Received Broadcast Intent ACTION_UNSOL_RESPONSE_OEM_HOOK_RAW
09-11 19:18:17.596  3155  3155 D QC_RIL_OEM_HOOK: Oem ID in QCRILHOOK UNSOL RESP is QOEMHOOK
09-11 19:18:17.596  3155  3155 D QC_RIL_OEM_HOOK: Received Broadcast Intent ACTION_UNSOL_RESPONSE_OEM_HOOK_RAW
09-11 19:18:17.596  3155  3155 D QC_RIL_OEM_HOOK: Oem ID in QCRILHOOK UNSOL RESP is QOEMHOOK
09-11 19:18:17.600 24087 24087 D KeyguardUpdateMonitor: received broadcast android.intent.action.SERVICE_STATE
09-11 19:18:17.601 24087 24087 V KeyguardUpdateMonitor: action android.intent.action.SERVICE_STATE serviceState={mVoiceRegState=0(IN_SERVICE), mDataRegState=0(IN_SERVICE), mChannelNumber=2147483647, duplexMode()=0, mCellBandwidths=[], mOperatorAlphaLong=CLARO BR, mOperatorAlphaShort=CLARO BR, isManualNetworkSelection=false(automatic), getRilVoiceRadioTechnology=3(UMTS), getRilDataRadioTechnology=11(HSPA), mCssIndicator=unsupported, mNetworkId=-1, mSystemId=-1, mCdmaRoamingIndicator=-1, mCdmaDefaultRoamingIndicator=-1, mIsEmergencyOnly=false, isUsingCarrierAggregation=false, mLteEarfcnRsrpBoost=0, mNetworkRegistrationInfos=[NetworkRegistrationInfo{ domain=CS transportType=WWAN registrationState=HOME roamingType=NOT_ROAMING accessNetworkTechnology=UMTS rejectCause=0 emergencyEnabled=false availableServices=[VOICE,SMS,VIDEO] cellIdentity=CellIdentityWcdma:{ mLac=34921 mCid=250473253 mPsc=144 mUarfcn=2147483647 mMcc=724 mMnc=05 mAlphaLong=Claro BR mAlphaShort=Claro BR mAdditionalPlmns={} mCsgInfo=null} voiceSpecificInfo=VoiceSpecificRegistrationInfo { mCssSupported=false mRoamingIndicator=1 mSystemIsInPrl=-1 mDefaultRoamingIndicator=-1} dataSpecificInfo=null nrState=NONE rRplmn=72405}, NetworkRegistrationInfo{ domain=PS transportType=WWAN registrationState=HOME roamingType=NOT_ROAMING accessNetworkTechnology=HSPA rejectCause=0 emergencyEnabled=false availableServices=[DATA] cellIdentity=CellIdentityWcdma:{ mLac=34921 mCid=250473253 mPsc=144 mUarfcn=2147483647 mMcc=724 mMnc=05 mAlphaLong=Claro BR mAlphaShort=Claro BR mAdditionalPlmns={} mCsgInfo=null} voiceSpecificInfo=null dataSpecificInfo=android.telephony.DataSpecificRegistrationInfo :{ maxDataCalls = 20 isDcNrRestricted = false isNrAvailable = false isEnDcAvailable = false LteVopsSupportInfo :  mVopsSupport = 1 mEmcBearerSupport = 1 mIsUsingCarrierAggregation = false } nrState=NONE rRplmn=72405}], mNrFrequencyRange=0, mOperatorAlphaLongRaw=CLARO BR, mOperatorAlphaShortRaw=CLARO BR, mIsDataRoamingFromRegistration=false, mIsIwlanPreferred=false} subId=6
09-11 19:18:17.601 24087 24087 D KeyguardPasswordView: H.UPDATE_EMERGENCY_BUTTON
09-11 19:18:17.602 24087 24087 I KeyguardPasswordView: set params.topMargin:799
09-11 19:18:17.602 24087 24087 D KeyguardUpdateMonitor: handleServiceStateChange(subId=6, serviceState={mVoiceRegState=0(IN_SERVICE), mDataRegState=0(IN_SERVICE), mChannelNumber=2147483647, duplexMode()=0, mCellBandwidths=[], mOperatorAlphaLong=CLARO BR, mOperatorAlphaShort=CLARO BR, isManualNetworkSelection=false(automatic), getRilVoiceRadioTechnology=3(UMTS), getRilDataRadioTechnology=11(HSPA), mCssIndicator=unsupported, mNetworkId=-1, mSystemId=-1, mCdmaRoamingIndicator=-1, mCdmaDefaultRoamingIndicator=-1, mIsEmergencyOnly=false, isUsingCarrierAggregation=false, mLteEarfcnRsrpBoost=0, mNetworkRegistrationInfos=[NetworkRegistrationInfo{ domain=CS transportType=WWAN registrationState=HOME roamingType=NOT_ROAMING accessNetworkTechnology=UMTS rejectCause=0 emergencyEnabled=false availableServices=[VOICE,SMS,VIDEO] cellIdentity=CellIdentityWcdma:{ mLac=34921 mCid=250473253 mPsc=144 mUarfcn=2147483647 mMcc=724 mMnc=05 mAlphaLong=Claro BR mAlphaShort=Claro BR mAdditionalPlmns={} mCsgInfo=null} voiceSpecificInfo=VoiceSpecificRegistrationInfo { mCssSupported=false mRoamingIndicator=1 mSystemIsInPrl=-1 mDefaultRoamingIndicator=-1} dataSpecificInfo=null nrState=NONE rRplmn=72405}, NetworkRegistrationInfo{ domain=PS transportType=WWAN registrationState=HOME roamingType=NOT_ROAMING accessNetworkTechnology=HSPA rejectCause=0 emergencyEnabled=false availableServices=[DATA] cellIdentity=CellIdentityWcdma:{ mLac=34921 mCid=250473253 mPsc=144 mUarfcn=2147483647 mMcc=724 mMnc=05 mAlphaLong=Claro BR mAlphaShort=Claro BR mAdditionalPlmns={} mCsgInfo=null} voiceSpecificInfo=null dataSpecificInfo=android.telephony.DataSpecificRegistrationInfo :{ maxDataCalls = 20 isDcNrRestricted = false isNrAvailable = false isEnDcAvailable = false LteVopsSupportInfo :  mVopsSupport = 1 mEmcBearerSupport = 1 mIsUsingCarrierAggregation = false } nrState=NONE rRplmn=72405}], mNrFrequencyRange=0, mOperatorAlphaLongRaw=CLARO BR, mOperatorAlphaShortRaw=CLARO BR, mIsDataRoamingFromRegistration=false, mIsIwlanPreferred=false}
09-11 19:18:17.612 24569 24569 E oadcastreceive: Unknown bits set in runtime_flags: 0x800000
09-11 19:18:17.622 24087 24109 D NetworkController.MobileSignalController(6): onServiceStateChanged voiceState=0 dataState=0 isUsingCarrierAggregation:false getDataNetworkType:10 getVoiceNetworkType:3 wwanAccessNetworkType:10
09-11 19:18:17.624 24569 24569 E oadcastreceive: Not starting debugger since process cannot load the jdwp agent.
09-11 19:18:17.624  3155  3155 D ServiceStateProvider: subId=6
09-11 19:18:17.625  3155  3155 D MDM-DataTransferSpeedTracker: onDataActivity: isNewTxEvent = false, isNewRxEvent = false, isTxEndEvent = false, isRxEndEvent = false
09-11 19:18:17.630  3155  3155 I Telephony: isRttCurrentlySupported -- regular acct, hasVoiceAvailability: false
09-11 19:18:17.630  3155  3155 I Telephony:  isRttSupported: false
09-11 19:18:17.630  3155  3155 I Telephony:  isRoaming: false
09-11 19:18:17.630  3155  3155 I Telephony:  isOnWfc: false
09-11 19:18:17.631  3155  3155 D OPDiagnoseManagerTelephonyReceiver: onServiceStateChanged serviceState = 0, slotIndex = 0 , isShutdownPeriod() = false
09-11 19:18:17.631  3155  3155 D OPDiagnoseManagerTelephonyReceiver: onServiceStateChanged getNetworkRegistrationInfoList = [NetworkRegistrationInfo{ domain=CS transportType=WWAN registrationState=HOME roamingType=NOT_ROAMING accessNetworkTechnology=UMTS rejectCause=0 emergencyEnabled=false availableServices=[VOICE,SMS,VIDEO] cellIdentity=CellIdentityWcdma:{ mLac=34921 mCid=250473253 mPsc=144 mUarfcn=4414 mMcc=724 mMnc=05 mAlphaLong=Claro BR mAlphaShort=Claro BR mAdditionalPlmns={} mCsgInfo=null} voiceSpecificInfo=VoiceSpecificRegistrationInfo { mCssSupported=false mRoamingIndicator=1 mSystemIsInPrl=-1 mDefaultRoamingIndicator=-1} dataSpecificInfo=null nrState=NONE rRplmn=72405}, NetworkRegistrationInfo{ domain=PS transportType=WWAN registrationState=HOME roamingType=NOT_ROAMING accessNetworkTechnology=HSPA rejectCause=0 emergencyEnabled=false availableServices=[DATA] cellIdentity=CellIdentityWcdma:{ mLac=34921 mCid=250473253 mPsc=144 mUarfcn=4414 mMcc=724 mMnc=05 mAlphaLong=Claro BR mAlphaShort=Claro BR mAdditionalPlmns={} mCsgInfo=null} voiceSpecificInfo=null dataSpecificInfo=android.telephony.DataSpecificRegistrationInfo :{ maxDataCalls = 20 isDcNrRestricted = false isNrAvailable = false isEnDcAvailable = false LteVopsSupportInfo :  mVopsSupport = 1 mEmcBearerSupport = 1 mIsUsingCarrierAggregation = false } nrState=NONE rRplmn=72405}]
09-11 19:18:17.633  1664 24566 E QMI_FW  : qmi_cci_get_ref: ref count increased 2
09-11 19:18:17.633  3155  3155 I PhoneGlobals: noServiceSimNotification  subId: 6 slotId: 0 state: 0
09-11 19:18:17.633  3155  3155 I OPSimAlarmReceiver: SoltId 0 isScheduled false
09-11 19:18:17.634  3155  3155 V PhoneGlobals: subId=6,mDefaultDataSubId=6,ss roaming=false
09-11 19:18:17.635  1664 24566 E QMI_FW  : qmi_cci_get_ref: ref count increased 2
09-11 19:18:17.636  1664 24585 E QMI_FW  : qmi_cci_get_ref: ref count increased 2
09-11 19:18:17.637 24087 24087 E OpReflectionUtils: getValue NoSuchField class com.android.keyguard.CarrierTextController field mIsEmergencyCallCapable
09-11 19:18:17.638  1664 24585 E QMI_FW  : qmi_cci_get_ref: ref count increased 2
09-11 19:18:17.638 24087 24087 E OpReflectionUtils: getValue NoSuchField class com.android.keyguard.CarrierTextController field mIsEmergencyCallCapable
09-11 19:18:17.638 24087 24087 I chatty  : uid=10039(com.android.systemui) identical 1 line
09-11 19:18:17.649 24087 24087 E OpReflectionUtils: getValue NoSuchField class com.android.keyguard.CarrierTextController field mIsEmergencyCallCapable
09-11 19:18:17.651 24087 24087 D EmergencyButton: requestCellInfoUpdate.onCellInfo is null or empty on phone0
09-11 19:18:17.657 24087 24087 D EmergencyButton: requestCellInfoUpdate.onCellInfo is null or empty on phone1
09-11 19:18:17.671 24087 24087 D EmergencyButton: requestCellInfoUpdate.onCellInfo is null or empty on phone0
09-11 19:18:17.678 24087 24087 D EmergencyButton: requestCellInfoUpdate.onCellInfo is null or empty on phone1
09-11 19:18:17.685 29820 29838 D SafeProvider: call oneplus security provider,method:method_query_oneplus_datausage,caller:com.android.systemui
09-11 19:18:17.685 24087 24087 D KeyguardUpdateMonitor: received broadcast android.intent.action.SERVICE_STATE
09-11 19:18:17.686 29820 29838 D SafeProvider: queryOneplusDataUsage slotId:0,isFromCache:true
