09-11 19:17:45.468 24087 24087 D KeyguardPasswordView: H.UPDATE_EMERGENCY_BUTTON
09-11 19:17:45.469 24087 24087 I KeyguardPasswordView: set params.topMargin:799
09-11 19:17:45.487 24087 24087 D KeyguardPasswordView: H.UPDATE_EMERGENCY_BUTTON
09-11 19:17:45.487 24087 24087 I KeyguardPasswordView: set params.topMargin:799
09-11 19:17:45.504 24087 24087 D KeyguardPasswordView: H.UPDATE_EMERGENCY_BUTTON
09-11 19:17:45.504 24087 24087 I KeyguardPasswordView: set params.topMargin:799
09-11 19:17:45.524 24087 24087 D KeyguardPasswordView: H.UPDATE_EMERGENCY_BUTTON
09-11 19:17:45.525 24087 24087 I KeyguardPasswordView: set params.topMargin:799
09-11 19:17:45.542 24087 24087 D KeyguardPasswordView: H.UPDATE_EMERGENCY_BUTTON
09-11 19:17:45.542 24087 24087 I KeyguardPasswordView: set params.topMargin:799
09-11 19:17:45.560 24087 24087 D KeyguardPasswordView: H.UPDATE_EMERGENCY_BUTTON
09-11 19:17:45.560 24087 24087 I KeyguardPasswordView: set params.topMargin:799
09-11 19:17:45.577 24087 24087 D KeyguardPasswordView: H.UPDATE_EMERGENCY_BUTTON
09-11 19:17:45.578 24087 24087 I KeyguardPasswordView: set params.topMargin:799
09-11 19:17:45.598 24087 24087 D KeyguardPasswordView: H.UPDATE_EMERGENCY_BUTTON
09-11 19:17:45.598 24087 24087 I KeyguardPasswordView: set params.topMargin:799
09-11 19:17:45.618 24087 24087 D KeyguardPasswordView: H.UPDATE_EMERGENCY_BUTTON
09-11 19:17:45.618 24087 24087 I KeyguardPasswordView: set params.topMargin:799
09-11 19:17:45.637 24087 24087 D KeyguardPasswordView: H.UPDATE_EMERGENCY_BUTTON
09-11 19:17:45.638 24087 24087 I KeyguardPasswordView: set params.topMargin:799
09-11 19:17:45.655 24087 24087 D KeyguardPasswordView: H.UPDATE_EMERGENCY_BUTTON
09-11 19:17:45.656 24087 24087 I KeyguardPasswordView: set params.topMargin:799
09-11 19:17:45.674 24087 24087 D KeyguardPasswordView: H.UPDATE_EMERGENCY_BUTTON
09-11 19:17:45.674 24087 24087 I KeyguardPasswordView: set params.topMargin:799
09-11 19:17:45.692 24087 24087 D KeyguardPasswordView: H.UPDATE_EMERGENCY_BUTTON
09-11 19:17:45.693 24087 24087 I KeyguardPasswordView: set params.topMargin:799
09-11 19:17:45.710 24087 24087 D KeyguardPasswordView: H.UPDATE_EMERGENCY_BUTTON
09-11 19:17:45.710 24087 24087 I KeyguardPasswordView: set params.topMargin:799
09-11 19:17:45.730 24087 24087 D KeyguardPasswordView: H.UPDATE_EMERGENCY_BUTTON
09-11 19:17:45.731 24087 24087 I KeyguardPasswordView: set params.topMargin:799
09-11 19:17:45.751 24087 24087 D KeyguardPasswordView: H.UPDATE_EMERGENCY_BUTTON
09-11 19:17:45.751 24087 24087 I KeyguardPasswordView: set params.topMargin:799
09-11 19:17:45.771 24087 24087 D KeyguardPasswordView: H.UPDATE_EMERGENCY_BUTTON
09-11 19:17:45.772 24087 24087 I KeyguardPasswordView: set params.topMargin:799
09-11 19:17:45.789 24087 24087 D KeyguardPasswordView: H.UPDATE_EMERGENCY_BUTTON
09-11 19:17:45.790 24087 24087 I KeyguardPasswordView: set params.topMargin:799
09-11 19:17:45.807 24087 24087 D KeyguardPasswordView: H.UPDATE_EMERGENCY_BUTTON
09-11 19:17:45.808 24087 24087 I KeyguardPasswordView: set params.topMargin:799
09-11 19:17:45.829 24087 24087 D KeyguardPasswordView: H.UPDATE_EMERGENCY_BUTTON
09-11 19:17:45.829 24087 24087 I KeyguardPasswordView: set params.topMargin:799
09-11 19:17:45.846 24087 24087 D KeyguardPasswordView: H.UPDATE_EMERGENCY_BUTTON
09-11 19:17:45.846 24087 24087 I KeyguardPasswordView: set params.topMargin:799
09-11 19:17:45.867 24087 24087 D KeyguardPasswordView: H.UPDATE_EMERGENCY_BUTTON
09-11 19:17:45.868 24087 24087 I KeyguardPasswordView: set params.topMargin:799
09-11 19:17:45.885 24087 24087 D KeyguardPasswordView: H.UPDATE_EMERGENCY_BUTTON
09-11 19:17:45.885 24087 24087 I KeyguardPasswordView: set params.topMargin:799
09-11 19:17:45.903 24087 24087 D KeyguardPasswordView: H.UPDATE_EMERGENCY_BUTTON
09-11 19:17:45.904 24087 24087 I KeyguardPasswordView: set params.topMargin:799
09-11 19:17:45.920 24087 24087 D KeyguardPasswordView: H.UPDATE_EMERGENCY_BUTTON
09-11 19:17:45.920 24087 24087 I KeyguardPasswordView: set params.topMargin:799
09-11 19:17:45.939 24087 24087 D KeyguardPasswordView: H.UPDATE_EMERGENCY_BUTTON
09-11 19:17:45.940 24087 24087 I KeyguardPasswordView: set params.topMargin:799
09-11 19:17:45.959 24087 24087 D KeyguardPasswordView: H.UPDATE_EMERGENCY_BUTTON
09-11 19:17:45.960 24087 24087 I KeyguardPasswordView: set params.topMargin:799
09-11 19:17:45.977 24087 24087 D KeyguardPasswordView: H.UPDATE_EMERGENCY_BUTTON
09-11 19:17:45.977 24087 24087 I KeyguardPasswordView: set params.topMargin:799
09-11 19:17:45.997 24087 24087 D KeyguardPasswordView: H.UPDATE_EMERGENCY_BUTTON
09-11 19:17:45.998 24087 24087 I KeyguardPasswordView: set params.topMargin:799
09-11 19:17:46.016 24087 24087 D KeyguardPasswordView: H.UPDATE_EMERGENCY_BUTTON
09-11 19:17:46.017 24087 24087 I KeyguardPasswordView: set params.topMargin:799
09-11 19:17:46.033 24087 24087 D KeyguardPasswordView: H.UPDATE_EMERGENCY_BUTTON
09-11 19:17:46.034 24087 24087 I KeyguardPasswordView: set params.topMargin:799
09-11 19:17:46.054 24087 24087 D KeyguardPasswordView: H.UPDATE_EMERGENCY_BUTTON
09-11 19:17:46.055 24087 24087 I KeyguardPasswordView: set params.topMargin:799
09-11 19:17:46.075 24087 24087 D KeyguardPasswordView: H.UPDATE_EMERGENCY_BUTTON
09-11 19:17:46.076 24087 24087 I KeyguardPasswordView: set params.topMargin:799
09-11 19:17:46.080  1555  1746 E CommonFrontMonitor: checkTpd failed: Attempt to get length of null array
09-11 19:17:46.093 24087 24087 D KeyguardPasswordView: H.UPDATE_EMERGENCY_BUTTON
09-11 19:17:46.093 24087 24087 I KeyguardPasswordView: set params.topMargin:799
09-11 19:17:46.094  1555  1746 E CommonFrontMonitor: checkTpd failed: Attempt to get length of null array
09-11 19:17:46.114 24087 24087 D KeyguardPasswordView: H.UPDATE_EMERGENCY_BUTTON
09-11 19:17:46.115 24087 24087 I KeyguardPasswordView: set params.topMargin:799
09-11 19:17:46.132 24087 24087 D KeyguardPasswordView: H.UPDATE_EMERGENCY_BUTTON
09-11 19:17:46.133 24087 24087 I KeyguardPasswordView: set params.topMargin:799
09-11 19:17:46.150 24087 24087 D KeyguardPasswordView: H.UPDATE_EMERGENCY_BUTTON
09-11 19:17:46.150 24087 24087 I KeyguardPasswordView: set params.topMargin:799
09-11 19:17:46.168 24087 24087 D KeyguardPasswordView: H.UPDATE_EMERGENCY_BUTTON
09-11 19:17:46.168 24087 24087 I KeyguardPasswordView: set params.topMargin:799
09-11 19:17:46.188 24087 24087 D KeyguardPasswordView: H.UPDATE_EMERGENCY_BUTTON
09-11 19:17:46.188 24087 24087 I KeyguardPasswordView: set params.topMargin:799
09-11 19:17:46.206 24087 24087 D KeyguardPasswordView: H.UPDATE_EMERGENCY_BUTTON
09-11 19:17:46.207 24087 24087 I KeyguardPasswordView: set params.topMargin:799
09-11 19:17:46.224 24087 24087 D KeyguardPasswordView: H.UPDATE_EMERGENCY_BUTTON
09-11 19:17:46.224 24087 24087 I KeyguardPasswordView: set params.topMargin:799
09-11 19:17:46.241 24087 24087 D KeyguardPasswordView: H.UPDATE_EMERGENCY_BUTTON
09-11 19:17:46.241 24087 24087 I KeyguardPasswordView: set params.topMargin:799
09-11 19:17:46.259 24087 24087 D KeyguardPasswordView: H.UPDATE_EMERGENCY_BUTTON
09-11 19:17:46.259 24087 24087 I KeyguardPasswordView: set params.topMargin:799
09-11 19:17:46.276 24087 24087 D KeyguardPasswordView: H.UPDATE_EMERGENCY_BUTTON
09-11 19:17:46.277 24087 24087 I KeyguardPasswordView: set params.topMargin:799
09-11 19:17:46.294 24087 24087 D KeyguardPasswordView: H.UPDATE_EMERGENCY_BUTTON
09-11 19:17:46.295 24087 24087 I KeyguardPasswordView: set params.topMargin:799
09-11 19:17:46.314 24087 24087 D KeyguardPasswordView: H.UPDATE_EMERGENCY_BUTTON
09-11 19:17:46.315 24087 24087 I KeyguardPasswordView: set params.topMargin:799
09-11 19:17:46.332 24087 24087 D KeyguardPasswordView: H.UPDATE_EMERGENCY_BUTTON
09-11 19:17:46.332 24087 24087 I KeyguardPasswordView: set params.topMargin:799
09-11 19:17:46.349 24087 24087 D KeyguardPasswordView: H.UPDATE_EMERGENCY_BUTTON
09-11 19:17:46.350 24087 24087 I KeyguardPasswordView: set params.topMargin:799
09-11 19:17:46.369 24087 24087 D KeyguardPasswordView: H.UPDATE_EMERGENCY_BUTTON
09-11 19:17:46.369 24087 24087 I KeyguardPasswordView: set params.topMargin:799
09-11 19:17:46.389 24087 24087 D KeyguardPasswordView: H.UPDATE_EMERGENCY_BUTTON
09-11 19:17:46.390 24087 24087 I KeyguardPasswordView: set params.topMargin:799
09-11 19:17:46.410 24087 24087 D KeyguardPasswordView: H.UPDATE_EMERGENCY_BUTTON
09-11 19:17:46.411 24087 24087 I KeyguardPasswordView: set params.topMargin:799
09-11 19:17:46.431 24087 24087 D KeyguardPasswordView: H.UPDATE_EMERGENCY_BUTTON
09-11 19:17:46.432 24087 24087 I KeyguardPasswordView: set params.topMargin:799
09-11 19:17:46.449 24087 24087 D KeyguardPasswordView: H.UPDATE_EMERGENCY_BUTTON
09-11 19:17:46.450 24087 24087 I KeyguardPasswordView: set params.topMargin:799
09-11 19:17:46.470 24087 24087 D KeyguardPasswordView: H.UPDATE_EMERGENCY_BUTTON
09-11 19:17:46.471 24087 24087 I KeyguardPasswordView: set params.topMargin:799
09-11 19:17:46.491 24087 24087 D KeyguardPasswordView: H.UPDATE_EMERGENCY_BUTTON
09-11 19:17:46.491 24087 24087 I KeyguardPasswordView: set params.topMargin:799
09-11 19:17:46.509 24087 24087 D KeyguardPasswordView: H.UPDATE_EMERGENCY_BUTTON
09-11 19:17:46.509 24087 24087 I KeyguardPasswordView: set params.topMargin:799
09-11 19:17:46.526 24087 24087 D KeyguardPasswordView: H.UPDATE_EMERGENCY_BUTTON
09-11 19:17:46.527 24087 24087 I KeyguardPasswordView: set params.topMargin:799
09-11 19:17:46.544 24087 24087 D KeyguardPasswordView: H.UPDATE_EMERGENCY_BUTTON
09-11 19:17:46.545 24087 24087 I KeyguardPasswordView: set params.topMargin:799
09-11 19:17:46.563 24087 24087 D KeyguardPasswordView: H.UPDATE_EMERGENCY_BUTTON
09-11 19:17:46.564 24087 24087 I KeyguardPasswordView: set params.topMargin:799
09-11 19:17:46.582 24087 24087 D KeyguardPasswordView: H.UPDATE_EMERGENCY_BUTTON
09-11 19:17:46.583 24087 24087 I KeyguardPasswordView: set params.topMargin:799
09-11 19:17:46.599 24087 24087 D KeyguardPasswordView: H.UPDATE_EMERGENCY_BUTTON
09-11 19:17:46.599 24087 24087 I KeyguardPasswordView: set params.topMargin:799
09-11 19:17:46.617 24087 24087 D KeyguardPasswordView: H.UPDATE_EMERGENCY_BUTTON
09-11 19:17:46.618 24087 24087 I KeyguardPasswordView: set params.topMargin:799
09-11 19:17:46.635 24087 24087 D KeyguardPasswordView: H.UPDATE_EMERGENCY_BUTTON
09-11 19:17:46.636 24087 24087 I KeyguardPasswordView: set params.topMargin:799
09-11 19:17:46.654 24087 24087 D KeyguardPasswordView: H.UPDATE_EMERGENCY_BUTTON
09-11 19:17:46.655 24087 24087 I KeyguardPasswordView: set params.topMargin:799
09-11 19:17:46.674 24087 24087 D KeyguardPasswordView: H.UPDATE_EMERGENCY_BUTTON
09-11 19:17:46.674 24087 24087 I KeyguardPasswordView: set params.topMargin:799
09-11 19:17:46.693 24087 24087 D KeyguardPasswordView: H.UPDATE_EMERGENCY_BUTTON
09-11 19:17:46.694 24087 24087 I KeyguardPasswordView: set params.topMargin:799
09-11 19:17:46.713 24087 24087 D KeyguardPasswordView: H.UPDATE_EMERGENCY_BUTTON
09-11 19:17:46.713 24087 24087 I KeyguardPasswordView: set params.topMargin:799
09-11 19:17:46.731 24087 24087 D KeyguardPasswordView: H.UPDATE_EMERGENCY_BUTTON
09-11 19:17:46.732 24087 24087 I KeyguardPasswordView: set params.topMargin:799
09-11 19:17:46.748 24087 24087 D KeyguardPasswordView: H.UPDATE_EMERGENCY_BUTTON
09-11 19:17:46.749 24087 24087 I KeyguardPasswordView: set params.topMargin:799
09-11 19:17:46.769 24087 24087 D KeyguardPasswordView: H.UPDATE_EMERGENCY_BUTTON
09-11 19:17:46.769 24087 24087 I KeyguardPasswordView: set params.topMargin:799
09-11 19:17:46.790 24087 24087 D KeyguardPasswordView: H.UPDATE_EMERGENCY_BUTTON
09-11 19:17:46.790 24087 24087 I KeyguardPasswordView: set params.topMargin:799
09-11 19:17:46.808 24087 24087 D KeyguardPasswordView: H.UPDATE_EMERGENCY_BUTTON
09-11 19:17:46.809 24087 24087 I KeyguardPasswordView: set params.topMargin:799
09-11 19:17:46.826 24087 24087 D KeyguardPasswordView: H.UPDATE_EMERGENCY_BUTTON
09-11 19:17:46.826 24087 24087 I KeyguardPasswordView: set params.topMargin:799
09-11 19:17:46.844 24087 24087 D KeyguardPasswordView: H.UPDATE_EMERGENCY_BUTTON
09-11 19:17:46.844 24087 24087 I KeyguardPasswordView: set params.topMargin:799
09-11 19:17:46.864 24087 24087 D KeyguardPasswordView: H.UPDATE_EMERGENCY_BUTTON
09-11 19:17:46.864 24087 24087 I KeyguardPasswordView: set params.topMargin:799
09-11 19:17:46.883 24087 24087 D KeyguardPasswordView: H.UPDATE_EMERGENCY_BUTTON
09-11 19:17:46.884 24087 24087 I KeyguardPasswordView: set params.topMargin:799
09-11 19:17:46.901 24087 24087 D KeyguardPasswordView: H.UPDATE_EMERGENCY_BUTTON
09-11 19:17:46.902 24087 24087 I KeyguardPasswordView: set params.topMargin:799
09-11 19:17:46.922 24087 24087 D KeyguardPasswordView: H.UPDATE_EMERGENCY_BUTTON
09-11 19:17:46.923 24087 24087 I KeyguardPasswordView: set params.topMargin:799
09-11 19:17:46.939 24087 24087 D KeyguardPasswordView: H.UPDATE_EMERGENCY_BUTTON
09-11 19:17:46.940 24087 24087 I KeyguardPasswordView: set params.topMargin:799
09-11 19:17:46.957 24087 24087 D KeyguardPasswordView: H.UPDATE_EMERGENCY_BUTTON
09-11 19:17:46.958 24087 24087 I KeyguardPasswordView: set params.topMargin:799
09-11 19:17:46.975 24087 24087 D KeyguardPasswordView: H.UPDATE_EMERGENCY_BUTTON
09-11 19:17:46.975 24087 24087 I KeyguardPasswordView: set params.topMargin:799
09-11 19:17:46.994 24087 24087 D KeyguardPasswordView: H.UPDATE_EMERGENCY_BUTTON
09-11 19:17:46.994 24087 24087 I KeyguardPasswordView: set params.topMargin:799
09-11 19:17:47.010 24087 24087 D KeyguardPasswordView: H.UPDATE_EMERGENCY_BUTTON
09-11 19:17:47.011 24087 24087 I KeyguardPasswordView: set params.topMargin:799
09-11 19:17:47.029 24087 24087 D KeyguardPasswordView: H.UPDATE_EMERGENCY_BUTTON
09-11 19:17:47.030 24087 24087 I KeyguardPasswordView: set params.topMargin:799
09-11 19:17:47.046 24087 24087 D KeyguardPasswordView: H.UPDATE_EMERGENCY_BUTTON
09-11 19:17:47.047 24087 24087 I KeyguardPasswordView: set params.topMargin:799
09-11 19:17:47.064 24087 24087 D KeyguardPasswordView: H.UPDATE_EMERGENCY_BUTTON
09-11 19:17:47.065 24087 24087 I KeyguardPasswordView: set params.topMargin:799
09-11 19:17:47.082 24087 24087 D KeyguardPasswordView: H.UPDATE_EMERGENCY_BUTTON
09-11 19:17:47.082 24087 24087 I KeyguardPasswordView: set params.topMargin:799
09-11 19:17:47.099 24087 24087 D KeyguardPasswordView: H.UPDATE_EMERGENCY_BUTTON
09-11 19:17:47.100 24087 24087 I KeyguardPasswordView: set params.topMargin:799
09-11 19:17:47.119 24087 24087 D KeyguardPasswordView: H.UPDATE_EMERGENCY_BUTTON
09-11 19:17:47.119 24087 24087 I KeyguardPasswordView: set params.topMargin:799
09-11 19:17:47.137 24087 24087 D KeyguardPasswordView: H.UPDATE_EMERGENCY_BUTTON
09-11 19:17:47.137 24087 24087 I KeyguardPasswordView: set params.topMargin:799
09-11 19:17:47.154 24087 24087 D KeyguardPasswordView: H.UPDATE_EMERGENCY_BUTTON
09-11 19:17:47.155 24087 24087 I KeyguardPasswordView: set params.topMargin:799
09-11 19:17:47.174 24087 24087 D KeyguardPasswordView: H.UPDATE_EMERGENCY_BUTTON
09-11 19:17:47.175 24087 24087 I KeyguardPasswordView: set params.topMargin:799
09-11 19:17:47.193 24087 24087 D KeyguardPasswordView: H.UPDATE_EMERGENCY_BUTTON
09-11 19:17:47.193 24087 24087 I KeyguardPasswordView: set params.topMargin:799
09-11 19:17:47.213 24087 24087 D KeyguardPasswordView: H.UPDATE_EMERGENCY_BUTTON
09-11 19:17:47.214 24087 24087 I KeyguardPasswordView: set params.topMargin:799
09-11 19:17:47.232 24087 24087 D KeyguardPasswordView: H.UPDATE_EMERGENCY_BUTTON
09-11 19:17:47.232 24087 24087 I KeyguardPasswordView: set params.topMargin:799
09-11 19:17:47.255 24087 24087 D KeyguardPasswordView: H.UPDATE_EMERGENCY_BUTTON
09-11 19:17:47.255 24087 24087 I KeyguardPasswordView: set params.topMargin:799
09-11 19:17:47.274 24087 24087 D KeyguardPasswordView: H.UPDATE_EMERGENCY_BUTTON
09-11 19:17:47.274 24087 24087 I KeyguardPasswordView: set params.topMargin:799
09-11 19:17:47.295 24087 24087 D KeyguardPasswordView: H.UPDATE_EMERGENCY_BUTTON
09-11 19:17:47.295 24087 24087 I KeyguardPasswordView: set params.topMargin:799
09-11 19:17:47.312 24087 24087 D KeyguardPasswordView: H.UPDATE_EMERGENCY_BUTTON
09-11 19:17:47.312 24087 24087 I KeyguardPasswordView: set params.topMargin:799
09-11 19:17:47.332 24087 24087 D KeyguardPasswordView: H.UPDATE_EMERGENCY_BUTTON
09-11 19:17:47.333 24087 24087 I KeyguardPasswordView: set params.topMargin:799
09-11 19:17:47.349 24087 24087 D KeyguardPasswordView: H.UPDATE_EMERGENCY_BUTTON
09-11 19:17:47.350 24087 24087 I KeyguardPasswordView: set params.topMargin:799
09-11 19:17:47.367 24087 24087 D KeyguardPasswordView: H.UPDATE_EMERGENCY_BUTTON
09-11 19:17:47.368 24087 24087 I KeyguardPasswordView: set params.topMargin:799
09-11 19:17:47.388 24087 24087 D KeyguardPasswordView: H.UPDATE_EMERGENCY_BUTTON
09-11 19:17:47.388 24087 24087 I KeyguardPasswordView: set params.topMargin:799
09-11 19:17:47.410 24087 24087 D KeyguardPasswordView: H.UPDATE_EMERGENCY_BUTTON
09-11 19:17:47.411 24087 24087 I KeyguardPasswordView: set params.topMargin:799
09-11 19:17:47.426 24087 24087 D KeyguardPasswordView: H.UPDATE_EMERGENCY_BUTTON
09-11 19:17:47.427 24087 24087 I KeyguardPasswordView: set params.topMargin:799
09-11 19:17:47.444 24087 24087 D KeyguardPasswordView: H.UPDATE_EMERGENCY_BUTTON
09-11 19:17:47.444 24087 24087 I KeyguardPasswordView: set params.topMargin:799
09-11 19:17:47.462 24087 24087 D KeyguardPasswordView: H.UPDATE_EMERGENCY_BUTTON
09-11 19:17:47.462 24087 24087 I KeyguardPasswordView: set params.topMargin:799
09-11 19:17:47.481 24087 24087 D KeyguardPasswordView: H.UPDATE_EMERGENCY_BUTTON
09-11 19:17:47.481 24087 24087 I KeyguardPasswordView: set params.topMargin:799
09-11 19:17:47.500 24087 24087 D KeyguardPasswordView: H.UPDATE_EMERGENCY_BUTTON
09-11 19:17:47.500 24087 24087 I KeyguardPasswordView: set params.topMargin:799
09-11 19:17:47.520 24087 24087 D KeyguardPasswordView: H.UPDATE_EMERGENCY_BUTTON
09-11 19:17:47.521 24087 24087 I KeyguardPasswordView: set params.topMargin:799
09-11 19:17:47.539 24087 24087 D KeyguardPasswordView: H.UPDATE_EMERGENCY_BUTTON
09-11 19:17:47.539 24087 24087 I KeyguardPasswordView: set params.topMargin:799
09-11 19:17:47.556 24087 24087 D KeyguardPasswordView: H.UPDATE_EMERGENCY_BUTTON
09-11 19:17:47.557 24087 24087 I KeyguardPasswordView: set params.topMargin:799
09-11 19:17:47.573 24087 24087 D KeyguardPasswordView: H.UPDATE_EMERGENCY_BUTTON
09-11 19:17:47.574 24087 24087 I KeyguardPasswordView: set params.topMargin:799
09-11 19:17:47.594 24087 24087 D KeyguardPasswordView: H.UPDATE_EMERGENCY_BUTTON
09-11 19:17:47.595 24087 24087 I KeyguardPasswordView: set params.topMargin:799
09-11 19:17:47.614 24087 24087 D KeyguardPasswordView: H.UPDATE_EMERGENCY_BUTTON
09-11 19:17:47.614 24087 24087 I KeyguardPasswordView: set params.topMargin:799
09-11 19:17:47.633 24087 24087 D KeyguardPasswordView: H.UPDATE_EMERGENCY_BUTTON
09-11 19:17:47.634 24087 24087 I KeyguardPasswordView: set params.topMargin:799
09-11 19:17:47.652 24087 24087 D KeyguardPasswordView: H.UPDATE_EMERGENCY_BUTTON
09-11 19:17:47.652 24087 24087 I KeyguardPasswordView: set params.topMargin:799
09-11 19:17:47.672 24087 24087 D KeyguardPasswordView: H.UPDATE_EMERGENCY_BUTTON
09-11 19:17:47.673 24087 24087 I KeyguardPasswordView: set params.topMargin:799
09-11 19:17:47.693 24087 24087 D KeyguardPasswordView: H.UPDATE_EMERGENCY_BUTTON
09-11 19:17:47.694 24087 24087 I KeyguardPasswordView: set params.topMargin:799
09-11 19:17:47.715 24087 24087 D KeyguardPasswordView: H.UPDATE_EMERGENCY_BUTTON
09-11 19:17:47.716 24087 24087 I KeyguardPasswordView: set params.topMargin:799
09-11 19:17:47.731 24087 24087 D KeyguardPasswordView: H.UPDATE_EMERGENCY_BUTTON
09-11 19:17:47.731 24087 24087 I KeyguardPasswordView: set params.topMargin:799
09-11 19:17:47.750 24087 24087 D KeyguardPasswordView: H.UPDATE_EMERGENCY_BUTTON
09-11 19:17:47.750 24087 24087 I KeyguardPasswordView: set params.topMargin:799
09-11 19:17:47.771 24087 24087 D KeyguardPasswordView: H.UPDATE_EMERGENCY_BUTTON
09-11 19:17:47.771 24087 24087 I KeyguardPasswordView: set params.topMargin:799
09-11 19:17:47.790 24087 24087 D KeyguardPasswordView: H.UPDATE_EMERGENCY_BUTTON
09-11 19:17:47.791 24087 24087 I KeyguardPasswordView: set params.topMargin:799
09-11 19:17:47.808 24087 24087 D KeyguardPasswordView: H.UPDATE_EMERGENCY_BUTTON
09-11 19:17:47.809 24087 24087 I KeyguardPasswordView: set params.topMargin:799
09-11 19:17:47.826 24087 24087 D KeyguardPasswordView: H.UPDATE_EMERGENCY_BUTTON
09-11 19:17:47.827 24087 24087 I KeyguardPasswordView: set params.topMargin:799
09-11 19:17:47.846 24087 24087 D KeyguardPasswordView: H.UPDATE_EMERGENCY_BUTTON
09-11 19:17:47.846 24087 24087 I KeyguardPasswordView: set params.topMargin:799
09-11 19:17:47.866 24087 24087 D KeyguardPasswordView: H.UPDATE_EMERGENCY_BUTTON
09-11 19:17:47.867 24087 24087 I KeyguardPasswordView: set params.topMargin:799
09-11 19:17:47.887 24087 24087 D KeyguardPasswordView: H.UPDATE_EMERGENCY_BUTTON
09-11 19:17:47.888 24087 24087 I KeyguardPasswordView: set params.topMargin:799
09-11 19:17:47.907 24087 24087 D KeyguardPasswordView: H.UPDATE_EMERGENCY_BUTTON
09-11 19:17:47.908 24087 24087 I KeyguardPasswordView: set params.topMargin:799
09-11 19:17:47.928 24087 24087 D KeyguardPasswordView: H.UPDATE_EMERGENCY_BUTTON
09-11 19:17:47.929 24087 24087 I KeyguardPasswordView: set params.topMargin:799
09-11 19:17:47.947 24087 24087 D KeyguardPasswordView: H.UPDATE_EMERGENCY_BUTTON
09-11 19:17:47.948 24087 24087 I KeyguardPasswordView: set params.topMargin:799
09-11 19:17:47.966 24087 24087 D KeyguardPasswordView: H.UPDATE_EMERGENCY_BUTTON
09-11 19:17:47.966 24087 24087 I KeyguardPasswordView: set params.topMargin:799
09-11 19:17:47.985 24087 24087 D KeyguardPasswordView: H.UPDATE_EMERGENCY_BUTTON
09-11 19:17:47.986 24087 24087 I KeyguardPasswordView: set params.topMargin:799
09-11 19:17:48.004 24087 24087 D KeyguardPasswordView: H.UPDATE_EMERGENCY_BUTTON
09-11 19:17:48.005 24087 24087 I KeyguardPasswordView: set params.topMargin:799
09-11 19:17:48.023 24087 24087 D KeyguardPasswordView: H.UPDATE_EMERGENCY_BUTTON
09-11 19:17:48.023 24087 24087 I KeyguardPasswordView: set params.topMargin:799
09-11 19:17:48.040 24087 24087 D KeyguardPasswordView: H.UPDATE_EMERGENCY_BUTTON
09-11 19:17:48.041 24087 24087 I KeyguardPasswordView: set params.topMargin:799
09-11 19:17:48.058 24087 24087 D KeyguardPasswordView: H.UPDATE_EMERGENCY_BUTTON
09-11 19:17:48.058 24087 24087 I KeyguardPasswordView: set params.topMargin:799
09-11 19:17:48.076 24087 24087 D KeyguardPasswordView: H.UPDATE_EMERGENCY_BUTTON
09-11 19:17:48.077 24087 24087 I KeyguardPasswordView: set params.topMargin:799
09-11 19:17:48.094 24087 24087 D KeyguardPasswordView: H.UPDATE_EMERGENCY_BUTTON
09-11 19:17:48.094 24087 24087 I KeyguardPasswordView: set params.topMargin:799
09-11 19:17:48.111 24087 24087 D KeyguardPasswordView: H.UPDATE_EMERGENCY_BUTTON
09-11 19:17:48.112 24087 24087 I KeyguardPasswordView: set params.topMargin:799
09-11 19:17:48.130 24087 24087 D KeyguardPasswordView: H.UPDATE_EMERGENCY_BUTTON
09-11 19:17:48.130 24087 24087 I KeyguardPasswordView: set params.topMargin:799
09-11 19:17:48.148 24087 24087 D KeyguardPasswordView: H.UPDATE_EMERGENCY_BUTTON
09-11 19:17:48.149 24087 24087 I KeyguardPasswordView: set params.topMargin:799
09-11 19:17:48.166 24087 24087 D KeyguardPasswordView: H.UPDATE_EMERGENCY_BUTTON
09-11 19:17:48.167 24087 24087 I KeyguardPasswordView: set params.topMargin:799
09-11 19:17:48.187 24087 24087 D KeyguardPasswordView: H.UPDATE_EMERGENCY_BUTTON
09-11 19:17:48.187 24087 24087 I KeyguardPasswordView: set params.topMargin:799
09-11 19:17:48.206 24087 24087 D KeyguardPasswordView: H.UPDATE_EMERGENCY_BUTTON
09-11 19:17:48.206 24087 24087 I KeyguardPasswordView: set params.topMargin:799
09-11 19:17:48.226 24087 24087 D KeyguardPasswordView: H.UPDATE_EMERGENCY_BUTTON
09-11 19:17:48.226 24087 24087 I KeyguardPasswordView: set params.topMargin:799
09-11 19:17:48.246 24087 24087 D KeyguardPasswordView: H.UPDATE_EMERGENCY_BUTTON
09-11 19:17:48.247 24087 24087 I KeyguardPasswordView: set params.topMargin:799
09-11 19:17:48.267 24087 24087 D KeyguardPasswordView: H.UPDATE_EMERGENCY_BUTTON
09-11 19:17:48.268 24087 24087 I KeyguardPasswordView: set params.topMargin:799
09-11 19:17:48.285 24087 24087 D KeyguardPasswordView: H.UPDATE_EMERGENCY_BUTTON
09-11 19:17:48.286 24087 24087 I KeyguardPasswordView: set params.topMargin:799
09-11 19:17:48.303 24087 24087 D KeyguardPasswordView: H.UPDATE_EMERGENCY_BUTTON
09-11 19:17:48.304 24087 24087 I KeyguardPasswordView: set params.topMargin:799
09-11 19:17:48.321 24087 24087 D KeyguardPasswordView: H.UPDATE_EMERGENCY_BUTTON
09-11 19:17:48.322 24087 24087 I KeyguardPasswordView: set params.topMargin:799
09-11 19:17:48.338 24087 24087 D KeyguardPasswordView: H.UPDATE_EMERGENCY_BUTTON
09-11 19:17:48.339 24087 24087 I KeyguardPasswordView: set params.topMargin:799
09-11 19:17:48.359 24087 24087 D KeyguardPasswordView: H.UPDATE_EMERGENCY_BUTTON
09-11 19:17:48.360 24087 24087 I KeyguardPasswordView: set params.topMargin:799
09-11 19:17:48.377 24087 24087 D KeyguardPasswordView: H.UPDATE_EMERGENCY_BUTTON
09-11 19:17:48.378 24087 24087 I KeyguardPasswordView: set params.topMargin:799
09-11 19:17:48.396 24087 24087 D KeyguardPasswordView: H.UPDATE_EMERGENCY_BUTTON
09-11 19:17:48.397 24087 24087 I KeyguardPasswordView: set params.topMargin:799
09-11 19:17:48.415 24087 24087 D KeyguardPasswordView: H.UPDATE_EMERGENCY_BUTTON
09-11 19:17:48.416 24087 24087 I KeyguardPasswordView: set params.topMargin:799
09-11 19:17:48.432 24087 24087 D KeyguardPasswordView: H.UPDATE_EMERGENCY_BUTTON
09-11 19:17:48.434 24087 24087 I KeyguardPasswordView: set params.topMargin:799
09-11 19:17:48.451 24087 24087 D KeyguardPasswordView: H.UPDATE_EMERGENCY_BUTTON
09-11 19:17:48.452 24087 24087 I KeyguardPasswordView: set params.topMargin:799
09-11 19:17:48.468 24087 24087 D KeyguardPasswordView: H.UPDATE_EMERGENCY_BUTTON
09-11 19:17:48.469 24087 24087 I KeyguardPasswordView: set params.topMargin:799
09-11 19:17:48.487 24087 24087 D KeyguardPasswordView: H.UPDATE_EMERGENCY_BUTTON
09-11 19:17:48.488 24087 24087 I KeyguardPasswordView: set params.topMargin:799
09-11 19:17:48.501  1664  7162 E QMI_FW  : qmi_cci_get_ref: ref count increased 2
09-11 19:17:48.503  1664  1732 E QMI_FW  : qmi_cci_get_ref: ref count increased 2
09-11 19:17:48.508 24087 24087 D KeyguardPasswordView: H.UPDATE_EMERGENCY_BUTTON
09-11 19:17:48.508 24087 24087 I KeyguardPasswordView: set params.topMargin:799
09-11 19:17:48.525 24087 24087 D KeyguardPasswordView: H.UPDATE_EMERGENCY_BUTTON
09-11 19:17:48.525 24087 24087 I KeyguardPasswordView: set params.topMargin:799
09-11 19:17:48.542 24087 24087 D KeyguardPasswordView: H.UPDATE_EMERGENCY_BUTTON
09-11 19:17:48.543 24087 24087 I KeyguardPasswordView: set params.topMargin:799
09-11 19:17:48.545  3155  3155 D PhoneInterfaceManager: [PhoneIntfMgr] getPhoneFromSubId: 6
09-11 19:17:48.552  1664  1732 E QMI_FW  : qmi_cci_get_ref: ref count increased 2
09-11 19:17:48.555  1664  1732 E QMI_FW  : qmi_cci_get_ref: ref count increased 2
09-11 19:17:48.560 24087 24087 D KeyguardPasswordView: H.UPDATE_EMERGENCY_BUTTON
09-11 19:17:48.561 24087 24087 I KeyguardPasswordView: set params.topMargin:799
09-11 19:17:48.569 14890 14952 W WM-WorkSpec: Interval duration lesser than minimum allowed value; Changed to 900000
09-11 19:17:48.569 14890 14952 W WM-WorkSpec: Flex duration lesser than minimum allowed value; Changed to 300000
09-11 19:17:48.574 14890 14959 W System.err: java.lang.NullPointerException: Attempt to invoke virtual method 'void android.bluetooth.le.BluetoothLeAdvertiser.stopAdvertisingSet(android.bluetooth.le.AdvertisingSetCallback)' on a null object reference
09-11 19:17:48.574 14890 14959 W System.err: 	at u4.e(SourceFile:2)
09-11 19:17:48.574 14890 14959 W System.err: 	at u4.g(SourceFile:4)
09-11 19:17:48.574 14890 14959 W System.err: 	at v7.b(SourceFile:3)
09-11 19:17:48.574 14890 14959 W System.err: 	at v7.h(Unknown Source:0)
09-11 19:17:48.574 14890 14959 W System.err: 	at n0.run(Unknown Source:8)
09-11 19:17:48.574 14890 14959 W System.err: 	at java.util.concurrent.ThreadPoolExecutor.runWorker(ThreadPoolExecutor.java:1167)
09-11 19:17:48.574 14890 14959 W System.err: 	at java.util.concurrent.ThreadPoolExecutor$Worker.run(ThreadPoolExecutor.java:641)
09-11 19:17:48.574 14890 14959 W System.err: 	at java.lang.Thread.run(Thread.java:923)
09-11 19:17:48.575 14890 14959 W System.err: java.lang.NullPointerException: Attempt to invoke virtual method 'void android.bluetooth.le.BluetoothLeAdvertiser.startAdvertisingSet(android.bluetooth.le.AdvertisingSetParameters, android.bluetooth.le.AdvertiseData, android.bluetooth.le.AdvertiseData, android.bluetooth.le.PeriodicAdvertisingParameters, android.bluetooth.le.AdvertiseData, int, int, android.bluetooth.le.AdvertisingSetCallback)' on a null object reference
09-11 19:17:48.575 14890 14959 W System.err: 	at u4.g(SourceFile:8)
09-11 19:17:48.575 14890 14959 W System.err: 	at v7.b(SourceFile:3)
09-11 19:17:48.575 14890 14959 W System.err: 	at v7.h(Unknown Source:0)
09-11 19:17:48.575 14890 14959 W System.err: 	at n0.run(Unknown Source:8)
09-11 19:17:48.575 14890 14959 W System.err: 	at java.util.concurrent.ThreadPoolExecutor.runWorker(ThreadPoolExecutor.java:1167)
09-11 19:17:48.575 14890 14959 W System.err: 	at java.util.concurrent.ThreadPoolExecutor$Worker.run(ThreadPoolExecutor.java:641)
09-11 19:17:48.575 14890 14959 W System.err: 	at java.lang.Thread.run(Thread.java:923)
09-11 19:17:48.575  3155  3155 D MDM-OPMdmListener: onCellInfoChanged the cellInfo changed phoneId 0
09-11 19:17:48.577 24087 24087 D KeyguardPasswordView: H.UPDATE_EMERGENCY_BUTTON
09-11 19:17:48.578 24087 24087 I KeyguardPasswordView: set params.topMargin:799
09-11 19:17:48.595 24087 24087 D KeyguardPasswordView: H.UPDATE_EMERGENCY_BUTTON
09-11 19:17:48.595 24087 24087 I KeyguardPasswordView: set params.topMargin:799
09-11 19:17:48.612 24087 24087 D KeyguardPasswordView: H.UPDATE_EMERGENCY_BUTTON
09-11 19:17:48.613 24087 24087 I KeyguardPasswordView: set params.topMargin:799
09-11 19:17:48.630 24087 24087 D KeyguardPasswordView: H.UPDATE_EMERGENCY_BUTTON
09-11 19:17:48.630 24087 24087 I KeyguardPasswordView: set params.topMargin:799
09-11 19:17:48.648 24087 24087 D KeyguardPasswordView: H.UPDATE_EMERGENCY_BUTTON
09-11 19:17:48.648 24087 24087 I KeyguardPasswordView: set params.topMargin:799
09-11 19:17:48.669 24087 24087 D KeyguardPasswordView: H.UPDATE_EMERGENCY_BUTTON
09-11 19:17:48.669 24087 24087 I KeyguardPasswordView: set params.topMargin:799
09-11 19:17:48.690 24087 24087 D KeyguardPasswordView: H.UPDATE_EMERGENCY_BUTTON
09-11 19:17:48.691 24087 24087 I KeyguardPasswordView: set params.topMargin:799
09-11 19:17:48.710 24087 24087 D KeyguardPasswordView: H.UPDATE_EMERGENCY_BUTTON
09-11 19:17:48.711 24087 24087 I KeyguardPasswordView: set params.topMargin:799
09-11 19:17:48.729 24087 24087 D KeyguardPasswordView: H.UPDATE_EMERGENCY_BUTTON
09-11 19:17:48.730 24087 24087 I KeyguardPasswordView: set params.topMargin:799
09-11 19:17:48.747 24087 24087 D KeyguardPasswordView: H.UPDATE_EMERGENCY_BUTTON
09-11 19:17:48.747 24087 24087 I KeyguardPasswordView: set params.topMargin:799
09-11 19:17:48.768 24087 24087 D KeyguardPasswordView: H.UPDATE_EMERGENCY_BUTTON
09-11 19:17:48.768 24087 24087 I KeyguardPasswordView: set params.topMargin:799
09-11 19:17:48.788 24087 24087 D KeyguardPasswordView: H.UPDATE_EMERGENCY_BUTTON
09-11 19:17:48.788 24087 24087 I KeyguardPasswordView: set params.topMargin:799
09-11 19:17:48.809 24087 24087 D KeyguardPasswordView: H.UPDATE_EMERGENCY_BUTTON
09-11 19:17:48.809 24087 24087 I KeyguardPasswordView: set params.topMargin:799
09-11 19:17:48.826 24087 24087 D KeyguardPasswordView: H.UPDATE_EMERGENCY_BUTTON
09-11 19:17:48.826 24087 24087 I KeyguardPasswordView: set params.topMargin:799
09-11 19:17:48.847 24087 24087 D KeyguardPasswordView: H.UPDATE_EMERGENCY_BUTTON
09-11 19:17:48.847 24087 24087 I KeyguardPasswordView: set params.topMargin:799
09-11 19:17:48.868 24087 24087 D KeyguardPasswordView: H.UPDATE_EMERGENCY_BUTTON
09-11 19:17:48.868 24087 24087 I KeyguardPasswordView: set params.topMargin:799
09-11 19:17:48.888 24087 24087 D KeyguardPasswordView: H.UPDATE_EMERGENCY_BUTTON
09-11 19:17:48.889 24087 24087 I KeyguardPasswordView: set params.topMargin:799
09-11 19:17:48.908 24087 24087 D KeyguardPasswordView: H.UPDATE_EMERGENCY_BUTTON
09-11 19:17:48.910 24087 24087 I KeyguardPasswordView: set params.topMargin:799
09-11 19:17:48.927 24087 24087 D KeyguardPasswordView: H.UPDATE_EMERGENCY_BUTTON
09-11 19:17:48.928 24087 24087 I KeyguardPasswordView: set params.topMargin:799
09-11 19:17:48.946 24087 24087 D KeyguardPasswordView: H.UPDATE_EMERGENCY_BUTTON
09-11 19:17:48.947 24087 24087 I KeyguardPasswordView: set params.topMargin:799
09-11 19:17:48.964 24087 24087 D KeyguardPasswordView: H.UPDATE_EMERGENCY_BUTTON
09-11 19:17:48.965 24087 24087 I KeyguardPasswordView: set params.topMargin:799
09-11 19:17:48.986 24087 24087 D KeyguardPasswordView: H.UPDATE_EMERGENCY_BUTTON
09-11 19:17:48.987 24087 24087 I KeyguardPasswordView: set params.topMargin:799
09-11 19:17:48.997  1555  1746 W AlarmManager: Unrecognized alarm listener com.android.server.OpPowerControllerService$tsu@ecdb27f
09-11 19:17:49.006 24087 24087 I OpUtils : isSupportWarpCharging:false
09-11 19:17:49.006 24087 24087 D OpSWarpChargingView: level is same as latest one [41]
09-11 19:17:49.007 24087 24109 D BatterySaverTile: handleUpdateState, true, false
09-11 19:17:49.008 24087 24087 D KeyguardUpdateMonitor: received broadcast android.intent.action.BATTERY_CHANGED
09-11 19:17:49.008 24087 24087 I OpUtils : isSupportWarpCharging:false
09-11 19:17:49.008 24087 24087 D KeyguardUpdateMonitor: pdCharge false, chargingstatus 0, fastcharge:0
09-11 19:17:49.008 24087 24087 D KeyguardPasswordView: H.UPDATE_EMERGENCY_BUTTON
09-11 19:17:49.008 24087 24087 I KeyguardPasswordView: set params.topMargin:799
09-11 19:17:49.010 14890 14890 W WM-WorkSpec: Interval duration lesser than minimum allowed value; Changed to 900000
09-11 19:17:49.010 14890 14890 W WM-WorkSpec: Flex duration lesser than minimum allowed value; Changed to 300000
09-11 19:17:49.015 14890 14959 W System.err: java.lang.NullPointerException: Attempt to invoke virtual method 'void android.bluetooth.le.BluetoothLeAdvertiser.stopAdvertisingSet(android.bluetooth.le.AdvertisingSetCallback)' on a null object reference
09-11 19:17:49.015 14890 14959 W System.err: 	at u4.e(SourceFile:2)
09-11 19:17:49.015 14890 14959 W System.err: 	at u4.g(SourceFile:4)
09-11 19:17:49.015 14890 14959 W System.err: 	at v7.b(SourceFile:3)
09-11 19:17:49.015 14890 14959 W System.err: 	at v7.h(Unknown Source:0)
09-11 19:17:49.015 14890 14959 W System.err: 	at n0.run(Unknown Source:8)
09-11 19:17:49.015 14890 14959 W System.err: 	at java.util.concurrent.ThreadPoolExecutor.runWorker(ThreadPoolExecutor.java:1167)
09-11 19:17:49.015 14890 14959 W System.err: 	at java.util.concurrent.ThreadPoolExecutor$Worker.run(ThreadPoolExecutor.java:641)
09-11 19:17:49.015 14890 14959 W System.err: 	at java.lang.Thread.run(Thread.java:923)
09-11 19:17:49.016 14890 14959 W System.err: java.lang.NullPointerException: Attempt to invoke virtual method 'void android.bluetooth.le.BluetoothLeAdvertiser.startAdvertisingSet(android.bluetooth.le.AdvertisingSetParameters, android.bluetooth.le.AdvertiseData, android.bluetooth.le.AdvertiseData, android.bluetooth.le.PeriodicAdvertisingParameters, android.bluetooth.le.AdvertiseData, int, int, android.bluetooth.le.AdvertisingSetCallback)' on a null object reference
09-11 19:17:49.016 14890 14959 W System.err: 	at u4.g(SourceFile:8)
09-11 19:17:49.016 14890 14959 W System.err: 	at v7.b(SourceFile:3)
09-11 19:17:49.016 14890 14959 W System.err: 	at v7.h(Unknown Source:0)
09-11 19:17:49.016 14890 14959 W System.err: 	at n0.run(Unknown Source:8)
09-11 19:17:49.016 14890 14959 W System.err: 	at java.util.concurrent.ThreadPoolExecutor.runWorker(ThreadPoolExecutor.java:1167)
09-11 19:17:49.016 14890 14959 W System.err: 	at java.util.concurrent.ThreadPoolExecutor$Worker.run(ThreadPoolExecutor.java:641)
09-11 19:17:49.016 14890 14959 W System.err: 	at java.lang.Thread.run(Thread.java:923)
09-11 19:17:49.027 24087 24087 D KeyguardPasswordView: H.UPDATE_EMERGENCY_BUTTON
09-11 19:17:49.028 24087 24087 I KeyguardPasswordView: set params.topMargin:799
09-11 19:17:49.043 24087 24087 D KeyguardPasswordView: H.UPDATE_EMERGENCY_BUTTON
09-11 19:17:49.044 24087 24087 I KeyguardPasswordView: set params.topMargin:799
09-11 19:17:49.045  8627  8627 D DeviceStatisticsService: chargerType=2 batteryLevel=41 totalBatteryCapacity=3774300
09-11 19:17:49.060 24087 24087 D KeyguardPasswordView: H.UPDATE_EMERGENCY_BUTTON
09-11 19:17:49.061 24087 24087 I KeyguardPasswordView: set params.topMargin:799
09-11 19:17:49.078 24087 24087 D KeyguardPasswordView: H.UPDATE_EMERGENCY_BUTTON
09-11 19:17:49.079 24087 24087 I KeyguardPasswordView: set params.topMargin:799
09-11 19:17:49.099 24087 24087 D KeyguardPasswordView: H.UPDATE_EMERGENCY_BUTTON
09-11 19:17:49.100 24087 24087 I KeyguardPasswordView: set params.topMargin:799
09-11 19:17:49.116 24087 24087 D KeyguardPasswordView: H.UPDATE_EMERGENCY_BUTTON
09-11 19:17:49.117 24087 24087 I KeyguardPasswordView: set params.topMargin:799
09-11 19:17:49.134 24087 24087 D KeyguardPasswordView: H.UPDATE_EMERGENCY_BUTTON
09-11 19:17:49.135 24087 24087 I KeyguardPasswordView: set params.topMargin:799
09-11 19:17:49.152 24087 24087 D KeyguardPasswordView: H.UPDATE_EMERGENCY_BUTTON
09-11 19:17:49.153 24087 24087 I KeyguardPasswordView: set params.topMargin:799
09-11 19:17:49.170 24087 24087 D KeyguardPasswordView: H.UPDATE_EMERGENCY_BUTTON
09-11 19:17:49.171 24087 24087 I KeyguardPasswordView: set params.topMargin:799
09-11 19:17:49.188 24087 24087 D KeyguardPasswordView: H.UPDATE_EMERGENCY_BUTTON
09-11 19:17:49.188 24087 24087 I KeyguardPasswordView: set params.topMargin:799
09-11 19:17:49.208 24087 24087 D KeyguardPasswordView: H.UPDATE_EMERGENCY_BUTTON
09-11 19:17:49.208 24087 24087 I KeyguardPasswordView: set params.topMargin:799
09-11 19:17:49.226 24087 24087 D KeyguardPasswordView: H.UPDATE_EMERGENCY_BUTTON
09-11 19:17:49.227 24087 24087 I KeyguardPasswordView: set params.topMargin:799
09-11 19:17:49.245 24087 24087 D KeyguardPasswordView: H.UPDATE_EMERGENCY_BUTTON
09-11 19:17:49.245 24087 24087 I KeyguardPasswordView: set params.topMargin:799
09-11 19:17:49.266 24087 24087 D KeyguardPasswordView: H.UPDATE_EMERGENCY_BUTTON
09-11 19:17:49.266 24087 24087 I KeyguardPasswordView: set params.topMargin:799
09-11 19:17:49.287 24087 24087 D KeyguardPasswordView: H.UPDATE_EMERGENCY_BUTTON
09-11 19:17:49.287 24087 24087 I KeyguardPasswordView: set params.topMargin:799
09-11 19:17:49.307 24087 24087 D KeyguardPasswordView: H.UPDATE_EMERGENCY_BUTTON
09-11 19:17:49.308 24087 24087 I KeyguardPasswordView: set params.topMargin:799
09-11 19:17:49.328 24087 24087 D KeyguardPasswordView: H.UPDATE_EMERGENCY_BUTTON
09-11 19:17:49.328 24087 24087 I KeyguardPasswordView: set params.topMargin:799
09-11 19:17:49.346 24087 24087 D KeyguardPasswordView: H.UPDATE_EMERGENCY_BUTTON
09-11 19:17:49.347 24087 24087 I KeyguardPasswordView: set params.topMargin:799
09-11 19:17:49.365 24087 24087 D KeyguardPasswordView: H.UPDATE_EMERGENCY_BUTTON
09-11 19:17:49.365 24087 24087 I KeyguardPasswordView: set params.topMargin:799
09-11 19:17:49.381 24087 24087 D KeyguardPasswordView: H.UPDATE_EMERGENCY_BUTTON
09-11 19:17:49.382 24087 24087 I KeyguardPasswordView: set params.topMargin:799
09-11 19:17:49.402 24087 24087 D KeyguardPasswordView: H.UPDATE_EMERGENCY_BUTTON
09-11 19:17:49.403 24087 24087 I KeyguardPasswordView: set params.topMargin:799
09-11 19:17:49.424 24087 24087 D KeyguardPasswordView: H.UPDATE_EMERGENCY_BUTTON
09-11 19:17:49.425 24087 24087 I KeyguardPasswordView: set params.topMargin:799
09-11 19:17:49.440 24087 24087 D KeyguardPasswordView: H.UPDATE_EMERGENCY_BUTTON
09-11 19:17:49.441 24087 24087 I KeyguardPasswordView: set params.topMargin:799
09-11 19:17:49.461 24087 24087 D KeyguardPasswordView: H.UPDATE_EMERGENCY_BUTTON
09-11 19:17:49.461 24087 24087 I KeyguardPasswordView: set params.topMargin:799
09-11 19:17:49.478 24087 24087 D KeyguardPasswordView: H.UPDATE_EMERGENCY_BUTTON
09-11 19:17:49.479 24087 24087 I KeyguardPasswordView: set params.topMargin:799
09-11 19:17:49.499 24087 24087 D KeyguardPasswordView: H.UPDATE_EMERGENCY_BUTTON
09-11 19:17:49.499 24087 24087 I KeyguardPasswordView: set params.topMargin:799
09-11 19:17:49.520 24087 24087 D KeyguardPasswordView: H.UPDATE_EMERGENCY_BUTTON
09-11 19:17:49.520 24087 24087 I KeyguardPasswordView: set params.topMargin:799
09-11 19:17:49.538 24087 24087 D KeyguardPasswordView: H.UPDATE_EMERGENCY_BUTTON
09-11 19:17:49.538 24087 24087 I KeyguardPasswordView: set params.topMargin:799
09-11 19:17:49.559 24087 24087 D KeyguardPasswordView: H.UPDATE_EMERGENCY_BUTTON
09-11 19:17:49.560 24087 24087 I KeyguardPasswordView: set params.topMargin:799
09-11 19:17:49.569  1555  2796 D ActivityTrigger: ActivityTrigger activityPauseTrigger
09-11 19:17:49.575  1555  1714 D OpPowerConsumpStatsInjector: notifyPkgEvent
09-11 19:17:49.576  1098  1098 E CompositionEngine: map unknown (BT709 sRGB Full range)/(Unknown RenderIntent) to default color mode
09-11 19:17:49.578 24087 24087 D KeyguardPasswordView: H.UPDATE_EMERGENCY_BUTTON
09-11 19:17:49.578 24087 24087 I KeyguardPasswordView: set params.topMargin:799
09-11 19:17:49.593  1098  1098 E CompositionEngine: map unknown (BT709 sRGB Full range)/(Unknown RenderIntent) to default color mode
09-11 19:17:49.593 24442 24442 D LifecycleMonitor: Lifecycle status change: androidx.test.core.app.InstrumentationActivityInvoker$EmptyActivity@9967cd0 in: PRE_ON_CREATE
09-11 19:17:49.595 24442 24442 V ActivityScenario: Activity lifecycle changed event received but ignored because the intent does not match. startActivityIntent=Intent { act=android.intent.action.MAIN cat=[android.intent.category.LAUNCHER] cmp=com.example.dogglers/.MainActivity }, activity.getIntent()=Intent { act=android.intent.action.MAIN cat=[android.intent.category.LAUNCHER] flg=0x10000000 cmp=com.example.dogglers/androidx.test.core.app.InstrumentationActivityInvoker$EmptyActivity }, activity=androidx.test.core.app.InstrumentationActivityInvoker$EmptyActivity@9967cd0
09-11 19:17:49.595 24087 24087 D KeyguardPasswordView: H.UPDATE_EMERGENCY_BUTTON
09-11 19:17:49.595 24087 24087 I KeyguardPasswordView: set params.topMargin:799
09-11 19:17:49.611 24087 24087 D KeyguardPasswordView: H.UPDATE_EMERGENCY_BUTTON
09-11 19:17:49.612 24087 24087 I KeyguardPasswordView: set params.topMargin:799
09-11 19:17:49.626 24442 24442 E xample.doggler: Invalid ID 0x00000000.
09-11 19:17:49.629 24087 24087 D KeyguardPasswordView: H.UPDATE_EMERGENCY_BUTTON
09-11 19:17:49.630 24442 24442 D LifecycleMonitor: Lifecycle status change: androidx.test.core.app.InstrumentationActivityInvoker$EmptyActivity@9967cd0 in: CREATED
09-11 19:17:49.630 24087 24087 I KeyguardPasswordView: set params.topMargin:799
09-11 19:17:49.631 24442 24442 V ActivityScenario: Activity lifecycle changed event received but ignored because the intent does not match. startActivityIntent=Intent { act=android.intent.action.MAIN cat=[android.intent.category.LAUNCHER] cmp=com.example.dogglers/.MainActivity }, activity.getIntent()=Intent { act=android.intent.action.MAIN cat=[android.intent.category.LAUNCHER] flg=0x10000000 cmp=com.example.dogglers/androidx.test.core.app.InstrumentationActivityInvoker$EmptyActivity }, activity=androidx.test.core.app.InstrumentationActivityInvoker$EmptyActivity@9967cd0
09-11 19:17:49.637 24442 24442 D LifecycleMonitor: Lifecycle status change: androidx.test.core.app.InstrumentationActivityInvoker$EmptyActivity@9967cd0 in: STARTED
09-11 19:17:49.638 24442 24442 V ActivityScenario: Activity lifecycle changed event received but ignored because the intent does not match. startActivityIntent=Intent { act=android.intent.action.MAIN cat=[android.intent.category.LAUNCHER] cmp=com.example.dogglers/.MainActivity }, activity.getIntent()=Intent { act=android.intent.action.MAIN cat=[android.intent.category.LAUNCHER] flg=0x10000000 cmp=com.example.dogglers/androidx.test.core.app.InstrumentationActivityInvoker$EmptyActivity }, activity=androidx.test.core.app.InstrumentationActivityInvoker$EmptyActivity@9967cd0
09-11 19:17:49.642 24442 24442 D LifecycleMonitor: Lifecycle status change: androidx.test.core.app.InstrumentationActivityInvoker$EmptyActivity@9967cd0 in: RESUMED
09-11 19:17:49.643 24442 24442 V ActivityScenario: Activity lifecycle changed event received but ignored because the intent does not match. startActivityIntent=Intent { act=android.intent.action.MAIN cat=[android.intent.category.LAUNCHER] cmp=com.example.dogglers/.MainActivity }, activity.getIntent()=Intent { act=android.intent.action.MAIN cat=[android.intent.category.LAUNCHER] flg=0x10000000 cmp=com.example.dogglers/androidx.test.core.app.InstrumentationActivityInvoker$EmptyActivity }, activity=androidx.test.core.app.InstrumentationActivityInvoker$EmptyActivity@9967cd0
09-11 19:17:49.653 24442 24442 V ViewRootImpl: The specified message queue synchronization  barrier token has not been posted or has already been removed
09-11 19:17:49.656 24087 24087 D KeyguardPasswordView: H.UPDATE_EMERGENCY_BUTTON
09-11 19:17:49.657 24087 24087 I KeyguardPasswordView: set params.topMargin:799
09-11 19:17:49.659  1098  1098 E CompositionEngine: map unknown (BT709 sRGB Full range)/(Unknown RenderIntent) to default color mode
09-11 19:17:49.672 24087 24087 D KeyguardPasswordView: H.UPDATE_EMERGENCY_BUTTON
09-11 19:17:49.673 24087 24087 I KeyguardPasswordView: set params.topMargin:799
09-11 19:17:49.673 24442 24442 D LifecycleMonitor: Lifecycle status change: androidx.test.core.app.InstrumentationActivityInvoker$EmptyActivity@9967cd0 in: PAUSED
09-11 19:17:49.673 24442 24442 V ActivityScenario: Activity lifecycle changed event received but ignored because the intent does not match. startActivityIntent=Intent { act=android.intent.action.MAIN cat=[android.intent.category.LAUNCHER] cmp=com.example.dogglers/.MainActivity }, activity.getIntent()=Intent { act=android.intent.action.MAIN cat=[android.intent.category.LAUNCHER] flg=0x10000000 cmp=com.example.dogglers/androidx.test.core.app.InstrumentationActivityInvoker$EmptyActivity }, activity=androidx.test.core.app.InstrumentationActivityInvoker$EmptyActivity@9967cd0
09-11 19:17:49.675  1555  1714 D OpPowerConsumpStatsInjector: notifyPkgEvent
09-11 19:17:49.676  1098  1098 E CompositionEngine: map unknown (BT709 sRGB Full range)/(Unknown RenderIntent) to default color mode
09-11 19:17:49.692 24087 24087 D KeyguardPasswordView: H.UPDATE_EMERGENCY_BUTTON
09-11 19:17:49.692 24087 24087 I KeyguardPasswordView: set params.topMargin:799
09-11 19:17:49.693  1098  1098 E CompositionEngine: map unknown (BT709 sRGB Full range)/(Unknown RenderIntent) to default color mode
09-11 19:17:49.694 24442 24442 D LifecycleMonitor: Lifecycle status change: androidx.test.core.app.InstrumentationActivityInvoker$EmptyActivity@9967cd0 in: STOPPED
09-11 19:17:49.695 24442 24442 V ActivityScenario: Activity lifecycle changed event received but ignored because the intent does not match. startActivityIntent=Intent { act=android.intent.action.MAIN cat=[android.intent.category.LAUNCHER] cmp=com.example.dogglers/.MainActivity }, activity.getIntent()=Intent { act=android.intent.action.MAIN cat=[android.intent.category.LAUNCHER] flg=0x10000000 cmp=com.example.dogglers/androidx.test.core.app.InstrumentationActivityInvoker$EmptyActivity }, activity=androidx.test.core.app.InstrumentationActivityInvoker$EmptyActivity@9967cd0
09-11 19:17:49.700 24442 24442 D LifecycleMonitor: Lifecycle status change: com.example.dogglers.MainActivity@7e52c25 in: DESTROYED
09-11 19:17:49.700 24442 24442 V ActivityScenario: Update currentActivityStage to DESTROYED, currentActivity=null
09-11 19:17:49.709  1098  1098 E CompositionEngine: map unknown (BT709 sRGB Full range)/(Unknown RenderIntent) to default color mode
09-11 19:17:49.717 24087 24087 D KeyguardPasswordView: H.UPDATE_EMERGENCY_BUTTON
09-11 19:17:49.718 24087 24087 I KeyguardPasswordView: set params.topMargin:799
09-11 19:17:49.728  1098  1098 E CompositionEngine: map unknown (BT709 sRGB Full range)/(Unknown RenderIntent) to default color mode
09-11 19:17:49.738 24087 24087 D KeyguardPasswordView: H.UPDATE_EMERGENCY_BUTTON
09-11 19:17:49.739 24087 24087 I KeyguardPasswordView: set params.topMargin:799
09-11 19:17:49.743  1098  1098 E CompositionEngine: map unknown (BT709 sRGB Full range)/(Unknown RenderIntent) to default color mode
09-11 19:17:49.754 24087 24087 D KeyguardPasswordView: H.UPDATE_EMERGENCY_BUTTON
09-11 19:17:49.754 24087 24087 I KeyguardPasswordView: set params.topMargin:799
09-11 19:17:49.760  1098  1098 E CompositionEngine: map unknown (BT709 sRGB Full range)/(Unknown RenderIntent) to default color mode
09-11 19:17:49.768  1555  2796 D ActivityTrigger: ActivityTrigger activityPauseTrigger
09-11 19:17:49.772 24087 24087 D KeyguardPasswordView: H.UPDATE_EMERGENCY_BUTTON
09-11 19:17:49.772 24087 24087 I KeyguardPasswordView: set params.topMargin:799
09-11 19:17:49.777  1098  1098 E CompositionEngine: map unknown (BT709 sRGB Full range)/(Unknown RenderIntent) to default color mode
09-11 19:17:49.784 24442 24442 D LifecycleMonitor: Lifecycle status change: androidx.test.core.app.InstrumentationActivityInvoker$BootstrapActivity@f93b24a in: DESTROYED
