09-11 19:19:22.654 14890 14959 W System.err: 	at java.util.concurrent.ThreadPoolExecutor$Worker.run(ThreadPoolExecutor.java:641)
09-11 19:19:22.654 14890 14959 W System.err: 	at java.lang.Thread.run(Thread.java:923)
09-11 19:19:22.738  1555  1746 D MyBatteryStatsHelper: ===processSingleAppUsage===
09-11 19:19:22.757 30746 30746 D BoundBrokerSvc: onUnbind: Intent { act=com.google.android.gms.cast.firstparty.START dat=chimera-action:com.google.android.gms.cast.firstparty.START cmp=com.google.android.gms/.chimera.CastPersistentBoundBrokerService }
09-11 19:19:22.758 30746 30746 D BoundBrokerSvc: onUnbind: Intent { act=com.google.android.gms.trustagent.BridgeApi.START pkg=com.google.android.gms }
09-11 19:19:23.008  1007 24636 E sensors-hal: handle_sns_client_event:65, device_orient_event: ts=2199230408665419, type=2,  hal scalar type =2.000000
09-11 19:19:23.050  1098  1098 E CompositionEngine: map unknown (BT709 sRGB Full range)/(Unknown RenderIntent) to default color mode
09-11 19:19:23.940  1555  1746 W AlarmManager: Unrecognized alarm listener com.android.server.OpPowerControllerService$tsu@ecdb27f
09-11 19:19:23.943 24087 24087 I OpUtils : isSupportWarpCharging:false
09-11 19:19:23.944 24087 24087 D OpSWarpChargingView: level is same as latest one [41]
09-11 19:19:23.945 14890 14890 W WM-WorkSpec: Interval duration lesser than minimum allowed value; Changed to 900000
09-11 19:19:23.945 14890 14890 W WM-WorkSpec: Flex duration lesser than minimum allowed value; Changed to 300000
09-11 19:19:23.948 24087 24109 D BatterySaverTile: handleUpdateState, true, false
09-11 19:19:23.949 14890 14959 W System.err: java.lang.NullPointerException: Attempt to invoke virtual method 'void android.bluetooth.le.BluetoothLeAdvertiser.stopAdvertisingSet(android.bluetooth.le.AdvertisingSetCallback)' on a null object reference
09-11 19:19:23.949 14890 14959 W System.err: 	at u4.e(SourceFile:2)
09-11 19:19:23.950 14890 14959 W System.err: 	at u4.g(SourceFile:4)
09-11 19:19:23.950 14890 14959 W System.err: 	at v7.b(SourceFile:3)
09-11 19:19:23.950 14890 14959 W System.err: 	at v7.h(Unknown Source:0)
09-11 19:19:23.950 14890 14959 W System.err: 	at n0.run(Unknown Source:8)
09-11 19:19:23.950 14890 14959 W System.err: 	at java.util.concurrent.ThreadPoolExecutor.runWorker(ThreadPoolExecutor.java:1167)
09-11 19:19:23.950 14890 14959 W System.err: 	at java.util.concurrent.ThreadPoolExecutor$Worker.run(ThreadPoolExecutor.java:641)
09-11 19:19:23.950 14890 14959 W System.err: 	at java.lang.Thread.run(Thread.java:923)
09-11 19:19:23.950 14890 14959 W System.err: java.lang.NullPointerException: Attempt to invoke virtual method 'void android.bluetooth.le.BluetoothLeAdvertiser.startAdvertisingSet(android.bluetooth.le.AdvertisingSetParameters, android.bluetooth.le.AdvertiseData, android.bluetooth.le.AdvertiseData, android.bluetooth.le.PeriodicAdvertisingParameters, android.bluetooth.le.AdvertiseData, int, int, android.bluetooth.le.AdvertisingSetCallback)' on a null object reference
09-11 19:19:23.950 14890 14959 W System.err: 	at u4.g(SourceFile:8)
09-11 19:19:23.950 14890 14959 W System.err: 	at v7.b(SourceFile:3)
09-11 19:19:23.950 14890 14959 W System.err: 	at v7.h(Unknown Source:0)
09-11 19:19:23.950 14890 14959 W System.err: 	at n0.run(Unknown Source:8)
09-11 19:19:23.950 14890 14959 W System.err: 	at java.util.concurrent.ThreadPoolExecutor.runWorker(ThreadPoolExecutor.java:1167)
09-11 19:19:23.950 14890 14959 W System.err: 	at java.util.concurrent.ThreadPoolExecutor$Worker.run(ThreadPoolExecutor.java:641)
09-11 19:19:23.950 14890 14959 W System.err: 	at java.lang.Thread.run(Thread.java:923)
09-11 19:19:23.952 24087 24087 D KeyguardUpdateMonitor: received broadcast android.intent.action.BATTERY_CHANGED
09-11 19:19:23.952 24087 24087 I OpUtils : isSupportWarpCharging:false
09-11 19:19:23.952 24087 24087 D KeyguardUpdateMonitor: pdCharge false, chargingstatus 0, fastcharge:0
09-11 19:19:23.988  1098  1098 E CompositionEngine: map unknown (BT709 sRGB Full range)/(Unknown RenderIntent) to default color mode
09-11 19:19:24.047  8627  8627 D DeviceStatisticsService: chargerType=2 batteryLevel=41 totalBatteryCapacity=3792600
09-11 19:19:24.909 30746 30746 D BoundBrokerSvc: onUnbind: Intent { act=com.google.android.gms.gmscompliance.service.START dat=chimera-action:com.google.android.gms.gmscompliance.service.START cmp=com.google.android.gms/.chimera.PersistentBoundBrokerService }
09-11 19:19:24.948 24671 24671 D BoundBrokerSvc: onUnbind: Intent { act=com.google.android.gms.auth.cryptauth.cryptauthservice.START dat=chimera-action:com.google.android.gms.auth.cryptauth.cryptauthservice.START cmp=com.google.android.gms/.chimera.GmsBoundBrokerService }
09-11 19:19:24.981  1555  1746 W AlarmManager: Unrecognized alarm listener com.android.server.OpPowerControllerService$tsu@ecdb27f
09-11 19:19:24.983 24087 24087 I OpUtils : isSupportWarpCharging:false
09-11 19:19:24.983 24087 24087 D OpSWarpChargingView: level is same as latest one [41]
09-11 19:19:24.985 14890 14890 W WM-WorkSpec: Interval duration lesser than minimum allowed value; Changed to 900000
09-11 19:19:24.985 14890 14890 W WM-WorkSpec: Flex duration lesser than minimum allowed value; Changed to 300000
09-11 19:19:24.986 14890 14959 W System.err: java.lang.NullPointerException: Attempt to invoke virtual method 'void android.bluetooth.le.BluetoothLeAdvertiser.stopAdvertisingSet(android.bluetooth.le.AdvertisingSetCallback)' on a null object reference
09-11 19:19:24.987 14890 14959 W System.err: 	at u4.e(SourceFile:2)
09-11 19:19:24.987 14890 14959 W System.err: 	at u4.g(SourceFile:4)
09-11 19:19:24.987 14890 14959 W System.err: 	at v7.b(SourceFile:3)
09-11 19:19:24.987 14890 14959 W System.err: 	at v7.h(Unknown Source:0)
09-11 19:19:24.987 14890 14959 W System.err: 	at n0.run(Unknown Source:8)
09-11 19:19:24.987 14890 14959 W System.err: 	at java.util.concurrent.ThreadPoolExecutor.runWorker(ThreadPoolExecutor.java:1167)
09-11 19:19:24.987 14890 14959 W System.err: 	at java.util.concurrent.ThreadPoolExecutor$Worker.run(ThreadPoolExecutor.java:641)
09-11 19:19:24.987 14890 14959 W System.err: 	at java.lang.Thread.run(Thread.java:923)
09-11 19:19:24.987 24087 24109 D BatterySaverTile: handleUpdateState, true, false
09-11 19:19:24.988 14890 14959 W System.err: java.lang.NullPointerException: Attempt to invoke virtual method 'void android.bluetooth.le.BluetoothLeAdvertiser.startAdvertisingSet(android.bluetooth.le.AdvertisingSetParameters, android.bluetooth.le.AdvertiseData, android.bluetooth.le.AdvertiseData, android.bluetooth.le.PeriodicAdvertisingParameters, android.bluetooth.le.AdvertiseData, int, int, android.bluetooth.le.AdvertisingSetCallback)' on a null object reference
09-11 19:19:24.988 14890 14959 W System.err: 	at u4.g(SourceFile:8)
09-11 19:19:24.988 14890 14959 W System.err: 	at v7.b(SourceFile:3)
09-11 19:19:24.988 14890 14959 W System.err: 	at v7.h(Unknown Source:0)
09-11 19:19:24.988 14890 14959 W System.err: 	at n0.run(Unknown Source:8)
09-11 19:19:24.988 14890 14959 W System.err: 	at java.util.concurrent.ThreadPoolExecutor.runWorker(ThreadPoolExecutor.java:1167)
09-11 19:19:24.988 14890 14959 W System.err: 	at java.util.concurrent.ThreadPoolExecutor$Worker.run(ThreadPoolExecutor.java:641)
09-11 19:19:24.988 14890 14959 W System.err: 	at java.lang.Thread.run(Thread.java:923)
09-11 19:19:24.989 24087 24087 D KeyguardUpdateMonitor: received broadcast android.intent.action.BATTERY_CHANGED
09-11 19:19:24.989 24087 24087 I OpUtils : isSupportWarpCharging:false
09-11 19:19:24.989 24087 24087 D KeyguardUpdateMonitor: pdCharge false, chargingstatus 0, fastcharge:0
09-11 19:19:25.021  1098  1098 E CompositionEngine: map unknown (BT709 sRGB Full range)/(Unknown RenderIntent) to default color mode
09-11 19:19:25.035  8627  8627 D DeviceStatisticsService: chargerType=2 batteryLevel=41 totalBatteryCapacity=3792900
09-11 19:19:25.155  1098  1098 E CompositionEngine: map unknown (BT709 sRGB Full range)/(Unknown RenderIntent) to default color mode
09-11 19:19:27.009 19947 24840 I Authzen : [DeviceStateSyncManager] The server is in sync with current state. Nothing to do
09-11 19:19:27.011 24671 24842 I TetheringManager: registerTetheringEventCallback:com.google.android.gms
09-11 19:19:27.032 24671 24842 I Authzen : [DeviceStateSyncManager] The server is in sync with current state. Nothing to do
09-11 19:19:28.120  1664  7162 E QMI_FW  : qmi_cci_get_ref: ref count increased 2
09-11 19:19:28.122  1664  1732 E QMI_FW  : qmi_cci_get_ref: ref count increased 2
09-11 19:19:28.168  3155  3155 D PhoneInterfaceManager: [PhoneIntfMgr] getPhoneFromSubId: 6
09-11 19:19:28.180  1664  1732 E QMI_FW  : qmi_cci_get_ref: ref count increased 2
09-11 19:19:28.184  1664  1732 E QMI_FW  : qmi_cci_get_ref: ref count increased 2
09-11 19:19:28.209  3155  3155 D MDM-OPMdmListener: onCellInfoChanged the cellInfo changed phoneId 0
09-11 19:19:28.373 24087 24087 I StatusBar.BrightnessController: animationDuration:4000
09-11 19:19:28.374  1555  1860 I android_os_HwBinder: HwBinder: Starting thread pool for getting: vendor.oneplus.hardware.display@1.0::IOneplusDisplay/default
09-11 19:19:28.375 24087 24109 D StatusBar.BrightnessController: UpdateSliderTask: valFloat=0.20397119, vAIB=1045487059, auto=true, inVr=false
09-11 19:19:28.375 24087 24087 I StatusBar.BrightnessController: animationDuration:4000
09-11 19:19:28.376 24087 24109 D StatusBar.BrightnessController: UpdateSliderTask: valFloat=0.20397119, vAIB=1045487059, auto=true, inVr=false
09-11 19:19:28.376  1019  1019 D vendor.oneplus.hardware.display@1.0-service: OneplusDisplay::setMode is OK mode=23 enable= 1
09-11 19:19:28.376 24087 24087 D StatusBar.BrightnessController: animateSliderTo: animating from 212 to 406
09-11 19:19:28.376 24087 24087 D StatusBar.BrightnessController: AMD:4000
09-11 19:19:28.378 24087 24109 D StatusBar.BrightnessController: UpdateSliderTask: valFloat=0.20397119, vAIB=1045487059, auto=true, inVr=false
09-11 19:19:28.378 24087 24087 E ndroid.systemu: Invalid ID 0x00000000.
09-11 19:19:28.380 24087 24087 I chatty  : uid=10039(com.android.systemui) identical 7 lines
09-11 19:19:28.380 24087 24087 E ndroid.systemu: Invalid ID 0x00000000.
09-11 19:19:28.381 24087 24109 D StatusBar.BrightnessController: UpdateSliderTask: valFloat=0.20397119, vAIB=1045487059, auto=true, inVr=false
09-11 19:19:28.381 24087 24087 E ndroid.systemu: Invalid ID 0x00000000.
09-11 19:19:28.382 24087 24087 I chatty  : uid=10039(com.android.systemui) identical 7 lines
09-11 19:19:28.382 24087 24087 E ndroid.systemu: Invalid ID 0x00000000.
09-11 19:19:28.384 24087 24087 D StatusBar.BrightnessController: animateSliderTo: animating from 212 to 406
09-11 19:19:28.384 24087 24087 D StatusBar.BrightnessController: AMD:4000
09-11 19:19:28.385 24087 24087 D StatusBar.BrightnessController: animateSliderTo: cancel anim.
09-11 19:19:28.385 24087 24087 D StatusBar.BrightnessController: animateSliderTo: animating from 212 to 406
09-11 19:19:28.385 24087 24087 D StatusBar.BrightnessController: AMD:4000
09-11 19:19:28.390 24087 24087 D StatusBar.BrightnessController: animateSliderTo: cancel anim.
09-11 19:19:28.390 24087 24087 D StatusBar.BrightnessController: animateSliderTo: animating from 212 to 406
09-11 19:19:28.390 24087 24087 D StatusBar.BrightnessController: AMD:4000
09-11 19:19:28.392 24087 24087 I StatusBar.BrightnessController: animationDuration:5000
09-11 19:19:28.395 24087 24087 I StatusBar.BrightnessController: animationDuration:5000
09-11 19:19:28.400 24087 24109 D StatusBar.BrightnessController: UpdateSliderTask: valFloat=0.20397119, vAIB=1045487059, auto=true, inVr=false
09-11 19:19:28.400 24087 24087 D StatusBar.BrightnessController: animateSliderTo: cancel anim.
09-11 19:19:28.400 24087 24087 D StatusBar.BrightnessController: animateSliderTo: animating from 212 to 406
09-11 19:19:28.400 24087 24087 D StatusBar.BrightnessController: AMD:5000
09-11 19:19:28.401 24087 24109 D StatusBar.BrightnessController: UpdateSliderTask: valFloat=0.20397119, vAIB=1045487059, auto=true, inVr=false
09-11 19:19:28.401 24087 24087 D StatusBar.BrightnessController: animateSliderTo: cancel anim.
09-11 19:19:28.401 24087 24087 D StatusBar.BrightnessController: animateSliderTo: animating from 212 to 406
09-11 19:19:28.401 24087 24087 D StatusBar.BrightnessController: AMD:5000
09-11 19:19:29.009 24087 24109 D NetworkController.MobileSignalController(6): onSignalStrengthsChanged signalStrength=SignalStrength:{mCdma=CellSignalStrengthCdma: cdmaDbm=2147483647 cdmaEcio=2147483647 evdoDbm=2147483647 evdoEcio=2147483647 evdoSnr=2147483647 level=0 oplevel=0,mGsm=CellSignalStrengthGsm: rssi=2147483647 ber=2147483647 mTa=2147483647 mLevel=0,mWcdma=CellSignalStrengthWcdma: ss=2147483647 ber=2147483647 rscp=2147483647 ecno=2147483647 level=0 oplevel=0,mTdscdma=CellSignalStrengthTdscdma: rssi=2147483647 ber=2147483647 rscp=2147483647 level=0,mLte=CellSignalStrengthLte: rssi=-71 rsrp=-118 rsrq=-20 rssnr=-12 cqi=2147483647 ta=2147483647 level=2 parametersUseForLevel=0 oplevel=2,mNr=CellSignalStrengthNr:{ csiRsrp = 2147483647 csiRsrq = 2147483647 csiSinr = 2147483647 ssRsrp = 2147483647 ssRsrq = 2147483647 ssSinr = 2147483647 level = 0 parametersUseForLevel = 0 },primary=CellSignalStrengthLte,voice level =2,data level =3,isGsm =true} level=3 voicelevel=2 datalevel=3
09-11 19:19:29.020 24087 24109 D NetworkController.MobileSignalController(6): onSignalStrengthsChanged signalStrength=SignalStrength:{mCdma=CellSignalStrengthCdma: cdmaDbm=2147483647 cdmaEcio=2147483647 evdoDbm=2147483647 evdoEcio=2147483647 evdoSnr=2147483647 level=0 oplevel=0,mGsm=CellSignalStrengthGsm: rssi=2147483647 ber=2147483647 mTa=2147483647 mLevel=0,mWcdma=CellSignalStrengthWcdma: ss=2147483647 ber=2147483647 rscp=2147483647 ecno=2147483647 level=0 oplevel=0,mTdscdma=CellSignalStrengthTdscdma: rssi=2147483647 ber=2147483647 rscp=2147483647 level=0,mLte=CellSignalStrengthLte: rssi=-71 rsrp=-118 rsrq=-20 rssnr=-12 cqi=2147483647 ta=2147483647 level=2 parametersUseForLevel=0 oplevel=2,mNr=CellSignalStrengthNr:{ csiRsrp = 2147483647 csiRsrq = 2147483647 csiSinr = 2147483647 ssRsrp = 2147483647 ssRsrq = 2147483647 ssSinr = 2147483647 level = 0 parametersUseForLevel = 0 },primary=CellSignalStrengthLte,voice level =2,data level =2,isGsm =true} level=2 voicelevel=2 datalevel=2
09-11 19:19:29.027 24087 24109 D NetworkController.MobileSignalController(6): notifyListeners, showSimLoadedFakeIcon :false
09-11 19:19:29.033 24087 24087 E ndroid.systemu: Invalid ID 0x00000000.
09-11 19:19:29.033 24087 24087 I chatty  : uid=10039(com.android.systemui) identical 1 line
09-11 19:19:29.034 24087 24087 E ndroid.systemu: Invalid ID 0x00000000.
09-11 19:19:29.075  1098  1098 E CompositionEngine: map unknown (BT709 sRGB Full range)/(Unknown RenderIntent) to default color mode
09-11 19:19:29.987 24442 24442 W xample.doggler: Accessing hidden method Landroid/view/WindowManagerGlobal;->getInstance()Landroid/view/WindowManagerGlobal; (greylist, reflection, allowed)
09-11 19:19:29.988 24442 24442 W xample.doggler: Accessing hidden field Landroid/view/WindowManagerGlobal;->mViews:Ljava/util/ArrayList; (greylist, reflection, allowed)
09-11 19:19:29.988 24442 24442 W xample.doggler: Accessing hidden field Landroid/view/WindowManagerGlobal;->mParams:Ljava/util/ArrayList; (greylist, reflection, allowed)
09-11 19:19:30.044  1664  7162 E QMI_FW  : qmi_cci_get_ref: ref count increased 2
09-11 19:19:30.049  1555  5220 D ActivityTrigger: ActivityTrigger activityPauseTrigger
09-11 19:19:30.050   866   875 E statsd  : Predicate 5980654721335871649 dropping data for dimension key (10)0x2010101->10573[I] (10)0x30000->*launch*[S]
09-11 19:19:30.051  2741  2816 I QcrilOemhookMsgTunnel: [0]processOemHookIndication length=22
09-11 19:19:30.054  1664  1732 E QMI_FW  : qmi_cci_get_ref: ref count increased 2
09-11 19:19:30.055 24442 24442 D LifecycleMonitor: Lifecycle status change: com.example.dogglers.GridListActivity@7b9e9e9 in: PAUSED
09-11 19:19:30.055 24442 24442 V ActivityScenario: Activity lifecycle changed event received but ignored because the intent does not match. startActivityIntent=Intent { act=android.intent.action.MAIN cat=[android.intent.category.LAUNCHER] cmp=com.example.dogglers/.MainActivity }, activity.getIntent()=Intent { cmp=com.example.dogglers/.GridListActivity }, activity=com.example.dogglers.GridListActivity@7b9e9e9
09-11 19:19:30.056  1664  1732 E QMI_FW  : qmi_cci_get_ref: ref count increased 2
09-11 19:19:30.056  1555  1714 D OpPowerConsumpStatsInjector: notifyPkgEvent
09-11 19:19:30.056 24087 24099 I ndroid.systemu: NativeAlloc concurrent copying GC freed 184144(6324KB) AllocSpace objects, 1(20KB) LOS objects, 49% free, 12MB/25MB, paused 78us total 124.949ms
09-11 19:19:30.063  1098  1098 E CompositionEngine: map unknown (BT709 sRGB Full range)/(Unknown RenderIntent) to default color mode
09-11 19:19:30.066  1664 24848 E QMI_FW  : qmi_cci_get_ref: ref count increased 2
09-11 19:19:30.067  1555  1714 D OpPowerConsumpStatsInjector: notifyPkgEvent
09-11 19:19:30.067  1664 24848 E QMI_FW  : qmi_cci_get_ref: ref count increased 2
09-11 19:19:30.070  1664 24847 E QMI_FW  : qmi_cci_get_ref: ref count increased 2
09-11 19:19:30.070  1664 24847 E QMI_FW  : qmi_cci_get_ref: ref count increased 2
09-11 19:19:30.075 24442 24442 D LifecycleMonitor: Lifecycle status change: androidx.test.core.app.InstrumentationActivityInvoker$EmptyActivity@f7288e5 in: PRE_ON_CREATE
09-11 19:19:30.075 24442 24442 V ActivityScenario: Activity lifecycle changed event received but ignored because the intent does not match. startActivityIntent=Intent { act=android.intent.action.MAIN cat=[android.intent.category.LAUNCHER] cmp=com.example.dogglers/.MainActivity }, activity.getIntent()=Intent { act=android.intent.action.MAIN cat=[android.intent.category.LAUNCHER] flg=0x10000000 cmp=com.example.dogglers/androidx.test.core.app.InstrumentationActivityInvoker$EmptyActivity }, activity=androidx.test.core.app.InstrumentationActivityInvoker$EmptyActivity@f7288e5
09-11 19:19:30.079  1098  1098 E CompositionEngine: map unknown (BT709 sRGB Full range)/(Unknown RenderIntent) to default color mode
09-11 19:19:30.084 24442 24442 E xample.doggler: Invalid ID 0x00000000.
09-11 19:19:30.086 24442 24442 D LifecycleMonitor: Lifecycle status change: androidx.test.core.app.InstrumentationActivityInvoker$EmptyActivity@f7288e5 in: CREATED
09-11 19:19:30.086 24442 24442 V ActivityScenario: Activity lifecycle changed event received but ignored because the intent does not match. startActivityIntent=Intent { act=android.intent.action.MAIN cat=[android.intent.category.LAUNCHER] cmp=com.example.dogglers/.MainActivity }, activity.getIntent()=Intent { act=android.intent.action.MAIN cat=[android.intent.category.LAUNCHER] flg=0x10000000 cmp=com.example.dogglers/androidx.test.core.app.InstrumentationActivityInvoker$EmptyActivity }, activity=androidx.test.core.app.InstrumentationActivityInvoker$EmptyActivity@f7288e5
09-11 19:19:30.088 24442 24442 D LifecycleMonitor: Lifecycle status change: androidx.test.core.app.InstrumentationActivityInvoker$EmptyActivity@f7288e5 in: STARTED
09-11 19:19:30.088 24442 24442 V ActivityScenario: Activity lifecycle changed event received but ignored because the intent does not match. startActivityIntent=Intent { act=android.intent.action.MAIN cat=[android.intent.category.LAUNCHER] cmp=com.example.dogglers/.MainActivity }, activity.getIntent()=Intent { act=android.intent.action.MAIN cat=[android.intent.category.LAUNCHER] flg=0x10000000 cmp=com.example.dogglers/androidx.test.core.app.InstrumentationActivityInvoker$EmptyActivity }, activity=androidx.test.core.app.InstrumentationActivityInvoker$EmptyActivity@f7288e5
09-11 19:19:30.089 24087 24109 D NetworkController.MobileSignalController(6): onServiceStateChanged voiceState=0 dataState=0 isUsingCarrierAggregation:false getDataNetworkType:13 getVoiceNetworkType:13 wwanAccessNetworkType:13
09-11 19:19:30.090 24442 24442 D LifecycleMonitor: Lifecycle status change: androidx.test.core.app.InstrumentationActivityInvoker$EmptyActivity@f7288e5 in: RESUMED
09-11 19:19:30.091 24442 24442 V ActivityScenario: Activity lifecycle changed event received but ignored because the intent does not match. startActivityIntent=Intent { act=android.intent.action.MAIN cat=[android.intent.category.LAUNCHER] cmp=com.example.dogglers/.MainActivity }, activity.getIntent()=Intent { act=android.intent.action.MAIN cat=[android.intent.category.LAUNCHER] flg=0x10000000 cmp=com.example.dogglers/androidx.test.core.app.InstrumentationActivityInvoker$EmptyActivity }, activity=androidx.test.core.app.InstrumentationActivityInvoker$EmptyActivity@f7288e5
09-11 19:19:30.091  3155  3155 D ServiceStateProvider: subId=6
09-11 19:19:30.096 24442 24442 V ViewRootImpl: The specified message queue synchronization  barrier token has not been posted or has already been removed
09-11 19:19:30.098 24087 24087 D KeyguardUpdateMonitor: received broadcast android.intent.action.SERVICE_STATE
09-11 19:19:30.099 24087 24087 V KeyguardUpdateMonitor: action android.intent.action.SERVICE_STATE serviceState={mVoiceRegState=0(IN_SERVICE), mDataRegState=0(IN_SERVICE), mChannelNumber=2950, duplexMode()=1, mCellBandwidths=[20000], mOperatorAlphaLong=CLARO BR, mOperatorAlphaShort=CLARO BR, isManualNetworkSelection=false(automatic), getRilVoiceRadioTechnology=14(LTE), getRilDataRadioTechnology=14(LTE), mCssIndicator=unsupported, mNetworkId=-1, mSystemId=-1, mCdmaRoamingIndicator=-1, mCdmaDefaultRoamingIndicator=-1, mIsEmergencyOnly=false, isUsingCarrierAggregation=false, mLteEarfcnRsrpBoost=0, mNetworkRegistrationInfos=[NetworkRegistrationInfo{ domain=CS transportType=WWAN registrationState=HOME roamingType=NOT_ROAMING accessNetworkTechnology=LTE rejectCause=0 emergencyEnabled=false availableServices=[VOICE,SMS,VIDEO] cellIdentity=CellIdentityLte:{ mCi=54461955 mPci=144 mTac=44921 mEarfcn=2950 mBands=[] mBandwidth=20000 mMcc=724 mMnc=05 mAlphaLong=Claro BR mAlphaShort=Claro BR mAdditionalPlmns={} mCsgInfo=null} voiceSpecificInfo=VoiceSpecificRegistrationInfo { mCssSupported=false mRoamingIndicator=1 mSystemIsInPrl=-1 mDefaultRoamingIndicator=-1} dataSpecificInfo=null nrState=NONE rRplmn=72405}, NetworkRegistrationInfo{ domain=PS transportType=WWAN registrationState=HOME roamingType=NOT_ROAMING accessNetworkTechnology=LTE rejectCause=0 emergencyEnabled=false availableServices=[DATA] cellIdentity=CellIdentityLte:{ mCi=54461955 mPci=144 mTac=44921 mEarfcn=2950 mBands=[] mBandwidth=20000 mMcc=724 mMnc=05 mAlphaLong=Claro BR mAlphaShort=Claro BR mAdditionalPlmns={} mCsgInfo=null} voiceSpecificInfo=null dataSpecificInfo=android.telephony.DataSpecificRegistrationInfo :{ maxDataCalls = 20 isDcNrRestricted = false isNrAvailable = false isEnDcAvailable = false LteVopsSupportInfo :  mVopsSupport = 2 mEmcBearerSupport = 3 mIsUsingCarrierAggregation = false } nrState=NONE rRplmn=72405}], mNrFrequencyRange=0, mOperatorAlphaLongRaw=CLARO BR, mOperatorAlphaShortRaw=CLARO BR, mIsDataRoamingFromRegistration=false, mIsIwlanPreferred=false} subId=6
09-11 19:19:30.099 24087 24087 D KeyguardUpdateMonitor: handleServiceStateChange(subId=6, serviceState={mVoiceRegState=0(IN_SERVICE), mDataRegState=0(IN_SERVICE), mChannelNumber=2950, duplexMode()=1, mCellBandwidths=[20000], mOperatorAlphaLong=CLARO BR, mOperatorAlphaShort=CLARO BR, isManualNetworkSelection=false(automatic), getRilVoiceRadioTechnology=14(LTE), getRilDataRadioTechnology=14(LTE), mCssIndicator=unsupported, mNetworkId=-1, mSystemId=-1, mCdmaRoamingIndicator=-1, mCdmaDefaultRoamingIndicator=-1, mIsEmergencyOnly=false, isUsingCarrierAggregation=false, mLteEarfcnRsrpBoost=0, mNetworkRegistrationInfos=[NetworkRegistrationInfo{ domain=CS transportType=WWAN registrationState=HOME roamingType=NOT_ROAMING accessNetworkTechnology=LTE rejectCause=0 emergencyEnabled=false availableServices=[VOICE,SMS,VIDEO] cellIdentity=CellIdentityLte:{ mCi=54461955 mPci=144 mTac=44921 mEarfcn=2950 mBands=[] mBandwidth=20000 mMcc=724 mMnc=05 mAlphaLong=Claro BR mAlphaShort=Claro BR mAdditionalPlmns={} mCsgInfo=null} voiceSpecificInfo=VoiceSpecificRegistrationInfo { mCssSupported=false mRoamingIndicator=1 mSystemIsInPrl=-1 mDefaultRoamingIndicator=-1} dataSpecificInfo=null nrState=NONE rRplmn=72405}, NetworkRegistrationInfo{ domain=PS transportType=WWAN registrationState=HOME roamingType=NOT_ROAMING accessNetworkTechnology=LTE rejectCause=0 emergencyEnabled=false availableServices=[DATA] cellIdentity=CellIdentityLte:{ mCi=54461955 mPci=144 mTac=44921 mEarfcn=2950 mBands=[] mBandwidth=20000 mMcc=724 mMnc=05 mAlphaLong=Claro BR mAlphaShort=Claro BR mAdditionalPlmns={} mCsgInfo=null} voiceSpecificInfo=null dataSpecificInfo=android.telephony.DataSpecificRegistrationInfo :{ maxDataCalls = 20 isDcNrRestricted = false isNrAvailable = false isEnDcAvailable = false LteVopsSupportInfo :  mVopsSupport = 2 mEmcBearerSupport = 3 mIsUsingCarrierAggregation = false } nrState=NONE rRplmn=72405}], mNrFrequencyRange=0, mOperatorAlphaLongRaw=CLARO BR, mOperatorAlphaShortRaw=CLARO BR, mIsDataRoamingFromRegistration=false, mIsIwlanPreferred=false}
09-11 19:19:30.100 24442 24442 D ViewRootImpl[GridListActivity]: windowFocusChanged hasFocus=false inTouchMode=true
09-11 19:19:30.100 24569 24569 D CellBroadcastReceiver: onReceive Intent { act=android.intent.action.SERVICE_STATE flg=0x1000010 cmp=com.google.android.cellbroadcastreceiver/com.android.cellbroadcastreceiver.CellBroadcastReceiver (has extras) }
09-11 19:19:30.105  1098  1098 E CompositionEngine: map unknown (BT709 sRGB Full range)/(Unknown RenderIntent) to default color mode
09-11 19:19:30.105  3155  3155 I Telephony: isRttCurrentlySupported -- regular acct, hasVoiceAvailability: false
09-11 19:19:30.105  3155  3155 I Telephony:  isRttSupported: false
09-11 19:19:30.105  3155  3155 I Telephony:  isRoaming: false
09-11 19:19:30.105  3155  3155 I Telephony:  isOnWfc: false
09-11 19:19:30.105  3155  3155 D OPDiagnoseManagerTelephonyReceiver: onServiceStateChanged serviceState = 0, slotIndex = 0 , isShutdownPeriod() = false
09-11 19:19:30.106  3155  3155 D OPDiagnoseManagerTelephonyReceiver: onServiceStateChanged getNetworkRegistrationInfoList = [NetworkRegistrationInfo{ domain=CS transportType=WWAN registrationState=HOME roamingType=NOT_ROAMING accessNetworkTechnology=LTE rejectCause=0 emergencyEnabled=false availableServices=[VOICE,SMS,VIDEO] cellIdentity=CellIdentityLte:{ mCi=54461955 mPci=144 mTac=44921 mEarfcn=2950 mBands=[] mBandwidth=20000 mMcc=724 mMnc=05 mAlphaLong=Claro BR mAlphaShort=Claro BR mAdditionalPlmns={} mCsgInfo=null} voiceSpecificInfo=VoiceSpecificRegistrationInfo { mCssSupported=false mRoamingIndicator=1 mSystemIsInPrl=-1 mDefaultRoamingIndicator=-1} dataSpecificInfo=null nrState=NONE rRplmn=72405}, NetworkRegistrationInfo{ domain=PS transportType=WWAN registrationState=HOME roamingType=NOT_ROAMING accessNetworkTechnology=LTE rejectCause=0 emergencyEnabled=false availableServices=[DATA] cellIdentity=CellIdentityLte:{ mCi=54461955 mPci=144 mTac=44921 mEarfcn=2950 mBands=[] mBandwidth=20000 mMcc=724 mMnc=05 mAlphaLong=Claro BR mAlphaShort=Claro BR mAdditionalPlmns={} mCsgInfo=null} voiceSpecificInfo=null dataSpecificInfo=android.telephony.DataSpecificRegistrationInfo :{ maxDataCalls = 20 isDcNrRestricted = false isNrAvailable = false isEnDcAvailable = false LteVopsSupportInfo :  mVopsSupport = 2 mEmcBearerSupport = 3 mIsUsingCarrierAggregation = false } nrState=NONE rRplmn=72405}]
09-11 19:19:30.107  3155  3155 I PhoneGlobals: noServiceSimNotification  subId: 6 slotId: 0 state: 0
09-11 19:19:30.107  3155  3155 I OPSimAlarmReceiver: SoltId 0 isScheduled false
09-11 19:19:30.108  3155  3155 V PhoneGlobals: subId=6,mDefaultDataSubId=6,ss roaming=false
09-11 19:19:30.111 24087 24087 E OpReflectionUtils: getValue NoSuchField class com.android.keyguard.CarrierTextController field mIsEmergencyCallCapable
09-11 19:19:30.111 24087 24087 I chatty  : uid=10039(com.android.systemui) identical 1 line
09-11 19:19:30.112 24087 24087 E OpReflectionUtils: getValue NoSuchField class com.android.keyguard.CarrierTextController field mIsEmergencyCallCapable
09-11 19:19:30.115 24087 24087 D EmergencyButton: requestCellInfoUpdate.onCellInfo is null or empty on phone0
09-11 19:19:30.119 24087 24087 D EmergencyButton: requestCellInfoUpdate.onCellInfo is null or empty on phone1
09-11 19:19:30.122  1098  1098 E CompositionEngine: map unknown (BT709 sRGB Full range)/(Unknown RenderIntent) to default color mode
09-11 19:19:30.138  1098  1098 E CompositionEngine: map unknown (BT709 sRGB Full range)/(Unknown RenderIntent) to default color mode
09-11 19:19:30.141  1098  1155 E surfaceflinger: [frame_perf] AutoTurboBoostQuery fd<0 failed, errno=Inappropriate ioctl for device
09-11 19:19:30.141  1098  1155 E surfaceflinger: [frame_perf] AutoBoostConfigQuery fd<0 failed, errno=No such file or directory
09-11 19:19:30.145  1555  1715 D Letterbox: show it
09-11 19:19:30.148  1555  1855 I ===> HoustonPackage: addLaunchTimeInfo: for com.example.dogglers/androidx.test.core.app.InstrumentationActivityInvoker$EmptyActivity isCold:false launchTime:108
09-11 19:19:30.148  1555  1746 I ActivityTaskManager: Displayed com.example.dogglers/androidx.test.core.app.InstrumentationActivityInvoker$EmptyActivity: +108ms
09-11 19:19:30.157  1098  1098 E CompositionEngine: map unknown (BT709 sRGB Full range)/(Unknown RenderIntent) to default color mode
09-11 19:19:30.162  1555  5182 D ActivityTrigger: ActivityTrigger activityPauseTrigger
09-11 19:19:30.169 24442 24442 D DecorView: onWindowFocusChangedFromViewRoot hasFocus: true, DecorView@775cfe3[InstrumentationActivityInvoker$EmptyActivity]
09-11 19:19:30.171 24442 24442 D ViewRootImpl[InstrumentationActivityInvoker$EmptyActivity]: windowFocusChanged hasFocus=true inTouchMode=true
09-11 19:19:30.172  1098  1098 E CompositionEngine: map unknown (BT709 sRGB Full range)/(Unknown RenderIntent) to default color mode
09-11 19:19:30.172 24442 24442 D LifecycleMonitor: Lifecycle status change: com.example.dogglers.MainActivity@2010495 in: DESTROYED
09-11 19:19:30.172 24442 24442 V ActivityScenario: Update currentActivityStage to DESTROYED, currentActivity=null
09-11 19:19:30.175 24087 24087 D KeyButtonRipple:  draw SupportHardware=true Type=ROUNDED_RECT
09-11 19:19:30.175 24087 24087 I chatty  : uid=10039(com.android.systemui) identical 1 line
09-11 19:19:30.175 24087 24087 D KeyButtonRipple:  draw SupportHardware=true Type=ROUNDED_RECT
09-11 19:19:30.182 24442 24442 D LifecycleMonitor: Lifecycle status change: androidx.test.core.app.InstrumentationActivityInvoker$EmptyActivity@f7288e5 in: PAUSED
09-11 19:19:30.182 24442 24442 V ActivityScenario: Activity lifecycle changed event received but ignored because the intent does not match. startActivityIntent=Intent { act=android.intent.action.MAIN cat=[android.intent.category.LAUNCHER] cmp=com.example.dogglers/.MainActivity }, activity.getIntent()=Intent { act=android.intent.action.MAIN cat=[android.intent.category.LAUNCHER] flg=0x10000000 cmp=com.example.dogglers/androidx.test.core.app.InstrumentationActivityInvoker$EmptyActivity }, activity=androidx.test.core.app.InstrumentationActivityInvoker$EmptyActivity@f7288e5
09-11 19:19:30.189  1098  1098 E CompositionEngine: map unknown (BT709 sRGB Full range)/(Unknown RenderIntent) to default color mode
09-11 19:19:30.190 24087 24087 D KeyButtonRipple:  draw SupportHardware=true Type=ROUNDED_RECT
09-11 19:19:30.190 24087 24087 I chatty  : uid=10039(com.android.systemui) identical 1 line
09-11 19:19:30.190 24087 24087 D KeyButtonRipple:  draw SupportHardware=true Type=ROUNDED_RECT
09-11 19:19:30.194 18173 18173 I GoogleInputMethodService: GoogleInputMethodService.onFinishInput():3274
09-11 19:19:30.195 18173 18173 I GoogleInputMethodService: GoogleInputMethodService.updateDeviceLockedStatus():2166 repeatCheckTimes = 0, unlocked = true
09-11 19:19:30.195 18173 18173 I GoogleInputMethodService: GoogleInputMethodService.onStartInput():1957 onStartInput(EditorInfo{inputType=0x0(NULL) imeOptions=0x0 privateImeOptions=null actionName=UNSPECIFIED actionLabel=null actionId=0 initialSelStart=-1 initialSelEnd=-1 initialCapsMode=0x0 hintText=null label=null packageName=com.example.dogglers fieldId=-1 fieldName=null extras=null}, false)
09-11 19:19:30.195 18173 18173 I GoogleInputMethodService: GoogleInputMethodService.shouldHideHeaderOnInitialState():4078 ShouldHideHeaderOnInitialState = false
09-11 19:19:30.196 18173 18173 I GoogleInputMethodService: GoogleInputMethodService.updateDeviceLockedStatus():2166 repeatCheckTimes = 2, unlocked = true
09-11 19:19:30.197  1555  1714 D OpPowerConsumpStatsInjector: notifyPkgEvent
09-11 19:19:30.197 24442 24442 D LifecycleMonitor: Lifecycle status change: androidx.test.core.app.InstrumentationActivityInvoker$BootstrapActivity@71e0b01 in: DESTROYED
09-11 19:19:30.197 24442 24442 V ActivityScenario: Activity lifecycle changed event received but ignored because the intent does not match. startActivityIntent=Intent { act=android.intent.action.MAIN cat=[android.intent.category.LAUNCHER] cmp=com.example.dogglers/.MainActivity }, activity.getIntent()=Intent { act=android.intent.action.MAIN cat=[android.intent.category.LAUNCHER] flg=0x10008000 cmp=com.example.dogglers/androidx.test.core.app.InstrumentationActivityInvoker$BootstrapActivity (has extras) }, activity=androidx.test.core.app.InstrumentationActivityInvoker$BootstrapActivity@71e0b01
09-11 19:19:30.199  1555  1714 D OpPowerConsumpStatsInjector: notifyPkgEvent
09-11 19:19:30.202 24442 24442 D LifecycleMonitor: Lifecycle status change: androidx.test.core.app.InstrumentationActivityInvoker$EmptyActivity@3d1d75e in: PRE_ON_CREATE
09-11 19:19:30.202 24442 24442 V ActivityScenario: Activity lifecycle changed event received but ignored because the intent does not match. startActivityIntent=Intent { act=android.intent.action.MAIN cat=[android.intent.category.LAUNCHER] cmp=com.example.dogglers/.MainActivity }, activity.getIntent()=Intent { act=android.intent.action.MAIN cat=[android.intent.category.LAUNCHER] flg=0x10000000 cmp=com.example.dogglers/androidx.test.core.app.InstrumentationActivityInvoker$EmptyActivity }, activity=androidx.test.core.app.InstrumentationActivityInvoker$EmptyActivity@3d1d75e
09-11 19:19:30.206  1098  1098 E CompositionEngine: map unknown (BT709 sRGB Full range)/(Unknown RenderIntent) to default color mode
09-11 19:19:30.213 24442 24442 E xample.doggler: Invalid ID 0x00000000.
09-11 19:19:30.214 24442 24442 D LifecycleMonitor: Lifecycle status change: androidx.test.core.app.InstrumentationActivityInvoker$EmptyActivity@3d1d75e in: CREATED
09-11 19:19:30.214 24442 24442 V ActivityScenario: Activity lifecycle changed event received but ignored because the intent does not match. startActivityIntent=Intent { act=android.intent.action.MAIN cat=[android.intent.category.LAUNCHER] cmp=com.example.dogglers/.MainActivity }, activity.getIntent()=Intent { act=android.intent.action.MAIN cat=[android.intent.category.LAUNCHER] flg=0x10000000 cmp=com.example.dogglers/androidx.test.core.app.InstrumentationActivityInvoker$EmptyActivity }, activity=androidx.test.core.app.InstrumentationActivityInvoker$EmptyActivity@3d1d75e
09-11 19:19:30.216 24442 24442 D LifecycleMonitor: Lifecycle status change: androidx.test.core.app.InstrumentationActivityInvoker$EmptyActivity@3d1d75e in: STARTED
09-11 19:19:30.216 24442 24442 V ActivityScenario: Activity lifecycle changed event received but ignored because the intent does not match. startActivityIntent=Intent { act=android.intent.action.MAIN cat=[android.intent.category.LAUNCHER] cmp=com.example.dogglers/.MainActivity }, activity.getIntent()=Intent { act=android.intent.action.MAIN cat=[android.intent.category.LAUNCHER] flg=0x10000000 cmp=com.example.dogglers/androidx.test.core.app.InstrumentationActivityInvoker$EmptyActivity }, activity=androidx.test.core.app.InstrumentationActivityInvoker$EmptyActivity@3d1d75e
09-11 19:19:30.217 24442 24442 D LifecycleMonitor: Lifecycle status change: androidx.test.core.app.InstrumentationActivityInvoker$EmptyActivity@3d1d75e in: RESUMED
09-11 19:19:30.218 24442 24442 V ActivityScenario: Activity lifecycle changed event received but ignored because the intent does not match. startActivityIntent=Intent { act=android.intent.action.MAIN cat=[android.intent.category.LAUNCHER] cmp=com.example.dogglers/.MainActivity }, activity.getIntent()=Intent { act=android.intent.action.MAIN cat=[android.intent.category.LAUNCHER] flg=0x10000000 cmp=com.example.dogglers/androidx.test.core.app.InstrumentationActivityInvoker$EmptyActivity }, activity=androidx.test.core.app.InstrumentationActivityInvoker$EmptyActivity@3d1d75e
09-11 19:19:30.222 24442 24442 V ViewRootImpl: The specified message queue synchronization  barrier token has not been posted or has already been removed
09-11 19:19:30.222  1098  1098 E CompositionEngine: map unknown (BT709 sRGB Full range)/(Unknown RenderIntent) to default color mode
09-11 19:19:30.226 24442 24442 D ViewRootImpl[InstrumentationActivityInvoker$EmptyActivity]: windowFocusChanged hasFocus=false inTouchMode=true
09-11 19:19:30.229  3155  3155 D PhoneSwitcherNetworkRequstListener: releaseNetworkFor NetworkRequest [ TRACK_DEFAULT id=41470, [ Capabilities: INTERNET&NOT_RESTRICTED&TRUSTED Uid: 10060 AdministratorUids: [] RequestorUid: 10060 RequestorPackageName: com.google.android.apps.maps] ]
09-11 19:19:30.230  3155  3155 D PhoneSwitcherNetworkRequstListener: releaseNetworkFor NetworkRequest [ TRACK_DEFAULT id=41468, [ Capabilities: INTERNET&NOT_RESTRICTED&TRUSTED Uid: 10060 AdministratorUids: [] RequestorUid: 10060 RequestorPackageName: com.google.android.apps.maps] ]
09-11 19:19:30.234   868   868 I Zygote  : Process 20885 exited due to signal 9 (Killed)
09-11 19:19:30.239  1098  1098 E CompositionEngine: map unknown (BT709 sRGB Full range)/(Unknown RenderIntent) to default color mode
09-11 19:19:30.243  1555  1743 I libprocessgroup: Successfully killed process cgroup uid 10060 pid 20885 in 47ms
09-11 19:19:30.251  1098  1154 E surfaceflinger: [frame_perf] AutoTurboBoostQuery fd<0 failed, errno=Inappropriate ioctl for device
09-11 19:19:30.251  1098  1154 E surfaceflinger: [frame_perf] AutoBoostConfigQuery fd<0 failed, errno=No such file or directory
09-11 19:19:30.254  1555  1715 D Letterbox: show it
09-11 19:19:30.254 24442 24442 D LifecycleMonitor: Lifecycle status change: com.example.dogglers.GridListActivity@7b9e9e9 in: STOPPED
09-11 19:19:30.254 24442 24442 V ActivityScenario: Activity lifecycle changed event received but ignored because the intent does not match. startActivityIntent=Intent { act=android.intent.action.MAIN cat=[android.intent.category.LAUNCHER] cmp=com.example.dogglers/.MainActivity }, activity.getIntent()=Intent { cmp=com.example.dogglers/.GridListActivity }, activity=com.example.dogglers.GridListActivity@7b9e9e9
09-11 19:19:30.256  1098  1098 E CompositionEngine: map unknown (BT709 sRGB Full range)/(Unknown RenderIntent) to default color mode
09-11 19:19:30.258  1555  1855 I ===> HoustonPackage: addLaunchTimeInfo: for com.example.dogglers/androidx.test.core.app.InstrumentationActivityInvoker$EmptyActivity isCold:false launchTime:101
09-11 19:19:30.258  1555  1746 I ActivityTaskManager: Displayed com.example.dogglers/androidx.test.core.app.InstrumentationActivityInvoker$EmptyActivity: +101ms
09-11 19:19:30.274  1098  1098 E CompositionEngine: map unknown (BT709 sRGB Full range)/(Unknown RenderIntent) to default color mode
09-11 19:19:30.279 24442 24442 D DecorView: onWindowFocusChangedFromViewRoot hasFocus: true, DecorView@3eb7436[InstrumentationActivityInvoker$EmptyActivity]
09-11 19:19:30.280 24442 24442 D ViewRootImpl[InstrumentationActivityInvoker$EmptyActivity]: windowFocusChanged hasFocus=true inTouchMode=true
09-11 19:19:30.290  1098  1098 E CompositionEngine: map unknown (BT709 sRGB Full range)/(Unknown RenderIntent) to default color mode
09-11 19:19:30.292  1555  5265 D ActivityTrigger: ActivityTrigger activityPauseTrigger
09-11 19:19:30.301 24442 24442 D LifecycleMonitor: Lifecycle status change: androidx.test.core.app.InstrumentationActivityInvoker$EmptyActivity@f7288e5 in: STOPPED
09-11 19:19:30.302 24442 24442 V ActivityScenario: Activity lifecycle changed event received but ignored because the intent does not match. startActivityIntent=Intent { act=android.intent.action.MAIN cat=[android.intent.category.LAUNCHER] cmp=com.example.dogglers/.MainActivity }, activity.getIntent()=Intent { act=android.intent.action.MAIN cat=[android.intent.category.LAUNCHER] flg=0x10000000 cmp=com.example.dogglers/androidx.test.core.app.InstrumentationActivityInvoker$EmptyActivity }, activity=androidx.test.core.app.InstrumentationActivityInvoker$EmptyActivity@f7288e5
09-11 19:19:30.302 18173 18173 I GoogleInputMethodService: GoogleInputMethodService.onFinishInput():3274
09-11 19:19:30.304 24442 24442 D LifecycleMonitor: Lifecycle status change: androidx.test.core.app.InstrumentationActivityInvoker$EmptyActivity@f7288e5 in: DESTROYED
09-11 19:19:30.304 18173 18173 I GoogleInputMethodService: GoogleInputMethodService.updateDeviceLockedStatus():2166 repeatCheckTimes = 0, unlocked = true
09-11 19:19:30.304 24442 24442 V ActivityScenario: Activity lifecycle changed event received but ignored because the intent does not match. startActivityIntent=Intent { act=android.intent.action.MAIN cat=[android.intent.category.LAUNCHER] cmp=com.example.dogglers/.MainActivity }, activity.getIntent()=Intent { act=android.intent.action.MAIN cat=[android.intent.category.LAUNCHER] flg=0x10000000 cmp=com.example.dogglers/androidx.test.core.app.InstrumentationActivityInvoker$EmptyActivity }, activity=androidx.test.core.app.InstrumentationActivityInvoker$EmptyActivity@f7288e5
09-11 19:19:30.304 18173 18173 I GoogleInputMethodService: GoogleInputMethodService.onStartInput():1957 onStartInput(EditorInfo{inputType=0x0(NULL) imeOptions=0x0 privateImeOptions=null actionName=UNSPECIFIED actionLabel=null actionId=0 initialSelStart=-1 initialSelEnd=-1 initialCapsMode=0x0 hintText=null label=null packageName=com.example.dogglers fieldId=-1 fieldName=null extras=null}, false)
09-11 19:19:30.304 18173 18173 I GoogleInputMethodService: GoogleInputMethodService.shouldHideHeaderOnInitialState():4078 ShouldHideHeaderOnInitialState = false
09-11 19:19:30.305 18173 18173 I GoogleInputMethodService: GoogleInputMethodService.updateDeviceLockedStatus():2166 repeatCheckTimes = 2, unlocked = true
09-11 19:19:30.307  1098  1098 E CompositionEngine: map unknown (BT709 sRGB Full range)/(Unknown RenderIntent) to default color mode
09-11 19:19:30.319  1555  2338 D skia    : got procName system_server for pid 1555
09-11 19:19:30.320 24442 24442 D ViewRootImpl[InstrumentationActivityInvoker$EmptyActivity]: windowFocusChanged hasFocus=false inTouchMode=true
09-11 19:19:30.320 24442 24442 D LifecycleMonitor: Lifecycle status change: androidx.test.core.app.InstrumentationActivityInvoker$EmptyActivity@3d1d75e in: PAUSED
09-11 19:19:30.321 24442 24442 V ActivityScenario: Activity lifecycle changed event received but ignored because the intent does not match. startActivityIntent=Intent { act=android.intent.action.MAIN cat=[android.intent.category.LAUNCHER] cmp=com.example.dogglers/.MainActivity }, activity.getIntent()=Intent { act=android.intent.action.MAIN cat=[android.intent.category.LAUNCHER] flg=0x10000000 cmp=com.example.dogglers/androidx.test.core.app.InstrumentationActivityInvoker$EmptyActivity }, activity=androidx.test.core.app.InstrumentationActivityInvoker$EmptyActivity@3d1d75e
09-11 19:19:30.322  1555  1714 D OpPowerConsumpStatsInjector: notifyPkgEvent
09-11 19:19:30.324  1098  1098 E CompositionEngine: map unknown (BT709 sRGB Full range)/(Unknown RenderIntent) to default color mode
09-11 19:19:30.327  1555  1714 D OpPowerConsumpStatsInjector: notifyPkgEvent
09-11 19:19:30.337 24442 24442 D LifecycleMonitor: Lifecycle status change: com.example.dogglers.GridListActivity@7b9e9e9 in: RESTARTED
09-11 19:19:30.337 24442 24442 V ActivityScenario: Activity lifecycle changed event received but ignored because the intent does not match. startActivityIntent=Intent { act=android.intent.action.MAIN cat=[android.intent.category.LAUNCHER] cmp=com.example.dogglers/.MainActivity }, activity.getIntent()=Intent { cmp=com.example.dogglers/.GridListActivity }, activity=com.example.dogglers.GridListActivity@7b9e9e9
09-11 19:19:30.338 24442 24442 D LifecycleMonitor: Lifecycle status change: com.example.dogglers.GridListActivity@7b9e9e9 in: STARTED
09-11 19:19:30.338 24442 24442 V ActivityScenario: Activity lifecycle changed event received but ignored because the intent does not match. startActivityIntent=Intent { act=android.intent.action.MAIN cat=[android.intent.category.LAUNCHER] cmp=com.example.dogglers/.MainActivity }, activity.getIntent()=Intent { cmp=com.example.dogglers/.GridListActivity }, activity=com.example.dogglers.GridListActivity@7b9e9e9
09-11 19:19:30.340  1098  1098 E CompositionEngine: map unknown (BT709 sRGB Full range)/(Unknown RenderIntent) to default color mode
09-11 19:19:30.340 24442 24442 D LifecycleMonitor: Lifecycle status change: com.example.dogglers.GridListActivity@7b9e9e9 in: RESUMED
09-11 19:19:30.341 24442 24442 V ActivityScenario: Activity lifecycle changed event received but ignored because the intent does not match. startActivityIntent=Intent { act=android.intent.action.MAIN cat=[android.intent.category.LAUNCHER] cmp=com.example.dogglers/.MainActivity }, activity.getIntent()=Intent { cmp=com.example.dogglers/.GridListActivity }, activity=com.example.dogglers.GridListActivity@7b9e9e9
09-11 19:19:30.356  1555  2338 D skia    : got procName system_server for pid 1555
09-11 19:19:30.357  1098  1098 E CompositionEngine: map unknown (BT709 sRGB Full range)/(Unknown RenderIntent) to default color mode
09-11 19:19:30.362  1098  1155 E surfaceflinger: [frame_perf] AutoTurboBoostQuery fd<0 failed, errno=Inappropriate ioctl for device
09-11 19:19:30.362  1098  1155 E surfaceflinger: [frame_perf] AutoBoostConfigQuery fd<0 failed, errno=No such file or directory
09-11 19:19:30.364  1555  1715 D Letterbox: show it
09-11 19:19:30.365 24442 24465 E TestRunner: failed: clicking_vertical_list_button_displays_vertical_list(com.example.dogglers.ButtonTests)
09-11 19:19:30.365 24442 24465 E TestRunner: ----- begin exception -----
09-11 19:19:30.366 24442 24465 E TestRunner: androidx.test.espresso.NoMatchingViewException: No views in hierarchy found matching: view.getId() is <2131231204/com.example.dogglers:id/vertical_btn>
09-11 19:19:30.366 24442 24465 E TestRunner:
09-11 19:19:30.366 24442 24465 E TestRunner: View Hierarchy:
09-11 19:19:30.366 24442 24465 E TestRunner: +>DecorView{id=-1, visibility=VISIBLE, width=2201, height=1080, has-focus=false, has-focusable=true, has-window-focus=true, is-clickable=false, is-enabled=true, is-focused=false, is-focusable=false, is-layout-requested=false, is-selected=false, layout-params={(0,0)(fillxfill) ty=BASE_APPLICATION wanim=0x10302fe
09-11 19:19:30.366 24442 24465 E TestRunner:   fl=LAYOUT_IN_SCREEN LAYOUT_INSET_DECOR SPLIT_TOUCH HARDWARE_ACCELERATED DRAWS_SYSTEM_BAR_BACKGROUNDS
09-11 19:19:30.366 24442 24465 E TestRunner:   pfl=FORCE_DRAW_STATUS_BAR_BACKGROUND FIT_INSETS_CONTROLLED
09-11 19:19:30.366 24442 24465 E TestRunner:   fitSides=}, tag=null, root-is-layout-requested=false, has-input-connection=false, x=0.0, y=0.0, child-count=3}
09-11 19:19:30.366 24442 24465 E TestRunner: |
09-11 19:19:30.366 24442 24465 E TestRunner: +->LinearLayout{id=-1, visibility=VISIBLE, width=2066, height=1080, has-focus=false, has-focusable=true, has-window-focus=true, is-clickable=false, is-enabled=true, is-focused=false, is-focusable=false, is-layout-requested=false, is-selected=false, layout-params=android.widget.FrameLayout$LayoutParams@929c823, tag=null, root-is-layout-requested=false, has-input-connection=false, x=135.0, y=0.0, child-count=2}
09-11 19:19:30.366 24442 24465 E TestRunner: |
09-11 19:19:30.366 24442 24465 E TestRunner: +-->ViewStub{id=16908726, res-name=action_mode_bar_stub, visibility=GONE, width=0, height=0, has-focus=false, has-focusable=false, has-window-focus=true, is-clickable=false, is-enabled=true, is-focused=false, is-focusable=false, is-layout-requested=true, is-selected=false, layout-params=android.widget.LinearLayout$LayoutParams@fd71120, tag=null, root-is-layout-requested=false, has-input-connection=false, x=0.0, y=0.0}
09-11 19:19:30.366 24442 24465 E TestRunner: |
09-11 19:19:30.366 24442 24465 E TestRunner: +-->FrameLayout{id=-1, visibility=VISIBLE, width=2066, height=1000, has-focus=false, has-focusable=true, has-window-focus=true, is-clickable=false, is-enabled=true, is-focused=false, is-focusable=false, is-layout-requested=false, is-selected=false, layout-params=android.widget.LinearLayout$LayoutParams@99f5c9e, tag=null, root-is-layout-requested=false, has-input-connection=false, x=0.0, y=80.0, child-count=1}
09-11 19:19:30.366 24442 24465 E TestRunner: |
09-11 19:19:30.366 24442 24465 E TestRunner: +--->ActionBarOverlayLayout{id=2131230866, res-name=decor_content_parent, visibility=VISIBLE, width=2066, height=1000, has-focus=false, has-focusable=true, has-window-focus=true, is-clickable=false, is-enabled=true, is-focused=false, is-focusable=false, is-layout-requested=false, is-selected=false, layout-params=android.widget.FrameLayout$LayoutParams@5daab95, tag=null, root-is-layout-requested=false, has-input-connection=false, x=0.0, y=0.0, child-count=2}
09-11 19:19:30.366 24442 24465 E TestRunner: |
