09-11 19:18:32.821 24087 24087 I KeyguardPasswordView: set params.topMargin:799
09-11 19:18:32.839 24087 24087 D KeyguardPasswordView: H.UPDATE_EMERGENCY_BUTTON
09-11 19:18:32.840 24087 24087 I KeyguardPasswordView: set params.topMargin:799
09-11 19:18:32.857 24087 24087 D KeyguardPasswordView: H.UPDATE_EMERGENCY_BUTTON
09-11 19:18:32.858 24087 24087 I KeyguardPasswordView: set params.topMargin:799
09-11 19:18:32.878 24087 24087 D KeyguardPasswordView: H.UPDATE_EMERGENCY_BUTTON
09-11 19:18:32.878 24087 24087 I KeyguardPasswordView: set params.topMargin:799
09-11 19:18:32.900 24087 24087 D KeyguardPasswordView: H.UPDATE_EMERGENCY_BUTTON
09-11 19:18:32.901 24087 24087 I KeyguardPasswordView: set params.topMargin:799
09-11 19:18:32.920 24087 24087 D KeyguardPasswordView: H.UPDATE_EMERGENCY_BUTTON
09-11 19:18:32.921 24087 24087 I KeyguardPasswordView: set params.topMargin:799
09-11 19:18:32.938 24087 24087 D KeyguardPasswordView: H.UPDATE_EMERGENCY_BUTTON
09-11 19:18:32.938 24087 24087 I KeyguardPasswordView: set params.topMargin:799
09-11 19:18:32.958 24087 24087 D KeyguardPasswordView: H.UPDATE_EMERGENCY_BUTTON
09-11 19:18:32.959 24087 24087 I KeyguardPasswordView: set params.topMargin:799
09-11 19:18:32.978 24087 24087 D KeyguardPasswordView: H.UPDATE_EMERGENCY_BUTTON
09-11 19:18:32.979 24087 24087 I KeyguardPasswordView: set params.topMargin:799
09-11 19:18:32.999 24087 24087 D KeyguardPasswordView: H.UPDATE_EMERGENCY_BUTTON
09-11 19:18:32.999 24087 24087 I KeyguardPasswordView: set params.topMargin:799
09-11 19:18:33.019 24087 24087 D KeyguardPasswordView: H.UPDATE_EMERGENCY_BUTTON
09-11 19:18:33.020 24087 24087 I KeyguardPasswordView: set params.topMargin:799
09-11 19:18:33.037 24087 24087 D KeyguardPasswordView: H.UPDATE_EMERGENCY_BUTTON
09-11 19:18:33.037 24087 24087 I KeyguardPasswordView: set params.topMargin:799
09-11 19:18:33.057 24087 24087 D KeyguardPasswordView: H.UPDATE_EMERGENCY_BUTTON
09-11 19:18:33.058 24087 24087 I KeyguardPasswordView: set params.topMargin:799
09-11 19:18:33.075 24087 24087 D KeyguardPasswordView: H.UPDATE_EMERGENCY_BUTTON
09-11 19:18:33.076 24087 24087 I KeyguardPasswordView: set params.topMargin:799
09-11 19:18:33.093 24087 24087 D KeyguardPasswordView: H.UPDATE_EMERGENCY_BUTTON
09-11 19:18:33.094 24087 24087 I KeyguardPasswordView: set params.topMargin:799
09-11 19:18:33.111 24087 24087 D KeyguardPasswordView: H.UPDATE_EMERGENCY_BUTTON
09-11 19:18:33.112 24087 24087 I KeyguardPasswordView: set params.topMargin:799
09-11 19:18:33.132 24087 24087 D KeyguardPasswordView: H.UPDATE_EMERGENCY_BUTTON
09-11 19:18:33.132 24087 24087 I KeyguardPasswordView: set params.topMargin:799
09-11 19:18:33.152 24087 24087 D KeyguardPasswordView: H.UPDATE_EMERGENCY_BUTTON
09-11 19:18:33.153 24087 24087 I KeyguardPasswordView: set params.topMargin:799
09-11 19:18:33.173 24087 24087 D KeyguardPasswordView: H.UPDATE_EMERGENCY_BUTTON
09-11 19:18:33.173 24087 24087 I KeyguardPasswordView: set params.topMargin:799
09-11 19:18:33.194 24087 24087 D KeyguardPasswordView: H.UPDATE_EMERGENCY_BUTTON
09-11 19:18:33.196 24087 24087 I KeyguardPasswordView: set params.topMargin:799
09-11 19:18:33.210 24087 24087 D KeyguardPasswordView: H.UPDATE_EMERGENCY_BUTTON
09-11 19:18:33.211 24087 24087 I KeyguardPasswordView: set params.topMargin:799
09-11 19:18:33.229 24087 24087 D KeyguardPasswordView: H.UPDATE_EMERGENCY_BUTTON
09-11 19:18:33.229 24087 24087 I KeyguardPasswordView: set params.topMargin:799
09-11 19:18:33.247 24087 24087 D KeyguardPasswordView: H.UPDATE_EMERGENCY_BUTTON
09-11 19:18:33.248 24087 24087 I KeyguardPasswordView: set params.topMargin:799
09-11 19:18:33.265 24087 24087 D KeyguardPasswordView: H.UPDATE_EMERGENCY_BUTTON
09-11 19:18:33.266 24087 24087 I KeyguardPasswordView: set params.topMargin:799
09-11 19:18:33.283 24087 24087 D KeyguardPasswordView: H.UPDATE_EMERGENCY_BUTTON
09-11 19:18:33.283 24087 24087 I KeyguardPasswordView: set params.topMargin:799
09-11 19:18:33.300 24087 24087 D KeyguardPasswordView: H.UPDATE_EMERGENCY_BUTTON
09-11 19:18:33.301 24087 24087 I KeyguardPasswordView: set params.topMargin:799
09-11 19:18:33.317 24087 24087 D KeyguardPasswordView: H.UPDATE_EMERGENCY_BUTTON
09-11 19:18:33.318 24087 24087 I KeyguardPasswordView: set params.topMargin:799
09-11 19:18:33.338 24087 24087 D KeyguardPasswordView: H.UPDATE_EMERGENCY_BUTTON
09-11 19:18:33.339 24087 24087 I KeyguardPasswordView: set params.topMargin:799
09-11 19:18:33.358 24087 24087 D KeyguardPasswordView: H.UPDATE_EMERGENCY_BUTTON
09-11 19:18:33.358 24087 24087 I KeyguardPasswordView: set params.topMargin:799
09-11 19:18:33.375 24087 24087 D KeyguardPasswordView: H.UPDATE_EMERGENCY_BUTTON
09-11 19:18:33.376 24087 24087 I KeyguardPasswordView: set params.topMargin:799
09-11 19:18:33.393 24087 24087 D KeyguardPasswordView: H.UPDATE_EMERGENCY_BUTTON
09-11 19:18:33.393 24087 24087 I KeyguardPasswordView: set params.topMargin:799
09-11 19:18:33.412 24087 24087 D KeyguardPasswordView: H.UPDATE_EMERGENCY_BUTTON
09-11 19:18:33.412 24087 24087 I KeyguardPasswordView: set params.topMargin:799
09-11 19:18:33.429 24087 24087 D KeyguardPasswordView: H.UPDATE_EMERGENCY_BUTTON
09-11 19:18:33.429 24087 24087 I KeyguardPasswordView: set params.topMargin:799
09-11 19:18:33.447 24087 24087 D KeyguardPasswordView: H.UPDATE_EMERGENCY_BUTTON
09-11 19:18:33.448 24087 24087 I KeyguardPasswordView: set params.topMargin:799
09-11 19:18:33.466 24087 24087 D KeyguardPasswordView: H.UPDATE_EMERGENCY_BUTTON
09-11 19:18:33.467 24087 24087 I KeyguardPasswordView: set params.topMargin:799
09-11 19:18:33.485 24087 24087 D KeyguardPasswordView: H.UPDATE_EMERGENCY_BUTTON
09-11 19:18:33.485 24087 24087 I KeyguardPasswordView: set params.topMargin:799
09-11 19:18:33.503 24087 24087 D KeyguardPasswordView: H.UPDATE_EMERGENCY_BUTTON
09-11 19:18:33.504 24087 24087 I KeyguardPasswordView: set params.topMargin:799
09-11 19:18:33.520 24087 24087 D KeyguardPasswordView: H.UPDATE_EMERGENCY_BUTTON
09-11 19:18:33.521 24087 24087 I KeyguardPasswordView: set params.topMargin:799
09-11 19:18:33.539 24087 24087 D KeyguardPasswordView: H.UPDATE_EMERGENCY_BUTTON
09-11 19:18:33.540 24087 24087 I KeyguardPasswordView: set params.topMargin:799
09-11 19:18:33.557 24087 24087 D KeyguardPasswordView: H.UPDATE_EMERGENCY_BUTTON
09-11 19:18:33.557 24087 24087 I KeyguardPasswordView: set params.topMargin:799
09-11 19:18:33.577 24087 24087 D KeyguardPasswordView: H.UPDATE_EMERGENCY_BUTTON
09-11 19:18:33.578 24087 24087 I KeyguardPasswordView: set params.topMargin:799
09-11 19:18:33.598 24087 24087 D KeyguardPasswordView: H.UPDATE_EMERGENCY_BUTTON
09-11 19:18:33.600 24087 24087 I KeyguardPasswordView: set params.topMargin:799
09-11 19:18:33.616 24087 24087 D KeyguardPasswordView: H.UPDATE_EMERGENCY_BUTTON
09-11 19:18:33.617 24087 24087 I KeyguardPasswordView: set params.topMargin:799
09-11 19:18:33.635 24087 24087 D KeyguardPasswordView: H.UPDATE_EMERGENCY_BUTTON
09-11 19:18:33.636 24087 24087 I KeyguardPasswordView: set params.topMargin:799
09-11 19:18:33.652 24087 24087 D KeyguardPasswordView: H.UPDATE_EMERGENCY_BUTTON
09-11 19:18:33.652 24087 24087 I KeyguardPasswordView: set params.topMargin:799
09-11 19:18:33.671 24087 24087 D KeyguardPasswordView: H.UPDATE_EMERGENCY_BUTTON
09-11 19:18:33.671 24087 24087 I KeyguardPasswordView: set params.topMargin:799
09-11 19:18:33.691 24087 24087 D KeyguardPasswordView: H.UPDATE_EMERGENCY_BUTTON
09-11 19:18:33.693 24087 24087 I KeyguardPasswordView: set params.topMargin:799
09-11 19:18:33.708 24087 24087 D KeyguardPasswordView: H.UPDATE_EMERGENCY_BUTTON
09-11 19:18:33.709 24087 24087 I KeyguardPasswordView: set params.topMargin:799
09-11 19:18:33.728 24087 24087 D KeyguardPasswordView: H.UPDATE_EMERGENCY_BUTTON
09-11 19:18:33.728 24087 24087 I KeyguardPasswordView: set params.topMargin:799
09-11 19:18:33.746 24087 24087 D KeyguardPasswordView: H.UPDATE_EMERGENCY_BUTTON
09-11 19:18:33.747 24087 24087 I KeyguardPasswordView: set params.topMargin:799
09-11 19:18:33.763 24087 24087 D KeyguardPasswordView: H.UPDATE_EMERGENCY_BUTTON
09-11 19:18:33.764 24087 24087 I KeyguardPasswordView: set params.topMargin:799
09-11 19:18:33.781 24087 24087 D KeyguardPasswordView: H.UPDATE_EMERGENCY_BUTTON
09-11 19:18:33.782 24087 24087 I KeyguardPasswordView: set params.topMargin:799
09-11 19:18:33.799 24087 24087 D KeyguardPasswordView: H.UPDATE_EMERGENCY_BUTTON
09-11 19:18:33.799 24087 24087 I KeyguardPasswordView: set params.topMargin:799
09-11 19:18:33.817 24087 24087 D KeyguardPasswordView: H.UPDATE_EMERGENCY_BUTTON
09-11 19:18:33.817 24087 24087 I KeyguardPasswordView: set params.topMargin:799
09-11 19:18:33.834 24087 24087 D KeyguardPasswordView: H.UPDATE_EMERGENCY_BUTTON
09-11 19:18:33.835 24087 24087 I KeyguardPasswordView: set params.topMargin:799
09-11 19:18:33.852 24087 24087 D KeyguardPasswordView: H.UPDATE_EMERGENCY_BUTTON
09-11 19:18:33.853 24087 24087 I KeyguardPasswordView: set params.topMargin:799
09-11 19:18:33.870 24087 24087 D KeyguardPasswordView: H.UPDATE_EMERGENCY_BUTTON
09-11 19:18:33.870 24087 24087 I KeyguardPasswordView: set params.topMargin:799
09-11 19:18:33.888 24087 24087 D KeyguardPasswordView: H.UPDATE_EMERGENCY_BUTTON
09-11 19:18:33.889 24087 24087 I KeyguardPasswordView: set params.topMargin:799
09-11 19:18:33.906 24087 24087 D KeyguardPasswordView: H.UPDATE_EMERGENCY_BUTTON
09-11 19:18:33.907 24087 24087 I KeyguardPasswordView: set params.topMargin:799
09-11 19:18:33.924 24087 24087 D KeyguardPasswordView: H.UPDATE_EMERGENCY_BUTTON
09-11 19:18:33.925 24087 24087 I KeyguardPasswordView: set params.topMargin:799
09-11 19:18:33.943 24087 24087 D KeyguardPasswordView: H.UPDATE_EMERGENCY_BUTTON
09-11 19:18:33.944 24087 24087 I KeyguardPasswordView: set params.topMargin:799
09-11 19:18:33.963 24087 24087 D KeyguardPasswordView: H.UPDATE_EMERGENCY_BUTTON
09-11 19:18:33.964 24087 24087 I KeyguardPasswordView: set params.topMargin:799
09-11 19:18:33.981 24087 24087 D KeyguardPasswordView: H.UPDATE_EMERGENCY_BUTTON
09-11 19:18:33.981 24087 24087 I KeyguardPasswordView: set params.topMargin:799
09-11 19:18:33.998 24087 24087 D KeyguardPasswordView: H.UPDATE_EMERGENCY_BUTTON
09-11 19:18:33.999 24087 24087 I KeyguardPasswordView: set params.topMargin:799
09-11 19:18:34.019 24087 24087 D KeyguardPasswordView: H.UPDATE_EMERGENCY_BUTTON
09-11 19:18:34.020 24087 24087 I KeyguardPasswordView: set params.topMargin:799
09-11 19:18:34.037 24087 24087 D KeyguardPasswordView: H.UPDATE_EMERGENCY_BUTTON
09-11 19:18:34.037 24087 24087 I KeyguardPasswordView: set params.topMargin:799
09-11 19:18:34.054 24087 24087 D KeyguardPasswordView: H.UPDATE_EMERGENCY_BUTTON
09-11 19:18:34.055 24087 24087 I KeyguardPasswordView: set params.topMargin:799
09-11 19:18:34.074 24087 24087 D KeyguardPasswordView: H.UPDATE_EMERGENCY_BUTTON
09-11 19:18:34.074 24087 24087 I KeyguardPasswordView: set params.topMargin:799
09-11 19:18:34.091 24087 24087 D KeyguardPasswordView: H.UPDATE_EMERGENCY_BUTTON
09-11 19:18:34.092 24087 24087 I KeyguardPasswordView: set params.topMargin:799
09-11 19:18:34.109 24087 24087 D KeyguardPasswordView: H.UPDATE_EMERGENCY_BUTTON
09-11 19:18:34.110 24087 24087 I KeyguardPasswordView: set params.topMargin:799
09-11 19:18:34.129 24087 24087 D KeyguardPasswordView: H.UPDATE_EMERGENCY_BUTTON
09-11 19:18:34.130 24087 24087 I KeyguardPasswordView: set params.topMargin:799
09-11 19:18:34.150 24087 24087 D KeyguardPasswordView: H.UPDATE_EMERGENCY_BUTTON
09-11 19:18:34.150 24087 24087 I KeyguardPasswordView: set params.topMargin:799
09-11 19:18:34.170 24087 24087 D KeyguardPasswordView: H.UPDATE_EMERGENCY_BUTTON
09-11 19:18:34.171 24087 24087 I KeyguardPasswordView: set params.topMargin:799
09-11 19:18:34.189 24087 24087 D KeyguardPasswordView: H.UPDATE_EMERGENCY_BUTTON
09-11 19:18:34.189 24087 24087 I KeyguardPasswordView: set params.topMargin:799
09-11 19:18:34.207 24087 24087 D KeyguardPasswordView: H.UPDATE_EMERGENCY_BUTTON
09-11 19:18:34.207 24087 24087 I KeyguardPasswordView: set params.topMargin:799
09-11 19:18:34.226 24087 24087 D KeyguardPasswordView: H.UPDATE_EMERGENCY_BUTTON
09-11 19:18:34.227 24087 24087 I KeyguardPasswordView: set params.topMargin:799
09-11 19:18:34.244 24087 24087 D KeyguardPasswordView: H.UPDATE_EMERGENCY_BUTTON
09-11 19:18:34.245 24087 24087 I KeyguardPasswordView: set params.topMargin:799
09-11 19:18:34.263 24087 24087 D KeyguardPasswordView: H.UPDATE_EMERGENCY_BUTTON
09-11 19:18:34.264 24087 24087 I KeyguardPasswordView: set params.topMargin:799
09-11 19:18:34.284 24087 24087 D KeyguardPasswordView: H.UPDATE_EMERGENCY_BUTTON
09-11 19:18:34.285 24087 24087 I KeyguardPasswordView: set params.topMargin:799
09-11 19:18:34.304 24087 24087 D KeyguardPasswordView: H.UPDATE_EMERGENCY_BUTTON
09-11 19:18:34.305 24087 24087 I KeyguardPasswordView: set params.topMargin:799
09-11 19:18:34.322 24087 24087 D KeyguardPasswordView: H.UPDATE_EMERGENCY_BUTTON
09-11 19:18:34.323 24087 24087 I KeyguardPasswordView: set params.topMargin:799
09-11 19:18:34.343 24087 24087 D KeyguardPasswordView: H.UPDATE_EMERGENCY_BUTTON
09-11 19:18:34.345 24087 24087 I KeyguardPasswordView: set params.topMargin:799
09-11 19:18:34.361 24087 24087 D KeyguardPasswordView: H.UPDATE_EMERGENCY_BUTTON
09-11 19:18:34.361 24087 24087 I KeyguardPasswordView: set params.topMargin:799
09-11 19:18:34.382 24087 24087 D KeyguardPasswordView: H.UPDATE_EMERGENCY_BUTTON
09-11 19:18:34.382 24087 24087 I KeyguardPasswordView: set params.topMargin:799
09-11 19:18:34.400 24087 24087 D KeyguardPasswordView: H.UPDATE_EMERGENCY_BUTTON
09-11 19:18:34.400 24087 24087 I KeyguardPasswordView: set params.topMargin:799
09-11 19:18:34.421 24087 24087 D KeyguardPasswordView: H.UPDATE_EMERGENCY_BUTTON
09-11 19:18:34.421 24087 24087 I KeyguardPasswordView: set params.topMargin:799
09-11 19:18:34.441 24087 24087 D KeyguardPasswordView: H.UPDATE_EMERGENCY_BUTTON
09-11 19:18:34.441 24087 24087 I KeyguardPasswordView: set params.topMargin:799
09-11 19:18:34.459 24087 24087 D KeyguardPasswordView: H.UPDATE_EMERGENCY_BUTTON
09-11 19:18:34.460 24087 24087 I KeyguardPasswordView: set params.topMargin:799
09-11 19:18:34.476 24087 24087 D KeyguardPasswordView: H.UPDATE_EMERGENCY_BUTTON
09-11 19:18:34.477 24087 24087 I KeyguardPasswordView: set params.topMargin:799
09-11 19:18:34.494 24087 24087 D KeyguardPasswordView: H.UPDATE_EMERGENCY_BUTTON
09-11 19:18:34.495 24087 24087 I KeyguardPasswordView: set params.topMargin:799
09-11 19:18:34.515 24087 24087 D KeyguardPasswordView: H.UPDATE_EMERGENCY_BUTTON
09-11 19:18:34.516 24087 24087 I KeyguardPasswordView: set params.topMargin:799
09-11 19:18:34.537 24087 24087 D KeyguardPasswordView: H.UPDATE_EMERGENCY_BUTTON
09-11 19:18:34.539 24087 24087 I KeyguardPasswordView: set params.topMargin:799
09-11 19:18:34.555 24087 24087 D KeyguardPasswordView: H.UPDATE_EMERGENCY_BUTTON
09-11 19:18:34.555 24087 24087 I KeyguardPasswordView: set params.topMargin:799
09-11 19:18:34.576 24087 24087 D KeyguardPasswordView: H.UPDATE_EMERGENCY_BUTTON
09-11 19:18:34.576 24087 24087 I KeyguardPasswordView: set params.topMargin:799
09-11 19:18:34.593 24087 24087 D KeyguardPasswordView: H.UPDATE_EMERGENCY_BUTTON
09-11 19:18:34.594 24087 24087 I KeyguardPasswordView: set params.topMargin:799
09-11 19:18:34.614 24087 24087 D KeyguardPasswordView: H.UPDATE_EMERGENCY_BUTTON
09-11 19:18:34.614 24087 24087 I KeyguardPasswordView: set params.topMargin:799
09-11 19:18:34.634 24087 24087 D KeyguardPasswordView: H.UPDATE_EMERGENCY_BUTTON
09-11 19:18:34.634 24087 24087 I KeyguardPasswordView: set params.topMargin:799
09-11 19:18:34.654 24087 24087 D KeyguardPasswordView: H.UPDATE_EMERGENCY_BUTTON
09-11 19:18:34.657 24087 24087 I KeyguardPasswordView: set params.topMargin:799
09-11 19:18:34.670 24087 24087 D KeyguardPasswordView: H.UPDATE_EMERGENCY_BUTTON
09-11 19:18:34.671 24087 24087 I KeyguardPasswordView: set params.topMargin:799
09-11 19:18:34.690 24087 24087 D KeyguardPasswordView: H.UPDATE_EMERGENCY_BUTTON
09-11 19:18:34.690 24087 24087 I KeyguardPasswordView: set params.topMargin:799
09-11 19:18:34.707 24087 24087 D KeyguardPasswordView: H.UPDATE_EMERGENCY_BUTTON
09-11 19:18:34.708 24087 24087 I KeyguardPasswordView: set params.topMargin:799
09-11 19:18:34.726 24087 24087 D KeyguardPasswordView: H.UPDATE_EMERGENCY_BUTTON
09-11 19:18:34.726 24087 24087 I KeyguardPasswordView: set params.topMargin:799
09-11 19:18:34.743 24087 24087 D KeyguardPasswordView: H.UPDATE_EMERGENCY_BUTTON
09-11 19:18:34.744 24087 24087 I KeyguardPasswordView: set params.topMargin:799
09-11 19:18:34.764 24087 24087 D KeyguardPasswordView: H.UPDATE_EMERGENCY_BUTTON
09-11 19:18:34.764 24087 24087 I KeyguardPasswordView: set params.topMargin:799
09-11 19:18:34.781 24087 24087 D KeyguardPasswordView: H.UPDATE_EMERGENCY_BUTTON
09-11 19:18:34.782 24087 24087 I KeyguardPasswordView: set params.topMargin:799
09-11 19:18:34.798 24087 24087 D KeyguardPasswordView: H.UPDATE_EMERGENCY_BUTTON
09-11 19:18:34.799 24087 24087 I KeyguardPasswordView: set params.topMargin:799
09-11 19:18:34.819 24087 24087 D KeyguardPasswordView: H.UPDATE_EMERGENCY_BUTTON
09-11 19:18:34.820 24087 24087 I KeyguardPasswordView: set params.topMargin:799
09-11 19:18:34.838 24087 24087 D KeyguardPasswordView: H.UPDATE_EMERGENCY_BUTTON
09-11 19:18:34.838 24087 24087 I KeyguardPasswordView: set params.topMargin:799
09-11 19:18:34.854 24087 24087 D KeyguardPasswordView: H.UPDATE_EMERGENCY_BUTTON
09-11 19:18:34.854 24087 24087 I KeyguardPasswordView: set params.topMargin:799
09-11 19:18:34.872 24087 24087 D KeyguardPasswordView: H.UPDATE_EMERGENCY_BUTTON
09-11 19:18:34.872 24087 24087 I KeyguardPasswordView: set params.topMargin:799
09-11 19:18:34.890 24087 24087 D KeyguardPasswordView: H.UPDATE_EMERGENCY_BUTTON
09-11 19:18:34.890 24087 24087 I KeyguardPasswordView: set params.topMargin:799
09-11 19:18:34.908 24087 24087 D KeyguardPasswordView: H.UPDATE_EMERGENCY_BUTTON
09-11 19:18:34.909 24087 24087 I KeyguardPasswordView: set params.topMargin:799
09-11 19:18:34.927 24087 24087 D KeyguardPasswordView: H.UPDATE_EMERGENCY_BUTTON
09-11 19:18:34.928 24087 24087 I KeyguardPasswordView: set params.topMargin:799
09-11 19:18:34.945 24087 24087 D KeyguardPasswordView: H.UPDATE_EMERGENCY_BUTTON
09-11 19:18:34.947 24087 24087 I KeyguardPasswordView: set params.topMargin:799
09-11 19:18:34.964 24087 24087 D KeyguardPasswordView: H.UPDATE_EMERGENCY_BUTTON
09-11 19:18:34.965 24087 24087 I KeyguardPasswordView: set params.topMargin:799
09-11 19:18:34.982 24087 24087 D KeyguardPasswordView: H.UPDATE_EMERGENCY_BUTTON
09-11 19:18:34.982 24087 24087 I KeyguardPasswordView: set params.topMargin:799
09-11 19:18:35.000 24087 24087 D KeyguardPasswordView: H.UPDATE_EMERGENCY_BUTTON
09-11 19:18:35.000 24087 24087 I KeyguardPasswordView: set params.topMargin:799
09-11 19:18:35.018 24087 24087 D KeyguardPasswordView: H.UPDATE_EMERGENCY_BUTTON
09-11 19:18:35.019 24087 24087 I KeyguardPasswordView: set params.topMargin:799
09-11 19:18:35.036 24087 24087 D KeyguardPasswordView: H.UPDATE_EMERGENCY_BUTTON
09-11 19:18:35.037 24087 24087 I KeyguardPasswordView: set params.topMargin:799
09-11 19:18:35.054 24087 24087 D KeyguardPasswordView: H.UPDATE_EMERGENCY_BUTTON
09-11 19:18:35.054 24087 24087 I KeyguardPasswordView: set params.topMargin:799
09-11 19:18:35.075 24087 24087 D KeyguardPasswordView: H.UPDATE_EMERGENCY_BUTTON
09-11 19:18:35.075 24087 24087 I KeyguardPasswordView: set params.topMargin:799
09-11 19:18:35.096 24087 24087 D KeyguardPasswordView: H.UPDATE_EMERGENCY_BUTTON
09-11 19:18:35.096 24087 24087 I KeyguardPasswordView: set params.topMargin:799
09-11 19:18:35.116 24087 24087 D KeyguardPasswordView: H.UPDATE_EMERGENCY_BUTTON
09-11 19:18:35.117 24087 24087 I KeyguardPasswordView: set params.topMargin:799
09-11 19:18:35.134 24087 24087 D KeyguardPasswordView: H.UPDATE_EMERGENCY_BUTTON
09-11 19:18:35.136 24087 24087 I KeyguardPasswordView: set params.topMargin:799
09-11 19:18:35.152 24087 24087 D KeyguardPasswordView: H.UPDATE_EMERGENCY_BUTTON
09-11 19:18:35.152 24087 24087 I KeyguardPasswordView: set params.topMargin:799
09-11 19:18:35.169 24087 24087 D KeyguardPasswordView: H.UPDATE_EMERGENCY_BUTTON
09-11 19:18:35.170 24087 24087 I KeyguardPasswordView: set params.topMargin:799
09-11 19:18:35.187 24087 24087 D KeyguardPasswordView: H.UPDATE_EMERGENCY_BUTTON
09-11 19:18:35.188 24087 24087 I KeyguardPasswordView: set params.topMargin:799
09-11 19:18:35.207 24087 24087 D KeyguardPasswordView: H.UPDATE_EMERGENCY_BUTTON
09-11 19:18:35.208 24087 24087 I KeyguardPasswordView: set params.topMargin:799
09-11 19:18:35.226 24087 24087 D KeyguardPasswordView: H.UPDATE_EMERGENCY_BUTTON
09-11 19:18:35.228 24087 24087 I KeyguardPasswordView: set params.topMargin:799
09-11 19:18:35.243 24087 24087 D KeyguardPasswordView: H.UPDATE_EMERGENCY_BUTTON
09-11 19:18:35.244 24087 24087 I KeyguardPasswordView: set params.topMargin:799
09-11 19:18:35.262 24087 24087 D KeyguardPasswordView: H.UPDATE_EMERGENCY_BUTTON
09-11 19:18:35.262 24087 24087 I KeyguardPasswordView: set params.topMargin:799
09-11 19:18:35.280 24087 24087 D KeyguardPasswordView: H.UPDATE_EMERGENCY_BUTTON
09-11 19:18:35.280 24087 24087 I KeyguardPasswordView: set params.topMargin:799
09-11 19:18:35.298 24087 24087 D KeyguardPasswordView: H.UPDATE_EMERGENCY_BUTTON
09-11 19:18:35.298 24087 24087 I KeyguardPasswordView: set params.topMargin:799
09-11 19:18:35.318 24087 24087 D KeyguardPasswordView: H.UPDATE_EMERGENCY_BUTTON
09-11 19:18:35.319 24087 24087 I KeyguardPasswordView: set params.topMargin:799
09-11 19:18:35.339 24087 24087 D KeyguardPasswordView: H.UPDATE_EMERGENCY_BUTTON
09-11 19:18:35.339 24087 24087 I KeyguardPasswordView: set params.topMargin:799
09-11 19:18:35.356 24087 24087 D KeyguardPasswordView: H.UPDATE_EMERGENCY_BUTTON
09-11 19:18:35.357 24087 24087 I KeyguardPasswordView: set params.topMargin:799
09-11 19:18:35.377 24087 24087 D KeyguardPasswordView: H.UPDATE_EMERGENCY_BUTTON
09-11 19:18:35.378 24087 24087 I KeyguardPasswordView: set params.topMargin:799
09-11 19:18:35.397 24087 24087 D KeyguardPasswordView: H.UPDATE_EMERGENCY_BUTTON
09-11 19:18:35.398 24087 24087 I KeyguardPasswordView: set params.topMargin:799
09-11 19:18:35.416 24087 24087 D KeyguardPasswordView: H.UPDATE_EMERGENCY_BUTTON
09-11 19:18:35.416 24087 24087 I KeyguardPasswordView: set params.topMargin:799
09-11 19:18:35.436 24087 24087 D KeyguardPasswordView: H.UPDATE_EMERGENCY_BUTTON
09-11 19:18:35.436 24087 24087 I KeyguardPasswordView: set params.topMargin:799
09-11 19:18:35.455 24087 24087 D KeyguardPasswordView: H.UPDATE_EMERGENCY_BUTTON
09-11 19:18:35.455 24087 24087 I KeyguardPasswordView: set params.topMargin:799
09-11 19:18:35.471 24087 24087 D KeyguardPasswordView: H.UPDATE_EMERGENCY_BUTTON
09-11 19:18:35.472 24087 24087 I KeyguardPasswordView: set params.topMargin:799
09-11 19:18:35.489 24087 24087 D KeyguardPasswordView: H.UPDATE_EMERGENCY_BUTTON
09-11 19:18:35.490 24087 24087 I KeyguardPasswordView: set params.topMargin:799
09-11 19:18:35.509 24087 24087 D KeyguardPasswordView: H.UPDATE_EMERGENCY_BUTTON
09-11 19:18:35.510 24087 24087 I KeyguardPasswordView: set params.topMargin:799
09-11 19:18:35.530 24087 24087 D KeyguardPasswordView: H.UPDATE_EMERGENCY_BUTTON
09-11 19:18:35.530 24087 24087 I KeyguardPasswordView: set params.topMargin:799
09-11 19:18:35.547 24087 24087 D KeyguardPasswordView: H.UPDATE_EMERGENCY_BUTTON
09-11 19:18:35.548 24087 24087 I KeyguardPasswordView: set params.topMargin:799
09-11 19:18:35.566 24087 24087 D KeyguardPasswordView: H.UPDATE_EMERGENCY_BUTTON
09-11 19:18:35.566 24087 24087 I KeyguardPasswordView: set params.topMargin:799
09-11 19:18:35.587 24087 24087 D KeyguardPasswordView: H.UPDATE_EMERGENCY_BUTTON
09-11 19:18:35.588 24087 24087 I KeyguardPasswordView: set params.topMargin:799
09-11 19:18:35.608 24087 24087 D KeyguardPasswordView: H.UPDATE_EMERGENCY_BUTTON
09-11 19:18:35.609 24087 24087 I KeyguardPasswordView: set params.topMargin:799
09-11 19:18:35.626 24087 24087 D KeyguardPasswordView: H.UPDATE_EMERGENCY_BUTTON
09-11 19:18:35.626 24087 24087 I KeyguardPasswordView: set params.topMargin:799
09-11 19:18:35.645 24087 24087 D KeyguardPasswordView: H.UPDATE_EMERGENCY_BUTTON
09-11 19:18:35.646 24087 24087 I KeyguardPasswordView: set params.topMargin:799
09-11 19:18:35.664 24087 24087 D KeyguardPasswordView: H.UPDATE_EMERGENCY_BUTTON
09-11 19:18:35.665 24087 24087 I KeyguardPasswordView: set params.topMargin:799
09-11 19:18:35.682 24087 24087 D KeyguardPasswordView: H.UPDATE_EMERGENCY_BUTTON
09-11 19:18:35.683 24087 24087 I KeyguardPasswordView: set params.topMargin:799
09-11 19:18:35.703 24087 24087 D KeyguardPasswordView: H.UPDATE_EMERGENCY_BUTTON
09-11 19:18:35.704 24087 24087 I KeyguardPasswordView: set params.topMargin:799
09-11 19:18:35.724 24087 24087 D KeyguardPasswordView: H.UPDATE_EMERGENCY_BUTTON
09-11 19:18:35.725 24087 24087 I KeyguardPasswordView: set params.topMargin:799
09-11 19:18:35.743 24087 24087 D KeyguardPasswordView: H.UPDATE_EMERGENCY_BUTTON
09-11 19:18:35.744 24087 24087 I KeyguardPasswordView: set params.topMargin:799
09-11 19:18:35.764 24087 24087 D KeyguardPasswordView: H.UPDATE_EMERGENCY_BUTTON
09-11 19:18:35.764 24087 24087 I KeyguardPasswordView: set params.topMargin:799
09-11 19:18:35.781 24087 24087 D KeyguardPasswordView: H.UPDATE_EMERGENCY_BUTTON
09-11 19:18:35.783 24087 24087 I KeyguardPasswordView: set params.topMargin:799
09-11 19:18:35.799 24087 24087 D KeyguardPasswordView: H.UPDATE_EMERGENCY_BUTTON
09-11 19:18:35.799 24087 24087 I KeyguardPasswordView: set params.topMargin:799
09-11 19:18:35.817 24087 24087 D KeyguardPasswordView: H.UPDATE_EMERGENCY_BUTTON
09-11 19:18:35.818 24087 24087 I KeyguardPasswordView: set params.topMargin:799
09-11 19:18:35.835 24087 24087 D KeyguardPasswordView: H.UPDATE_EMERGENCY_BUTTON
09-11 19:18:35.835 24087 24087 I KeyguardPasswordView: set params.topMargin:799
09-11 19:18:35.852 24087 24087 D KeyguardPasswordView: H.UPDATE_EMERGENCY_BUTTON
09-11 19:18:35.853 24087 24087 I KeyguardPasswordView: set params.topMargin:799
09-11 19:18:35.874 24087 24087 D KeyguardPasswordView: H.UPDATE_EMERGENCY_BUTTON
09-11 19:18:35.875 24087 24087 I KeyguardPasswordView: set params.topMargin:799
09-11 19:18:35.891 24087 24087 D KeyguardPasswordView: H.UPDATE_EMERGENCY_BUTTON
09-11 19:18:35.891 24087 24087 I KeyguardPasswordView: set params.topMargin:799
09-11 19:18:35.909 24087 24087 D KeyguardPasswordView: H.UPDATE_EMERGENCY_BUTTON
09-11 19:18:35.909 24087 24087 I KeyguardPasswordView: set params.topMargin:799
09-11 19:18:35.928 24087 24087 D KeyguardPasswordView: H.UPDATE_EMERGENCY_BUTTON
09-11 19:18:35.929 24087 24087 I KeyguardPasswordView: set params.topMargin:799
09-11 19:18:35.946 24087 24087 D KeyguardPasswordView: H.UPDATE_EMERGENCY_BUTTON
09-11 19:18:35.947 24087 24087 I KeyguardPasswordView: set params.topMargin:799
09-11 19:18:35.964 24087 24087 D KeyguardPasswordView: H.UPDATE_EMERGENCY_BUTTON
09-11 19:18:35.965 24087 24087 I KeyguardPasswordView: set params.topMargin:799
09-11 19:18:35.981 24087 24087 D KeyguardPasswordView: H.UPDATE_EMERGENCY_BUTTON
09-11 19:18:35.982 24087 24087 I KeyguardPasswordView: set params.topMargin:799
09-11 19:18:36.002 24087 24087 D KeyguardPasswordView: H.UPDATE_EMERGENCY_BUTTON
09-11 19:18:36.003 24087 24087 I KeyguardPasswordView: set params.topMargin:799
09-11 19:18:36.023 24087 24087 D KeyguardPasswordView: H.UPDATE_EMERGENCY_BUTTON
09-11 19:18:36.024 24087 24087 I KeyguardPasswordView: set params.topMargin:799
09-11 19:18:36.044 24087 24087 D KeyguardPasswordView: H.UPDATE_EMERGENCY_BUTTON
09-11 19:18:36.045 24087 24087 I KeyguardPasswordView: set params.topMargin:799
09-11 19:18:36.062 24087 24087 D KeyguardPasswordView: H.UPDATE_EMERGENCY_BUTTON
09-11 19:18:36.063 24087 24087 I KeyguardPasswordView: set params.topMargin:799
09-11 19:18:36.080 24087 24087 D KeyguardPasswordView: H.UPDATE_EMERGENCY_BUTTON
09-11 19:18:36.081 24087 24087 I KeyguardPasswordView: set params.topMargin:799
09-11 19:18:36.099 24087 24087 D KeyguardPasswordView: H.UPDATE_EMERGENCY_BUTTON
09-11 19:18:36.099 24087 24087 I KeyguardPasswordView: set params.topMargin:799
09-11 19:18:36.119 24087 24087 D KeyguardPasswordView: H.UPDATE_EMERGENCY_BUTTON
09-11 19:18:36.120 24087 24087 I KeyguardPasswordView: set params.topMargin:799
09-11 19:18:36.140 24087 24087 D KeyguardPasswordView: H.UPDATE_EMERGENCY_BUTTON
09-11 19:18:36.140 24087 24087 I KeyguardPasswordView: set params.topMargin:799
09-11 19:18:36.160 24087 24087 D KeyguardPasswordView: H.UPDATE_EMERGENCY_BUTTON
09-11 19:18:36.160 24087 24087 I KeyguardPasswordView: set params.topMargin:799
09-11 19:18:36.180 24087 24087 D KeyguardPasswordView: H.UPDATE_EMERGENCY_BUTTON
09-11 19:18:36.181 24087 24087 I KeyguardPasswordView: set params.topMargin:799
09-11 19:18:36.199 24087 24087 D KeyguardPasswordView: H.UPDATE_EMERGENCY_BUTTON
09-11 19:18:36.199 24087 24087 I KeyguardPasswordView: set params.topMargin:799
09-11 19:18:36.217 24087 24087 D KeyguardPasswordView: H.UPDATE_EMERGENCY_BUTTON
09-11 19:18:36.218 24087 24087 I KeyguardPasswordView: set params.topMargin:799
09-11 19:18:36.235 24087 24087 D KeyguardPasswordView: H.UPDATE_EMERGENCY_BUTTON
09-11 19:18:36.236 24087 24087 I KeyguardPasswordView: set params.topMargin:799
09-11 19:18:36.254 24087 24087 D KeyguardPasswordView: H.UPDATE_EMERGENCY_BUTTON
09-11 19:18:36.255 24087 24087 I KeyguardPasswordView: set params.topMargin:799
09-11 19:18:36.271 24087 24087 D KeyguardPasswordView: H.UPDATE_EMERGENCY_BUTTON
09-11 19:18:36.271 24087 24087 I KeyguardPasswordView: set params.topMargin:799
09-11 19:18:36.289 24087 24087 D KeyguardPasswordView: H.UPDATE_EMERGENCY_BUTTON
09-11 19:18:36.289 24087 24087 I KeyguardPasswordView: set params.topMargin:799
09-11 19:18:36.307 24087 24087 D KeyguardPasswordView: H.UPDATE_EMERGENCY_BUTTON
09-11 19:18:36.307 24087 24087 I KeyguardPasswordView: set params.topMargin:799
09-11 19:18:36.325 24087 24087 D KeyguardPasswordView: H.UPDATE_EMERGENCY_BUTTON
09-11 19:18:36.326 24087 24087 I KeyguardPasswordView: set params.topMargin:799
09-11 19:18:36.343 24087 24087 D KeyguardPasswordView: H.UPDATE_EMERGENCY_BUTTON
09-11 19:18:36.343 24087 24087 I KeyguardPasswordView: set params.topMargin:799
09-11 19:18:36.360 24087 24087 D KeyguardPasswordView: H.UPDATE_EMERGENCY_BUTTON
09-11 19:18:36.361 24087 24087 I KeyguardPasswordView: set params.topMargin:799
09-11 19:18:36.381 24087 24087 D KeyguardPasswordView: H.UPDATE_EMERGENCY_BUTTON
09-11 19:18:36.382 24087 24087 I KeyguardPasswordView: set params.topMargin:799
09-11 19:18:36.400 24087 24087 D KeyguardPasswordView: H.UPDATE_EMERGENCY_BUTTON
09-11 19:18:36.401 24087 24087 I KeyguardPasswordView: set params.topMargin:799
09-11 19:18:36.419 24087 24087 D KeyguardPasswordView: H.UPDATE_EMERGENCY_BUTTON
09-11 19:18:36.419 24087 24087 I KeyguardPasswordView: set params.topMargin:799
09-11 19:18:36.439 24087 24087 D KeyguardPasswordView: H.UPDATE_EMERGENCY_BUTTON
09-11 19:18:36.440 24087 24087 I KeyguardPasswordView: set params.topMargin:799
09-11 19:18:36.460 24087 24087 D KeyguardPasswordView: H.UPDATE_EMERGENCY_BUTTON
09-11 19:18:36.461 24087 24087 I KeyguardPasswordView: set params.topMargin:799
09-11 19:18:36.478 24087 24087 D KeyguardPasswordView: H.UPDATE_EMERGENCY_BUTTON
09-11 19:18:36.479 24087 24087 I KeyguardPasswordView: set params.topMargin:799
09-11 19:18:36.497 24087 24087 D KeyguardPasswordView: H.UPDATE_EMERGENCY_BUTTON
09-11 19:18:36.498 24087 24087 I KeyguardPasswordView: set params.topMargin:799
09-11 19:18:36.516 24087 24087 D KeyguardPasswordView: H.UPDATE_EMERGENCY_BUTTON
09-11 19:18:36.516 24087 24087 I KeyguardPasswordView: set params.topMargin:799
09-11 19:18:36.534 24087 24087 D KeyguardPasswordView: H.UPDATE_EMERGENCY_BUTTON
09-11 19:18:36.535 24087 24087 I KeyguardPasswordView: set params.topMargin:799
09-11 19:18:36.553 24087 24087 D KeyguardPasswordView: H.UPDATE_EMERGENCY_BUTTON
09-11 19:18:36.554 24087 24087 I KeyguardPasswordView: set params.topMargin:799
09-11 19:18:36.575 24087 24087 D KeyguardPasswordView: H.UPDATE_EMERGENCY_BUTTON
09-11 19:18:36.575 24087 24087 I KeyguardPasswordView: set params.topMargin:799
09-11 19:18:36.590 14890 14952 W WM-WorkSpec: Interval duration lesser than minimum allowed value; Changed to 900000
09-11 19:18:36.590 14890 14952 W WM-WorkSpec: Flex duration lesser than minimum allowed value; Changed to 300000
09-11 19:18:36.593 14890 14959 W System.err: java.lang.NullPointerException: Attempt to invoke virtual method 'void android.bluetooth.le.BluetoothLeAdvertiser.stopAdvertisingSet(android.bluetooth.le.AdvertisingSetCallback)' on a null object reference
09-11 19:18:36.593 14890 14959 W System.err: 	at u4.e(SourceFile:2)
09-11 19:18:36.594 14890 14959 W System.err: 	at u4.g(SourceFile:4)
09-11 19:18:36.594 14890 14959 W System.err: 	at v7.b(SourceFile:3)
09-11 19:18:36.594 14890 14959 W System.err: 	at v7.h(Unknown Source:0)
09-11 19:18:36.594 14890 14959 W System.err: 	at n0.run(Unknown Source:8)
09-11 19:18:36.594 14890 14959 W System.err: 	at java.util.concurrent.ThreadPoolExecutor.runWorker(ThreadPoolExecutor.java:1167)
09-11 19:18:36.594 24087 24087 D KeyguardPasswordView: H.UPDATE_EMERGENCY_BUTTON
09-11 19:18:36.594 14890 14959 W System.err: 	at java.util.concurrent.ThreadPoolExecutor$Worker.run(ThreadPoolExecutor.java:641)
09-11 19:18:36.594 14890 14959 W System.err: 	at java.lang.Thread.run(Thread.java:923)
09-11 19:18:36.594 24087 24087 I KeyguardPasswordView: set params.topMargin:799
09-11 19:18:36.597 14890 14959 W System.err: java.lang.NullPointerException: Attempt to invoke virtual method 'void android.bluetooth.le.BluetoothLeAdvertiser.startAdvertisingSet(android.bluetooth.le.AdvertisingSetParameters, android.bluetooth.le.AdvertiseData, android.bluetooth.le.AdvertiseData, android.bluetooth.le.PeriodicAdvertisingParameters, android.bluetooth.le.AdvertiseData, int, int, android.bluetooth.le.AdvertisingSetCallback)' on a null object reference
09-11 19:18:36.597 14890 14959 W System.err: 	at u4.g(SourceFile:8)
09-11 19:18:36.597 14890 14959 W System.err: 	at v7.b(SourceFile:3)
09-11 19:18:36.597 14890 14959 W System.err: 	at v7.h(Unknown Source:0)
09-11 19:18:36.598 14890 14959 W System.err: 	at n0.run(Unknown Source:8)
09-11 19:18:36.598 14890 14959 W System.err: 	at java.util.concurrent.ThreadPoolExecutor.runWorker(ThreadPoolExecutor.java:1167)
09-11 19:18:36.598 14890 14959 W System.err: 	at java.util.concurrent.ThreadPoolExecutor$Worker.run(ThreadPoolExecutor.java:641)
09-11 19:18:36.598 14890 14959 W System.err: 	at java.lang.Thread.run(Thread.java:923)
09-11 19:18:36.611 24087 24087 D KeyguardPasswordView: H.UPDATE_EMERGENCY_BUTTON
09-11 19:18:36.612 24087 24087 I KeyguardPasswordView: set params.topMargin:799
09-11 19:18:36.632 24087 24087 D KeyguardPasswordView: H.UPDATE_EMERGENCY_BUTTON
09-11 19:18:36.633 24087 24087 I KeyguardPasswordView: set params.topMargin:799
09-11 19:18:36.650 24087 24087 D KeyguardPasswordView: H.UPDATE_EMERGENCY_BUTTON
09-11 19:18:36.650 24087 24087 I KeyguardPasswordView: set params.topMargin:799
09-11 19:18:36.671 24087 24087 D KeyguardPasswordView: H.UPDATE_EMERGENCY_BUTTON
09-11 19:18:36.672 24087 24087 I KeyguardPasswordView: set params.topMargin:799
09-11 19:18:36.692 24087 24087 D KeyguardPasswordView: H.UPDATE_EMERGENCY_BUTTON
09-11 19:18:36.693 24087 24087 I KeyguardPasswordView: set params.topMargin:799
09-11 19:18:36.711 24087 24087 D KeyguardPasswordView: H.UPDATE_EMERGENCY_BUTTON
09-11 19:18:36.712 24087 24087 I KeyguardPasswordView: set params.topMargin:799
09-11 19:18:36.729 24087 24087 D KeyguardPasswordView: H.UPDATE_EMERGENCY_BUTTON
09-11 19:18:36.730 24087 24087 I KeyguardPasswordView: set params.topMargin:799
09-11 19:18:36.747 24087 24087 D KeyguardPasswordView: H.UPDATE_EMERGENCY_BUTTON
09-11 19:18:36.747 24087 24087 I KeyguardPasswordView: set params.topMargin:799
09-11 19:18:36.764 24087 24087 D KeyguardPasswordView: H.UPDATE_EMERGENCY_BUTTON
09-11 19:18:36.765 24087 24087 I KeyguardPasswordView: set params.topMargin:799
09-11 19:18:36.782 24087 24087 D KeyguardPasswordView: H.UPDATE_EMERGENCY_BUTTON
09-11 19:18:36.783 24087 24087 I KeyguardPasswordView: set params.topMargin:799
09-11 19:18:36.799 24087 24087 D KeyguardPasswordView: H.UPDATE_EMERGENCY_BUTTON
09-11 19:18:36.800 24087 24087 I KeyguardPasswordView: set params.topMargin:799
09-11 19:18:36.818 24087 24087 D KeyguardPasswordView: H.UPDATE_EMERGENCY_BUTTON
09-11 19:18:36.819 24087 24087 I KeyguardPasswordView: set params.topMargin:799
09-11 19:18:36.837 24087 24087 D KeyguardPasswordView: H.UPDATE_EMERGENCY_BUTTON
09-11 19:18:36.838 24087 24087 I KeyguardPasswordView: set params.topMargin:799
09-11 19:18:36.855 24087 24087 D KeyguardPasswordView: H.UPDATE_EMERGENCY_BUTTON
09-11 19:18:36.856 24087 24087 I KeyguardPasswordView: set params.topMargin:799
09-11 19:18:36.874 24087 24087 D KeyguardPasswordView: H.UPDATE_EMERGENCY_BUTTON
09-11 19:18:36.874 24087 24087 I KeyguardPasswordView: set params.topMargin:799
09-11 19:18:36.893 24087 24087 D KeyguardPasswordView: H.UPDATE_EMERGENCY_BUTTON
09-11 19:18:36.893 24087 24087 I KeyguardPasswordView: set params.topMargin:799
09-11 19:18:36.914 24087 24087 D KeyguardPasswordView: H.UPDATE_EMERGENCY_BUTTON
09-11 19:18:36.914 24087 24087 I KeyguardPasswordView: set params.topMargin:799
09-11 19:18:36.932 24087 24087 D KeyguardPasswordView: H.UPDATE_EMERGENCY_BUTTON
09-11 19:18:36.933 24087 24087 I KeyguardPasswordView: set params.topMargin:799
09-11 19:18:36.938  1664  7162 E QMI_FW  : qmi_cci_get_ref: ref count increased 2
09-11 19:18:36.941  1664  1732 E QMI_FW  : qmi_cci_get_ref: ref count increased 2
09-11 19:18:36.949 24087 24087 D KeyguardPasswordView: H.UPDATE_EMERGENCY_BUTTON
09-11 19:18:36.950 24087 24087 I KeyguardPasswordView: set params.topMargin:799
09-11 19:18:36.967 24087 24087 D KeyguardPasswordView: H.UPDATE_EMERGENCY_BUTTON
09-11 19:18:36.967 24087 24087 I KeyguardPasswordView: set params.topMargin:799
09-11 19:18:36.986 24087 24087 D KeyguardPasswordView: H.UPDATE_EMERGENCY_BUTTON
09-11 19:18:36.987 24087 24087 I KeyguardPasswordView: set params.topMargin:799
09-11 19:18:36.990  3155  3155 D PhoneInterfaceManager: [PhoneIntfMgr] getPhoneFromSubId: 6
09-11 19:18:36.997  1555  1746 W AlarmManager: Unrecognized alarm listener com.android.server.OpPowerControllerService$tsu@ecdb27f
09-11 19:18:37.002 24087 24087 I OpUtils : isSupportWarpCharging:false
09-11 19:18:37.002 24087 24087 D OpSWarpChargingView: level is same as latest one [41]
09-11 19:18:37.003 24087 24087 D KeyguardUpdateMonitor: received broadcast android.intent.action.BATTERY_CHANGED
09-11 19:18:37.003 24087 24087 I OpUtils : isSupportWarpCharging:false
09-11 19:18:37.003 24087 24087 D KeyguardUpdateMonitor: pdCharge false, chargingstatus 0, fastcharge:0
09-11 19:18:37.003 24087 24087 D KeyguardPasswordView: H.UPDATE_EMERGENCY_BUTTON
09-11 19:18:37.004 14890 14890 W WM-WorkSpec: Interval duration lesser than minimum allowed value; Changed to 900000
09-11 19:18:37.004 14890 14890 W WM-WorkSpec: Flex duration lesser than minimum allowed value; Changed to 300000
09-11 19:18:37.004 24087 24087 I KeyguardPasswordView: set params.topMargin:799
09-11 19:18:37.004 24087 24109 D BatterySaverTile: handleUpdateState, true, false
09-11 19:18:37.010 14890 14959 W System.err: java.lang.NullPointerException: Attempt to invoke virtual method 'void android.bluetooth.le.BluetoothLeAdvertiser.stopAdvertisingSet(android.bluetooth.le.AdvertisingSetCallback)' on a null object reference
09-11 19:18:37.010 14890 14959 W System.err: 	at u4.e(SourceFile:2)
09-11 19:18:37.010 14890 14959 W System.err: 	at u4.g(SourceFile:4)
09-11 19:18:37.010 14890 14959 W System.err: 	at v7.b(SourceFile:3)
09-11 19:18:37.010 14890 14959 W System.err: 	at v7.h(Unknown Source:0)
09-11 19:18:37.010 14890 14959 W System.err: 	at n0.run(Unknown Source:8)
09-11 19:18:37.010 14890 14959 W System.err: 	at java.util.concurrent.ThreadPoolExecutor.runWorker(ThreadPoolExecutor.java:1167)
09-11 19:18:37.010 14890 14959 W System.err: 	at java.util.concurrent.ThreadPoolExecutor$Worker.run(ThreadPoolExecutor.java:641)
09-11 19:18:37.010 14890 14959 W System.err: 	at java.lang.Thread.run(Thread.java:923)
09-11 19:18:37.011 14890 14959 W System.err: java.lang.NullPointerException: Attempt to invoke virtual method 'void android.bluetooth.le.BluetoothLeAdvertiser.startAdvertisingSet(android.bluetooth.le.AdvertisingSetParameters, android.bluetooth.le.AdvertiseData, android.bluetooth.le.AdvertiseData, android.bluetooth.le.PeriodicAdvertisingParameters, android.bluetooth.le.AdvertiseData, int, int, android.bluetooth.le.AdvertisingSetCallback)' on a null object reference
09-11 19:18:37.011 14890 14959 W System.err: 	at u4.g(SourceFile:8)
09-11 19:18:37.011 14890 14959 W System.err: 	at v7.b(SourceFile:3)
09-11 19:18:37.011 14890 14959 W System.err: 	at v7.h(Unknown Source:0)
09-11 19:18:37.011 14890 14959 W System.err: 	at n0.run(Unknown Source:8)
09-11 19:18:37.011 14890 14959 W System.err: 	at java.util.concurrent.ThreadPoolExecutor.runWorker(ThreadPoolExecutor.java:1167)
09-11 19:18:37.011 14890 14959 W System.err: 	at java.util.concurrent.ThreadPoolExecutor$Worker.run(ThreadPoolExecutor.java:641)
09-11 19:18:37.011 14890 14959 W System.err: 	at java.lang.Thread.run(Thread.java:923)
09-11 19:18:37.023 24087 24087 D KeyguardPasswordView: H.UPDATE_EMERGENCY_BUTTON
09-11 19:18:37.024 24087 24087 I KeyguardPasswordView: set params.topMargin:799
09-11 19:18:37.041 24087 24087 D KeyguardPasswordView: H.UPDATE_EMERGENCY_BUTTON
09-11 19:18:37.042 24087 24087 I KeyguardPasswordView: set params.topMargin:799
09-11 19:18:37.046  8627  8627 D DeviceStatisticsService: chargerType=2 batteryLevel=41 totalBatteryCapacity=3786200
09-11 19:18:37.062 24087 24087 D KeyguardPasswordView: H.UPDATE_EMERGENCY_BUTTON
09-11 19:18:37.062 24087 24087 I KeyguardPasswordView: set params.topMargin:799
09-11 19:18:37.079 24087 24087 D KeyguardPasswordView: H.UPDATE_EMERGENCY_BUTTON
09-11 19:18:37.080 24087 24087 I KeyguardPasswordView: set params.topMargin:799
09-11 19:18:37.097 24087 24087 D KeyguardPasswordView: H.UPDATE_EMERGENCY_BUTTON
09-11 19:18:37.097 24087 24087 I KeyguardPasswordView: set params.topMargin:799
09-11 19:18:37.115 24087 24087 D KeyguardPasswordView: H.UPDATE_EMERGENCY_BUTTON
09-11 19:18:37.116 24087 24087 I KeyguardPasswordView: set params.topMargin:799
09-11 19:18:37.134 24087 24087 D KeyguardPasswordView: H.UPDATE_EMERGENCY_BUTTON
09-11 19:18:37.134 24087 24087 I KeyguardPasswordView: set params.topMargin:799
09-11 19:18:37.152 24087 24087 D KeyguardPasswordView: H.UPDATE_EMERGENCY_BUTTON
09-11 19:18:37.152 24087 24087 I KeyguardPasswordView: set params.topMargin:799
09-11 19:18:37.169 24087 24087 D KeyguardPasswordView: H.UPDATE_EMERGENCY_BUTTON
09-11 19:18:37.170 24087 24087 I KeyguardPasswordView: set params.topMargin:799
09-11 19:18:37.187 24087 24087 D KeyguardPasswordView: H.UPDATE_EMERGENCY_BUTTON
09-11 19:18:37.188 24087 24087 I KeyguardPasswordView: set params.topMargin:799
09-11 19:18:37.206 24087 24087 D KeyguardPasswordView: H.UPDATE_EMERGENCY_BUTTON
09-11 19:18:37.206 24087 24087 I KeyguardPasswordView: set params.topMargin:799
09-11 19:18:37.224 24087 24087 D KeyguardPasswordView: H.UPDATE_EMERGENCY_BUTTON
09-11 19:18:37.224 24087 24087 I KeyguardPasswordView: set params.topMargin:799
09-11 19:18:37.245 24087 24087 D KeyguardPasswordView: H.UPDATE_EMERGENCY_BUTTON
09-11 19:18:37.245 24087 24087 I KeyguardPasswordView: set params.topMargin:799
09-11 19:18:37.266 24087 24087 D KeyguardPasswordView: H.UPDATE_EMERGENCY_BUTTON
09-11 19:18:37.267 24087 24087 I KeyguardPasswordView: set params.topMargin:799
09-11 19:18:37.284 24087 24087 D KeyguardPasswordView: H.UPDATE_EMERGENCY_BUTTON
09-11 19:18:37.284 24087 24087 I KeyguardPasswordView: set params.topMargin:799
09-11 19:18:37.304 24087 24087 D KeyguardPasswordView: H.UPDATE_EMERGENCY_BUTTON
09-11 19:18:37.304 24087 24087 I KeyguardPasswordView: set params.topMargin:799
09-11 19:18:37.320 24087 24087 D KeyguardPasswordView: H.UPDATE_EMERGENCY_BUTTON
09-11 19:18:37.320 24087 24087 I KeyguardPasswordView: set params.topMargin:799
09-11 19:18:37.338 24087 24087 D KeyguardPasswordView: H.UPDATE_EMERGENCY_BUTTON
09-11 19:18:37.338 24087 24087 I KeyguardPasswordView: set params.topMargin:799
09-11 19:18:37.358 24087 24087 D KeyguardPasswordView: H.UPDATE_EMERGENCY_BUTTON
09-11 19:18:37.359 24087 24087 I KeyguardPasswordView: set params.topMargin:799
09-11 19:18:37.379 24087 24087 D KeyguardPasswordView: H.UPDATE_EMERGENCY_BUTTON
09-11 19:18:37.381 24087 24087 I KeyguardPasswordView: set params.topMargin:799
09-11 19:18:37.397 24087 24087 D KeyguardPasswordView: H.UPDATE_EMERGENCY_BUTTON
09-11 19:18:37.403 24087 24087 I KeyguardPasswordView: set params.topMargin:799
09-11 19:18:37.416 24087 24087 D KeyguardPasswordView: H.UPDATE_EMERGENCY_BUTTON
09-11 19:18:37.416 24087 24087 I KeyguardPasswordView: set params.topMargin:799
09-11 19:18:37.432 24087 24087 D KeyguardPasswordView: H.UPDATE_EMERGENCY_BUTTON
09-11 19:18:37.432 24087 24087 I KeyguardPasswordView: set params.topMargin:799
09-11 19:18:37.448 24087 24087 D KeyguardPasswordView: H.UPDATE_EMERGENCY_BUTTON
09-11 19:18:37.449 24087 24087 I KeyguardPasswordView: set params.topMargin:799
09-11 19:18:37.465 24087 24087 D KeyguardPasswordView: H.UPDATE_EMERGENCY_BUTTON
09-11 19:18:37.466 24087 24087 I KeyguardPasswordView: set params.topMargin:799
09-11 19:18:37.482 24087 24087 D KeyguardPasswordView: H.UPDATE_EMERGENCY_BUTTON
09-11 19:18:37.482 24087 24087 I KeyguardPasswordView: set params.topMargin:799
09-11 19:18:37.500 24087 24087 D KeyguardPasswordView: H.UPDATE_EMERGENCY_BUTTON
09-11 19:18:37.501 24087 24087 I KeyguardPasswordView: set params.topMargin:799
09-11 19:18:37.518 24087 24087 D KeyguardPasswordView: H.UPDATE_EMERGENCY_BUTTON
09-11 19:18:37.519 24087 24087 I KeyguardPasswordView: set params.topMargin:799
09-11 19:18:37.536 24087 24087 D KeyguardPasswordView: H.UPDATE_EMERGENCY_BUTTON
09-11 19:18:37.537 24087 24087 I KeyguardPasswordView: set params.topMargin:799
09-11 19:18:37.556 24087 24087 D KeyguardPasswordView: H.UPDATE_EMERGENCY_BUTTON
09-11 19:18:37.557 24087 24087 I KeyguardPasswordView: set params.topMargin:799
09-11 19:18:37.575 24087 24087 D KeyguardPasswordView: H.UPDATE_EMERGENCY_BUTTON
09-11 19:18:37.575 24087 24087 I KeyguardPasswordView: set params.topMargin:799
09-11 19:18:37.592 24087 24087 D KeyguardPasswordView: H.UPDATE_EMERGENCY_BUTTON
09-11 19:18:37.593 24087 24087 I KeyguardPasswordView: set params.topMargin:799
09-11 19:18:37.611 24087 24087 D KeyguardPasswordView: H.UPDATE_EMERGENCY_BUTTON
09-11 19:18:37.611 24087 24087 I KeyguardPasswordView: set params.topMargin:799
09-11 19:18:37.632 24087 24087 D KeyguardPasswordView: H.UPDATE_EMERGENCY_BUTTON
09-11 19:18:37.633 24087 24087 I KeyguardPasswordView: set params.topMargin:799
09-11 19:18:37.653 24087 24087 D KeyguardPasswordView: H.UPDATE_EMERGENCY_BUTTON
09-11 19:18:37.653 24087 24087 I KeyguardPasswordView: set params.topMargin:799
09-11 19:18:37.671 24087 24087 D KeyguardPasswordView: H.UPDATE_EMERGENCY_BUTTON
09-11 19:18:37.672 24087 24087 I KeyguardPasswordView: set params.topMargin:799
09-11 19:18:37.692 24087 24087 D KeyguardPasswordView: H.UPDATE_EMERGENCY_BUTTON
09-11 19:18:37.695 24087 24087 I KeyguardPasswordView: set params.topMargin:799
09-11 19:18:37.711 24087 24087 D KeyguardPasswordView: H.UPDATE_EMERGENCY_BUTTON
09-11 19:18:37.711 24087 24087 I KeyguardPasswordView: set params.topMargin:799
09-11 19:18:37.729 24087 24087 D KeyguardPasswordView: H.UPDATE_EMERGENCY_BUTTON
09-11 19:18:37.730 24087 24087 I KeyguardPasswordView: set params.topMargin:799
09-11 19:18:37.747 24087 24087 D KeyguardPasswordView: H.UPDATE_EMERGENCY_BUTTON
09-11 19:18:37.748 24087 24087 I KeyguardPasswordView: set params.topMargin:799
09-11 19:18:37.766 24087 24087 D KeyguardPasswordView: H.UPDATE_EMERGENCY_BUTTON
09-11 19:18:37.766 24087 24087 I KeyguardPasswordView: set params.topMargin:799
09-11 19:18:37.783 24087 24087 D KeyguardPasswordView: H.UPDATE_EMERGENCY_BUTTON
09-11 19:18:37.784 24087 24087 I KeyguardPasswordView: set params.topMargin:799
09-11 19:18:37.800 24087 24087 D KeyguardPasswordView: H.UPDATE_EMERGENCY_BUTTON
09-11 19:18:37.801 24087 24087 I KeyguardPasswordView: set params.topMargin:799
09-11 19:18:37.818 24087 24087 D KeyguardPasswordView: H.UPDATE_EMERGENCY_BUTTON
09-11 19:18:37.818 24087 24087 I KeyguardPasswordView: set params.topMargin:799
09-11 19:18:37.838 24087 24087 D KeyguardPasswordView: H.UPDATE_EMERGENCY_BUTTON
09-11 19:18:37.839 24087 24087 I KeyguardPasswordView: set params.topMargin:799
09-11 19:18:37.857 24087 24087 D KeyguardPasswordView: H.UPDATE_EMERGENCY_BUTTON
09-11 19:18:37.858 24087 24087 I KeyguardPasswordView: set params.topMargin:799
09-11 19:18:37.875 24087 24087 D KeyguardPasswordView: H.UPDATE_EMERGENCY_BUTTON
09-11 19:18:37.876 24087 24087 I KeyguardPasswordView: set params.topMargin:799
09-11 19:18:37.892 24087 24087 D KeyguardPasswordView: H.UPDATE_EMERGENCY_BUTTON
09-11 19:18:37.892 24087 24087 I KeyguardPasswordView: set params.topMargin:799
09-11 19:18:37.914 24087 24087 D KeyguardPasswordView: H.UPDATE_EMERGENCY_BUTTON
09-11 19:18:37.915 24087 24087 I KeyguardPasswordView: set params.topMargin:799
09-11 19:18:37.936 24087 24087 D KeyguardPasswordView: H.UPDATE_EMERGENCY_BUTTON
09-11 19:18:37.936 24087 24087 I KeyguardPasswordView: set params.topMargin:799
09-11 19:18:37.956 24087 24087 D KeyguardPasswordView: H.UPDATE_EMERGENCY_BUTTON
09-11 19:18:37.956 24087 24087 I KeyguardPasswordView: set params.topMargin:799
09-11 19:18:37.960  1455  1455 I cnss-daemon: nl80211 response handler invoked
09-11 19:18:37.960  1455  1455 I cnss-daemon: nl80211_response_handler: cmd 103, vendorID 4980, subcmd 10  received
09-11 19:18:37.963  1506 12581 D LOWI-9.0.0.79: [LOWI-Scan] wait_event:Wait done with Cmd 103
