09-11 19:18:48.636 24087 24087 I KeyguardPasswordView: set params.topMargin:799
09-11 19:18:48.655 24087 24087 D KeyguardPasswordView: H.UPDATE_EMERGENCY_BUTTON
09-11 19:18:48.655 24087 24087 I KeyguardPasswordView: set params.topMargin:799
09-11 19:18:48.672 24087 24087 D KeyguardPasswordView: H.UPDATE_EMERGENCY_BUTTON
09-11 19:18:48.673 24087 24087 I KeyguardPasswordView: set params.topMargin:799
09-11 19:18:48.689 24087 24087 D KeyguardPasswordView: H.UPDATE_EMERGENCY_BUTTON
09-11 19:18:48.689 24087 24087 I KeyguardPasswordView: set params.topMargin:799
09-11 19:18:48.710 24087 24087 D KeyguardPasswordView: H.UPDATE_EMERGENCY_BUTTON
09-11 19:18:48.711 24087 24087 I KeyguardPasswordView: set params.topMargin:799
09-11 19:18:48.727 24087 24087 D KeyguardPasswordView: H.UPDATE_EMERGENCY_BUTTON
09-11 19:18:48.728 24087 24087 I KeyguardPasswordView: set params.topMargin:799
09-11 19:18:48.745 24087 24087 D KeyguardPasswordView: H.UPDATE_EMERGENCY_BUTTON
09-11 19:18:48.746 24087 24087 I KeyguardPasswordView: set params.topMargin:799
09-11 19:18:48.762 24087 24087 D KeyguardPasswordView: H.UPDATE_EMERGENCY_BUTTON
09-11 19:18:48.763 24087 24087 I KeyguardPasswordView: set params.topMargin:799
09-11 19:18:48.780 24087 24087 D KeyguardPasswordView: H.UPDATE_EMERGENCY_BUTTON
09-11 19:18:48.780 24087 24087 I KeyguardPasswordView: set params.topMargin:799
09-11 19:18:48.797 24087 24087 D KeyguardPasswordView: H.UPDATE_EMERGENCY_BUTTON
09-11 19:18:48.798 24087 24087 I KeyguardPasswordView: set params.topMargin:799
09-11 19:18:48.818 24087 24087 D KeyguardPasswordView: H.UPDATE_EMERGENCY_BUTTON
09-11 19:18:48.818 24087 24087 I KeyguardPasswordView: set params.topMargin:799
09-11 19:18:48.843 24087 24087 D KeyguardPasswordView: H.UPDATE_EMERGENCY_BUTTON
09-11 19:18:48.843 24087 24087 I KeyguardPasswordView: set params.topMargin:799
09-11 19:18:48.859 24087 24087 D KeyguardPasswordView: H.UPDATE_EMERGENCY_BUTTON
09-11 19:18:48.859 24087 24087 I KeyguardPasswordView: set params.topMargin:799
09-11 19:18:48.876 24087 24087 D KeyguardPasswordView: H.UPDATE_EMERGENCY_BUTTON
09-11 19:18:48.877 24087 24087 I KeyguardPasswordView: set params.topMargin:799
09-11 19:18:48.895 24087 24087 D KeyguardPasswordView: H.UPDATE_EMERGENCY_BUTTON
09-11 19:18:48.896 24087 24087 I KeyguardPasswordView: set params.topMargin:799
09-11 19:18:48.912 24087 24087 D KeyguardPasswordView: H.UPDATE_EMERGENCY_BUTTON
09-11 19:18:48.913 24087 24087 I KeyguardPasswordView: set params.topMargin:799
09-11 19:18:48.931 24087 24087 D KeyguardPasswordView: H.UPDATE_EMERGENCY_BUTTON
09-11 19:18:48.931 24087 24087 I KeyguardPasswordView: set params.topMargin:799
09-11 19:18:48.949 24087 24087 D KeyguardPasswordView: H.UPDATE_EMERGENCY_BUTTON
09-11 19:18:48.950 24087 24087 I KeyguardPasswordView: set params.topMargin:799
09-11 19:18:48.970 24087 24087 D KeyguardPasswordView: H.UPDATE_EMERGENCY_BUTTON
09-11 19:18:48.970 24087 24087 I KeyguardPasswordView: set params.topMargin:799
09-11 19:18:48.988 24087 24087 D KeyguardPasswordView: H.UPDATE_EMERGENCY_BUTTON
09-11 19:18:48.988 24087 24087 I KeyguardPasswordView: set params.topMargin:799
09-11 19:18:49.006 24087 24087 D KeyguardPasswordView: H.UPDATE_EMERGENCY_BUTTON
09-11 19:18:49.007 24087 24087 I KeyguardPasswordView: set params.topMargin:799
09-11 19:18:49.024 24087 24087 D KeyguardPasswordView: H.UPDATE_EMERGENCY_BUTTON
09-11 19:18:49.024 24087 24087 I KeyguardPasswordView: set params.topMargin:799
09-11 19:18:49.044 24087 24087 D KeyguardPasswordView: H.UPDATE_EMERGENCY_BUTTON
09-11 19:18:49.044 24087 24087 I KeyguardPasswordView: set params.topMargin:799
09-11 19:18:49.062 24087 24087 D KeyguardPasswordView: H.UPDATE_EMERGENCY_BUTTON
09-11 19:18:49.062 24087 24087 I KeyguardPasswordView: set params.topMargin:799
09-11 19:18:49.082 24087 24087 D KeyguardPasswordView: H.UPDATE_EMERGENCY_BUTTON
09-11 19:18:49.083 24087 24087 I KeyguardPasswordView: set params.topMargin:799
09-11 19:18:49.100 24087 24087 D KeyguardPasswordView: H.UPDATE_EMERGENCY_BUTTON
09-11 19:18:49.101 24087 24087 I KeyguardPasswordView: set params.topMargin:799
09-11 19:18:49.118 24087 24087 D KeyguardPasswordView: H.UPDATE_EMERGENCY_BUTTON
09-11 19:18:49.119 24087 24087 I KeyguardPasswordView: set params.topMargin:799
09-11 19:18:49.136 24087 24087 D KeyguardPasswordView: H.UPDATE_EMERGENCY_BUTTON
09-11 19:18:49.137 24087 24087 I KeyguardPasswordView: set params.topMargin:799
09-11 19:18:49.157 24087 24087 D KeyguardPasswordView: H.UPDATE_EMERGENCY_BUTTON
09-11 19:18:49.158 24087 24087 I KeyguardPasswordView: set params.topMargin:799
09-11 19:18:49.177 24087 24087 D KeyguardPasswordView: H.UPDATE_EMERGENCY_BUTTON
09-11 19:18:49.178 24087 24087 I KeyguardPasswordView: set params.topMargin:799
09-11 19:18:49.194 24087 24087 D KeyguardPasswordView: H.UPDATE_EMERGENCY_BUTTON
09-11 19:18:49.195 24087 24087 I KeyguardPasswordView: set params.topMargin:799
09-11 19:18:49.215 24087 24087 D KeyguardPasswordView: H.UPDATE_EMERGENCY_BUTTON
09-11 19:18:49.215 24087 24087 I KeyguardPasswordView: set params.topMargin:799
09-11 19:18:49.235 24087 24087 D KeyguardPasswordView: H.UPDATE_EMERGENCY_BUTTON
09-11 19:18:49.236 24087 24087 I KeyguardPasswordView: set params.topMargin:799
09-11 19:18:49.254 24087 24087 D KeyguardPasswordView: H.UPDATE_EMERGENCY_BUTTON
09-11 19:18:49.254 24087 24087 I KeyguardPasswordView: set params.topMargin:799
09-11 19:18:49.274 24087 24087 D KeyguardPasswordView: H.UPDATE_EMERGENCY_BUTTON
09-11 19:18:49.274 24087 24087 I KeyguardPasswordView: set params.topMargin:799
09-11 19:18:49.292 24087 24087 D KeyguardPasswordView: H.UPDATE_EMERGENCY_BUTTON
09-11 19:18:49.292 24087 24087 I KeyguardPasswordView: set params.topMargin:799
09-11 19:18:49.310 24087 24087 D KeyguardPasswordView: H.UPDATE_EMERGENCY_BUTTON
09-11 19:18:49.311 24087 24087 I KeyguardPasswordView: set params.topMargin:799
09-11 19:18:49.327 24087 24087 D KeyguardPasswordView: H.UPDATE_EMERGENCY_BUTTON
09-11 19:18:49.328 24087 24087 I KeyguardPasswordView: set params.topMargin:799
09-11 19:18:49.345 24087 24087 D KeyguardPasswordView: H.UPDATE_EMERGENCY_BUTTON
09-11 19:18:49.346 24087 24087 I KeyguardPasswordView: set params.topMargin:799
09-11 19:18:49.364 24087 24087 D KeyguardPasswordView: H.UPDATE_EMERGENCY_BUTTON
09-11 19:18:49.365 24087 24087 I KeyguardPasswordView: set params.topMargin:799
09-11 19:18:49.386 24087 24087 D KeyguardPasswordView: H.UPDATE_EMERGENCY_BUTTON
09-11 19:18:49.386 24087 24087 I KeyguardPasswordView: set params.topMargin:799
09-11 19:18:49.402 24087 24087 D KeyguardPasswordView: H.UPDATE_EMERGENCY_BUTTON
09-11 19:18:49.402 24087 24087 I KeyguardPasswordView: set params.topMargin:799
09-11 19:18:49.422 24087 24087 D KeyguardPasswordView: H.UPDATE_EMERGENCY_BUTTON
09-11 19:18:49.422 24087 24087 I KeyguardPasswordView: set params.topMargin:799
09-11 19:18:49.439 24087 24087 D KeyguardPasswordView: H.UPDATE_EMERGENCY_BUTTON
09-11 19:18:49.440 24087 24087 I KeyguardPasswordView: set params.topMargin:799
09-11 19:18:49.460 24087 24087 D KeyguardPasswordView: H.UPDATE_EMERGENCY_BUTTON
09-11 19:18:49.460 24087 24087 I KeyguardPasswordView: set params.topMargin:799
09-11 19:18:49.480 24087 24087 D KeyguardPasswordView: H.UPDATE_EMERGENCY_BUTTON
09-11 19:18:49.481 24087 24087 I KeyguardPasswordView: set params.topMargin:799
09-11 19:18:49.501 24087 24087 D KeyguardPasswordView: H.UPDATE_EMERGENCY_BUTTON
09-11 19:18:49.502 24087 24087 I KeyguardPasswordView: set params.topMargin:799
09-11 19:18:49.522 24087 24087 D KeyguardPasswordView: H.UPDATE_EMERGENCY_BUTTON
09-11 19:18:49.523 24087 24087 I KeyguardPasswordView: set params.topMargin:799
09-11 19:18:49.544 24087 24087 D KeyguardPasswordView: H.UPDATE_EMERGENCY_BUTTON
09-11 19:18:49.544 24087 24087 I KeyguardPasswordView: set params.topMargin:799
09-11 19:18:49.561 24087 24087 D KeyguardPasswordView: H.UPDATE_EMERGENCY_BUTTON
09-11 19:18:49.561 24087 24087 I KeyguardPasswordView: set params.topMargin:799
09-11 19:18:49.581 24087 24087 D KeyguardPasswordView: H.UPDATE_EMERGENCY_BUTTON
09-11 19:18:49.581 24087 24087 I KeyguardPasswordView: set params.topMargin:799
09-11 19:18:49.603 24087 24087 D KeyguardPasswordView: H.UPDATE_EMERGENCY_BUTTON
09-11 19:18:49.604 24087 24087 I KeyguardPasswordView: set params.topMargin:799
09-11 19:18:49.620 24087 24087 D KeyguardPasswordView: H.UPDATE_EMERGENCY_BUTTON
09-11 19:18:49.621 24087 24087 I KeyguardPasswordView: set params.topMargin:799
09-11 19:18:49.637 24087 24087 D KeyguardPasswordView: H.UPDATE_EMERGENCY_BUTTON
09-11 19:18:49.638 24087 24087 I KeyguardPasswordView: set params.topMargin:799
09-11 19:18:49.658 24087 24087 D KeyguardPasswordView: H.UPDATE_EMERGENCY_BUTTON
09-11 19:18:49.659 24087 24087 I KeyguardPasswordView: set params.topMargin:799
09-11 19:18:49.676 24087 24087 D KeyguardPasswordView: H.UPDATE_EMERGENCY_BUTTON
09-11 19:18:49.676 24087 24087 I KeyguardPasswordView: set params.topMargin:799
09-11 19:18:49.697 24087 24087 D KeyguardPasswordView: H.UPDATE_EMERGENCY_BUTTON
09-11 19:18:49.698 24087 24087 I KeyguardPasswordView: set params.topMargin:799
09-11 19:18:49.715 24087 24087 D KeyguardPasswordView: H.UPDATE_EMERGENCY_BUTTON
09-11 19:18:49.715 24087 24087 I KeyguardPasswordView: set params.topMargin:799
09-11 19:18:49.734 24087 24087 D KeyguardPasswordView: H.UPDATE_EMERGENCY_BUTTON
09-11 19:18:49.734 24087 24087 I KeyguardPasswordView: set params.topMargin:799
09-11 19:18:49.750 24087 24087 D KeyguardPasswordView: H.UPDATE_EMERGENCY_BUTTON
09-11 19:18:49.751 24087 24087 I KeyguardPasswordView: set params.topMargin:799
09-11 19:18:49.768 24087 24087 D KeyguardPasswordView: H.UPDATE_EMERGENCY_BUTTON
09-11 19:18:49.768 24087 24087 I KeyguardPasswordView: set params.topMargin:799
09-11 19:18:49.789 24087 24087 D KeyguardPasswordView: H.UPDATE_EMERGENCY_BUTTON
09-11 19:18:49.789 24087 24087 I KeyguardPasswordView: set params.topMargin:799
09-11 19:18:49.792  1555  1746 W AlarmManager: Unrecognized alarm listener com.android.server.OpPowerControllerService$tsu@ecdb27f
09-11 19:18:49.803 14890 14890 W WM-WorkSpec: Interval duration lesser than minimum allowed value; Changed to 900000
09-11 19:18:49.803 14890 14890 W WM-WorkSpec: Flex duration lesser than minimum allowed value; Changed to 300000
09-11 19:18:49.809 14890 14959 W System.err: java.lang.NullPointerException: Attempt to invoke virtual method 'void android.bluetooth.le.BluetoothLeAdvertiser.stopAdvertisingSet(android.bluetooth.le.AdvertisingSetCallback)' on a null object reference
09-11 19:18:49.809 14890 14959 W System.err: 	at u4.e(SourceFile:2)
09-11 19:18:49.809 14890 14959 W System.err: 	at u4.g(SourceFile:4)
09-11 19:18:49.809 14890 14959 W System.err: 	at v7.b(SourceFile:3)
09-11 19:18:49.809 14890 14959 W System.err: 	at v7.h(Unknown Source:0)
09-11 19:18:49.809 14890 14959 W System.err: 	at n0.run(Unknown Source:8)
09-11 19:18:49.809 14890 14959 W System.err: 	at java.util.concurrent.ThreadPoolExecutor.runWorker(ThreadPoolExecutor.java:1167)
09-11 19:18:49.809 14890 14959 W System.err: 	at java.util.concurrent.ThreadPoolExecutor$Worker.run(ThreadPoolExecutor.java:641)
09-11 19:18:49.809 14890 14959 W System.err: 	at java.lang.Thread.run(Thread.java:923)
09-11 19:18:49.809 14890 14959 W System.err: java.lang.NullPointerException: Attempt to invoke virtual method 'void android.bluetooth.le.BluetoothLeAdvertiser.startAdvertisingSet(android.bluetooth.le.AdvertisingSetParameters, android.bluetooth.le.AdvertiseData, android.bluetooth.le.AdvertiseData, android.bluetooth.le.PeriodicAdvertisingParameters, android.bluetooth.le.AdvertiseData, int, int, android.bluetooth.le.AdvertisingSetCallback)' on a null object reference
09-11 19:18:49.810 14890 14959 W System.err: 	at u4.g(SourceFile:8)
09-11 19:18:49.810 14890 14959 W System.err: 	at v7.b(SourceFile:3)
09-11 19:18:49.810 14890 14959 W System.err: 	at v7.h(Unknown Source:0)
09-11 19:18:49.810 24087 24087 I OpUtils : isSupportWarpCharging:false
09-11 19:18:49.810 14890 14959 W System.err: 	at n0.run(Unknown Source:8)
09-11 19:18:49.810 14890 14959 W System.err: 	at java.util.concurrent.ThreadPoolExecutor.runWorker(ThreadPoolExecutor.java:1167)
09-11 19:18:49.810 14890 14959 W System.err: 	at java.util.concurrent.ThreadPoolExecutor$Worker.run(ThreadPoolExecutor.java:641)
09-11 19:18:49.810 14890 14959 W System.err: 	at java.lang.Thread.run(Thread.java:923)
09-11 19:18:49.810 24087 24087 D OpSWarpChargingView: level is same as latest one [41]
09-11 19:18:49.811 24087 24109 D BatterySaverTile: handleUpdateState, true, false
09-11 19:18:49.812 24087 24087 D KeyguardUpdateMonitor: received broadcast android.intent.action.BATTERY_CHANGED
09-11 19:18:49.812 24087 24087 I OpUtils : isSupportWarpCharging:false
09-11 19:18:49.812 24087 24087 D KeyguardUpdateMonitor: pdCharge false, chargingstatus 0, fastcharge:0
09-11 19:18:49.812 24087 24087 D KeyguardPasswordView: H.UPDATE_EMERGENCY_BUTTON
09-11 19:18:49.813 24087 24087 I KeyguardPasswordView: set params.topMargin:799
09-11 19:18:49.829 24087 24087 D KeyguardPasswordView: H.UPDATE_EMERGENCY_BUTTON
09-11 19:18:49.830 24087 24087 I KeyguardPasswordView: set params.topMargin:799
09-11 19:18:49.835  8627  8627 D DeviceStatisticsService: chargerType=2 batteryLevel=41 totalBatteryCapacity=3789900
09-11 19:18:49.847 24087 24087 D KeyguardPasswordView: H.UPDATE_EMERGENCY_BUTTON
09-11 19:18:49.849 24087 24087 I KeyguardPasswordView: set params.topMargin:799
09-11 19:18:49.866 24087 24087 D KeyguardPasswordView: H.UPDATE_EMERGENCY_BUTTON
09-11 19:18:49.866 24087 24087 I KeyguardPasswordView: set params.topMargin:799
09-11 19:18:49.883 24087 24087 D KeyguardPasswordView: H.UPDATE_EMERGENCY_BUTTON
09-11 19:18:49.883 24087 24087 I KeyguardPasswordView: set params.topMargin:799
09-11 19:18:49.901 24087 24087 D KeyguardPasswordView: H.UPDATE_EMERGENCY_BUTTON
09-11 19:18:49.901 24087 24087 I KeyguardPasswordView: set params.topMargin:799
09-11 19:18:49.919 24087 24087 D KeyguardPasswordView: H.UPDATE_EMERGENCY_BUTTON
09-11 19:18:49.919 24087 24087 I KeyguardPasswordView: set params.topMargin:799
09-11 19:18:49.939 24087 24087 D KeyguardPasswordView: H.UPDATE_EMERGENCY_BUTTON
09-11 19:18:49.940 24087 24087 I KeyguardPasswordView: set params.topMargin:799
09-11 19:18:49.960 24087 24087 D KeyguardPasswordView: H.UPDATE_EMERGENCY_BUTTON
09-11 19:18:49.960 24087 24087 I KeyguardPasswordView: set params.topMargin:799
09-11 19:18:49.979 24087 24087 D KeyguardPasswordView: H.UPDATE_EMERGENCY_BUTTON
09-11 19:18:49.979 24087 24087 I KeyguardPasswordView: set params.topMargin:799
09-11 19:18:49.997 24087 24087 D KeyguardPasswordView: H.UPDATE_EMERGENCY_BUTTON
09-11 19:18:49.998 24087 24087 I KeyguardPasswordView: set params.topMargin:799
09-11 19:18:50.018 24087 24087 D KeyguardPasswordView: H.UPDATE_EMERGENCY_BUTTON
09-11 19:18:50.018 24087 24087 I KeyguardPasswordView: set params.topMargin:799
09-11 19:18:50.037 24087 24087 D KeyguardPasswordView: H.UPDATE_EMERGENCY_BUTTON
09-11 19:18:50.038 24087 24087 I KeyguardPasswordView: set params.topMargin:799
09-11 19:18:50.057 24087 24087 D KeyguardPasswordView: H.UPDATE_EMERGENCY_BUTTON
09-11 19:18:50.058 24087 24087 I KeyguardPasswordView: set params.topMargin:799
09-11 19:18:50.075 24087 24087 D KeyguardPasswordView: H.UPDATE_EMERGENCY_BUTTON
09-11 19:18:50.075 24087 24087 I KeyguardPasswordView: set params.topMargin:799
09-11 19:18:50.094 24087 24087 D KeyguardPasswordView: H.UPDATE_EMERGENCY_BUTTON
09-11 19:18:50.094 24087 24087 I KeyguardPasswordView: set params.topMargin:799
09-11 19:18:50.113 24087 24087 D KeyguardPasswordView: H.UPDATE_EMERGENCY_BUTTON
09-11 19:18:50.114 24087 24087 I KeyguardPasswordView: set params.topMargin:799
09-11 19:18:50.134 24087 24087 D KeyguardPasswordView: H.UPDATE_EMERGENCY_BUTTON
09-11 19:18:50.135 24087 24087 I KeyguardPasswordView: set params.topMargin:799
09-11 19:18:50.155 24087 24087 D KeyguardPasswordView: H.UPDATE_EMERGENCY_BUTTON
09-11 19:18:50.156 24087 24087 I KeyguardPasswordView: set params.topMargin:799
09-11 19:18:50.176 24087 24087 D KeyguardPasswordView: H.UPDATE_EMERGENCY_BUTTON
09-11 19:18:50.176 24087 24087 I KeyguardPasswordView: set params.topMargin:799
09-11 19:18:50.194 24087 24087 D KeyguardPasswordView: H.UPDATE_EMERGENCY_BUTTON
09-11 19:18:50.194 24087 24087 I KeyguardPasswordView: set params.topMargin:799
09-11 19:18:50.215 24087 24087 D KeyguardPasswordView: H.UPDATE_EMERGENCY_BUTTON
09-11 19:18:50.215 24087 24087 I KeyguardPasswordView: set params.topMargin:799
09-11 19:18:50.234 24087 24087 D KeyguardPasswordView: H.UPDATE_EMERGENCY_BUTTON
09-11 19:18:50.235 24087 24087 I KeyguardPasswordView: set params.topMargin:799
09-11 19:18:50.249 24087 24087 D KeyguardPasswordView: H.UPDATE_EMERGENCY_BUTTON
09-11 19:18:50.250 24087 24087 I KeyguardPasswordView: set params.topMargin:799
09-11 19:18:50.269 24087 24087 D KeyguardPasswordView: H.UPDATE_EMERGENCY_BUTTON
09-11 19:18:50.269 24087 24087 I KeyguardPasswordView: set params.topMargin:799
09-11 19:18:50.281  1664  7162 E QMI_FW  : qmi_cci_get_ref: ref count increased 2
09-11 19:18:50.283  1664  1732 E QMI_FW  : qmi_cci_get_ref: ref count increased 2
09-11 19:18:50.287 24087 24087 D KeyguardPasswordView: H.UPDATE_EMERGENCY_BUTTON
09-11 19:18:50.287 24087 24087 I KeyguardPasswordView: set params.topMargin:799
09-11 19:18:50.304 24087 24087 D KeyguardPasswordView: H.UPDATE_EMERGENCY_BUTTON
09-11 19:18:50.304 24087 24087 I KeyguardPasswordView: set params.topMargin:799
09-11 19:18:50.320 24087 24087 D KeyguardPasswordView: H.UPDATE_EMERGENCY_BUTTON
09-11 19:18:50.320 24087 24087 I KeyguardPasswordView: set params.topMargin:799
09-11 19:18:50.339 24087 24087 D KeyguardPasswordView: H.UPDATE_EMERGENCY_BUTTON
09-11 19:18:50.339 24087 24087 I KeyguardPasswordView: set params.topMargin:799
09-11 19:18:50.356 24087 24087 D KeyguardPasswordView: H.UPDATE_EMERGENCY_BUTTON
09-11 19:18:50.357 24087 24087 I KeyguardPasswordView: set params.topMargin:799
09-11 19:18:50.374 24087 24087 D KeyguardPasswordView: H.UPDATE_EMERGENCY_BUTTON
09-11 19:18:50.375 24087 24087 I KeyguardPasswordView: set params.topMargin:799
09-11 19:18:50.391 24087 24087 D KeyguardPasswordView: H.UPDATE_EMERGENCY_BUTTON
09-11 19:18:50.392 24087 24087 I KeyguardPasswordView: set params.topMargin:799
09-11 19:18:50.412 24087 24087 D KeyguardPasswordView: H.UPDATE_EMERGENCY_BUTTON
09-11 19:18:50.412 24087 24087 I KeyguardPasswordView: set params.topMargin:799
09-11 19:18:50.430 24087 24087 D KeyguardPasswordView: H.UPDATE_EMERGENCY_BUTTON
09-11 19:18:50.431 24087 24087 I KeyguardPasswordView: set params.topMargin:799
09-11 19:18:50.448 24087 24087 D KeyguardPasswordView: H.UPDATE_EMERGENCY_BUTTON
09-11 19:18:50.449 24087 24087 I KeyguardPasswordView: set params.topMargin:799
09-11 19:18:50.467 24087 24087 D KeyguardPasswordView: H.UPDATE_EMERGENCY_BUTTON
09-11 19:18:50.467 24087 24087 I KeyguardPasswordView: set params.topMargin:799
09-11 19:18:50.488 24087 24087 D KeyguardPasswordView: H.UPDATE_EMERGENCY_BUTTON
09-11 19:18:50.488 24087 24087 I KeyguardPasswordView: set params.topMargin:799
09-11 19:18:50.506 24087 24087 D KeyguardPasswordView: H.UPDATE_EMERGENCY_BUTTON
09-11 19:18:50.507 24087 24087 I KeyguardPasswordView: set params.topMargin:799
09-11 19:18:50.525 24087 24087 D KeyguardPasswordView: H.UPDATE_EMERGENCY_BUTTON
09-11 19:18:50.525 24087 24087 I KeyguardPasswordView: set params.topMargin:799
09-11 19:18:50.541 24087 24087 D KeyguardPasswordView: H.UPDATE_EMERGENCY_BUTTON
09-11 19:18:50.542 24087 24087 I KeyguardPasswordView: set params.topMargin:799
09-11 19:18:50.559 24087 24087 D KeyguardPasswordView: H.UPDATE_EMERGENCY_BUTTON
09-11 19:18:50.560 24087 24087 I KeyguardPasswordView: set params.topMargin:799
09-11 19:18:50.577 24087 24087 D KeyguardPasswordView: H.UPDATE_EMERGENCY_BUTTON
09-11 19:18:50.578 24087 24087 I KeyguardPasswordView: set params.topMargin:799
09-11 19:18:50.597 24087 24087 D KeyguardPasswordView: H.UPDATE_EMERGENCY_BUTTON
09-11 19:18:50.597 24087 24087 I KeyguardPasswordView: set params.topMargin:799
09-11 19:18:50.615 24087 24087 D KeyguardPasswordView: H.UPDATE_EMERGENCY_BUTTON
09-11 19:18:50.615 24087 24087 I KeyguardPasswordView: set params.topMargin:799
09-11 19:18:50.634 24087 24087 D KeyguardPasswordView: H.UPDATE_EMERGENCY_BUTTON
09-11 19:18:50.635 24087 24087 I KeyguardPasswordView: set params.topMargin:799
09-11 19:18:50.651 24087 24087 D KeyguardPasswordView: H.UPDATE_EMERGENCY_BUTTON
09-11 19:18:50.651 24087 24087 I KeyguardPasswordView: set params.topMargin:799
09-11 19:18:50.668 24087 24087 D KeyguardPasswordView: H.UPDATE_EMERGENCY_BUTTON
09-11 19:18:50.669 24087 24087 I KeyguardPasswordView: set params.topMargin:799
09-11 19:18:50.687 24087 24087 D KeyguardPasswordView: H.UPDATE_EMERGENCY_BUTTON
09-11 19:18:50.687 24087 24087 I KeyguardPasswordView: set params.topMargin:799
09-11 19:18:50.706 24087 24087 D KeyguardPasswordView: H.UPDATE_EMERGENCY_BUTTON
09-11 19:18:50.706 24087 24087 I KeyguardPasswordView: set params.topMargin:799
09-11 19:18:50.724 24087 24087 D KeyguardPasswordView: H.UPDATE_EMERGENCY_BUTTON
09-11 19:18:50.725 24087 24087 I KeyguardPasswordView: set params.topMargin:799
09-11 19:18:50.742 24087 24087 D KeyguardPasswordView: H.UPDATE_EMERGENCY_BUTTON
09-11 19:18:50.742 24087 24087 I KeyguardPasswordView: set params.topMargin:799
09-11 19:18:50.762 24087 24087 D KeyguardPasswordView: H.UPDATE_EMERGENCY_BUTTON
09-11 19:18:50.763 24087 24087 I KeyguardPasswordView: set params.topMargin:799
09-11 19:18:50.780 24087 24087 D KeyguardPasswordView: H.UPDATE_EMERGENCY_BUTTON
09-11 19:18:50.781 24087 24087 I KeyguardPasswordView: set params.topMargin:799
09-11 19:18:50.797 24087 24087 D KeyguardPasswordView: H.UPDATE_EMERGENCY_BUTTON
09-11 19:18:50.798 24087 24087 I KeyguardPasswordView: set params.topMargin:799
09-11 19:18:50.818 24087 24087 D KeyguardPasswordView: H.UPDATE_EMERGENCY_BUTTON
09-11 19:18:50.818 24087 24087 I KeyguardPasswordView: set params.topMargin:799
09-11 19:18:50.838 24087 24087 D KeyguardPasswordView: H.UPDATE_EMERGENCY_BUTTON
09-11 19:18:50.839 24087 24087 I KeyguardPasswordView: set params.topMargin:799
09-11 19:18:50.856 24087 24087 D KeyguardPasswordView: H.UPDATE_EMERGENCY_BUTTON
09-11 19:18:50.857 24087 24087 I KeyguardPasswordView: set params.topMargin:799
09-11 19:18:50.874 24087 24087 D KeyguardPasswordView: H.UPDATE_EMERGENCY_BUTTON
09-11 19:18:50.875 24087 24087 I KeyguardPasswordView: set params.topMargin:799
09-11 19:18:50.892 24087 24087 D KeyguardPasswordView: H.UPDATE_EMERGENCY_BUTTON
09-11 19:18:50.893 24087 24087 I KeyguardPasswordView: set params.topMargin:799
09-11 19:18:50.913 24087 24087 D KeyguardPasswordView: H.UPDATE_EMERGENCY_BUTTON
09-11 19:18:50.913 24087 24087 I KeyguardPasswordView: set params.topMargin:799
09-11 19:18:50.934 24087 24087 D KeyguardPasswordView: H.UPDATE_EMERGENCY_BUTTON
09-11 19:18:50.935 24087 24087 I KeyguardPasswordView: set params.topMargin:799
09-11 19:18:50.955 24087 24087 D KeyguardPasswordView: H.UPDATE_EMERGENCY_BUTTON
09-11 19:18:50.956 24087 24087 I KeyguardPasswordView: set params.topMargin:799
09-11 19:18:50.973 24087 24087 D KeyguardPasswordView: H.UPDATE_EMERGENCY_BUTTON
09-11 19:18:50.974 24087 24087 I KeyguardPasswordView: set params.topMargin:799
09-11 19:18:50.994 24087 24087 D KeyguardPasswordView: H.UPDATE_EMERGENCY_BUTTON
09-11 19:18:50.995 24087 24087 I KeyguardPasswordView: set params.topMargin:799
09-11 19:18:51.015 24087 24087 D KeyguardPasswordView: H.UPDATE_EMERGENCY_BUTTON
09-11 19:18:51.016 24087 24087 I KeyguardPasswordView: set params.topMargin:799
09-11 19:18:51.034 24087 24087 D KeyguardPasswordView: H.UPDATE_EMERGENCY_BUTTON
09-11 19:18:51.035 24087 24087 I KeyguardPasswordView: set params.topMargin:799
09-11 19:18:51.051 24087 24087 D KeyguardPasswordView: H.UPDATE_EMERGENCY_BUTTON
09-11 19:18:51.051 24087 24087 I KeyguardPasswordView: set params.topMargin:799
09-11 19:18:51.069 24087 24087 D KeyguardPasswordView: H.UPDATE_EMERGENCY_BUTTON
09-11 19:18:51.069 24087 24087 I KeyguardPasswordView: set params.topMargin:799
09-11 19:18:51.087 24087 24087 D KeyguardPasswordView: H.UPDATE_EMERGENCY_BUTTON
09-11 19:18:51.087 24087 24087 I KeyguardPasswordView: set params.topMargin:799
09-11 19:18:51.105 24087 24087 D KeyguardPasswordView: H.UPDATE_EMERGENCY_BUTTON
09-11 19:18:51.105 24087 24087 I KeyguardPasswordView: set params.topMargin:799
09-11 19:18:51.125 24087 24087 D KeyguardPasswordView: H.UPDATE_EMERGENCY_BUTTON
09-11 19:18:51.125 24087 24087 I KeyguardPasswordView: set params.topMargin:799
09-11 19:18:51.141 24087 24087 D KeyguardPasswordView: H.UPDATE_EMERGENCY_BUTTON
09-11 19:18:51.142 24087 24087 I KeyguardPasswordView: set params.topMargin:799
09-11 19:18:51.160 24087 24087 D KeyguardPasswordView: H.UPDATE_EMERGENCY_BUTTON
09-11 19:18:51.160 24087 24087 I KeyguardPasswordView: set params.topMargin:799
09-11 19:18:51.178 24087 24087 D KeyguardPasswordView: H.UPDATE_EMERGENCY_BUTTON
09-11 19:18:51.178 24087 24087 I KeyguardPasswordView: set params.topMargin:799
09-11 19:18:51.198 24087 24087 D KeyguardPasswordView: H.UPDATE_EMERGENCY_BUTTON
09-11 19:18:51.199 24087 24087 I KeyguardPasswordView: set params.topMargin:799
09-11 19:18:51.215 24087 24087 D KeyguardPasswordView: H.UPDATE_EMERGENCY_BUTTON
09-11 19:18:51.216 24087 24087 I KeyguardPasswordView: set params.topMargin:799
09-11 19:18:51.233 24087 24087 D KeyguardPasswordView: H.UPDATE_EMERGENCY_BUTTON
09-11 19:18:51.233 24087 24087 I KeyguardPasswordView: set params.topMargin:799
09-11 19:18:51.251 24087 24087 D KeyguardPasswordView: H.UPDATE_EMERGENCY_BUTTON
09-11 19:18:51.252 24087 24087 I KeyguardPasswordView: set params.topMargin:799
09-11 19:18:51.269 24087 24087 D KeyguardPasswordView: H.UPDATE_EMERGENCY_BUTTON
09-11 19:18:51.269 24087 24087 I KeyguardPasswordView: set params.topMargin:799
09-11 19:18:51.289 24087 24087 D KeyguardPasswordView: H.UPDATE_EMERGENCY_BUTTON
09-11 19:18:51.290 24087 24087 I KeyguardPasswordView: set params.topMargin:799
09-11 19:18:51.310 24087 24087 D KeyguardPasswordView: H.UPDATE_EMERGENCY_BUTTON
09-11 19:18:51.310 24087 24087 I KeyguardPasswordView: set params.topMargin:799
09-11 19:18:51.331 24087 24087 D KeyguardPasswordView: H.UPDATE_EMERGENCY_BUTTON
09-11 19:18:51.331 24087 24087 I KeyguardPasswordView: set params.topMargin:799
09-11 19:18:51.352 24087 24087 D KeyguardPasswordView: H.UPDATE_EMERGENCY_BUTTON
09-11 19:18:51.352 24087 24087 I KeyguardPasswordView: set params.topMargin:799
09-11 19:18:51.370 24087 24087 D KeyguardPasswordView: H.UPDATE_EMERGENCY_BUTTON
09-11 19:18:51.370 24087 24087 I KeyguardPasswordView: set params.topMargin:799
09-11 19:18:51.388 24087 24087 D KeyguardPasswordView: H.UPDATE_EMERGENCY_BUTTON
09-11 19:18:51.389 24087 24087 I KeyguardPasswordView: set params.topMargin:799
09-11 19:18:51.406 24087 24087 D KeyguardPasswordView: H.UPDATE_EMERGENCY_BUTTON
09-11 19:18:51.407 24087 24087 I KeyguardPasswordView: set params.topMargin:799
09-11 19:18:51.425 24087 24087 D KeyguardPasswordView: H.UPDATE_EMERGENCY_BUTTON
09-11 19:18:51.425 24087 24087 I KeyguardPasswordView: set params.topMargin:799
09-11 19:18:51.443 24087 24087 D KeyguardPasswordView: H.UPDATE_EMERGENCY_BUTTON
09-11 19:18:51.444 24087 24087 I KeyguardPasswordView: set params.topMargin:799
09-11 19:18:51.461 24087 24087 D KeyguardPasswordView: H.UPDATE_EMERGENCY_BUTTON
09-11 19:18:51.461 24087 24087 I KeyguardPasswordView: set params.topMargin:799
09-11 19:18:51.479 24087 24087 D KeyguardPasswordView: H.UPDATE_EMERGENCY_BUTTON
09-11 19:18:51.480 24087 24087 I KeyguardPasswordView: set params.topMargin:799
09-11 19:18:51.498 24087 24087 D KeyguardPasswordView: H.UPDATE_EMERGENCY_BUTTON
09-11 19:18:51.498 24087 24087 I KeyguardPasswordView: set params.topMargin:799
09-11 19:18:51.517 24087 24087 D KeyguardPasswordView: H.UPDATE_EMERGENCY_BUTTON
09-11 19:18:51.517 24087 24087 I KeyguardPasswordView: set params.topMargin:799
09-11 19:18:51.537 24087 24087 D KeyguardPasswordView: H.UPDATE_EMERGENCY_BUTTON
09-11 19:18:51.537 24087 24087 I KeyguardPasswordView: set params.topMargin:799
09-11 19:18:51.558 24087 24087 D KeyguardPasswordView: H.UPDATE_EMERGENCY_BUTTON
09-11 19:18:51.558 24087 24087 I KeyguardPasswordView: set params.topMargin:799
09-11 19:18:51.577 24087 24087 D KeyguardPasswordView: H.UPDATE_EMERGENCY_BUTTON
09-11 19:18:51.577 24087 24087 I KeyguardPasswordView: set params.topMargin:799
09-11 19:18:51.598 24087 24087 D KeyguardPasswordView: H.UPDATE_EMERGENCY_BUTTON
09-11 19:18:51.598 24087 24087 I KeyguardPasswordView: set params.topMargin:799
09-11 19:18:51.618 24087 24087 D KeyguardPasswordView: H.UPDATE_EMERGENCY_BUTTON
09-11 19:18:51.619 24087 24087 I KeyguardPasswordView: set params.topMargin:799
09-11 19:18:51.636 24087 24087 D KeyguardPasswordView: H.UPDATE_EMERGENCY_BUTTON
09-11 19:18:51.636 24087 24087 I KeyguardPasswordView: set params.topMargin:799
09-11 19:18:51.657 24087 24087 D KeyguardPasswordView: H.UPDATE_EMERGENCY_BUTTON
09-11 19:18:51.657 24087 24087 I KeyguardPasswordView: set params.topMargin:799
09-11 19:18:51.674 24087 24087 D KeyguardPasswordView: H.UPDATE_EMERGENCY_BUTTON
09-11 19:18:51.675 24087 24087 I KeyguardPasswordView: set params.topMargin:799
09-11 19:18:51.696 24087 24087 D KeyguardPasswordView: H.UPDATE_EMERGENCY_BUTTON
09-11 19:18:51.697 24087 24087 I KeyguardPasswordView: set params.topMargin:799
09-11 19:18:51.717 24087 24087 D KeyguardPasswordView: H.UPDATE_EMERGENCY_BUTTON
09-11 19:18:51.717 24087 24087 I KeyguardPasswordView: set params.topMargin:799
09-11 19:18:51.735 24087 24087 D KeyguardPasswordView: H.UPDATE_EMERGENCY_BUTTON
09-11 19:18:51.736 24087 24087 I KeyguardPasswordView: set params.topMargin:799
09-11 19:18:51.753 24087 24087 D KeyguardPasswordView: H.UPDATE_EMERGENCY_BUTTON
09-11 19:18:51.753 24087 24087 I KeyguardPasswordView: set params.topMargin:799
09-11 19:18:51.774 24087 24087 D KeyguardPasswordView: H.UPDATE_EMERGENCY_BUTTON
09-11 19:18:51.775 24087 24087 I KeyguardPasswordView: set params.topMargin:799
09-11 19:18:51.791 24087 24087 D KeyguardPasswordView: H.UPDATE_EMERGENCY_BUTTON
09-11 19:18:51.792 24087 24087 I KeyguardPasswordView: set params.topMargin:799
09-11 19:18:51.812 24087 24087 D KeyguardPasswordView: H.UPDATE_EMERGENCY_BUTTON
09-11 19:18:51.812 24087 24087 I KeyguardPasswordView: set params.topMargin:799
09-11 19:18:51.832 24087 24087 D KeyguardPasswordView: H.UPDATE_EMERGENCY_BUTTON
09-11 19:18:51.833 24087 24087 I KeyguardPasswordView: set params.topMargin:799
09-11 19:18:51.853 24087 24087 D KeyguardPasswordView: H.UPDATE_EMERGENCY_BUTTON
09-11 19:18:51.854 24087 24087 I KeyguardPasswordView: set params.topMargin:799
09-11 19:18:51.871 24087 24087 D KeyguardPasswordView: H.UPDATE_EMERGENCY_BUTTON
09-11 19:18:51.872 24087 24087 I KeyguardPasswordView: set params.topMargin:799
09-11 19:18:51.891 24087 24087 D KeyguardPasswordView: H.UPDATE_EMERGENCY_BUTTON
09-11 19:18:51.892 24087 24087 I KeyguardPasswordView: set params.topMargin:799
09-11 19:18:51.910 24087 24087 D KeyguardPasswordView: H.UPDATE_EMERGENCY_BUTTON
09-11 19:18:51.910 24087 24087 I KeyguardPasswordView: set params.topMargin:799
09-11 19:18:51.927 24087 24087 D KeyguardPasswordView: H.UPDATE_EMERGENCY_BUTTON
09-11 19:18:51.928 24087 24087 I KeyguardPasswordView: set params.topMargin:799
09-11 19:18:51.945 24087 24087 D KeyguardPasswordView: H.UPDATE_EMERGENCY_BUTTON
09-11 19:18:51.945 24087 24087 I KeyguardPasswordView: set params.topMargin:799
09-11 19:18:51.965 24087 24087 D KeyguardPasswordView: H.UPDATE_EMERGENCY_BUTTON
09-11 19:18:51.965 24087 24087 I KeyguardPasswordView: set params.topMargin:799
09-11 19:18:51.982 24087 24087 D KeyguardPasswordView: H.UPDATE_EMERGENCY_BUTTON
09-11 19:18:51.983 24087 24087 I KeyguardPasswordView: set params.topMargin:799
09-11 19:18:52.004 24087 24087 D KeyguardPasswordView: H.UPDATE_EMERGENCY_BUTTON
09-11 19:18:52.005 24087 24087 I KeyguardPasswordView: set params.topMargin:799
09-11 19:18:52.021 24087 24087 D KeyguardPasswordView: H.UPDATE_EMERGENCY_BUTTON
09-11 19:18:52.021 24087 24087 I KeyguardPasswordView: set params.topMargin:799
09-11 19:18:52.042 24087 24087 D KeyguardPasswordView: H.UPDATE_EMERGENCY_BUTTON
09-11 19:18:52.042 24087 24087 I KeyguardPasswordView: set params.topMargin:799
09-11 19:18:52.059 24087 24087 D KeyguardPasswordView: H.UPDATE_EMERGENCY_BUTTON
09-11 19:18:52.060 24087 24087 I KeyguardPasswordView: set params.topMargin:799
09-11 19:18:52.077 24087 24087 D KeyguardPasswordView: H.UPDATE_EMERGENCY_BUTTON
09-11 19:18:52.077 24087 24087 I KeyguardPasswordView: set params.topMargin:799
09-11 19:18:52.095 24087 24087 D KeyguardPasswordView: H.UPDATE_EMERGENCY_BUTTON
09-11 19:18:52.095 24087 24087 I KeyguardPasswordView: set params.topMargin:799
09-11 19:18:52.116 24087 24087 D KeyguardPasswordView: H.UPDATE_EMERGENCY_BUTTON
09-11 19:18:52.116 24087 24087 I KeyguardPasswordView: set params.topMargin:799
09-11 19:18:52.136 24087 24087 D KeyguardPasswordView: H.UPDATE_EMERGENCY_BUTTON
09-11 19:18:52.136 24087 24087 I KeyguardPasswordView: set params.topMargin:799
09-11 19:18:52.156 24087 24087 D KeyguardPasswordView: H.UPDATE_EMERGENCY_BUTTON
09-11 19:18:52.157 24087 24087 I KeyguardPasswordView: set params.topMargin:799
09-11 19:18:52.173 24087 24087 D KeyguardPasswordView: H.UPDATE_EMERGENCY_BUTTON
09-11 19:18:52.174 24087 24087 I KeyguardPasswordView: set params.topMargin:799
09-11 19:18:52.191 24087 24087 D KeyguardPasswordView: H.UPDATE_EMERGENCY_BUTTON
09-11 19:18:52.191 24087 24087 I KeyguardPasswordView: set params.topMargin:799
09-11 19:18:52.209 24087 24087 D KeyguardPasswordView: H.UPDATE_EMERGENCY_BUTTON
09-11 19:18:52.210 24087 24087 I KeyguardPasswordView: set params.topMargin:799
09-11 19:18:52.229 24087 24087 D KeyguardPasswordView: H.UPDATE_EMERGENCY_BUTTON
09-11 19:18:52.230 24087 24087 I KeyguardPasswordView: set params.topMargin:799
09-11 19:18:52.248 24087 24087 D KeyguardPasswordView: H.UPDATE_EMERGENCY_BUTTON
09-11 19:18:52.248 24087 24087 I KeyguardPasswordView: set params.topMargin:799
09-11 19:18:52.266 24087 24087 D KeyguardPasswordView: H.UPDATE_EMERGENCY_BUTTON
09-11 19:18:52.266 24087 24087 I KeyguardPasswordView: set params.topMargin:799
09-11 19:18:52.283 24087 24087 D KeyguardPasswordView: H.UPDATE_EMERGENCY_BUTTON
09-11 19:18:52.283 24087 24087 I KeyguardPasswordView: set params.topMargin:799
09-11 19:18:52.303 24087 24087 D KeyguardPasswordView: H.UPDATE_EMERGENCY_BUTTON
09-11 19:18:52.304 24087 24087 I KeyguardPasswordView: set params.topMargin:799
09-11 19:18:52.321 24087 24087 D KeyguardPasswordView: H.UPDATE_EMERGENCY_BUTTON
09-11 19:18:52.322 24087 24087 I KeyguardPasswordView: set params.topMargin:799
09-11 19:18:52.340 24087 24087 D KeyguardPasswordView: H.UPDATE_EMERGENCY_BUTTON
09-11 19:18:52.340 24087 24087 I KeyguardPasswordView: set params.topMargin:799
09-11 19:18:52.361 24087 24087 D KeyguardPasswordView: H.UPDATE_EMERGENCY_BUTTON
09-11 19:18:52.362 24087 24087 I KeyguardPasswordView: set params.topMargin:799
09-11 19:18:52.381 24087 24087 D KeyguardPasswordView: H.UPDATE_EMERGENCY_BUTTON
09-11 19:18:52.382 24087 24087 I KeyguardPasswordView: set params.topMargin:799
09-11 19:18:52.400 24087 24087 D KeyguardPasswordView: H.UPDATE_EMERGENCY_BUTTON
09-11 19:18:52.401 24087 24087 I KeyguardPasswordView: set params.topMargin:799
09-11 19:18:52.417 24087 24087 D KeyguardPasswordView: H.UPDATE_EMERGENCY_BUTTON
09-11 19:18:52.417 24087 24087 I KeyguardPasswordView: set params.topMargin:799
09-11 19:18:52.437 24087 24087 D KeyguardPasswordView: H.UPDATE_EMERGENCY_BUTTON
09-11 19:18:52.438 24087 24087 I KeyguardPasswordView: set params.topMargin:799
09-11 19:18:52.456 24087 24087 D KeyguardPasswordView: H.UPDATE_EMERGENCY_BUTTON
09-11 19:18:52.456 24087 24087 I KeyguardPasswordView: set params.topMargin:799
09-11 19:18:52.474 24087 24087 D KeyguardPasswordView: H.UPDATE_EMERGENCY_BUTTON
09-11 19:18:52.474 24087 24087 I KeyguardPasswordView: set params.topMargin:799
09-11 19:18:52.492 24087 24087 D KeyguardPasswordView: H.UPDATE_EMERGENCY_BUTTON
09-11 19:18:52.492 24087 24087 I KeyguardPasswordView: set params.topMargin:799
09-11 19:18:52.511 24087 24087 D KeyguardPasswordView: H.UPDATE_EMERGENCY_BUTTON
09-11 19:18:52.512 24087 24087 I KeyguardPasswordView: set params.topMargin:799
09-11 19:18:52.529 24087 24087 D KeyguardPasswordView: H.UPDATE_EMERGENCY_BUTTON
09-11 19:18:52.529 24087 24087 I KeyguardPasswordView: set params.topMargin:799
09-11 19:18:52.549 24087 24087 D KeyguardPasswordView: H.UPDATE_EMERGENCY_BUTTON
09-11 19:18:52.550 24087 24087 I KeyguardPasswordView: set params.topMargin:799
09-11 19:18:52.570 24087 24087 D KeyguardPasswordView: H.UPDATE_EMERGENCY_BUTTON
09-11 19:18:52.570 24087 24087 I KeyguardPasswordView: set params.topMargin:799
09-11 19:18:52.590 24087 24087 D KeyguardPasswordView: H.UPDATE_EMERGENCY_BUTTON
09-11 19:18:52.591 24087 24087 I KeyguardPasswordView: set params.topMargin:799
09-11 19:18:52.611 24087 24087 D KeyguardPasswordView: H.UPDATE_EMERGENCY_BUTTON
09-11 19:18:52.612 24087 24087 I KeyguardPasswordView: set params.topMargin:799
09-11 19:18:52.629 24087 24087 D KeyguardPasswordView: H.UPDATE_EMERGENCY_BUTTON
09-11 19:18:52.629 24087 24087 I KeyguardPasswordView: set params.topMargin:799
09-11 19:18:52.647 24087 24087 D KeyguardPasswordView: H.UPDATE_EMERGENCY_BUTTON
09-11 19:18:52.648 24087 24087 I KeyguardPasswordView: set params.topMargin:799
09-11 19:18:52.665 24087 24087 D KeyguardPasswordView: H.UPDATE_EMERGENCY_BUTTON
09-11 19:18:52.666 24087 24087 I KeyguardPasswordView: set params.topMargin:799
09-11 19:18:52.684 24087 24087 D KeyguardPasswordView: H.UPDATE_EMERGENCY_BUTTON
09-11 19:18:52.684 24087 24087 I KeyguardPasswordView: set params.topMargin:799
09-11 19:18:52.701 24087 24087 D KeyguardPasswordView: H.UPDATE_EMERGENCY_BUTTON
09-11 19:18:52.701 24087 24087 I KeyguardPasswordView: set params.topMargin:799
09-11 19:18:52.719 24087 24087 D KeyguardPasswordView: H.UPDATE_EMERGENCY_BUTTON
09-11 19:18:52.720 24087 24087 I KeyguardPasswordView: set params.topMargin:799
09-11 19:18:52.737 24087 24087 D KeyguardPasswordView: H.UPDATE_EMERGENCY_BUTTON
09-11 19:18:52.738 24087 24087 I KeyguardPasswordView: set params.topMargin:799
09-11 19:18:52.755 24087 24087 D KeyguardPasswordView: H.UPDATE_EMERGENCY_BUTTON
09-11 19:18:52.755 24087 24087 I KeyguardPasswordView: set params.topMargin:799
09-11 19:18:52.773 24087 24087 D KeyguardPasswordView: H.UPDATE_EMERGENCY_BUTTON
09-11 19:18:52.774 24087 24087 I KeyguardPasswordView: set params.topMargin:799
09-11 19:18:52.792 24087 24087 D KeyguardPasswordView: H.UPDATE_EMERGENCY_BUTTON
09-11 19:18:52.792 24087 24087 I KeyguardPasswordView: set params.topMargin:799
09-11 19:18:52.808 24087 24087 D KeyguardPasswordView: H.UPDATE_EMERGENCY_BUTTON
09-11 19:18:52.809 24087 24087 I KeyguardPasswordView: set params.topMargin:799
09-11 19:18:52.828 24087 24087 D KeyguardPasswordView: H.UPDATE_EMERGENCY_BUTTON
09-11 19:18:52.829 24087 24087 I KeyguardPasswordView: set params.topMargin:799
09-11 19:18:52.846 24087 24087 D KeyguardPasswordView: H.UPDATE_EMERGENCY_BUTTON
09-11 19:18:52.847 24087 24087 I KeyguardPasswordView: set params.topMargin:799
09-11 19:18:52.864 24087 24087 D KeyguardPasswordView: H.UPDATE_EMERGENCY_BUTTON
09-11 19:18:52.864 24087 24087 I KeyguardPasswordView: set params.topMargin:799
09-11 19:18:52.883 24087 24087 D KeyguardPasswordView: H.UPDATE_EMERGENCY_BUTTON
09-11 19:18:52.884 24087 24087 I KeyguardPasswordView: set params.topMargin:799
09-11 19:18:52.904 24087 24087 D KeyguardPasswordView: H.UPDATE_EMERGENCY_BUTTON
09-11 19:18:52.904 24087 24087 I KeyguardPasswordView: set params.topMargin:799
09-11 19:18:52.923 24087 24087 D KeyguardPasswordView: H.UPDATE_EMERGENCY_BUTTON
09-11 19:18:52.924 24087 24087 I KeyguardPasswordView: set params.topMargin:799
09-11 19:18:52.944 24087 24087 D KeyguardPasswordView: H.UPDATE_EMERGENCY_BUTTON
09-11 19:18:52.945 24087 24087 I KeyguardPasswordView: set params.topMargin:799
09-11 19:18:52.964 24087 24087 D KeyguardPasswordView: H.UPDATE_EMERGENCY_BUTTON
09-11 19:18:52.965 24087 24087 I KeyguardPasswordView: set params.topMargin:799
09-11 19:18:52.984 24087 24087 D KeyguardPasswordView: H.UPDATE_EMERGENCY_BUTTON
09-11 19:18:52.985 24087 24087 I KeyguardPasswordView: set params.topMargin:799
09-11 19:18:53.006 24087 24087 D KeyguardPasswordView: H.UPDATE_EMERGENCY_BUTTON
09-11 19:18:53.006 24087 24087 I KeyguardPasswordView: set params.topMargin:799
09-11 19:18:53.024 24087 24087 D KeyguardPasswordView: H.UPDATE_EMERGENCY_BUTTON
09-11 19:18:53.024 24087 24087 I KeyguardPasswordView: set params.topMargin:799
09-11 19:18:53.046 24087 24087 D KeyguardPasswordView: H.UPDATE_EMERGENCY_BUTTON
09-11 19:18:53.047 24087 24087 I KeyguardPasswordView: set params.topMargin:799
09-11 19:18:53.063 24087 24087 D KeyguardPasswordView: H.UPDATE_EMERGENCY_BUTTON
09-11 19:18:53.064 24087 24087 I KeyguardPasswordView: set params.topMargin:799
09-11 19:18:53.083 24087 24087 D KeyguardPasswordView: H.UPDATE_EMERGENCY_BUTTON
09-11 19:18:53.084 24087 24087 I KeyguardPasswordView: set params.topMargin:799
09-11 19:18:53.101 24087 24087 D KeyguardPasswordView: H.UPDATE_EMERGENCY_BUTTON
09-11 19:18:53.102 24087 24087 I KeyguardPasswordView: set params.topMargin:799
09-11 19:18:53.118 24087 24087 D KeyguardPasswordView: H.UPDATE_EMERGENCY_BUTTON
09-11 19:18:53.118 24087 24087 I KeyguardPasswordView: set params.topMargin:799
09-11 19:18:53.135 24087 24087 D KeyguardPasswordView: H.UPDATE_EMERGENCY_BUTTON
09-11 19:18:53.136 24087 24087 I KeyguardPasswordView: set params.topMargin:799
09-11 19:18:53.154 24087 24087 D KeyguardPasswordView: H.UPDATE_EMERGENCY_BUTTON
09-11 19:18:53.155 24087 24087 I KeyguardPasswordView: set params.topMargin:799
09-11 19:18:53.175 24087 24087 D KeyguardPasswordView: H.UPDATE_EMERGENCY_BUTTON
09-11 19:18:53.176 24087 24087 I KeyguardPasswordView: set params.topMargin:799
09-11 19:18:53.196 24087 24087 D KeyguardPasswordView: H.UPDATE_EMERGENCY_BUTTON
09-11 19:18:53.196 24087 24087 I KeyguardPasswordView: set params.topMargin:799
09-11 19:18:53.213 24087 24087 D KeyguardPasswordView: H.UPDATE_EMERGENCY_BUTTON
09-11 19:18:53.214 24087 24087 I KeyguardPasswordView: set params.topMargin:799
09-11 19:18:53.231 24087 24087 D KeyguardPasswordView: H.UPDATE_EMERGENCY_BUTTON
09-11 19:18:53.232 24087 24087 I KeyguardPasswordView: set params.topMargin:799
09-11 19:18:53.250 24087 24087 D KeyguardPasswordView: H.UPDATE_EMERGENCY_BUTTON
09-11 19:18:53.250 24087 24087 I KeyguardPasswordView: set params.topMargin:799
09-11 19:18:53.271 24087 24087 D KeyguardPasswordView: H.UPDATE_EMERGENCY_BUTTON
09-11 19:18:53.271 24087 24087 I KeyguardPasswordView: set params.topMargin:799
09-11 19:18:53.291 24087 24087 D KeyguardPasswordView: H.UPDATE_EMERGENCY_BUTTON
09-11 19:18:53.292 24087 24087 I KeyguardPasswordView: set params.topMargin:799
09-11 19:18:53.312 24087 24087 D KeyguardPasswordView: H.UPDATE_EMERGENCY_BUTTON
09-11 19:18:53.312 24087 24087 I KeyguardPasswordView: set params.topMargin:799
09-11 19:18:53.332 24087 24087 D KeyguardPasswordView: H.UPDATE_EMERGENCY_BUTTON
09-11 19:18:53.333 24087 24087 I KeyguardPasswordView: set params.topMargin:799
09-11 19:18:53.353 24087 24087 D KeyguardPasswordView: H.UPDATE_EMERGENCY_BUTTON
09-11 19:18:53.354 24087 24087 I KeyguardPasswordView: set params.topMargin:799
09-11 19:18:53.371 24087 24087 D KeyguardPasswordView: H.UPDATE_EMERGENCY_BUTTON
09-11 19:18:53.371 24087 24087 I KeyguardPasswordView: set params.topMargin:799
09-11 19:18:53.388 24087 24087 D KeyguardPasswordView: H.UPDATE_EMERGENCY_BUTTON
09-11 19:18:53.388 24087 24087 I KeyguardPasswordView: set params.topMargin:799
09-11 19:18:53.406 24087 24087 D KeyguardPasswordView: H.UPDATE_EMERGENCY_BUTTON
09-11 19:18:53.406 24087 24087 I KeyguardPasswordView: set params.topMargin:799
09-11 19:18:53.424 24087 24087 D KeyguardPasswordView: H.UPDATE_EMERGENCY_BUTTON
09-11 19:18:53.425 24087 24087 I KeyguardPasswordView: set params.topMargin:799
09-11 19:18:53.445 24087 24087 D KeyguardPasswordView: H.UPDATE_EMERGENCY_BUTTON
09-11 19:18:53.446 24087 24087 I KeyguardPasswordView: set params.topMargin:799
09-11 19:18:53.464 24087 24087 D KeyguardPasswordView: H.UPDATE_EMERGENCY_BUTTON
09-11 19:18:53.464 24087 24087 I KeyguardPasswordView: set params.topMargin:799
09-11 19:18:53.474  1664  7162 E QMI_FW  : qmi_cci_get_ref: ref count increased 2
09-11 19:18:53.476  1664  1732 E QMI_FW  : qmi_cci_get_ref: ref count increased 2
09-11 19:18:53.481 24087 24087 D KeyguardPasswordView: H.UPDATE_EMERGENCY_BUTTON
09-11 19:18:53.482 24087 24087 I KeyguardPasswordView: set params.topMargin:799
09-11 19:18:53.501 24087 24087 D KeyguardPasswordView: H.UPDATE_EMERGENCY_BUTTON
09-11 19:18:53.501 24087 24087 I KeyguardPasswordView: set params.topMargin:799
09-11 19:18:53.517 24087 24087 D KeyguardPasswordView: H.UPDATE_EMERGENCY_BUTTON
09-11 19:18:53.517 24087 24087 I KeyguardPasswordView: set params.topMargin:799
09-11 19:18:53.521  3155  3155 D PhoneInterfaceManager: [PhoneIntfMgr] getPhoneFromSubId: 6
09-11 19:18:53.534  1664  1732 E QMI_FW  : qmi_cci_get_ref: ref count increased 2
09-11 19:18:53.535 24087 24087 D KeyguardPasswordView: H.UPDATE_EMERGENCY_BUTTON
09-11 19:18:53.536 24087 24087 I KeyguardPasswordView: set params.topMargin:799
09-11 19:18:53.538  1664  1732 E QMI_FW  : qmi_cci_get_ref: ref count increased 2
09-11 19:18:53.555 24087 24087 D KeyguardPasswordView: H.UPDATE_EMERGENCY_BUTTON
09-11 19:18:53.557 24087 24087 I KeyguardPasswordView: set params.topMargin:799
09-11 19:18:53.557  3155  3155 D MDM-OPMdmListener: onCellInfoChanged the cellInfo changed phoneId 0
09-11 19:18:53.573 24087 24087 D KeyguardPasswordView: H.UPDATE_EMERGENCY_BUTTON
09-11 19:18:53.574 24087 24087 I KeyguardPasswordView: set params.topMargin:799
09-11 19:18:53.591 24087 24087 D KeyguardPasswordView: H.UPDATE_EMERGENCY_BUTTON
09-11 19:18:53.591 24087 24087 I KeyguardPasswordView: set params.topMargin:799
09-11 19:18:53.609 24087 24087 D KeyguardPasswordView: H.UPDATE_EMERGENCY_BUTTON
09-11 19:18:53.610 24087 24087 I KeyguardPasswordView: set params.topMargin:799
09-11 19:18:53.628 24087 24087 D KeyguardPasswordView: H.UPDATE_EMERGENCY_BUTTON
09-11 19:18:53.628 24087 24087 I KeyguardPasswordView: set params.topMargin:799
09-11 19:18:53.645 24087 24087 D KeyguardPasswordView: H.UPDATE_EMERGENCY_BUTTON
09-11 19:18:53.646 24087 24087 I KeyguardPasswordView: set params.topMargin:799
09-11 19:18:53.664 24087 24087 D KeyguardPasswordView: H.UPDATE_EMERGENCY_BUTTON
09-11 19:18:53.664 24087 24087 I KeyguardPasswordView: set params.topMargin:799
09-11 19:18:53.683 24087 24087 D KeyguardPasswordView: H.UPDATE_EMERGENCY_BUTTON
09-11 19:18:53.684 24087 24087 I KeyguardPasswordView: set params.topMargin:799
09-11 19:18:53.704 24087 24087 D KeyguardPasswordView: H.UPDATE_EMERGENCY_BUTTON
09-11 19:18:53.705 24087 24087 I KeyguardPasswordView: set params.topMargin:799
09-11 19:18:53.723 24087 24087 D KeyguardPasswordView: H.UPDATE_EMERGENCY_BUTTON
09-11 19:18:53.724 24087 24087 I KeyguardPasswordView: set params.topMargin:799
09-11 19:18:53.745 24087 24087 D KeyguardPasswordView: H.UPDATE_EMERGENCY_BUTTON
09-11 19:18:53.745 24087 24087 I KeyguardPasswordView: set params.topMargin:799
09-11 19:18:53.764 24087 24087 D KeyguardPasswordView: H.UPDATE_EMERGENCY_BUTTON
09-11 19:18:53.764 24087 24087 I KeyguardPasswordView: set params.topMargin:799
09-11 19:18:53.784 24087 24087 D KeyguardPasswordView: H.UPDATE_EMERGENCY_BUTTON
09-11 19:18:53.785 24087 24087 I KeyguardPasswordView: set params.topMargin:799
09-11 19:18:53.804 24087 24087 D KeyguardPasswordView: H.UPDATE_EMERGENCY_BUTTON
09-11 19:18:53.805 24087 24087 I KeyguardPasswordView: set params.topMargin:799
09-11 19:18:53.822 24087 24087 D KeyguardPasswordView: H.UPDATE_EMERGENCY_BUTTON
09-11 19:18:53.822 24087 24087 I KeyguardPasswordView: set params.topMargin:799
09-11 19:18:53.839 24087 24087 D KeyguardPasswordView: H.UPDATE_EMERGENCY_BUTTON
09-11 19:18:53.840 24087 24087 I KeyguardPasswordView: set params.topMargin:799
09-11 19:18:53.858 24087 24087 D KeyguardPasswordView: H.UPDATE_EMERGENCY_BUTTON
09-11 19:18:53.858 24087 24087 I KeyguardPasswordView: set params.topMargin:799
09-11 19:18:53.875 24087 24087 D KeyguardPasswordView: H.UPDATE_EMERGENCY_BUTTON
09-11 19:18:53.876 24087 24087 I KeyguardPasswordView: set params.topMargin:799
09-11 19:18:53.894 24087 24087 D KeyguardPasswordView: H.UPDATE_EMERGENCY_BUTTON
09-11 19:18:53.897 24087 24087 I KeyguardPasswordView: set params.topMargin:799
09-11 19:18:53.911 24087 24087 D KeyguardPasswordView: H.UPDATE_EMERGENCY_BUTTON
09-11 19:18:53.911 24087 24087 I KeyguardPasswordView: set params.topMargin:799
09-11 19:18:53.931 24087 24087 D KeyguardPasswordView: H.UPDATE_EMERGENCY_BUTTON
09-11 19:18:53.932 24087 24087 I KeyguardPasswordView: set params.topMargin:799
09-11 19:18:53.951 24087 24087 D KeyguardPasswordView: H.UPDATE_EMERGENCY_BUTTON
09-11 19:18:53.952 24087 24087 I KeyguardPasswordView: set params.topMargin:799
09-11 19:18:53.969 24087 24087 D KeyguardPasswordView: H.UPDATE_EMERGENCY_BUTTON
09-11 19:18:53.969 24087 24087 I KeyguardPasswordView: set params.topMargin:799
09-11 19:18:53.987 24087 24087 D KeyguardPasswordView: H.UPDATE_EMERGENCY_BUTTON
09-11 19:18:53.988 24087 24087 I KeyguardPasswordView: set params.topMargin:799
09-11 19:18:54.007 24087 24087 D KeyguardPasswordView: H.UPDATE_EMERGENCY_BUTTON
09-11 19:18:54.007 24087 24087 I KeyguardPasswordView: set params.topMargin:799
09-11 19:18:54.023 24087 24087 D KeyguardPasswordView: H.UPDATE_EMERGENCY_BUTTON
09-11 19:18:54.024 24087 24087 I KeyguardPasswordView: set params.topMargin:799
09-11 19:18:54.043 24087 24087 D KeyguardPasswordView: H.UPDATE_EMERGENCY_BUTTON
09-11 19:18:54.044 24087 24087 I KeyguardPasswordView: set params.topMargin:799
09-11 19:18:54.061 24087 24087 D KeyguardPasswordView: H.UPDATE_EMERGENCY_BUTTON
