09-11 19:19:07.026  2914  2924 D IHansComunication: HANS handleMessage: Got message from kernel
09-11 19:19:07.026  2914  2924 E IHansComunication: HANS printMessageBody: RCVed message body: type = 0, port = 86870, caller_pid = 1555, target_uid = 10013, pkg_cmd = -1
09-11 19:19:07.026  2914  2924 D IHansComunication: sendMsgToFW--type: 0, callerPid: 1555, targetUid: 10013
09-11 19:19:07.026  2914  2924 D IHansComunication: HANS handleMessage: Got message from kernel
09-11 19:19:07.026  2914  2924 E IHansComunication: HANS printMessageBody: RCVed message body: type = 0, port = 86870, caller_pid = 1555, target_uid = 10281, pkg_cmd = -1
09-11 19:19:07.026  2914  2924 D IHansComunication: sendMsgToFW--type: 0, callerPid: 1555, targetUid: 10281
09-11 19:19:07.027  2914  2924 D IHansComunication: HANS handleMessage: Got message from kernel
09-11 19:19:07.027  2914  2924 E IHansComunication: HANS printMessageBody: RCVed message body: type = 0, port = 86870, caller_pid = 1555, target_uid = 10142, pkg_cmd = -1
09-11 19:19:07.027  2914  2924 D IHansComunication: sendMsgToFW--type: 0, callerPid: 1555, targetUid: 10142
09-11 19:19:07.027  1098  1098 E CompositionEngine: map unknown (BT709 sRGB Full range)/(Unknown RenderIntent) to default color mode
09-11 19:19:07.029 24087 24087 I OpColorTextView: index:0
09-11 19:19:07.032 24087 24125 D mab     : App Event: keyguard_temp
09-11 19:19:07.033 18173 18173 I GoogleInputMethodService: GoogleInputMethodService.onFinishInput():3274
09-11 19:19:07.039 24087 24087 I StatusBar.BrightnessController: animationDuration:4000
09-11 19:19:07.040 24442 24472 I AdrenoGLES-0: QUALCOMM build                   : 8e5405b, I57aaec3440
09-11 19:19:07.040 24442 24472 I AdrenoGLES-0: Build Date                       : 05/21/21
09-11 19:19:07.040 24442 24472 I AdrenoGLES-0: OpenGL ES Shader Compiler Version: EV031.32.02.10
09-11 19:19:07.040 24442 24472 I AdrenoGLES-0: Local Branch                     : mybranchebba1dbe-451b-f160-ac81-1458d0b52ae8
09-11 19:19:07.040 24442 24472 I AdrenoGLES-0: Remote Branch                    : quic/gfx-adreno.lnx.1.0.r135-rel
09-11 19:19:07.040 24442 24472 I AdrenoGLES-0: Remote Branch                    : NONE
09-11 19:19:07.040 24442 24472 I AdrenoGLES-0: Reconstruct Branch               : NOTHING
09-11 19:19:07.040 24442 24472 I AdrenoGLES-0: Build Config                     : S P 10.0.7 AArch64
09-11 19:19:07.040 24442 24472 I AdrenoGLES-0: Driver Path                      : /vendor/lib64/egl/libGLESv2_adreno.so
09-11 19:19:07.040 24087 24109 D StatusBar.BrightnessController: UpdateSliderTask: valFloat=0.05113382, vAIB=1028747698, auto=true, inVr=false
09-11 19:19:07.040 24087 24087 I StatusBar.BrightnessController: animationDuration:4000
09-11 19:19:07.041 24087 24087 I chatty  : uid=10039(com.android.systemui) identical 1 line
09-11 19:19:07.041 24087 24087 I StatusBar.BrightnessController: animationDuration:4000
09-11 19:19:07.042 24087 24087 D OpFodDisplayController: onFacelockStateChanged: type:0
09-11 19:19:07.042 24087 24109 D StatusBar.BrightnessController: UpdateSliderTask: valFloat=0.05113382, vAIB=1028747698, auto=true, inVr=false
09-11 19:19:07.042 24087 24087 D OpFingerprintDialogView: onFacelockStateChanged: type:0, isOffUnlock:false
09-11 19:19:07.042 24087 24087 D LockIcon: onFacelockStateChanged, type:0
09-11 19:19:07.042  1555  2247 E SensorManager: registerListenerImpl sensorName:device_orient  Wakeup,isWakeUpSensor:true,callingApp: android.uid.system:1000,callingPid:1555,callingUid:1000
09-11 19:19:07.042  1555  2247 I SensorService: SensorEventConnection construct, mPackageName : com.android.server.policy.WindowOrientationListener
09-11 19:19:07.042 24087 24087 I KeyguardUpdateMonitor: getUserUnlockedWithBiometric, fingerprintAllowed:false, faceAllowed:false, canSkipBouncerByFacelock():false, isFacelockUnlocking():false
09-11 19:19:07.043  1007  1007 I sensors-hal: batch:245, android.sensor.device_orientation/272, period=66667000, max_latency=0
09-11 19:19:07.043  1007  1007 I sensors-hal: set_config:63, sample_period_ns is adjusted to 0 based on min/max delay_ns
09-11 19:19:07.043  1007  1007 I sensors-hal: batch:254, android.sensor.device_orientation/272, period=66667000, max_latency=0 request completed
09-11 19:19:07.043  1555  2247 D SensorService: recordConnection in enable
09-11 19:19:07.043 24087 24109 D StatusBar.BrightnessController: UpdateSliderTask: valFloat=0.05113382, vAIB=1028747698, auto=true, inVr=false
09-11 19:19:07.043 24087 24087 I KeyguardUpdateMonitor: getUserUnlockedWithBiometric, fingerprintAllowed:false, faceAllowed:false, canSkipBouncerByFacelock():false, isFacelockUnlocking():false
09-11 19:19:07.043 24087 24087 I LockIcon:  updateDarkTint state:false
09-11 19:19:07.043  1007  1007 I sensors-hal: activate:212, android.sensor.device_orientation/272 en=1
09-11 19:19:07.043  1007  1007 I sensors-hal: get_qmi_debug_flag:271, support_qmi_debug : false
09-11 19:19:07.043  1007  1007 E QMI_FW  : qmi_cci_get_ref: ref count increased 2
09-11 19:19:07.043  1007  1007 I chatty  : uid=1000(system) sensors@2.0-ser identical 3 lines
09-11 19:19:07.043  1007  1007 E QMI_FW  : qmi_cci_get_ref: ref count increased 2
09-11 19:19:07.044 24087 24109 D StatusBar.BrightnessController: UpdateSliderTask: valFloat=0.05113382, vAIB=1028747698, auto=true, inVr=false
09-11 19:19:07.044  1098  1098 E CompositionEngine: map unknown (BT709 sRGB Full range)/(Unknown RenderIntent) to default color mode
09-11 19:19:07.044 24087 24109 D StatusBar.BrightnessController: UpdateSliderTask: valFloat=0.05113382, vAIB=1028747698, auto=true, inVr=false
09-11 19:19:07.044 24087 24109 D StatusBar.BrightnessController: UpdateSliderTask: valFloat=0.05113382, vAIB=1028747698, auto=true, inVr=false
09-11 19:19:07.044  1007  1007 E QMI_FW  : qmi_cci_get_ref: ref count increased 2
09-11 19:19:07.045  1007  1007 E QMI_FW  : qmi_cci_get_ref: ref count increased 2
09-11 19:19:07.045  1007  1007 I sensors-hal: activate:223, android.sensor.device_orientation/272 en=1 completed
09-11 19:19:07.045 24087 24087 D DozeSensors: setListening: mListening=true, listen= false, callers= com.android.systemui.doze.DozeTriggers.transitionTo:644
09-11 19:19:07.045 24087 24087 D OPAodUtils: mMotionAwakeOn: false
09-11 19:19:07.045 24087 24087 D DozeSensors: setListening: adjustListen= false
09-11 19:19:07.046 24087 24087 D DozeMachine: transitionTo: finish= 0, size= 1
09-11 19:19:07.047  1555  1860 V KeyguardServiceDelegate: onScreenTurnedOn()
09-11 19:19:07.047 24087 24161 D KeyguardViewMediator: notifyScreenTurnedOn
09-11 19:19:07.047 24087 24087 I OpColorTextView: index:0
09-11 19:19:07.047  1555  1861 V KeyguardServiceDelegate: onFinishedWakingUp()
09-11 19:19:07.048 24087 24161 D OpKeyguardViewMediator: onFinishedWakingUp
09-11 19:19:07.049 24087 24087 D KeyguardClockPositionAlgorithm: getClockY()184
09-11 19:19:07.049 24087 24087 I chatty  : uid=10039(com.android.systemui) identical 1 line
09-11 19:19:07.049 24087 24087 D KeyguardClockPositionAlgorithm: getClockY()184
09-11 19:19:07.051  1007 24636 I sensors-hal: ssc_conn_resp_cb:660, resp_value = 0
09-11 19:19:07.052 24087 24087 D KeyguardPasswordView: H.UPDATE_EMERGENCY_BUTTON
09-11 19:19:07.052 24087 24087 I KeyguardPasswordView: set params.topMargin:799
09-11 19:19:07.053 24087 24087 I OpColorTextView: index:0
09-11 19:19:07.054 24087 24087 I KeyguardStatusView/L/OpKeyguardClockInfoView/L/OpSimpleLineView/KeyguardAssistantView: refresh
09-11 19:19:07.054 24087 24165 D SmartSpaceViewCtrl: Setup client library, type: com.google.android.apps.oemsmartspace.SMARTSPACE_FOR_SYSUI
09-11 19:19:07.054 24087 24165 D SmartSpaceViewCtrl: already has contents, no need to request again
09-11 19:19:07.056 24087 24087 D StatusBar.BrightnessController: animateSliderTo: animating from 77 to 212
09-11 19:19:07.056 24087 24087 D StatusBar.BrightnessController: AMD:4000
09-11 19:19:07.057 24087 24087 E ndroid.systemu: Invalid ID 0x00000000.
09-11 19:19:07.058 24087 24087 I chatty  : uid=10039(com.android.systemui) identical 16 lines
09-11 19:19:07.058 24087 24087 E ndroid.systemu: Invalid ID 0x00000000.
09-11 19:19:07.059 24087 24087 D StatusBar.BrightnessController: animateSliderTo: animating from 77 to 212
09-11 19:19:07.059 24087 24087 D StatusBar.BrightnessController: AMD:4000
09-11 19:19:07.059 24087 24087 D StatusBar.BrightnessController: animateSliderTo: cancel anim.
09-11 19:19:07.059 24087 24087 D StatusBar.BrightnessController: animateSliderTo: animating from 77 to 212
09-11 19:19:07.059 24087 24087 D StatusBar.BrightnessController: AMD:4000
09-11 19:19:07.060 24087 24087 D StatusBar.BrightnessController: animateSliderTo: cancel anim.
09-11 19:19:07.060 24087 24087 D StatusBar.BrightnessController: animateSliderTo: animating from 77 to 212
09-11 19:19:07.060 24087 24087 D StatusBar.BrightnessController: AMD:4000
09-11 19:19:07.060 24087 24087 D StatusBar.BrightnessController: animateSliderTo: cancel anim.
09-11 19:19:07.060 24087 24087 D StatusBar.BrightnessController: animateSliderTo: animating from 77 to 212
09-11 19:19:07.060 24087 24087 D StatusBar.BrightnessController: AMD:4000
09-11 19:19:07.060 29820 14483 D SafeProvider: call oneplus security provider,method:method_query_oneplus_datausage,caller:com.android.systemui
09-11 19:19:07.061 29820 14483 D SafeProvider: queryOneplusDataUsage slotId:0,isFromCache:true
09-11 19:19:07.061 24087 24087 D StatusBar.BrightnessController: animateSliderTo: cancel anim.
09-11 19:19:07.061 24087 24087 D StatusBar.BrightnessController: animateSliderTo: animating from 77 to 212
09-11 19:19:07.061 24087 24087 D StatusBar.BrightnessController: AMD:4000
09-11 19:19:07.061 24087 24087 D KeyguardViewMediator: handleNotifyScreenTurnedOn
09-11 19:19:07.061  1098  1098 E CompositionEngine: map unknown (BT709 sRGB Full range)/(Unknown RenderIntent) to default color mode
09-11 19:19:07.062 24087 24087 D OpFodDimControl: enable: screen on
09-11 19:19:07.062 24087 24087 D OpFodDimControl: don't enable HBM due to no one registering fp
09-11 19:19:07.062 24087 24087 D OpFingerprintDialogView: onScreenTurnedOn: 1.0
09-11 19:19:07.062 24087 24087 I KeyguardUpdateMonitor: getUserUnlockedWithBiometric, fingerprintAllowed:false, faceAllowed:false, canSkipBouncerByFacelock():false, isFacelockUnlocking():false
09-11 19:19:07.062 24087 24193 D OpFingerprintDialogView: shouldForceShowFod: reason= screen turned on, isWindowAttached= false, isFpEnrolled= true, isKeyguardShowing= true, isKeyguardDone= true, isDeviceInteractive= true, isDreaming= false, isLockout= false
09-11 19:19:07.062 29820 14483 D OPSNSUtils: slotId: 0
09-11 19:19:07.063 29820 14483 D OPSNSUtils: return : 6
09-11 19:19:07.063 24087 24087 I KeyguardUpdateMonitor: getUserUnlockedWithBiometric, fingerprintAllowed:false, faceAllowed:false, canSkipBouncerByFacelock():false, isFacelockUnlocking():false
09-11 19:19:07.063 24087 24087 I LockIcon:  updateDarkTint state:false
09-11 19:19:07.064 24087 24087 I ClockCtrl: startUpdate: ScreenON, true
09-11 19:19:07.064 24087 24087 I OpKeyguardUpdateMonitor: onTimeChanged
09-11 19:19:07.064 24087 24087 I OpChargingAnimationControllerImpl: onScreenTurnedOn onRefreshBatteryInfo
09-11 19:19:07.064 24087 24116 I ClockCtrl:  schedule next: 52936
09-11 19:19:07.064 29820 14483 I RegionTimeUtils: region:[1662001200000, 1664593199999]
09-11 19:19:07.064 29820 14483 D OPSNSUtils: slotId: 0
09-11 19:19:07.064 29820 14483 D OPSNSUtils: return : 6
09-11 19:19:07.064 29820 14483 D TrafficUsageAlarmUtils: getTrafficUsagePreferenceBooleanValue: key key_ten_percent_low_remaining_state_sim_6
09-11 19:19:07.064 29820 14483 D TrafficUsageAlarmUtils: getTrafficUsagePreferenceBooleanValue: statefalse
09-11 19:19:07.064 29820 14483 D clear_o : a new reference incurred 128
09-11 19:19:07.065 29820 14483 D OPSNSUtils: slotId: 0
09-11 19:19:07.065 29820 14483 D OPSNSUtils: return : 6
09-11 19:19:07.065 29820 14483 D OPSNSUtils: slotId: 0
09-11 19:19:07.065 29820 14483 D OPSNSUtils: return : 6
09-11 19:19:07.065 29820 14483 D nOperatorDataModel: retrieved key  = key_sim_monthly_usage_in_byte_6 value is -1
09-11 19:19:07.065 29820 14483 D OPSNSUtils: slotId: 0
09-11 19:19:07.065 29820 14483 D OPSNSUtils: return : 6
09-11 19:19:07.065 29820 14483 D PkgInfoLocalCache: get slot id is 0 value is -1
09-11 19:19:07.065 29820 14483 D OPSNSUtils: slotId: 0
09-11 19:19:07.065 29820 14483 D OPSNSUtils: return : 6
09-11 19:19:07.065 29820 14483 D nOperatorDataModel: retrieved key  = key_sim_total_in_byte_6 value is -1
09-11 19:19:07.065 29820 14483 D OPSNSUtils: slotId: 0
09-11 19:19:07.065 24087 24087 D OpFodDimControl: disable: finished waking up
09-11 19:19:07.066 29820 14483 D OPSNSUtils: return : 6
09-11 19:19:07.066 24087 24087 D OpThreekeyDialogImpl: WakefulnessLifecycle, onFinishedWakingUp
09-11 19:19:07.066 29820 14483 I NativeTrafficDataModel: requesetDataUsage lastCalibrateTime:1662001200238, slot:0, block:true
09-11 19:19:07.066 24087 24087 D OpStatusBar: opOnFinishedWakingUp
09-11 19:19:07.066 29820 14483 D OPSNSUtils: slotId: 0
09-11 19:19:07.066 24087 24087 D OpStatusBar: don't startWakingUpAnimation since animation started
09-11 19:19:07.066 24087 24087 D ScrimController: setExpansionAffectsAlpha: skip because we are unlocked by wake and unlock.
09-11 19:19:07.066 29820 14483 D OPSNSUtils: return : 6
09-11 19:19:07.066 29820 14483 I RegionTimeUtils: region:[1662001200000, 1664593199999]
09-11 19:19:07.066 29820 14483 D NativeTrafficDataModel: originalDataUsed or lastCalibrateTime is invalid slotId:0,originalDataUsed:-1
09-11 19:19:07.066 29820 14483 D OPSNSUtils: slotId: 0
09-11 19:19:07.066 29820 14483 D OPSNSUtils: return : 6
09-11 19:19:07.066 29820 14483 I NativeTrafficDataModel: getNetworkTemplate subId:6
09-11 19:19:07.068 12859 12859 D ScanReceiver: onReceive: android.intent.action.SCREEN_ON
09-11 19:19:07.069 24087 24087 D KeyguardClockPositionAlgorithm: getClockY()184
09-11 19:19:07.070 24087 24087 I chatty  : uid=10039(com.android.systemui) identical 1 line
09-11 19:19:07.070 24087 24087 D KeyguardClockPositionAlgorithm: getClockY()184
09-11 19:19:07.070 29820 14483 D NativeTrafficDataModel: slotId:0
09-11 19:19:07.070 12859 12859 D TWSScanService: startScan onStartCommand shouldStart: true. Condition: true false true
09-11 19:19:07.071  1513  1689 D [gf_ca_entry]: [gx_ta_send_modified_cmd_req] begin token 31704, cmd_id=1016
09-11 19:19:07.071  1044  1086 E ANDR-PERF-OPTSHANDLER: Min bounds check failed
09-11 19:19:07.071  1044  1086 E ANDR-PERF-OPTSHANDLER: Error! Perflock failed, invalid request value 140
09-11 19:19:07.071  1044  1086 E ANDR-PERF-RESOURCEQS: Failed to apply optimization [6, 6]
09-11 19:19:07.074 24087 24087 D SmartspaceView: onNoCardAndChipShown, height: 71
09-11 19:19:07.075 18173 18173 I EmojifyExtensionImpl: EmojifyExtensionImpl.onDestroy():756 Destroying Emojify extension cmn@117847b.
09-11 19:19:07.076 24442 24472 I AdrenoGLES-0: PFP: 0x016ee190, ME: 0x00000000
09-11 19:19:07.076  1098  1098 E CompositionEngine: map unknown (BT709 sRGB Full range)/(Unknown RenderIntent) to default color mode
09-11 19:19:07.077 24087 24087 I KeyguardViewUpdateListener: onNoCardAndChipShown:com.google.android.libraries.assistant.oemsmartspace.lib.SmartspaceView.applyNewHeightToListener:174
09-11 19:19:07.077 24087 24087 I KeyguardViewUpdateListener: setKeyguardShowingHeader:false
09-11 19:19:07.077 24087 24087 D KeyguardUpdateMonitor: handleTimeUpdate
09-11 19:19:07.078 24087 24087 D KeyguardPasswordView: H.UPDATE_EMERGENCY_BUTTON
09-11 19:19:07.079 24087 24087 I KeyguardPasswordView: set params.topMargin:799
09-11 19:19:07.079 24087 24174 I OpColorTextView: index:0
09-11 19:19:07.080 18173 18173 I AbstractOpenableExtension: AbstractOpenableExtension.maybeDestroyExistingKeyboardGroupManager():511 Destroy existing keyboard group manager in cnl
09-11 19:19:07.080 24087 24087 D KeyguardClockPositionAlgorithm: getClockY()184
09-11 19:19:07.080 24087 24087 I chatty  : uid=10039(com.android.systemui) identical 1 line
09-11 19:19:07.080 24087 24087 D KeyguardClockPositionAlgorithm: getClockY()184
09-11 19:19:07.080 18173 18173 I AbstractOpenableExtension: AbstractOpenableExtension.maybeDestroyExistingKeyboardGroupManager():511 Destroy existing keyboard group manager in dzo
09-11 19:19:07.081 18173 18173 I AbstractOpenableExtension: AbstractOpenableExtension.maybeDestroyExistingKeyboardGroupManager():511 Destroy existing keyboard group manager in ecr
09-11 19:19:07.082 24087 24087 D KeyguardPasswordView: H.UPDATE_EMERGENCY_BUTTON
09-11 19:19:07.082 24087 24087 I KeyguardPasswordView: set params.topMargin:799
09-11 19:19:07.093  1098  1098 E CompositionEngine: map unknown (BT709 sRGB Full range)/(Unknown RenderIntent) to default color mode
09-11 19:19:07.094 24087 24087 D KeyguardPasswordView: H.UPDATE_EMERGENCY_BUTTON
09-11 19:19:07.094 24087 24087 I KeyguardPasswordView: set params.topMargin:799
09-11 19:19:07.109  1098  1098 E CompositionEngine: map unknown (BT709 sRGB Full range)/(Unknown RenderIntent) to default color mode
09-11 19:19:07.110 24087 24087 D KeyguardPasswordView: H.UPDATE_EMERGENCY_BUTTON
09-11 19:19:07.111 24087 24087 I KeyguardPasswordView: set params.topMargin:799
09-11 19:19:07.126  1098  1098 E CompositionEngine: map unknown (BT709 sRGB Full range)/(Unknown RenderIntent) to default color mode
09-11 19:19:07.127 24087 24087 D KeyguardPasswordView: H.UPDATE_EMERGENCY_BUTTON
09-11 19:19:07.127 24087 24087 I KeyguardPasswordView: set params.topMargin:799
09-11 19:19:07.130 29820 14483 W NativeTrafficDataModel: update usage
09-11 19:19:07.131 29820 14483 I NativeTrafficDataModel: getSpecificTimeUsageBySlotId from framework slotId=0,startTime=1662001200000,endTime=1664593199999block=true,totalBytes=705011709
09-11 19:19:07.131 29820 14483 I NativeOperatorDataModel: requesetDataUsage total:-1, used:-1, extra:705011709, slot:0, block:true
09-11 19:19:07.131 29820 14483 D OPSNSUtils: slotId: 0
09-11 19:19:07.132 29820 14483 D OPSNSUtils: return : 6
09-11 19:19:07.143  1098  1098 E CompositionEngine: map unknown (BT709 sRGB Full range)/(Unknown RenderIntent) to default color mode
09-11 19:19:07.144 24087 24087 D KeyButtonView:  setImageDrawable HasOvalBg=false hasOvalBg()=false DarkIntensity=0.0
09-11 19:19:07.144 24087 24087 I chatty  : uid=10039(com.android.systemui) identical 4 lines
09-11 19:19:07.144 24087 24087 D KeyButtonView:  setImageDrawable HasOvalBg=false hasOvalBg()=false DarkIntensity=0.0
09-11 19:19:07.144 24087 24087 D StatusBar/NavBarView: showImeSwitcher:false,disableImeSwitcher:false
09-11 19:19:07.145 24087 24087 D Clock-StatusBar-14722a3: execute second tick= display: Display id 0: DisplayInfo{"Built-in Screen", displayId 0, FLAG_SECURE, FLAG_SUPPORTS_PROTECTED_BUFFERS, FLAG_TRUSTED, real 1080 x 2280, largest app 2066 x 2065, smallest app 1080 x 1000, appVsyncOff 1000000, presDeadline 16666666, mode 1, defaultMode 1, modes [{id=1, width=1080, height=2280, fps=60.0}], hdrCapabilities HdrCapabilities{mSupportedHdrTypes=[2, 3], mMaxLuminance=540.0, mMaxAverageLuminance=270.1, mMinLuminance=0.2}, minimalPostProcessingSupported false, rotation 0, state ON}, DisplayMetrics{density=2.8125, width=1080, height=2066, scaledDensity=2.8125, xdpi=403.411, ydpi=399.393}, isValid=true, state: 2
09-11 19:19:07.145 24087 24087 D KeyguardPasswordView: H.UPDATE_EMERGENCY_BUTTON
09-11 19:19:07.145 24087 24087 I KeyguardPasswordView: set params.topMargin:799
09-11 19:19:07.159  1098  1098 E CompositionEngine: map unknown (BT709 sRGB Full range)/(Unknown RenderIntent) to default color mode
09-11 19:19:07.160 24087 24087 D KeyButtonRipple:  draw SupportHardware=true Type=ROUNDED_RECT
09-11 19:19:07.163 24087 24087 D Clock-NotificShade-c03c1a3: execute second tick= display: Display id 0: DisplayInfo{"Built-in Screen", displayId 0, FLAG_SECURE, FLAG_SUPPORTS_PROTECTED_BUFFERS, FLAG_TRUSTED, real 1080 x 2280, largest app 2066 x 2065, smallest app 1080 x 1000, appVsyncOff 1000000, presDeadline 16666666, mode 1, defaultMode 1, modes [{id=1, width=1080, height=2280, fps=60.0}], hdrCapabilities HdrCapabilities{mSupportedHdrTypes=[2, 3], mMaxLuminance=540.0, mMaxAverageLuminance=270.1, mMinLuminance=0.2}, minimalPostProcessingSupported false, rotation 0, state ON}, DisplayMetrics{density=2.8125, width=1080, height=2066, scaledDensity=2.8125, xdpi=403.411, ydpi=399.393}, isValid=true, state: 2
09-11 19:19:07.163 24087 24087 D KeyguardPasswordView: H.UPDATE_EMERGENCY_BUTTON
09-11 19:19:07.163 24087 24087 I KeyguardPasswordView: set params.topMargin:799
09-11 19:19:07.176  1098  1098 E CompositionEngine: map unknown (BT709 sRGB Full range)/(Unknown RenderIntent) to default color mode
09-11 19:19:07.183 24087 24087 D KeyButtonRipple:  draw SupportHardware=true Type=ROUNDED_RECT
09-11 19:19:07.185 24087 24087 D Clock-NotificShade-9c12f39: execute second tick= display: Display id 0: DisplayInfo{"Built-in Screen", displayId 0, FLAG_SECURE, FLAG_SUPPORTS_PROTECTED_BUFFERS, FLAG_TRUSTED, real 1080 x 2280, largest app 2066 x 2065, smallest app 1080 x 1000, appVsyncOff 1000000, presDeadline 16666666, mode 1, defaultMode 1, modes [{id=1, width=1080, height=2280, fps=60.0}], hdrCapabilities HdrCapabilities{mSupportedHdrTypes=[2, 3], mMaxLuminance=540.0, mMaxAverageLuminance=270.1, mMinLuminance=0.2}, minimalPostProcessingSupported false, rotation 0, state ON}, DisplayMetrics{density=2.8125, width=1080, height=2066, scaledDensity=2.8125, xdpi=403.411, ydpi=399.393}, isValid=true, state: 2
09-11 19:19:07.185 24087 24087 D KeyguardPasswordView: H.UPDATE_EMERGENCY_BUTTON
09-11 19:19:07.185 24087 24087 I KeyguardPasswordView: set params.topMargin:799
09-11 19:19:07.193  1098  1098 E CompositionEngine: map unknown (BT709 sRGB Full range)/(Unknown RenderIntent) to default color mode
09-11 19:19:07.194 24087 24087 D KeyguardPasswordView: H.UPDATE_EMERGENCY_BUTTON
09-11 19:19:07.194 24087 24087 I KeyguardPasswordView: set params.topMargin:799
09-11 19:19:07.201  1513  1689 D [gf_ca_entry]: [gx_ta_send_modified_cmd_req] end
09-11 19:19:07.201  1513  1689 D [gf_ca_entry]: [gf_ca_invoke_command] gx_ta_send_modified_cmd_req success
09-11 19:19:07.201  1513  1689 D [gf_ca_entry]: [gf_ca_invoke_command] ta execution succeed
09-11 19:19:07.201  1513  1689 I [GF_HAL][gf_hal_milan_hv]: [hal_milan_hv_irq] irq_type=[GF_IRQ_FINGER_UP_MASK], irq_type=0x00000004
09-11 19:19:07.201  1513  1689 I [GF_HAL][gf_hal_key]: gf_key_set: 0
09-11 19:19:07.184  1513  1513 W fingerprint@2.1: type=1400 audit(0.0:618095): avc: denied { read } for name="u:object_r:default_prop:s0" dev="tmpfs" ino=14740 scontext=u:r:hal_fingerprint_default:s0 tcontext=u:object_r:default_prop:s0 tclass=file permissive=0
09-11 19:19:07.202  1513  1689 E libc    : Access denied finding property "gf.debug.dump_data"
09-11 19:19:07.210  1098  1098 E CompositionEngine: map unknown (BT709 sRGB Full range)/(Unknown RenderIntent) to default color mode
09-11 19:19:07.216 18173 18173 I GoogleInputMethodService: GoogleInputMethodService.updateDeviceLockedStatus():2166 repeatCheckTimes = 0, unlocked = false
09-11 19:19:07.216 18173 18173 I GoogleInputMethodService: GoogleInputMethodService.onStartInput():1957 onStartInput(EditorInfo{inputType=0x0(NULL) imeOptions=0x0 privateImeOptions=null actionName=UNSPECIFIED actionLabel=null actionId=0 initialSelStart=-1 initialSelEnd=-1 initialCapsMode=0x0 hintText=null label=null packageName=com.android.systemui fieldId=-1 fieldName=null extras=null}, false)
09-11 19:19:07.216 18173 18173 I GoogleInputMethodService: GoogleInputMethodService.shouldHideHeaderOnInitialState():4078 ShouldHideHeaderOnInitialState = false
09-11 19:19:07.217 18173 18173 I GoogleInputMethodService: GoogleInputMethodService.updateDeviceLockedStatus():2166 repeatCheckTimes = 2, unlocked = false
09-11 19:19:07.221 24087 24087 D xne     : Event success
09-11 19:19:07.221 24087 24087 D KeyguardPasswordView: H.UPDATE_EMERGENCY_BUTTON
09-11 19:19:07.221 24087 24087 I KeyguardPasswordView: set params.topMargin:799
09-11 19:19:07.226  1098  1098 E CompositionEngine: map unknown (BT709 sRGB Full range)/(Unknown RenderIntent) to default color mode
09-11 19:19:07.226   603   603 I hwservicemanager: getTransport: Cannot find entry android.hardware.graphics.mapper@4.0::IMapper/default in either framework or device manifest.
09-11 19:19:07.227 24442 24472 I Gralloc4: mapper 4.x is not supported
09-11 19:19:07.228   603   603 I hwservicemanager: getTransport: Cannot find entry android.hardware.graphics.mapper@3.0::IMapper/default in either framework or device manifest.
09-11 19:19:07.228 24087 24087 D KeyguardPasswordView: H.UPDATE_EMERGENCY_BUTTON
09-11 19:19:07.228 24442 24472 W Gralloc3: mapper 3.x is not supported
09-11 19:19:07.229 24087 24087 I KeyguardPasswordView: set params.topMargin:799
09-11 19:19:07.235 18173 18173 I Delight5Facilitator: Delight5Facilitator.maybeReloadModelsOnDeviceLockStateChanged():688 Reload or unload user history for lock state change.
09-11 19:19:07.235 18173 18173 I Delight5Facilitator: Delight5Facilitator.maybeReloadModelsOnDeviceLockStateChanged():694 Reload or unload contacts and personal LM for lock state change.
09-11 19:19:07.236 18173 18173 I AbstractOpenableExtension: AbstractOpenableExtension$3.onSuccess():524 KeyboardGroupManager destroyed in cnl.
09-11 19:19:07.236 18173 18173 I AbstractOpenableExtension: AbstractOpenableExtension$3.onSuccess():524 KeyboardGroupManager destroyed in dzo.
09-11 19:19:07.236 18173 18173 I AbstractOpenableExtension: AbstractOpenableExtension$3.onSuccess():524 KeyboardGroupManager destroyed in ecr.
09-11 19:19:07.236 18173 18215 I DeviceStatusMonitor: DeviceStatusMonitor.handleBroadcast():123 onReceive() : Action = android.intent.action.SCREEN_ON
09-11 19:19:07.236 18173 18215 I DeviceStatusMonitor: DeviceStatusMonitor.updateCountryInfo():139 updateCountryInfo(), notifyAnyway = false
09-11 19:19:07.242 30746 30808 I NearbySharing: Screen is locked [CONTEXT service_id=194 ]
09-11 19:19:07.242 30746 30808 I NearbySharing: Failed to stop scanning because weren't scanning. [CONTEXT service_id=194 ]
09-11 19:19:07.242 30746 30808 I NearbySharing: Stopping discovery because the screen is locked. [CONTEXT service_id=194 ]
09-11 19:19:07.242 30746 30808 I NearbySharing: Can't stop advertising FastInitiation. Not advertising. [CONTEXT service_id=194 ]
09-11 19:19:07.242 30746 30808 I NearbySharing: Stopping Fast Init advertisement because Bluetooth is off. [CONTEXT service_id=194 ]
09-11 19:19:07.242 30746 30808 I NearbySharing: Stopping advertising because the screen is locked. [CONTEXT service_id=194 ]
09-11 19:19:07.242 30746 30808 I NearbySharing: Stopping FastInitiation scanning because the screen is locked. [CONTEXT service_id=194 ]
09-11 19:19:07.242 30746 30808 I NearbySharing: Can't stop scanning for FastInitiation. Not scanning. [CONTEXT service_id=194 ]
09-11 19:19:07.242 30746 30808 I NearbySharing: Cancelling in use notification [CONTEXT service_id=194 ]
09-11 19:19:07.243 30746 30808 I NearbySharing: Fast Initiation Scanning has stopped [CONTEXT service_id=194 ]
09-11 19:19:07.243 30746 30808 I NearbySharing: Dismissing HUN as there's no device nearby. [CONTEXT service_id=194 ]
09-11 19:19:07.243 30746 30808 I NearbySharing: Cancelling in use notification [CONTEXT service_id=194 ]
09-11 19:19:07.243  1098  1098 E CompositionEngine: map unknown (BT709 sRGB Full range)/(Unknown RenderIntent) to default color mode
09-11 19:19:07.243 18173 18214 I Delight5Facilitator: UserHistoryLanguageModelLoader.call():82 Running user history language model loader
09-11 19:19:07.245 24087 24087 D KeyguardPasswordView: H.UPDATE_EMERGENCY_BUTTON
09-11 19:19:07.245 24087 24087 I KeyguardPasswordView: set params.topMargin:799
09-11 19:19:07.250 18173 18214 I Delight5Facilitator: UserHistoryLanguageModelLoader.call():117 User history language model is unloaded: enablePersonalization=true, deviceLocked=true
09-11 19:19:07.250 18173 18260 I Delight5Decoder: Delight5DecoderWrapper.unloadLanguageModel():834 unloadLanguageModel() : 3, version [n/a]
09-11 19:19:07.250 18173 18214 I Delight5Facilitator: ContactsLanguageModelLoader.call():35 Running contacts language model loader
09-11 19:19:07.254 18173 18214 I Delight5Facilitator: ContactsLanguageModelLoader.call():47 Contacts language model is unloaded: preferences=false, deviceLocked=true
09-11 19:19:07.254 18173 18214 I Delight5Facilitator: PersonalLanguageModelLoader.call():44 Running personal language model loader
09-11 19:19:07.255 18173 18214 I Delight5Facilitator: PersonalLanguageModelLoader.call():65 Personal language model is unloaded: enablePersonalization=true, deviceLocked=true
09-11 19:19:07.255 18173 18214 I Delight5Facilitator: EmailLanguageModelLoader.call():30 Running email language model loader
09-11 19:19:07.255 18173 18214 I Delight5Facilitator: EmailLanguageModelLoader.call():44 Email language model is unloaded: deviceLocked=true
09-11 19:19:07.260  1098  1098 E CompositionEngine: map unknown (BT709 sRGB Full range)/(Unknown RenderIntent) to default color mode
09-11 19:19:07.261 24087 24087 D KeyguardPasswordView: H.UPDATE_EMERGENCY_BUTTON
09-11 19:19:07.262 24087 24087 I KeyguardPasswordView: set params.topMargin:799
09-11 19:19:07.274 30909 24641 E sqlite3_android: [IKR-38846] ONEPLUS_NAME_PARTS_MATCH SQLITE_OK
09-11 19:19:07.276  1098  1098 E CompositionEngine: map unknown (BT709 sRGB Full range)/(Unknown RenderIntent) to default color mode
09-11 19:19:07.276 30909 24641 E sqlite3_android: [IKR-38846] ONEPLUS_NAME_PARTS_MATCH SQLITE_OK
09-11 19:19:07.278 24087 24087 D KeyguardPasswordView: H.UPDATE_EMERGENCY_BUTTON
09-11 19:19:07.278 24087 24087 I KeyguardPasswordView: set params.topMargin:799
09-11 19:19:07.279 18173 18260 I native  : I0000 00:00:1662934747.275624   18260 dynamic-lm-manager.cc:48] Dynamic LM has already been unloaded: /data/user/0/com.google.android.inputmethod.latin/files/personal/userhistory/UserHistory.pt_BR.dict
09-11 19:19:07.282 30909 11886 I NearbySharing: Screen is locked [CONTEXT service_id=194 ]
09-11 19:19:07.283 30909 11886 I NearbySharing: Failed to stop scanning because weren't scanning. [CONTEXT service_id=194 ]
09-11 19:19:07.283 30909 11886 I NearbySharing: Stopping discovery because the screen is locked. [CONTEXT service_id=194 ]
09-11 19:19:07.283 30909 11886 I NearbySharing: Can't stop advertising FastInitiation. Not advertising. [CONTEXT service_id=194 ]
09-11 19:19:07.283 30909 11886 I NearbySharing: Stopping Fast Init advertisement because Bluetooth is off. [CONTEXT service_id=194 ]
09-11 19:19:07.283 30909 11886 I NearbySharing: Stopping advertising because the screen is locked. [CONTEXT service_id=194 ]
09-11 19:19:07.283 30909 11886 I NearbySharing: Stopping FastInitiation scanning because the screen is locked. [CONTEXT service_id=194 ]
09-11 19:19:07.283 30909 11886 I NearbySharing: Can't stop scanning for FastInitiation. Not scanning. [CONTEXT service_id=194 ]
09-11 19:19:07.283 30909 11886 I NearbySharing: Cancelling in use notification [CONTEXT service_id=194 ]
09-11 19:19:07.283 30909 11886 I NearbySharing: Fast Initiation Scanning has stopped [CONTEXT service_id=194 ]
09-11 19:19:07.283 30909 11886 I NearbySharing: Dismissing HUN as there's no device nearby. [CONTEXT service_id=194 ]
09-11 19:19:07.283 30909 11886 I NearbySharing: Cancelling in use notification [CONTEXT service_id=194 ]
09-11 19:19:07.288 30909 24641 E sqlite3_android: [IKR-38846] ONEPLUS_NAME_PARTS_MATCH SQLITE_OK
09-11 19:19:07.289  1218  1218 D AbstractProcessor: onScreenOn
09-11 19:19:07.289  1218  1218 D AbstractProcessor: cancelAlarm
09-11 19:19:07.290 30909 24641 E sqlite3_android: [IKR-38846] ONEPLUS_NAME_PARTS_MATCH SQLITE_OK
09-11 19:19:07.291 30909 24641 I chatty  : uid=10036(com.google.android.gms) lowpool[448] identical 1 line
09-11 19:19:07.291 30909 24641 E sqlite3_android: [IKR-38846] ONEPLUS_NAME_PARTS_MATCH SQLITE_OK
09-11 19:19:07.293  1098  1098 E CompositionEngine: map unknown (BT709 sRGB Full range)/(Unknown RenderIntent) to default color mode
09-11 19:19:07.294  3475  3475 I OAF.ScreenReceiver: is bluetooth enabled: false
09-11 19:19:07.297  5892  5892 D SYS_EVENT: send event 16 notification to client
09-11 19:19:07.297 24087 24087 D KeyguardPasswordView: H.UPDATE_EMERGENCY_BUTTON
09-11 19:19:07.297 24087 24087 I KeyguardPasswordView: set params.topMargin:799
09-11 19:19:07.299 30909 30909 D BoundBrokerSvc: onRebind: Intent { act=com.google.android.gms.clearcut.bootcount.service.START dat=chimera-action:com.google.android.gms.clearcut.bootcount.service.START cmp=com.google.android.gms/.chimera.PersistentBoundBrokerService }
09-11 19:19:07.300  8627  8627 D DeviceStatisticsService: Send device is interactive
09-11 19:19:07.300 30909 24641 E sqlite3_android: [IKR-38846] ONEPLUS_NAME_PARTS_MATCH SQLITE_OK
09-11 19:19:07.303 18173 18260 I Delight5Decoder: Delight5DecoderWrapper.unloadLanguageModel():834 unloadLanguageModel() : 3, version [n/a]
09-11 19:19:07.303 18173 18260 I native  : I0000 00:00:1662934747.303495   18260 dynamic-lm-manager.cc:48] Dynamic LM has already been unloaded: /data/user/0/com.google.android.inputmethod.latin/files/personal/userhistory/UserHistory.en_US.dict
09-11 19:19:07.304 18173 18260 I Delight5Decoder: Delight5DecoderWrapper.unloadLanguageModel():834 unloadLanguageModel() : 3, version [n/a]
09-11 19:19:07.305 18173 18260 I Delight5Decoder: Delight5DecoderWrapper.unloadLanguageModel():834 unloadLanguageModel() : 4, version [n/a]
09-11 19:19:07.305 18173 18260 I native  : I0000 00:00:1662934747.305341   18260 dynamic-lm-manager.cc:48] Dynamic LM has already been unloaded: /data/user/0/com.google.android.inputmethod.latin/files/personal/Personal.pt_BR.dict
09-11 19:19:07.305 18173 18260 I Delight5Decoder: Delight5DecoderWrapper.unloadLanguageModel():834 unloadLanguageModel() : 4, version [n/a]
09-11 19:19:07.305 18173 18260 I native  : I0000 00:00:1662934747.305763   18260 dynamic-lm-manager.cc:48] Dynamic LM has already been unloaded: /data/user/0/com.google.android.inputmethod.latin/files/personal/Personal.en_US.dict
09-11 19:19:07.306 18173 18260 I Delight5Decoder: Delight5DecoderWrapper.unloadLanguageModel():834 unloadLanguageModel() : 20, version [n/a]
09-11 19:19:07.306 18173 18260 I native  : I0000 00:00:1662934747.306407   18260 dynamic-lm-manager.cc:48] Dynamic LM has already been unloaded: /data/user/0/com.google.android.inputmethod.latin/files/personal/Email.dict
09-11 19:19:07.310  1098  1098 E CompositionEngine: map unknown (BT709 sRGB Full range)/(Unknown RenderIntent) to default color mode
09-11 19:19:07.311 24087 24087 D KeyguardPasswordView: H.UPDATE_EMERGENCY_BUTTON
09-11 19:19:07.312 24087 24087 I KeyguardPasswordView: set params.topMargin:799
09-11 19:19:07.315  1098  2855 E surfaceflinger: [frame_perf] AutoTurboBoostQuery fd<0 failed, errno=Inappropriate ioctl for device
09-11 19:19:07.315  1098  2855 E surfaceflinger: [frame_perf] AutoBoostConfigQuery fd<0 failed, errno=No such file or directory
09-11 19:19:07.319 24087 25180 D KeyguardViewMediator: startKeyguardExitAnimation
09-11 19:19:07.319 24087 24087 D KeyguardViewMediator: handleStartKeyguardExitAnimation startTime=1146251376 fadeoutDuration=0
09-11 19:19:07.320 24087 24087 D OpPreventModeCtrl: setKeyguardShowing, false
09-11 19:19:07.321 24087 24087 D OpChargingAnimationControllerImpl: onShowingStateChanged false
09-11 19:19:07.321 24087 24087 I OpUtils : isSupportREDCharging:false
09-11 19:19:07.321 24087 24087 I OpUtils : isSupportWarpCharging:false
09-11 19:19:07.321 24087 24087 D KeyguardIndication: onShowingStateChanged false
09-11 19:19:07.322 24087 24087 I KeyguardUpdateMonitor: getUserUnlockedWithBiometric, fingerprintAllowed:false, faceAllowed:false, canSkipBouncerByFacelock():false, isFacelockUnlocking():false
09-11 19:19:07.322 24087 24087 I KeyguardUpdateMonitor: getUserUnlockedWithBiometric, fingerprintAllowed:false, faceAllowed:false, canSkipBouncerByFacelock():false, isFacelockUnlocking():false
09-11 19:19:07.322 24087 24087 I LockIcon:  updateDarkTint state:false
09-11 19:19:07.322 24087 24087 D StatusBar: disable<e i a s b H R c s > disable2<q i n v >
09-11 19:19:07.322 24087 24087 I KeyguardBouncer: hide / destroyView:true isShowing:false
09-11 19:19:07.323 24087 24087 D KeyguardViewMediator: adjustStatusBarLocked: mShowing=false mOccluded=false isSecure=true force=false --> flags=0x0
09-11 19:19:07.325 24087 24087 I KeyguardPasswordView:  resetState wasDisabled:true, false, mResumed:false, mPasswordEntry.isVisibleToUser():false
09-11 19:19:07.325 24087 24124 D KeyguardViewMediator: updateActivityLockScreenState(false, false)
09-11 19:19:07.325 24087 24124 D KeyguardViewMediator: setLockScreenShown, false, false, false
09-11 19:19:07.325 24087 24087 D OpKeyguardUpdateMonitor: onEmergencyPanelExpandChanged: show:( false -> false ), mLockoutState= false, isUnlockingWithBiometricAllowed= true
09-11 19:19:07.326 14890 14890 W WM-WorkSpec: Interval duration lesser than minimum allowed value; Changed to 900000
09-11 19:19:07.326 14890 14890 W WM-WorkSpec: Flex duration lesser than minimum allowed value; Changed to 300000
09-11 19:19:07.327  1555  3232 D OpPowerConsumpStatsInjector: handleShowOrOccludedChanged
09-11 19:19:07.327 24087 24087 D HighlightHintCtrl: onBarStatechange barstate:0
09-11 19:19:07.327 24087 24087 D StatusBar: updateQsExpansionEnabled - QS Expand enabled: true
09-11 19:19:07.327 24087 24087 D ScrimController: setExpansionAffectsAlpha: skip because we are unlocked by wake and unlock.
09-11 19:19:07.327 24087 24087 D ScrimController: setExpansionAffectsAlpha: skip because we are unlocked by wake and unlock.
09-11 19:19:07.327 24087 24087 D BiometricUnlockCtrl: resetMode
09-11 19:19:07.327 24087 24087 D ScrimController: setExpansionAffectsAlpha: skip because we are unlocked by wake and unlock.
09-11 19:19:07.328 24087 24087 I KeyguardUpdateMonitor: getUserUnlockedWithBiometric, fingerprintAllowed:false, faceAllowed:false, canSkipBouncerByFacelock():false, isFacelockUnlocking():false
09-11 19:19:07.328 24087 24087 I KeyguardUpdateMonitor: getUserUnlockedWithBiometric, fingerprintAllowed:false, faceAllowed:false, canSkipBouncerByFacelock():false, isFacelockUnlocking():false
09-11 19:19:07.328 24087 24087 I LockIcon:  updateDarkTint state:false
09-11 19:19:07.328  1098  1098 E CompositionEngine: map unknown (BT709 sRGB Full range)/(Unknown RenderIntent) to default color mode
09-11 19:19:07.328 24087 24087 D OpBiometricUnlockController: changePanelVisibilityByAlpha: alpha= 1, reset= true
09-11 19:19:07.328 24087 24087 D OpKeyguardViewMediator: changePanelAlpha to 1, type:0, currentType:0
09-11 19:19:07.328 24087 24087 D StatusBar: setPanelViewAlpha to 1.0, overlayLayout:false, currentType:0
09-11 19:19:07.328 24087 24087 I StatusBar: setWallpaperAlpha isShowingWallpaper:false mState:0
09-11 19:19:07.331 14890 14959 W System.err: java.lang.NullPointerException: Attempt to invoke virtual method 'void android.bluetooth.le.BluetoothLeAdvertiser.stopAdvertisingSet(android.bluetooth.le.AdvertisingSetCallback)' on a null object reference
09-11 19:19:07.331 14890 14959 W System.err: 	at u4.e(SourceFile:2)
09-11 19:19:07.331 14890 14959 W System.err: 	at u4.g(SourceFile:4)
09-11 19:19:07.331 14890 14959 W System.err: 	at v7.b(SourceFile:3)
09-11 19:19:07.331 14890 14959 W System.err: 	at v7.h(Unknown Source:0)
09-11 19:19:07.332 14890 14959 W System.err: 	at n0.run(Unknown Source:8)
09-11 19:19:07.332 14890 14959 W System.err: 	at java.util.concurrent.ThreadPoolExecutor.runWorker(ThreadPoolExecutor.java:1167)
09-11 19:19:07.332 14890 14959 W System.err: 	at java.util.concurrent.ThreadPoolExecutor$Worker.run(ThreadPoolExecutor.java:641)
09-11 19:19:07.332 14890 14959 W System.err: 	at java.lang.Thread.run(Thread.java:923)
09-11 19:19:07.332 14890 14959 W System.err: java.lang.NullPointerException: Attempt to invoke virtual method 'void android.bluetooth.le.BluetoothLeAdvertiser.startAdvertisingSet(android.bluetooth.le.AdvertisingSetParameters, android.bluetooth.le.AdvertiseData, android.bluetooth.le.AdvertiseData, android.bluetooth.le.PeriodicAdvertisingParameters, android.bluetooth.le.AdvertiseData, int, int, android.bluetooth.le.AdvertisingSetCallback)' on a null object reference
09-11 19:19:07.332 14890 14959 W System.err: 	at u4.g(SourceFile:8)
09-11 19:19:07.332 14890 14959 W System.err: 	at v7.b(SourceFile:3)
09-11 19:19:07.332 14890 14959 W System.err: 	at v7.h(Unknown Source:0)
09-11 19:19:07.332 14890 14959 W System.err: 	at n0.run(Unknown Source:8)
09-11 19:19:07.332 14890 14959 W System.err: 	at java.util.concurrent.ThreadPoolExecutor.runWorker(ThreadPoolExecutor.java:1167)
09-11 19:19:07.332 14890 14959 W System.err: 	at java.util.concurrent.ThreadPoolExecutor$Worker.run(ThreadPoolExecutor.java:641)
09-11 19:19:07.332 14890 14959 W System.err: 	at java.lang.Thread.run(Thread.java:923)
09-11 19:19:07.335 24087 24087 D KeyguardClockPositionAlgorithm: getClockY()184
09-11 19:19:07.335 24087 24087 I chatty  : uid=10039(com.android.systemui) identical 1 line
09-11 19:19:07.335 24087 24087 D KeyguardClockPositionAlgorithm: getClockY()184
09-11 19:19:07.337 24087 24087 D StackScroller: updateSpeedBumpIndex newIndex:3 noAmbient: false
09-11 19:19:07.341  1555  1746 W AlarmManager: Unrecognized alarm listener com.android.server.OpPowerControllerService$tsu@ecdb27f
09-11 19:19:07.341  2914  2924 D IHansComunication: HANS handleMessage: Got message from kernel
09-11 19:19:07.341  2914  2924 E IHansComunication: HANS printMessageBody: RCVed message body: type = 0, port = 86870, caller_pid = 1555, target_uid = 10295, pkg_cmd = -1
09-11 19:19:07.341  2914  2924 D IHansComunication: sendMsgToFW--type: 0, callerPid: 1555, targetUid: 10295
09-11 19:19:07.343 24087 24087 D StackScroller: updateFooter showDismissView true showFooterView true showHistory false hasActiveNotifications() true mStatusBarState 0
09-11 19:19:07.343 24087 24087 D KeyguardClockPositionAlgorithm: getClockY()184
09-11 19:19:07.343 24087 24087 I chatty  : uid=10039(com.android.systemui) identical 1 line
09-11 19:19:07.343 24087 24087 D KeyguardClockPositionAlgorithm: getClockY()184
09-11 19:19:07.344  1098  1098 E CompositionEngine: map unknown (BT709 sRGB Full range)/(Unknown RenderIntent) to default color mode
09-11 19:19:07.345 24087 24174 E ndroid.systemu: Invalid ID 0x00000000.
09-11 19:19:07.346 24087 24087 D StackScroller: setting break mode view visibility: isKeyGaurdVisible:true isWLBON:false
09-11 19:19:07.347 24087 24087 D QSPanel : setExpanded: true->false
09-11 19:19:07.348 24087 24087 D StackScroller: updateFooter showDismissView true showFooterView true showHistory false hasActiveNotifications() true mStatusBarState 0
09-11 19:19:07.348 24087 24087 D StackScroller: updateSpeedBumpIndex newIndex:3 noAmbient: false
09-11 19:19:07.349 24087 24087 D StackScroller: updateFooter showDismissView true showFooterView true showHistory false hasActiveNotifications() true mStatusBarState 0
09-11 19:19:07.349 24087 24087 D StackScroller: setting break mode view visibility: isKeyGaurdVisible:false isWLBON:false
09-11 19:19:07.349 24087 24087 D PanelView: instantCollapse: mExpanding = false, mInstantExpanding = false
09-11 19:19:07.349  2914  2924 D IHansComunication: HANS handleMessage: Got message from kernel
09-11 19:19:07.349  2914  2924 E IHansComunication: HANS printMessageBody: RCVed message body: type = 0, port = 86870, caller_pid = 1555, target_uid = 10295, pkg_cmd = -1
09-11 19:19:07.349  2914  2924 D IHansComunication: sendMsgToFW--type: 0, callerPid: 1555, targetUid: 10295
09-11 19:19:07.350 24087 24087 D StatusBar: disable<e i a s b h!r!c s > disable2<q i n v >
09-11 19:19:07.353 24087 24087 D KeyButtonView:  setImageDrawable HasOvalBg=false hasOvalBg()=false DarkIntensity=0.0
09-11 19:19:07.353 24087 24087 D KeyButtonView:  setImageDrawable HasOvalBg=false hasOvalBg()=false DarkIntensity=0.0
09-11 19:19:07.359  1664  7162 E QMI_FW  : qmi_cci_get_ref: ref count increased 2
09-11 19:19:07.360  1664  1732 E QMI_FW  : qmi_cci_get_ref: ref count increased 2
09-11 19:19:07.360  1098  1098 E CompositionEngine: map unknown (BT709 sRGB Full range)/(Unknown RenderIntent) to default color mode
09-11 19:19:07.366 24087 24087 E ndroid.systemu: Invalid ID 0x00000000.
09-11 19:19:07.367 24087 24087 D KeyButtonView:  setImageDrawable HasOvalBg=false hasOvalBg()=false DarkIntensity=0.0
09-11 19:19:07.367 24087 24087 I chatty  : uid=10039(com.android.systemui) identical 8 lines
09-11 19:19:07.367 24087 24087 D KeyButtonView:  setImageDrawable HasOvalBg=false hasOvalBg()=false DarkIntensity=0.0
09-11 19:19:07.367 24087 24087 D StatusBar/NavBarView: showImeSwitcher:false,disableImeSwitcher:false
09-11 19:19:07.368 21231 21231 I AmazonVideo: DeviceInteractiveBroadcastReceiver: Received android.intent.action.SCREEN_ON request.
09-11 19:19:07.368 24087 24087 D OverviewProxyService: SystemUi flags: 44
09-11 19:19:07.369 24087 24087 D StatusBar:  setPanelExpanded isExpanded=false mPanelExpanded=true
09-11 19:19:07.369  7677 11766 D TouchInteractionService: onSystemUiStateChanged# stateFlags: 452 -> 68
09-11 19:19:07.370 24087 24087 D OverviewProxyService: SystemUi flags: 40
09-11 19:19:07.370 24087 24087 D PanelView: notifyBarPanelExpansionChanged, isKeyguardShowing= false, isKeyguardDone= true, isSwitching= false, expandedFraction= 0.0
09-11 19:19:07.370 24087 24087 D QSPanel : refreshAllTiles
09-11 19:19:07.370  7677 11766 D TouchInteractionService: onSystemUiStateChanged# stateFlags: 68 -> 64
09-11 19:19:07.371 24087 24087 I KeyguardUpdateMonitor: getUserUnlockedWithBiometric, fingerprintAllowed:false, faceAllowed:false, canSkipBouncerByFacelock():false, isFacelockUnlocking():false
09-11 19:19:07.371  7677  7677 D OverviewComponentObserver: updateOverviewTargets# defaultHome: ComponentInfo{net.oneplus.launcher/net.oneplus.launcher.Launcher}
09-11 19:19:07.372 21231 21231 I AmazonVideo: AppVisibilityTracker: old visibility DEVICE_INACTIVE_IN_BACKGROUND, new visibility DEVICE_ACTIVE_IN_BACKGROUND
09-11 19:19:07.372 24087 24087 I KeyguardUpdateMonitor: getUserUnlockedWithBiometric, fingerprintAllowed:false, faceAllowed:false, canSkipBouncerByFacelock():false, isFacelockUnlocking():false
09-11 19:19:07.372 24087 24087 I LockIcon:  updateDarkTint state:false
09-11 19:19:07.373 24087 24193 D OpFodIconViewController: updateIconVisibility: fp client = null, isOwnerKeyguard = false, forceHide = false, isBouncer = false, isImeShow = false, goingToSleep = false, screenOn = true, isUnlockAllowed = true, interactive = true, keyguard visible = true, isDreaming = false, isKeyguardShowingAndOccluded = false, isFaceUnlocked = false, isSimPinSecure = false, isQSExpanded = false, isLaunchingCamera = false, LeftAffordance:false, isPreventActivte = false, isShowing = false, isLockOut = false, isFacelockRecognizing = false, mIsScreenTurningOn = false, mIsWakingUp = false, isShuttingDown = false, isFromBiometricPrompt = false, isBiometricPromptReadyToShow = false, isFpSuspended = false, isFpStopped = true, isKeyguardSensorDetectedNear = false, visibility = 4, isAlwaysOnEnabled = false, isHidingOnAod = true, isFodHintShowing= false, isLandscape= false, isShutdownDialogVisible= false, isUserSwitching= false, isEmergencyPanelExpand = false
09-11 19:19:07.373 24087 24193 D OpFodIconViewController: caseLog: 2
09-11 19:19:07.373 24087 24087 D StatusBarKeyguardViewManager: updateStates, vis:0,Showing:false,LastShowing:true,Occluded:false,LastOccluded:false,BouncerShow:false,LastBouncerShow:false,BouncerDismiss:true,LastBouncerDismiss:true,navBarVisible:true,lastNavBarVisible:true,wakeAndUnlocking:false,mDozing:false,mGesturalNav:false,mFingerprintAuthenticated:true,mLastBiometricMode:0,mFaceLockUnlocking:false,mLastFaceLockUnlocking:false
09-11 19:19:07.373 24087 24087 D KeyguardUpdateMonitor: onKeyguardVisibilityChanged(false)
09-11 19:19:07.373 24087 24087 I KeyguardUpdateMonitor: getUserUnlockedWithBiometric, fingerprintAllowed:false, faceAllowed:false, canSkipBouncerByFacelock():false, isFacelockUnlocking():false
09-11 19:19:07.373  7677  7677 D AnalyticHelper: interval: 604800000
09-11 19:19:07.375  7677  7677 D AnalyticHelper: [isSendOptionsMDM] recordTimeStr = 2022-09-11 19:14:19
09-11 19:19:07.375  7677  7677 D AnalyticHelper: startTimer# next time: 2022-09-18 19:14:19
09-11 19:19:07.375  7677  7677 D RotationHelper: notifyChange: activityFlags= 1
09-11 19:19:07.375  2914  2924 D IHansComunication: HANS handleMessage: Got message from kernel
09-11 19:19:07.375  2914  2924 E IHansComunication: HANS printMessageBody: RCVed message body: type = 0, port = 86870, caller_pid = 1555, target_uid = 10391, pkg_cmd = -1
09-11 19:19:07.375  2914  2924 D IHansComunication: sendMsgToFW--type: 0, callerPid: 1555, targetUid: 10391
09-11 19:19:07.376 24087 24087 D OpBiometricUnlockController: onKeyguardVisibilityChanged: false , false
09-11 19:19:07.376 24087 24087 D OpBiometricUnlockController: changePanelVisibilityByAlpha: alpha= 1, reset= true
09-11 19:19:07.377  1098  1098 E CompositionEngine: map unknown (BT709 sRGB Full range)/(Unknown RenderIntent) to default color mode
09-11 19:19:07.377 24087 24087 D OpKeyguardViewMediator: not set backdrop alpha
09-11 19:19:07.377 24087 24087 I OpChargingAnimationControllerImpl: onKeyguardVisibilityChanged:false
09-11 19:19:07.377 24087 24087 I OpUtils : isSupportREDCharging:false
09-11 19:19:07.377 24087 24087 I OpUtils : isSupportWarpCharging:false
09-11 19:19:07.377 24087 24087 I OpChargingAnimationControllerImpl: stop animation when keyguard not showing.  keyguardShowing:false
09-11 19:19:07.377 24087 24087 D OpFacelockController: no face added
09-11 19:19:07.377 24087 24087 D OpFingerprintDialogView: onKeyguardVisibilityChanged: showing= false, isKeyguardClient= false, mPendingHideDialog= false
