09-11 19:17:16.162 24442 24465 I TestRunner: started: grid_list_button_is_displayed(com.example.dogglers.ButtonTests)
09-11 19:17:16.167 24087 24087 D KeyguardPasswordView: H.UPDATE_EMERGENCY_BUTTON
09-11 19:17:16.168 24087 24087 I KeyguardPasswordView: set params.topMargin:799
09-11 19:17:16.171 24442 24465 W Settings: Setting always_finish_activities has moved from android.provider.Settings.System to android.provider.Settings.Global, returning read-only value.
09-11 19:17:16.185 24087 24087 D KeyguardPasswordView: H.UPDATE_EMERGENCY_BUTTON
09-11 19:17:16.186 24087 24087 I KeyguardPasswordView: set params.topMargin:799
09-11 19:17:16.203 24087 24087 D KeyguardPasswordView: H.UPDATE_EMERGENCY_BUTTON
09-11 19:17:16.204 24087 24087 I KeyguardPasswordView: set params.topMargin:799
09-11 19:17:16.223 24087 24087 D KeyguardPasswordView: H.UPDATE_EMERGENCY_BUTTON
09-11 19:17:16.224 24087 24087 I KeyguardPasswordView: set params.topMargin:799
09-11 19:17:16.228  1555  5179 E ANDR-PERF-JNI: com_qualcomm_qtiperformance_native_perf_io_prefetch_start
09-11 19:17:16.243  1098  1098 E CompositionEngine: map unknown (BT709 sRGB Full range)/(Unknown RenderIntent) to default color mode
09-11 19:17:16.247 24087 24087 D KeyguardPasswordView: H.UPDATE_EMERGENCY_BUTTON
09-11 19:17:16.247 24087 24087 I KeyguardPasswordView: set params.topMargin:799
09-11 19:17:16.257  1555  1860 D OpRestartProcessManager: No need to write old record
09-11 19:17:16.260  1098  1098 E CompositionEngine: map unknown (BT709 sRGB Full range)/(Unknown RenderIntent) to default color mode
09-11 19:17:16.262 24087 24087 D KeyguardPasswordView: H.UPDATE_EMERGENCY_BUTTON
09-11 19:17:16.263 24087 24087 I KeyguardPasswordView: set params.topMargin:799
09-11 19:17:16.282 24442 24442 E xample.doggler: [frame_perf] perfboost open tb_ctl file failed, isApp[1], errno=No such file or directory
09-11 19:17:16.284 24442 24442 E libprocessgroup: set_timerslack_ns write failed: Operation not permitted
09-11 19:17:16.284  1098  2855 W DisplayIdentification: Invalid EDID: falling back to serial number due to missing display name.
09-11 19:17:16.284  1098  2855 W DisplayIdentification: Invalid EDID: falling back to ASCII text due to missing serial number.
09-11 19:17:16.284 24087 24087 D KeyguardPasswordView: H.UPDATE_EMERGENCY_BUTTON
09-11 19:17:16.285 24087 24087 I KeyguardPasswordView: set params.topMargin:799
09-11 19:17:16.302  1037  1060 E ANDR-IOP: io prefetch is disabled
09-11 19:17:16.309 24087 24087 D KeyguardPasswordView: H.UPDATE_EMERGENCY_BUTTON
09-11 19:17:16.310 24087 24087 I KeyguardPasswordView: set params.topMargin:799
09-11 19:17:16.319  1555  5179 D ActivityTrigger: ActivityTrigger activityPauseTrigger
09-11 19:17:16.325  1098  1098 E CompositionEngine: map unknown (BT709 sRGB Full range)/(Unknown RenderIntent) to default color mode
09-11 19:17:16.326 24087 24087 D KeyguardPasswordView: H.UPDATE_EMERGENCY_BUTTON
09-11 19:17:16.327 24087 24087 I KeyguardPasswordView: set params.topMargin:799
09-11 19:17:16.333  1555  1714 D OpPowerConsumpStatsInjector: notifyPkgEvent
09-11 19:17:16.334  1555  2606 D gwy     : OS Event: appuse
09-11 19:17:16.343  1098  1098 E CompositionEngine: map unknown (BT709 sRGB Full range)/(Unknown RenderIntent) to default color mode
09-11 19:17:16.345 24087 24087 D KeyguardPasswordView: H.UPDATE_EMERGENCY_BUTTON
09-11 19:17:16.345 24087 24087 I KeyguardPasswordView: set params.topMargin:799
09-11 19:17:16.362 24087 24087 D KeyguardPasswordView: H.UPDATE_EMERGENCY_BUTTON
09-11 19:17:16.362 24087 24087 I KeyguardPasswordView: set params.topMargin:799
09-11 19:17:16.373 24442 24442 D LifecycleMonitor: Lifecycle status change: androidx.test.core.app.InstrumentationActivityInvoker$BootstrapActivity@f93b24a in: PRE_ON_CREATE
09-11 19:17:16.374 24442 24442 V ActivityScenario: Activity lifecycle changed event received but ignored because the intent does not match. startActivityIntent=Intent { act=android.intent.action.MAIN cat=[android.intent.category.LAUNCHER] cmp=com.example.dogglers/.MainActivity }, activity.getIntent()=Intent { act=android.intent.action.MAIN cat=[android.intent.category.LAUNCHER] flg=0x10008000 cmp=com.example.dogglers/androidx.test.core.app.InstrumentationActivityInvoker$BootstrapActivity (has extras) }, activity=androidx.test.core.app.InstrumentationActivityInvoker$BootstrapActivity@f93b24a
09-11 19:17:16.378  1555  1555 D xne     : Event success
09-11 19:17:16.381 24087 24087 D KeyguardPasswordView: H.UPDATE_EMERGENCY_BUTTON
09-11 19:17:16.381 24087 24087 I KeyguardPasswordView: set params.topMargin:799
09-11 19:17:16.399 24087 24087 D KeyguardPasswordView: H.UPDATE_EMERGENCY_BUTTON
09-11 19:17:16.399 24087 24087 I KeyguardPasswordView: set params.topMargin:799
09-11 19:17:16.409 24442 24442 E xample.doggler: Invalid ID 0x00000000.
09-11 19:17:16.411 24442 24442 D LifecycleMonitor: Lifecycle status change: androidx.test.core.app.InstrumentationActivityInvoker$BootstrapActivity@f93b24a in: CREATED
09-11 19:17:16.411 24442 24442 V ActivityScenario: Activity lifecycle changed event received but ignored because the intent does not match. startActivityIntent=Intent { act=android.intent.action.MAIN cat=[android.intent.category.LAUNCHER] cmp=com.example.dogglers/.MainActivity }, activity.getIntent()=Intent { act=android.intent.action.MAIN cat=[android.intent.category.LAUNCHER] flg=0x10008000 cmp=com.example.dogglers/androidx.test.core.app.InstrumentationActivityInvoker$BootstrapActivity (has extras) }, activity=androidx.test.core.app.InstrumentationActivityInvoker$BootstrapActivity@f93b24a
09-11 19:17:16.414 24442 24442 D LifecycleMonitor: Lifecycle status change: androidx.test.core.app.InstrumentationActivityInvoker$BootstrapActivity@f93b24a in: STARTED
09-11 19:17:16.414 24442 24442 V ActivityScenario: Activity lifecycle changed event received but ignored because the intent does not match. startActivityIntent=Intent { act=android.intent.action.MAIN cat=[android.intent.category.LAUNCHER] cmp=com.example.dogglers/.MainActivity }, activity.getIntent()=Intent { act=android.intent.action.MAIN cat=[android.intent.category.LAUNCHER] flg=0x10008000 cmp=com.example.dogglers/androidx.test.core.app.InstrumentationActivityInvoker$BootstrapActivity (has extras) }, activity=androidx.test.core.app.InstrumentationActivityInvoker$BootstrapActivity@f93b24a
09-11 19:17:16.416 24087 24087 D KeyguardPasswordView: H.UPDATE_EMERGENCY_BUTTON
09-11 19:17:16.416 24087 24087 I KeyguardPasswordView: set params.topMargin:799
09-11 19:17:16.423 24442 24442 D LifecycleMonitor: Lifecycle status change: androidx.test.core.app.InstrumentationActivityInvoker$BootstrapActivity@f93b24a in: RESUMED
09-11 19:17:16.424 24442 24442 V ActivityScenario: Activity lifecycle changed event received but ignored because the intent does not match. startActivityIntent=Intent { act=android.intent.action.MAIN cat=[android.intent.category.LAUNCHER] cmp=com.example.dogglers/.MainActivity }, activity.getIntent()=Intent { act=android.intent.action.MAIN cat=[android.intent.category.LAUNCHER] flg=0x10008000 cmp=com.example.dogglers/androidx.test.core.app.InstrumentationActivityInvoker$BootstrapActivity (has extras) }, activity=androidx.test.core.app.InstrumentationActivityInvoker$BootstrapActivity@f93b24a
09-11 19:17:16.426  1098  1098 E CompositionEngine: map unknown (BT709 sRGB Full range)/(Unknown RenderIntent) to default color mode
09-11 19:17:16.433 24087 24087 D KeyguardPasswordView: H.UPDATE_EMERGENCY_BUTTON
09-11 19:17:16.433 24087 24087 I KeyguardPasswordView: set params.topMargin:799
09-11 19:17:16.434 24442 24442 D LifecycleMonitor: Lifecycle status change: androidx.test.core.app.InstrumentationActivityInvoker$BootstrapActivity@f93b24a in: PAUSED
09-11 19:17:16.435 24442 24442 V ActivityScenario: Activity lifecycle changed event received but ignored because the intent does not match. startActivityIntent=Intent { act=android.intent.action.MAIN cat=[android.intent.category.LAUNCHER] cmp=com.example.dogglers/.MainActivity }, activity.getIntent()=Intent { act=android.intent.action.MAIN cat=[android.intent.category.LAUNCHER] flg=0x10008000 cmp=com.example.dogglers/androidx.test.core.app.InstrumentationActivityInvoker$BootstrapActivity (has extras) }, activity=androidx.test.core.app.InstrumentationActivityInvoker$BootstrapActivity@f93b24a
09-11 19:17:16.440  1555  5179 D ActivityTrigger: ActivityTrigger activityPauseTrigger
09-11 19:17:16.443  1098  1098 E CompositionEngine: map unknown (BT709 sRGB Full range)/(Unknown RenderIntent) to default color mode
09-11 19:17:16.452 24087 24087 D KeyguardPasswordView: H.UPDATE_EMERGENCY_BUTTON
09-11 19:17:16.452 24087 24087 I KeyguardPasswordView: set params.topMargin:799
09-11 19:17:16.459  1555  1714 D OpPowerConsumpStatsInjector: notifyPkgEvent
09-11 19:17:16.459  1098  1098 E CompositionEngine: map unknown (BT709 sRGB Full range)/(Unknown RenderIntent) to default color mode
09-11 19:17:16.462  1555  1714 D OpPowerConsumpStatsInjector: notifyPkgEvent
09-11 19:17:16.470 24087 24087 D KeyguardPasswordView: H.UPDATE_EMERGENCY_BUTTON
09-11 19:17:16.471 24087 24087 I KeyguardPasswordView: set params.topMargin:799
09-11 19:17:16.487 24442 24442 D LifecycleMonitor: Lifecycle status change: com.example.dogglers.MainActivity@7e52c25 in: PRE_ON_CREATE
09-11 19:17:16.487 24442 24442 V ActivityScenario: Activity lifecycle changed event received but ignored because the reported transition was not ON_CREATE while the last known transition was PRE_ON_CREATE
09-11 19:17:16.489 24087 24087 D KeyguardPasswordView: H.UPDATE_EMERGENCY_BUTTON
09-11 19:17:16.489 24087 24087 I KeyguardPasswordView: set params.topMargin:799
09-11 19:17:16.507 24087 24087 D KeyguardPasswordView: H.UPDATE_EMERGENCY_BUTTON
09-11 19:17:16.507 24087 24087 I KeyguardPasswordView: set params.topMargin:799
09-11 19:17:16.525 24087 24087 D KeyguardPasswordView: H.UPDATE_EMERGENCY_BUTTON
09-11 19:17:16.525 24087 24087 I KeyguardPasswordView: set params.topMargin:799
09-11 19:17:16.543 24087 24087 D KeyguardPasswordView: H.UPDATE_EMERGENCY_BUTTON
09-11 19:17:16.544 24087 24087 I KeyguardPasswordView: set params.topMargin:799
09-11 19:17:16.550 24087 24087 D EdgeBackGestureHandler: updateTopPackage isHomeApp false
09-11 19:17:16.559 24087 24087 D KeyguardPasswordView: H.UPDATE_EMERGENCY_BUTTON
09-11 19:17:16.559 24087 24087 I KeyguardPasswordView: set params.topMargin:799
09-11 19:17:16.576 24087 24087 D KeyguardPasswordView: H.UPDATE_EMERGENCY_BUTTON
09-11 19:17:16.577 24087 24087 I KeyguardPasswordView: set params.topMargin:799
09-11 19:17:16.594 24087 24087 D KeyguardPasswordView: H.UPDATE_EMERGENCY_BUTTON
09-11 19:17:16.595 24087 24087 I KeyguardPasswordView: set params.topMargin:799
09-11 19:17:16.612 24087 24087 D KeyguardPasswordView: H.UPDATE_EMERGENCY_BUTTON
09-11 19:17:16.613 24087 24087 I KeyguardPasswordView: set params.topMargin:799
09-11 19:17:16.616 24442 24442 W xample.doggler: Accessing hidden method Landroid/view/View;->computeFitSystemWindows(Landroid/graphics/Rect;Landroid/graphics/Rect;)Z (greylist, reflection, allowed)
09-11 19:17:16.616 24442 24442 W xample.doggler: Accessing hidden method Landroid/view/ViewGroup;->makeOptionalFitsSystemWindows()V (greylist, reflection, allowed)
09-11 19:17:16.624 24442 24442 D LifecycleMonitor: Lifecycle status change: com.example.dogglers.MainActivity@7e52c25 in: CREATED
09-11 19:17:16.624 24442 24442 V ActivityScenario: Update currentActivityStage to CREATED, currentActivity=com.example.dogglers.MainActivity@7e52c25
09-11 19:17:16.626 24442 24442 D LifecycleMonitor: Lifecycle status change: com.example.dogglers.MainActivity@7e52c25 in: STARTED
09-11 19:17:16.626 24442 24442 V ActivityScenario: Update currentActivityStage to STARTED, currentActivity=com.example.dogglers.MainActivity@7e52c25
09-11 19:17:16.628 24442 24442 D LifecycleMonitor: Lifecycle status change: com.example.dogglers.MainActivity@7e52c25 in: RESUMED
09-11 19:17:16.628 24442 24442 V ActivityScenario: Update currentActivityStage to RESUMED, currentActivity=com.example.dogglers.MainActivity@7e52c25
09-11 19:17:16.630 24087 24087 D KeyguardPasswordView: H.UPDATE_EMERGENCY_BUTTON
09-11 19:17:16.630 24087 24087 I KeyguardPasswordView: set params.topMargin:799
09-11 19:17:16.645 24442 24442 V ViewRootImpl: The specified message queue synchronization  barrier token has not been posted or has already been removed
09-11 19:17:16.654 24087 24087 D KeyguardPasswordView: H.UPDATE_EMERGENCY_BUTTON
09-11 19:17:16.654 24087 24087 I KeyguardPasswordView: set params.topMargin:799
09-11 19:17:16.661  1098  1098 E CompositionEngine: map unknown (BT709 sRGB Full range)/(Unknown RenderIntent) to default color mode
09-11 19:17:16.676  1098  1098 E CompositionEngine: map unknown (BT709 sRGB Full range)/(Unknown RenderIntent) to default color mode
09-11 19:17:16.681 24087 24087 D KeyguardPasswordView: H.UPDATE_EMERGENCY_BUTTON
09-11 19:17:16.681 24087 24087 I KeyguardPasswordView: set params.topMargin:799
09-11 19:17:16.696 24087 24087 D KeyguardPasswordView: H.UPDATE_EMERGENCY_BUTTON
09-11 19:17:16.697 24087 24087 I KeyguardPasswordView: set params.topMargin:799
09-11 19:17:16.706 24442 24442 D LifecycleMonitor: Lifecycle status change: com.example.dogglers.MainActivity@7e52c25 in: PAUSED
09-11 19:17:16.706 24442 24442 V ActivityScenario: Update currentActivityStage to PAUSED, currentActivity=com.example.dogglers.MainActivity@7e52c25
09-11 19:17:16.707  1555  1714 D OpPowerConsumpStatsInjector: notifyPkgEvent
09-11 19:17:16.708 24442 24442 D LifecycleMonitor: Lifecycle status change: androidx.test.core.app.InstrumentationActivityInvoker$BootstrapActivity@f93b24a in: STOPPED
09-11 19:17:16.708 24442 24442 V ActivityScenario: Activity lifecycle changed event received but ignored because the intent does not match. startActivityIntent=Intent { act=android.intent.action.MAIN cat=[android.intent.category.LAUNCHER] cmp=com.example.dogglers/.MainActivity }, activity.getIntent()=Intent { act=android.intent.action.MAIN cat=[android.intent.category.LAUNCHER] flg=0x10008000 cmp=com.example.dogglers/androidx.test.core.app.InstrumentationActivityInvoker$BootstrapActivity (has extras) }, activity=androidx.test.core.app.InstrumentationActivityInvoker$BootstrapActivity@f93b24a
09-11 19:17:16.715 24087 24087 D KeyguardPasswordView: H.UPDATE_EMERGENCY_BUTTON
09-11 19:17:16.715 24087 24087 I KeyguardPasswordView: set params.topMargin:799
09-11 19:17:16.727  1098  1098 E CompositionEngine: map unknown (BT709 sRGB Full range)/(Unknown RenderIntent) to default color mode
09-11 19:17:16.732 24087 24087 D KeyguardPasswordView: H.UPDATE_EMERGENCY_BUTTON
09-11 19:17:16.733 24087 24087 I KeyguardPasswordView: set params.topMargin:799
09-11 19:17:16.739 24442 24442 D LifecycleMonitor: Lifecycle status change: com.example.dogglers.MainActivity@7e52c25 in: STOPPED
09-11 19:17:16.739 24442 24442 V ActivityScenario: Update currentActivityStage to STOPPED, currentActivity=com.example.dogglers.MainActivity@7e52c25
09-11 19:17:16.753 24087 24087 D KeyguardPasswordView: H.UPDATE_EMERGENCY_BUTTON
09-11 19:17:16.753 24087 24087 I KeyguardPasswordView: set params.topMargin:799
09-11 19:17:16.773 24087 24087 D KeyguardPasswordView: H.UPDATE_EMERGENCY_BUTTON
09-11 19:17:16.773 24087 24087 I KeyguardPasswordView: set params.topMargin:799
09-11 19:17:16.790 24087 24087 D KeyguardPasswordView: H.UPDATE_EMERGENCY_BUTTON
09-11 19:17:16.791 24087 24087 I KeyguardPasswordView: set params.topMargin:799
09-11 19:17:16.799 24442 24465 D EventInjectionStrategy: Creating injection strategy with input manager.
09-11 19:17:16.799 24442 24465 W xample.doggler: Accessing hidden method Landroid/hardware/input/InputManager;->getInstance()Landroid/hardware/input/InputManager; (greylist, reflection, allowed)
09-11 19:17:16.799 24442 24465 W xample.doggler: Accessing hidden method Landroid/hardware/input/InputManager;->injectInputEvent(Landroid/view/InputEvent;I)Z (greylist, reflection, allowed)
09-11 19:17:16.799 24442 24465 W xample.doggler: Accessing hidden field Landroid/hardware/input/InputManager;->INJECT_INPUT_EVENT_MODE_WAIT_FOR_FINISH:I (greylist, reflection, allowed)
09-11 19:17:16.809 24087 24087 D KeyguardPasswordView: H.UPDATE_EMERGENCY_BUTTON
09-11 19:17:16.810 24087 24087 I KeyguardPasswordView: set params.topMargin:799
09-11 19:17:16.817 24442 24442 W xample.doggler: Accessing hidden method Landroid/os/MessageQueue;->next()Landroid/os/Message; (greylist, reflection, allowed)
09-11 19:17:16.817 24442 24442 W xample.doggler: Accessing hidden field Landroid/os/MessageQueue;->mMessages:Landroid/os/Message; (greylist, reflection, allowed)
09-11 19:17:16.817 24442 24442 W xample.doggler: Accessing hidden method Landroid/os/Message;->recycleUnchecked()V (greylist, reflection, allowed)
09-11 19:17:16.819 24442 24442 W RootViewPicker: No activity currently resumed - waiting: 10ms for one to appear.
09-11 19:17:16.827 24087 24087 D KeyguardPasswordView: H.UPDATE_EMERGENCY_BUTTON
09-11 19:17:16.828 24087 24087 I KeyguardPasswordView: set params.topMargin:799
09-11 19:17:16.830 24442 24442 W RootViewPicker: No activity currently resumed - waiting: 50ms for one to appear.
09-11 19:17:16.846 24087 24087 D KeyguardPasswordView: H.UPDATE_EMERGENCY_BUTTON
09-11 19:17:16.846 24087 24087 I KeyguardPasswordView: set params.topMargin:799
09-11 19:17:16.862 24087 24087 D KeyguardPasswordView: H.UPDATE_EMERGENCY_BUTTON
09-11 19:17:16.863 24087 24087 I KeyguardPasswordView: set params.topMargin:799
09-11 19:17:16.882 24087 24087 D KeyguardPasswordView: H.UPDATE_EMERGENCY_BUTTON
09-11 19:17:16.882 24087 24087 I KeyguardPasswordView: set params.topMargin:799
09-11 19:17:16.885 24442 24442 W RootViewPicker: No activity currently resumed - waiting: 100ms for one to appear.
09-11 19:17:16.904 24087 24087 D KeyguardPasswordView: H.UPDATE_EMERGENCY_BUTTON
09-11 19:17:16.905 24087 24087 I KeyguardPasswordView: set params.topMargin:799
09-11 19:17:16.926 24087 24087 D KeyguardPasswordView: H.UPDATE_EMERGENCY_BUTTON
09-11 19:17:16.926 24087 24087 I KeyguardPasswordView: set params.topMargin:799
09-11 19:17:16.943 24087 24087 D KeyguardPasswordView: H.UPDATE_EMERGENCY_BUTTON
09-11 19:17:16.944 24087 24087 I KeyguardPasswordView: set params.topMargin:799
09-11 19:17:16.964 24087 24087 D KeyguardPasswordView: H.UPDATE_EMERGENCY_BUTTON
09-11 19:17:16.965 24087 24087 I KeyguardPasswordView: set params.topMargin:799
09-11 19:17:16.980 24087 24087 D KeyguardPasswordView: H.UPDATE_EMERGENCY_BUTTON
09-11 19:17:16.980 24087 24087 I KeyguardPasswordView: set params.topMargin:799
09-11 19:17:16.985 30909 30925 I FontLog : Received query Noto Color Emoji Compat, URI content://com.google.android.gms.fonts [CONTEXT service_id=132 ]
09-11 19:17:16.985 30909 30925 I FontLog : Query [emojicompat-emoji-font] resolved to {Noto Color Emoji Compat, wdth 100.0, wght 400, ital 0.0, bestEffort false} [CONTEXT service_id=132 ]
09-11 19:17:16.987 24442 24442 W RootViewPicker: No activity currently resumed - waiting: 500ms for one to appear.
09-11 19:17:16.996 30909 30925 I FontLog : Fetch {Noto Color Emoji Compat, wdth 100.0, wght 400, ital 0.0, bestEffort false} end status Status{statusCode=SUCCESS, resolution=null} [CONTEXT service_id=132 ]
09-11 19:17:16.997 24087 24087 D KeyguardPasswordView: H.UPDATE_EMERGENCY_BUTTON
09-11 19:17:16.998 24087 24087 I KeyguardPasswordView: set params.topMargin:799
09-11 19:17:16.999 30909 24412 E sqlite3_android: [IKR-38846] ONEPLUS_NAME_PARTS_MATCH SQLITE_OK
09-11 19:17:17.015 30909 31899 I FontLog : Pulling font file for id = 74, cache size = 6 [CONTEXT service_id=132 ]
09-11 19:17:17.015 24087 24087 D KeyguardPasswordView: H.UPDATE_EMERGENCY_BUTTON
09-11 19:17:17.016 24087 24087 I KeyguardPasswordView: set params.topMargin:799
09-11 19:17:17.032 24087 24087 D KeyguardPasswordView: H.UPDATE_EMERGENCY_BUTTON
09-11 19:17:17.032 24087 24087 I KeyguardPasswordView: set params.topMargin:799
09-11 19:17:17.047 30909 31899 I FontLog : Pulling font file for id = 74, cache size = 6 [CONTEXT service_id=132 ]
09-11 19:17:17.051 24087 24087 D KeyguardPasswordView: H.UPDATE_EMERGENCY_BUTTON
09-11 19:17:17.052 24087 24087 I KeyguardPasswordView: set params.topMargin:799
09-11 19:17:17.071 24087 24087 D KeyguardPasswordView: H.UPDATE_EMERGENCY_BUTTON
09-11 19:17:17.072 24087 24087 I KeyguardPasswordView: set params.topMargin:799
09-11 19:17:17.086 24087 24087 D KeyguardPasswordView: H.UPDATE_EMERGENCY_BUTTON
09-11 19:17:17.086 24087 24087 I KeyguardPasswordView: set params.topMargin:799
09-11 19:17:17.102 24087 24087 D KeyguardPasswordView: H.UPDATE_EMERGENCY_BUTTON
09-11 19:17:17.103 24087 24087 I KeyguardPasswordView: set params.topMargin:799
09-11 19:17:17.121 24087 24087 D KeyguardPasswordView: H.UPDATE_EMERGENCY_BUTTON
09-11 19:17:17.121 24087 24087 I KeyguardPasswordView: set params.topMargin:799
09-11 19:17:17.137 24087 24087 D KeyguardPasswordView: H.UPDATE_EMERGENCY_BUTTON
09-11 19:17:17.138 24087 24087 I KeyguardPasswordView: set params.topMargin:799
09-11 19:17:17.157 24087 24087 D KeyguardPasswordView: H.UPDATE_EMERGENCY_BUTTON
09-11 19:17:17.157 24087 24087 I KeyguardPasswordView: set params.topMargin:799
09-11 19:17:17.175 24087 24087 D KeyguardPasswordView: H.UPDATE_EMERGENCY_BUTTON
09-11 19:17:17.176 24087 24087 I KeyguardPasswordView: set params.topMargin:799
09-11 19:17:17.192 24087 24087 D KeyguardPasswordView: H.UPDATE_EMERGENCY_BUTTON
09-11 19:17:17.192 24087 24087 I KeyguardPasswordView: set params.topMargin:799
09-11 19:17:17.209 24087 24087 D KeyguardPasswordView: H.UPDATE_EMERGENCY_BUTTON
09-11 19:17:17.210 24087 24087 I KeyguardPasswordView: set params.topMargin:799
09-11 19:17:17.229 24087 24087 D KeyguardPasswordView: H.UPDATE_EMERGENCY_BUTTON
09-11 19:17:17.229 24087 24087 I KeyguardPasswordView: set params.topMargin:799
09-11 19:17:17.249 24087 24087 D KeyguardPasswordView: H.UPDATE_EMERGENCY_BUTTON
09-11 19:17:17.250 24087 24087 I KeyguardPasswordView: set params.topMargin:799
09-11 19:17:17.270 24087 24087 D KeyguardPasswordView: H.UPDATE_EMERGENCY_BUTTON
09-11 19:17:17.271 24087 24087 I KeyguardPasswordView: set params.topMargin:799
09-11 19:17:17.288 24087 24087 D KeyguardPasswordView: H.UPDATE_EMERGENCY_BUTTON
09-11 19:17:17.289 24087 24087 I KeyguardPasswordView: set params.topMargin:799
09-11 19:17:17.306 24087 24087 D KeyguardPasswordView: H.UPDATE_EMERGENCY_BUTTON
09-11 19:17:17.307 24087 24087 I KeyguardPasswordView: set params.topMargin:799
09-11 19:17:17.323 24087 24087 D KeyguardPasswordView: H.UPDATE_EMERGENCY_BUTTON
09-11 19:17:17.324 24087 24087 I KeyguardPasswordView: set params.topMargin:799
09-11 19:17:17.341 24087 24087 D KeyguardPasswordView: H.UPDATE_EMERGENCY_BUTTON
09-11 19:17:17.342 24087 24087 I KeyguardPasswordView: set params.topMargin:799
09-11 19:17:17.358 24087 24087 D KeyguardPasswordView: H.UPDATE_EMERGENCY_BUTTON
09-11 19:17:17.359 24087 24087 I KeyguardPasswordView: set params.topMargin:799
09-11 19:17:17.377 24087 24087 D KeyguardPasswordView: H.UPDATE_EMERGENCY_BUTTON
09-11 19:17:17.377 24087 24087 I KeyguardPasswordView: set params.topMargin:799
09-11 19:17:17.398 24087 24087 D KeyguardPasswordView: H.UPDATE_EMERGENCY_BUTTON
09-11 19:17:17.399 24087 24087 I KeyguardPasswordView: set params.topMargin:799
09-11 19:17:17.417 24087 24087 D KeyguardPasswordView: H.UPDATE_EMERGENCY_BUTTON
09-11 19:17:17.417 24087 24087 I KeyguardPasswordView: set params.topMargin:799
09-11 19:17:17.434 24087 24087 D KeyguardPasswordView: H.UPDATE_EMERGENCY_BUTTON
09-11 19:17:17.434 24087 24087 I KeyguardPasswordView: set params.topMargin:799
09-11 19:17:17.452 24087 24087 D KeyguardPasswordView: H.UPDATE_EMERGENCY_BUTTON
09-11 19:17:17.452 24087 24087 I KeyguardPasswordView: set params.topMargin:799
09-11 19:17:17.470 24087 24087 D KeyguardPasswordView: H.UPDATE_EMERGENCY_BUTTON
09-11 19:17:17.470 24087 24087 I KeyguardPasswordView: set params.topMargin:799
09-11 19:17:17.489 24087 24087 D KeyguardPasswordView: H.UPDATE_EMERGENCY_BUTTON
09-11 19:17:17.489 24087 24087 I KeyguardPasswordView: set params.topMargin:799
09-11 19:17:17.492 24442 24442 W RootViewPicker: No activity currently resumed - waiting: 2000ms for one to appear.
09-11 19:17:17.510 24087 24087 D KeyguardPasswordView: H.UPDATE_EMERGENCY_BUTTON
09-11 19:17:17.510 24087 24087 I KeyguardPasswordView: set params.topMargin:799
09-11 19:17:17.530 24087 24087 D KeyguardPasswordView: H.UPDATE_EMERGENCY_BUTTON
09-11 19:17:17.531 24087 24087 I KeyguardPasswordView: set params.topMargin:799
09-11 19:17:17.552 24087 24087 D KeyguardPasswordView: H.UPDATE_EMERGENCY_BUTTON
09-11 19:17:17.552 24087 24087 I KeyguardPasswordView: set params.topMargin:799
09-11 19:17:17.568 24087 24087 D KeyguardPasswordView: H.UPDATE_EMERGENCY_BUTTON
09-11 19:17:17.569 24087 24087 I KeyguardPasswordView: set params.topMargin:799
09-11 19:17:17.587 24087 24087 D KeyguardPasswordView: H.UPDATE_EMERGENCY_BUTTON
09-11 19:17:17.587 24087 24087 I KeyguardPasswordView: set params.topMargin:799
09-11 19:17:17.604 24087 24087 D KeyguardPasswordView: H.UPDATE_EMERGENCY_BUTTON
09-11 19:17:17.605 24087 24087 I KeyguardPasswordView: set params.topMargin:799
09-11 19:17:17.623 24087 24087 D KeyguardPasswordView: H.UPDATE_EMERGENCY_BUTTON
09-11 19:17:17.623 24087 24087 I KeyguardPasswordView: set params.topMargin:799
09-11 19:17:17.645 24087 24087 D KeyguardPasswordView: H.UPDATE_EMERGENCY_BUTTON
09-11 19:17:17.646 24087 24087 I KeyguardPasswordView: set params.topMargin:799
09-11 19:17:17.661 24087 24087 D KeyguardPasswordView: H.UPDATE_EMERGENCY_BUTTON
09-11 19:17:17.661 24087 24087 I KeyguardPasswordView: set params.topMargin:799
09-11 19:17:17.683 24087 24087 D KeyguardPasswordView: H.UPDATE_EMERGENCY_BUTTON
09-11 19:17:17.685 24087 24087 I KeyguardPasswordView: set params.topMargin:799
09-11 19:17:17.701 24087 24087 D KeyguardPasswordView: H.UPDATE_EMERGENCY_BUTTON
09-11 19:17:17.701 24087 24087 I KeyguardPasswordView: set params.topMargin:799
09-11 19:17:17.721 24087 24087 D KeyguardPasswordView: H.UPDATE_EMERGENCY_BUTTON
09-11 19:17:17.722 24087 24087 I KeyguardPasswordView: set params.topMargin:799
09-11 19:17:17.739 24087 24087 D KeyguardPasswordView: H.UPDATE_EMERGENCY_BUTTON
09-11 19:17:17.740 24087 24087 I KeyguardPasswordView: set params.topMargin:799
09-11 19:17:17.757 24087 24087 D KeyguardPasswordView: H.UPDATE_EMERGENCY_BUTTON
09-11 19:17:17.758 24087 24087 I KeyguardPasswordView: set params.topMargin:799
09-11 19:17:17.775 24087 24087 D KeyguardPasswordView: H.UPDATE_EMERGENCY_BUTTON
09-11 19:17:17.776 24087 24087 I KeyguardPasswordView: set params.topMargin:799
09-11 19:17:17.797 24087 24087 D KeyguardPasswordView: H.UPDATE_EMERGENCY_BUTTON
09-11 19:17:17.797 24087 24087 I KeyguardPasswordView: set params.topMargin:799
09-11 19:17:17.815 24087 24087 D KeyguardPasswordView: H.UPDATE_EMERGENCY_BUTTON
09-11 19:17:17.816 24087 24087 I KeyguardPasswordView: set params.topMargin:799
09-11 19:17:17.832 24087 24087 D KeyguardPasswordView: H.UPDATE_EMERGENCY_BUTTON
09-11 19:17:17.832 24087 24087 I KeyguardPasswordView: set params.topMargin:799
09-11 19:17:17.849 24087 24087 D KeyguardPasswordView: H.UPDATE_EMERGENCY_BUTTON
09-11 19:17:17.850 24087 24087 I KeyguardPasswordView: set params.topMargin:799
09-11 19:17:17.868 24087 24087 D KeyguardPasswordView: H.UPDATE_EMERGENCY_BUTTON
09-11 19:17:17.868 24087 24087 I KeyguardPasswordView: set params.topMargin:799
09-11 19:17:17.886 24087 24087 D KeyguardPasswordView: H.UPDATE_EMERGENCY_BUTTON
09-11 19:17:17.886 24087 24087 I KeyguardPasswordView: set params.topMargin:799
09-11 19:17:17.903 24087 24087 D KeyguardPasswordView: H.UPDATE_EMERGENCY_BUTTON
09-11 19:17:17.904 24087 24087 I KeyguardPasswordView: set params.topMargin:799
09-11 19:17:17.924 24087 24087 D KeyguardPasswordView: H.UPDATE_EMERGENCY_BUTTON
09-11 19:17:17.925 24087 24087 I KeyguardPasswordView: set params.topMargin:799
09-11 19:17:17.941 24087 24087 D KeyguardPasswordView: H.UPDATE_EMERGENCY_BUTTON
09-11 19:17:17.941 24087 24087 I KeyguardPasswordView: set params.topMargin:799
09-11 19:17:17.961 24087 24087 D KeyguardPasswordView: H.UPDATE_EMERGENCY_BUTTON
09-11 19:17:17.961 24087 24087 I KeyguardPasswordView: set params.topMargin:799
09-11 19:17:17.976 24087 24087 D KeyguardPasswordView: H.UPDATE_EMERGENCY_BUTTON
09-11 19:17:17.977 24087 24087 I KeyguardPasswordView: set params.topMargin:799
09-11 19:17:17.995 24087 24087 D KeyguardPasswordView: H.UPDATE_EMERGENCY_BUTTON
09-11 19:17:17.996 24087 24087 I KeyguardPasswordView: set params.topMargin:799
09-11 19:17:18.012 24087 24087 D KeyguardPasswordView: H.UPDATE_EMERGENCY_BUTTON
09-11 19:17:18.013 24087 24087 I KeyguardPasswordView: set params.topMargin:799
09-11 19:17:18.029 24087 24087 D KeyguardPasswordView: H.UPDATE_EMERGENCY_BUTTON
09-11 19:17:18.030 24087 24087 I KeyguardPasswordView: set params.topMargin:799
09-11 19:17:18.048 24087 24087 D KeyguardPasswordView: H.UPDATE_EMERGENCY_BUTTON
09-11 19:17:18.049 24087 24087 I KeyguardPasswordView: set params.topMargin:799
09-11 19:17:18.066 24087 24087 D KeyguardPasswordView: H.UPDATE_EMERGENCY_BUTTON
09-11 19:17:18.067 24087 24087 I KeyguardPasswordView: set params.topMargin:799
09-11 19:17:18.084 24087 24087 D KeyguardPasswordView: H.UPDATE_EMERGENCY_BUTTON
09-11 19:17:18.084 24087 24087 I KeyguardPasswordView: set params.topMargin:799
09-11 19:17:18.110 24087 24087 D KeyguardPasswordView: H.UPDATE_EMERGENCY_BUTTON
09-11 19:17:18.110 24087 24087 I KeyguardPasswordView: set params.topMargin:799
09-11 19:17:18.126 24087 24087 D KeyguardPasswordView: H.UPDATE_EMERGENCY_BUTTON
09-11 19:17:18.127 24087 24087 I KeyguardPasswordView: set params.topMargin:799
09-11 19:17:18.144 24087 24087 D KeyguardPasswordView: H.UPDATE_EMERGENCY_BUTTON
09-11 19:17:18.145 24087 24087 I KeyguardPasswordView: set params.topMargin:799
09-11 19:17:18.163 24087 24087 D KeyguardPasswordView: H.UPDATE_EMERGENCY_BUTTON
09-11 19:17:18.164 24087 24087 I KeyguardPasswordView: set params.topMargin:799
09-11 19:17:18.180 24087 24087 D KeyguardPasswordView: H.UPDATE_EMERGENCY_BUTTON
09-11 19:17:18.181 24087 24087 I KeyguardPasswordView: set params.topMargin:799
09-11 19:17:18.198 24087 24087 D KeyguardPasswordView: H.UPDATE_EMERGENCY_BUTTON
09-11 19:17:18.199 24087 24087 I KeyguardPasswordView: set params.topMargin:799
09-11 19:17:18.218 24087 24087 D KeyguardPasswordView: H.UPDATE_EMERGENCY_BUTTON
09-11 19:17:18.218 24087 24087 I KeyguardPasswordView: set params.topMargin:799
09-11 19:17:18.236 24087 24087 D KeyguardPasswordView: H.UPDATE_EMERGENCY_BUTTON
09-11 19:17:18.238 24087 24087 I KeyguardPasswordView: set params.topMargin:799
09-11 19:17:18.254 24087 24087 D KeyguardPasswordView: H.UPDATE_EMERGENCY_BUTTON
09-11 19:17:18.254 24087 24087 I KeyguardPasswordView: set params.topMargin:799
09-11 19:17:18.272 24087 24087 D KeyguardPasswordView: H.UPDATE_EMERGENCY_BUTTON
09-11 19:17:18.272 24087 24087 I KeyguardPasswordView: set params.topMargin:799
09-11 19:17:18.289 24087 24087 D KeyguardPasswordView: H.UPDATE_EMERGENCY_BUTTON
09-11 19:17:18.290 24087 24087 I KeyguardPasswordView: set params.topMargin:799
09-11 19:17:18.309 24087 24087 D KeyguardPasswordView: H.UPDATE_EMERGENCY_BUTTON
09-11 19:17:18.309 24087 24087 I KeyguardPasswordView: set params.topMargin:799
09-11 19:17:18.326 24087 24087 D KeyguardPasswordView: H.UPDATE_EMERGENCY_BUTTON
09-11 19:17:18.327 24087 24087 I KeyguardPasswordView: set params.topMargin:799
09-11 19:17:18.344 24087 24087 D KeyguardPasswordView: H.UPDATE_EMERGENCY_BUTTON
09-11 19:17:18.345 24087 24087 I KeyguardPasswordView: set params.topMargin:799
09-11 19:17:18.366 24087 24087 D KeyguardPasswordView: H.UPDATE_EMERGENCY_BUTTON
09-11 19:17:18.367 24087 24087 I KeyguardPasswordView: set params.topMargin:799
09-11 19:17:18.383 24087 24087 D KeyguardPasswordView: H.UPDATE_EMERGENCY_BUTTON
09-11 19:17:18.384 24087 24087 I KeyguardPasswordView: set params.topMargin:799
09-11 19:17:18.404 24087 24087 D KeyguardPasswordView: H.UPDATE_EMERGENCY_BUTTON
09-11 19:17:18.404 24087 24087 I KeyguardPasswordView: set params.topMargin:799
09-11 19:17:18.421  1044  1086 E ANDR-PERF-OPTSHANDLER: perf_lock_rel: failed for /sys/class/devfreq/soc:qcom,llccbw/min_freq as previous value is not stored
09-11 19:17:18.424 24087 24087 D KeyguardPasswordView: H.UPDATE_EMERGENCY_BUTTON
09-11 19:17:18.424 24087 24087 I KeyguardPasswordView: set params.topMargin:799
09-11 19:17:18.424  1044  1086 E ANDR-PERF-OPTSHANDLER: perf_lock_rel: failed for /sys/class/devfreq/soc:qcom,cpubw/min_freq as previous value is not stored
09-11 19:17:18.445 24087 24087 D KeyguardPasswordView: H.UPDATE_EMERGENCY_BUTTON
09-11 19:17:18.446 24087 24087 I KeyguardPasswordView: set params.topMargin:799
09-11 19:17:18.462 24087 24087 D KeyguardPasswordView: H.UPDATE_EMERGENCY_BUTTON
09-11 19:17:18.462 24087 24087 I KeyguardPasswordView: set params.topMargin:799
09-11 19:17:18.482 24087 24087 D KeyguardPasswordView: H.UPDATE_EMERGENCY_BUTTON
09-11 19:17:18.483 24087 24087 I KeyguardPasswordView: set params.topMargin:799
09-11 19:17:18.500 24087 24087 D KeyguardPasswordView: H.UPDATE_EMERGENCY_BUTTON
09-11 19:17:18.500 24087 24087 I KeyguardPasswordView: set params.topMargin:799
09-11 19:17:18.517 24087 24087 D KeyguardPasswordView: H.UPDATE_EMERGENCY_BUTTON
09-11 19:17:18.518 24087 24087 I KeyguardPasswordView: set params.topMargin:799
09-11 19:17:18.535 24087 24087 D KeyguardPasswordView: H.UPDATE_EMERGENCY_BUTTON
09-11 19:17:18.536 24087 24087 I KeyguardPasswordView: set params.topMargin:799
09-11 19:17:18.553 24087 24087 D KeyguardPasswordView: H.UPDATE_EMERGENCY_BUTTON
09-11 19:17:18.554 24087 24087 I KeyguardPasswordView: set params.topMargin:799
09-11 19:17:18.571 24087 24087 D KeyguardPasswordView: H.UPDATE_EMERGENCY_BUTTON
09-11 19:17:18.572 24087 24087 I KeyguardPasswordView: set params.topMargin:799
09-11 19:17:18.588 24087 24087 D KeyguardPasswordView: H.UPDATE_EMERGENCY_BUTTON
09-11 19:17:18.589 24087 24087 I KeyguardPasswordView: set params.topMargin:799
09-11 19:17:18.609 24087 24087 D KeyguardPasswordView: H.UPDATE_EMERGENCY_BUTTON
09-11 19:17:18.609 24087 24087 I KeyguardPasswordView: set params.topMargin:799
09-11 19:17:18.628 24087 24087 D KeyguardPasswordView: H.UPDATE_EMERGENCY_BUTTON
09-11 19:17:18.629 24087 24087 I KeyguardPasswordView: set params.topMargin:799
09-11 19:17:18.649 24087 24087 D KeyguardPasswordView: H.UPDATE_EMERGENCY_BUTTON
09-11 19:17:18.650 24087 24087 I KeyguardPasswordView: set params.topMargin:799
09-11 19:17:18.666 24087 24087 D KeyguardPasswordView: H.UPDATE_EMERGENCY_BUTTON
09-11 19:17:18.667 24087 24087 I KeyguardPasswordView: set params.topMargin:799
09-11 19:17:18.685 24087 24087 D KeyguardPasswordView: H.UPDATE_EMERGENCY_BUTTON
09-11 19:17:18.685 24087 24087 I KeyguardPasswordView: set params.topMargin:799
09-11 19:17:18.701 24087 24087 D KeyguardPasswordView: H.UPDATE_EMERGENCY_BUTTON
09-11 19:17:18.701 24087 24087 I KeyguardPasswordView: set params.topMargin:799
09-11 19:17:18.719 24087 24087 D KeyguardPasswordView: H.UPDATE_EMERGENCY_BUTTON
09-11 19:17:18.719 24087 24087 I KeyguardPasswordView: set params.topMargin:799
09-11 19:17:18.737 24087 24087 D KeyguardPasswordView: H.UPDATE_EMERGENCY_BUTTON
09-11 19:17:18.738 24087 24087 I KeyguardPasswordView: set params.topMargin:799
09-11 19:17:18.755 24087 24087 D KeyguardPasswordView: H.UPDATE_EMERGENCY_BUTTON
09-11 19:17:18.756 24087 24087 I KeyguardPasswordView: set params.topMargin:799
09-11 19:17:18.773 24087 24087 D KeyguardPasswordView: H.UPDATE_EMERGENCY_BUTTON
09-11 19:17:18.773 24087 24087 I KeyguardPasswordView: set params.topMargin:799
09-11 19:17:18.791 24087 24087 D KeyguardPasswordView: H.UPDATE_EMERGENCY_BUTTON
09-11 19:17:18.791 24087 24087 I KeyguardPasswordView: set params.topMargin:799
09-11 19:17:18.809 24087 24087 D KeyguardPasswordView: H.UPDATE_EMERGENCY_BUTTON
09-11 19:17:18.810 24087 24087 I KeyguardPasswordView: set params.topMargin:799
09-11 19:17:18.829 24087 24087 D KeyguardPasswordView: H.UPDATE_EMERGENCY_BUTTON
09-11 19:17:18.830 24087 24087 I KeyguardPasswordView: set params.topMargin:799
09-11 19:17:18.847 24087 24087 D KeyguardPasswordView: H.UPDATE_EMERGENCY_BUTTON
09-11 19:17:18.848 24087 24087 I KeyguardPasswordView: set params.topMargin:799
09-11 19:17:18.866 24087 24087 D KeyguardPasswordView: H.UPDATE_EMERGENCY_BUTTON
09-11 19:17:18.866 24087 24087 I KeyguardPasswordView: set params.topMargin:799
09-11 19:17:18.884 24087 24087 D KeyguardPasswordView: H.UPDATE_EMERGENCY_BUTTON
09-11 19:17:18.885 24087 24087 I KeyguardPasswordView: set params.topMargin:799
09-11 19:17:18.902 24087 24087 D KeyguardPasswordView: H.UPDATE_EMERGENCY_BUTTON
09-11 19:17:18.903 24087 24087 I KeyguardPasswordView: set params.topMargin:799
09-11 19:17:18.919 24087 24087 D KeyguardPasswordView: H.UPDATE_EMERGENCY_BUTTON
09-11 19:17:18.920 24087 24087 I KeyguardPasswordView: set params.topMargin:799
09-11 19:17:18.938 24087 24087 D KeyguardPasswordView: H.UPDATE_EMERGENCY_BUTTON
09-11 19:17:18.938 24087 24087 I KeyguardPasswordView: set params.topMargin:799
09-11 19:17:18.959 24087 24087 D KeyguardPasswordView: H.UPDATE_EMERGENCY_BUTTON
09-11 19:17:18.960 24087 24087 I KeyguardPasswordView: set params.topMargin:799
09-11 19:17:18.982 24087 24087 D KeyguardPasswordView: H.UPDATE_EMERGENCY_BUTTON
09-11 19:17:18.983 24087 24087 I KeyguardPasswordView: set params.topMargin:799
09-11 19:17:19.000 24087 24087 D KeyguardPasswordView: H.UPDATE_EMERGENCY_BUTTON
09-11 19:17:19.000 24087 24087 I KeyguardPasswordView: set params.topMargin:799
09-11 19:17:19.018 24087 24087 D KeyguardPasswordView: H.UPDATE_EMERGENCY_BUTTON
09-11 19:17:19.019 24087 24087 I KeyguardPasswordView: set params.topMargin:799
09-11 19:17:19.037 24087 24087 D KeyguardPasswordView: H.UPDATE_EMERGENCY_BUTTON
09-11 19:17:19.038 24087 24087 I KeyguardPasswordView: set params.topMargin:799
09-11 19:17:19.058 24087 24087 D KeyguardPasswordView: H.UPDATE_EMERGENCY_BUTTON
09-11 19:17:19.059 24087 24087 I KeyguardPasswordView: set params.topMargin:799
09-11 19:17:19.076 24087 24087 D KeyguardPasswordView: H.UPDATE_EMERGENCY_BUTTON
09-11 19:17:19.077 24087 24087 I KeyguardPasswordView: set params.topMargin:799
09-11 19:17:19.093 24087 24087 D KeyguardPasswordView: H.UPDATE_EMERGENCY_BUTTON
09-11 19:17:19.095 24087 24087 I KeyguardPasswordView: set params.topMargin:799
09-11 19:17:19.116 24087 24087 D KeyguardPasswordView: H.UPDATE_EMERGENCY_BUTTON
09-11 19:17:19.117 24087 24087 I KeyguardPasswordView: set params.topMargin:799
09-11 19:17:19.136 24087 24087 D KeyguardPasswordView: H.UPDATE_EMERGENCY_BUTTON
09-11 19:17:19.137 24087 24087 I KeyguardPasswordView: set params.topMargin:799
09-11 19:17:19.154 24087 24087 D KeyguardPasswordView: H.UPDATE_EMERGENCY_BUTTON
09-11 19:17:19.155 24087 24087 I KeyguardPasswordView: set params.topMargin:799
09-11 19:17:19.173 24087 24087 D KeyguardPasswordView: H.UPDATE_EMERGENCY_BUTTON
09-11 19:17:19.173 24087 24087 I KeyguardPasswordView: set params.topMargin:799
09-11 19:17:19.192 24087 24087 D KeyguardPasswordView: H.UPDATE_EMERGENCY_BUTTON
09-11 19:17:19.192 24087 24087 I KeyguardPasswordView: set params.topMargin:799
09-11 19:17:19.211 24087 24087 D KeyguardPasswordView: H.UPDATE_EMERGENCY_BUTTON
09-11 19:17:19.211 24087 24087 I KeyguardPasswordView: set params.topMargin:799
09-11 19:17:19.232 24087 24087 D KeyguardPasswordView: H.UPDATE_EMERGENCY_BUTTON
09-11 19:17:19.233 24087 24087 I KeyguardPasswordView: set params.topMargin:799
09-11 19:17:19.251 24087 24087 D KeyguardPasswordView: H.UPDATE_EMERGENCY_BUTTON
09-11 19:17:19.252 24087 24087 I KeyguardPasswordView: set params.topMargin:799
09-11 19:17:19.268 24087 24087 D KeyguardPasswordView: H.UPDATE_EMERGENCY_BUTTON
09-11 19:17:19.269 24087 24087 I KeyguardPasswordView: set params.topMargin:799
09-11 19:17:19.287 24087 24087 D KeyguardPasswordView: H.UPDATE_EMERGENCY_BUTTON
09-11 19:17:19.287 24087 24087 I KeyguardPasswordView: set params.topMargin:799
09-11 19:17:19.304 24087 24087 D KeyguardPasswordView: H.UPDATE_EMERGENCY_BUTTON
09-11 19:17:19.304 24087 24087 I KeyguardPasswordView: set params.topMargin:799
09-11 19:17:19.322 24087 24087 D KeyguardPasswordView: H.UPDATE_EMERGENCY_BUTTON
09-11 19:17:19.323 24087 24087 I KeyguardPasswordView: set params.topMargin:799
09-11 19:17:19.339 24087 24087 D KeyguardPasswordView: H.UPDATE_EMERGENCY_BUTTON
09-11 19:17:19.340 24087 24087 I KeyguardPasswordView: set params.topMargin:799
09-11 19:17:19.356 24087 24087 D KeyguardPasswordView: H.UPDATE_EMERGENCY_BUTTON
09-11 19:17:19.357 24087 24087 I KeyguardPasswordView: set params.topMargin:799
09-11 19:17:19.374 24087 24087 D KeyguardPasswordView: H.UPDATE_EMERGENCY_BUTTON
09-11 19:17:19.375 24087 24087 I KeyguardPasswordView: set params.topMargin:799
09-11 19:17:19.394 24087 24087 D KeyguardPasswordView: H.UPDATE_EMERGENCY_BUTTON
09-11 19:17:19.395 24087 24087 I KeyguardPasswordView: set params.topMargin:799
09-11 19:17:19.416 24087 24087 D KeyguardPasswordView: H.UPDATE_EMERGENCY_BUTTON
09-11 19:17:19.417 24087 24087 I KeyguardPasswordView: set params.topMargin:799
09-11 19:17:19.433 24087 24087 D KeyguardPasswordView: H.UPDATE_EMERGENCY_BUTTON
09-11 19:17:19.434 24087 24087 I KeyguardPasswordView: set params.topMargin:799
09-11 19:17:19.453 24087 24087 D KeyguardPasswordView: H.UPDATE_EMERGENCY_BUTTON
09-11 19:17:19.454 24087 24087 I KeyguardPasswordView: set params.topMargin:799
09-11 19:17:19.472 24087 24087 D KeyguardPasswordView: H.UPDATE_EMERGENCY_BUTTON
09-11 19:17:19.473 24087 24087 I KeyguardPasswordView: set params.topMargin:799
09-11 19:17:19.490 24087 24087 D KeyguardPasswordView: H.UPDATE_EMERGENCY_BUTTON
09-11 19:17:19.491 24087 24087 I KeyguardPasswordView: set params.topMargin:799
09-11 19:17:19.499 24442 24442 W RootViewPicker: No activity currently resumed - waiting: 30000ms for one to appear.
09-11 19:17:19.508 24087 24087 D KeyguardPasswordView: H.UPDATE_EMERGENCY_BUTTON
09-11 19:17:19.508 24087 24087 I KeyguardPasswordView: set params.topMargin:799
09-11 19:17:19.527 24087 24087 D KeyguardPasswordView: H.UPDATE_EMERGENCY_BUTTON
09-11 19:17:19.528 24087 24087 I KeyguardPasswordView: set params.topMargin:799
09-11 19:17:19.545 24087 24087 D KeyguardPasswordView: H.UPDATE_EMERGENCY_BUTTON
09-11 19:17:19.545 24087 24087 I KeyguardPasswordView: set params.topMargin:799
09-11 19:17:19.563 24087 24087 D KeyguardPasswordView: H.UPDATE_EMERGENCY_BUTTON
09-11 19:17:19.564 24087 24087 I KeyguardPasswordView: set params.topMargin:799
09-11 19:17:19.584 24087 24087 D KeyguardPasswordView: H.UPDATE_EMERGENCY_BUTTON
09-11 19:17:19.584 24087 24087 I KeyguardPasswordView: set params.topMargin:799
09-11 19:17:19.601 24087 24087 D KeyguardPasswordView: H.UPDATE_EMERGENCY_BUTTON
09-11 19:17:19.602 24087 24087 I KeyguardPasswordView: set params.topMargin:799
09-11 19:17:19.620 24087 24087 D KeyguardPasswordView: H.UPDATE_EMERGENCY_BUTTON
09-11 19:17:19.621 24087 24087 I KeyguardPasswordView: set params.topMargin:799
09-11 19:17:19.637 24087 24087 D KeyguardPasswordView: H.UPDATE_EMERGENCY_BUTTON
09-11 19:17:19.638 24087 24087 I KeyguardPasswordView: set params.topMargin:799
09-11 19:17:19.655 24087 24087 D KeyguardPasswordView: H.UPDATE_EMERGENCY_BUTTON
09-11 19:17:19.656 24087 24087 I KeyguardPasswordView: set params.topMargin:799
09-11 19:17:19.674 24087 24087 D KeyguardPasswordView: H.UPDATE_EMERGENCY_BUTTON
09-11 19:17:19.675 24087 24087 I KeyguardPasswordView: set params.topMargin:799
09-11 19:17:19.693 24087 24087 D KeyguardPasswordView: H.UPDATE_EMERGENCY_BUTTON
09-11 19:17:19.694 24087 24087 I KeyguardPasswordView: set params.topMargin:799
09-11 19:17:19.712 24087 24087 D KeyguardPasswordView: H.UPDATE_EMERGENCY_BUTTON
09-11 19:17:19.712 24087 24087 I KeyguardPasswordView: set params.topMargin:799
09-11 19:17:19.731 24087 24087 D KeyguardPasswordView: H.UPDATE_EMERGENCY_BUTTON
09-11 19:17:19.731 24087 24087 I KeyguardPasswordView: set params.topMargin:799
09-11 19:17:19.751 24087 24087 D KeyguardPasswordView: H.UPDATE_EMERGENCY_BUTTON
09-11 19:17:19.752 24087 24087 I KeyguardPasswordView: set params.topMargin:799
09-11 19:17:19.772 24087 24087 D KeyguardPasswordView: H.UPDATE_EMERGENCY_BUTTON
09-11 19:17:19.772 24087 24087 I KeyguardPasswordView: set params.topMargin:799
09-11 19:17:19.790 24087 24087 D KeyguardPasswordView: H.UPDATE_EMERGENCY_BUTTON
09-11 19:17:19.791 24087 24087 I KeyguardPasswordView: set params.topMargin:799
09-11 19:17:19.809 24087 24087 D KeyguardPasswordView: H.UPDATE_EMERGENCY_BUTTON
09-11 19:17:19.809 24087 24087 I KeyguardPasswordView: set params.topMargin:799
09-11 19:17:19.826 24087 24087 D KeyguardPasswordView: H.UPDATE_EMERGENCY_BUTTON
09-11 19:17:19.827 24087 24087 I KeyguardPasswordView: set params.topMargin:799
09-11 19:17:19.845 24087 24087 D KeyguardPasswordView: H.UPDATE_EMERGENCY_BUTTON
09-11 19:17:19.845 24087 24087 I KeyguardPasswordView: set params.topMargin:799
09-11 19:17:19.863 24087 24087 D KeyguardPasswordView: H.UPDATE_EMERGENCY_BUTTON
09-11 19:17:19.864 24087 24087 I KeyguardPasswordView: set params.topMargin:799
09-11 19:17:19.880 24087 24087 D KeyguardPasswordView: H.UPDATE_EMERGENCY_BUTTON
09-11 19:17:19.881 24087 24087 I KeyguardPasswordView: set params.topMargin:799
09-11 19:17:19.899 24087 24087 D KeyguardPasswordView: H.UPDATE_EMERGENCY_BUTTON
09-11 19:17:19.900 24087 24087 I KeyguardPasswordView: set params.topMargin:799
09-11 19:17:19.917 24087 24087 D KeyguardPasswordView: H.UPDATE_EMERGENCY_BUTTON
09-11 19:17:19.917 24087 24087 I KeyguardPasswordView: set params.topMargin:799
09-11 19:17:19.944 24087 24087 D KeyguardPasswordView: H.UPDATE_EMERGENCY_BUTTON
09-11 19:17:19.945 24087 24087 I KeyguardPasswordView: set params.topMargin:799
09-11 19:17:19.965 24087 24087 D KeyguardPasswordView: H.UPDATE_EMERGENCY_BUTTON
09-11 19:17:19.967 24087 24087 I KeyguardPasswordView: set params.topMargin:799
09-11 19:17:19.983 24087 24087 D KeyguardPasswordView: H.UPDATE_EMERGENCY_BUTTON
09-11 19:17:19.984 24087 24087 I KeyguardPasswordView: set params.topMargin:799
09-11 19:17:20.003 24087 24087 D KeyguardPasswordView: H.UPDATE_EMERGENCY_BUTTON
09-11 19:17:20.004 24087 24087 I KeyguardPasswordView: set params.topMargin:799
09-11 19:17:20.023 24087 24087 D KeyguardPasswordView: H.UPDATE_EMERGENCY_BUTTON
09-11 19:17:20.024 24087 24087 I KeyguardPasswordView: set params.topMargin:799
09-11 19:17:20.039 24087 24087 D KeyguardPasswordView: H.UPDATE_EMERGENCY_BUTTON
09-11 19:17:20.040 24087 24087 I KeyguardPasswordView: set params.topMargin:799
09-11 19:17:20.056 24087 24087 D KeyguardPasswordView: H.UPDATE_EMERGENCY_BUTTON
09-11 19:17:20.057 24087 24087 I KeyguardPasswordView: set params.topMargin:799
09-11 19:17:20.074 24087 24087 D KeyguardPasswordView: H.UPDATE_EMERGENCY_BUTTON
09-11 19:17:20.075 24087 24087 I KeyguardPasswordView: set params.topMargin:799
09-11 19:17:20.092 24087 24087 D KeyguardPasswordView: H.UPDATE_EMERGENCY_BUTTON
09-11 19:17:20.092 24087 24087 I KeyguardPasswordView: set params.topMargin:799
09-11 19:17:20.110 24087 24087 D KeyguardPasswordView: H.UPDATE_EMERGENCY_BUTTON
09-11 19:17:20.110 24087 24087 I KeyguardPasswordView: set params.topMargin:799
09-11 19:17:20.127 24087 24087 D KeyguardPasswordView: H.UPDATE_EMERGENCY_BUTTON
09-11 19:17:20.128 24087 24087 I KeyguardPasswordView: set params.topMargin:799
09-11 19:17:20.145 24087 24087 D KeyguardPasswordView: H.UPDATE_EMERGENCY_BUTTON
09-11 19:17:20.146 24087 24087 I KeyguardPasswordView: set params.topMargin:799
09-11 19:17:20.165 24087 24087 D KeyguardPasswordView: H.UPDATE_EMERGENCY_BUTTON
09-11 19:17:20.165 24087 24087 I KeyguardPasswordView: set params.topMargin:799
09-11 19:17:20.183 24087 24087 D KeyguardPasswordView: H.UPDATE_EMERGENCY_BUTTON
09-11 19:17:20.183 24087 24087 I KeyguardPasswordView: set params.topMargin:799
09-11 19:17:20.205 24087 24087 D KeyguardPasswordView: H.UPDATE_EMERGENCY_BUTTON
09-11 19:17:20.207 24087 24087 I KeyguardPasswordView: set params.topMargin:799
09-11 19:17:20.226 24087 24087 D KeyguardPasswordView: H.UPDATE_EMERGENCY_BUTTON
09-11 19:17:20.227 24087 24087 I KeyguardPasswordView: set params.topMargin:799
09-11 19:17:20.244 24087 24087 D KeyguardPasswordView: H.UPDATE_EMERGENCY_BUTTON
09-11 19:17:20.244 24087 24087 I KeyguardPasswordView: set params.topMargin:799
09-11 19:17:20.261 24087 24087 D KeyguardPasswordView: H.UPDATE_EMERGENCY_BUTTON
09-11 19:17:20.261 24087 24087 I KeyguardPasswordView: set params.topMargin:799
09-11 19:17:20.280 24087 24087 D KeyguardPasswordView: H.UPDATE_EMERGENCY_BUTTON
09-11 19:17:20.280 24087 24087 I KeyguardPasswordView: set params.topMargin:799
09-11 19:17:20.297 24087 24087 D KeyguardPasswordView: H.UPDATE_EMERGENCY_BUTTON
09-11 19:17:20.298 24087 24087 I KeyguardPasswordView: set params.topMargin:799
09-11 19:17:20.316 24087 24087 D KeyguardPasswordView: H.UPDATE_EMERGENCY_BUTTON
09-11 19:17:20.317 24087 24087 I KeyguardPasswordView: set params.topMargin:799
09-11 19:17:20.333 24087 24087 D KeyguardPasswordView: H.UPDATE_EMERGENCY_BUTTON
09-11 19:17:20.334 24087 24087 I KeyguardPasswordView: set params.topMargin:799
09-11 19:17:20.352 24087 24087 D KeyguardPasswordView: H.UPDATE_EMERGENCY_BUTTON
09-11 19:17:20.353 24087 24087 I KeyguardPasswordView: set params.topMargin:799
09-11 19:17:20.369 24087 24087 D KeyguardPasswordView: H.UPDATE_EMERGENCY_BUTTON
09-11 19:17:20.370 24087 24087 I KeyguardPasswordView: set params.topMargin:799
09-11 19:17:20.387 24087 24087 D KeyguardPasswordView: H.UPDATE_EMERGENCY_BUTTON
09-11 19:17:20.388 24087 24087 I KeyguardPasswordView: set params.topMargin:799
09-11 19:17:20.407 24087 24087 D KeyguardPasswordView: H.UPDATE_EMERGENCY_BUTTON
09-11 19:17:20.407 24087 24087 I KeyguardPasswordView: set params.topMargin:799
09-11 19:17:20.428 24087 24087 D KeyguardPasswordView: H.UPDATE_EMERGENCY_BUTTON
09-11 19:17:20.428 24087 24087 I KeyguardPasswordView: set params.topMargin:799
09-11 19:17:20.447 24087 24087 D KeyguardPasswordView: H.UPDATE_EMERGENCY_BUTTON
