09-11 19:18:09.899 24087 24087 I KeyguardPasswordView: set params.topMargin:799
09-11 19:18:09.919 24087 24087 D KeyguardPasswordView: H.UPDATE_EMERGENCY_BUTTON
09-11 19:18:09.919 24087 24087 I KeyguardPasswordView: set params.topMargin:799
09-11 19:18:09.936 24087 24087 D KeyguardPasswordView: H.UPDATE_EMERGENCY_BUTTON
09-11 19:18:09.937 24087 24087 I KeyguardPasswordView: set params.topMargin:799
09-11 19:18:09.955 24087 24087 D KeyguardPasswordView: H.UPDATE_EMERGENCY_BUTTON
09-11 19:18:09.955 24087 24087 I KeyguardPasswordView: set params.topMargin:799
09-11 19:18:09.973 24087 24087 D KeyguardPasswordView: H.UPDATE_EMERGENCY_BUTTON
09-11 19:18:09.973 24087 24087 I KeyguardPasswordView: set params.topMargin:799
09-11 19:18:09.991 24087 24087 D KeyguardPasswordView: H.UPDATE_EMERGENCY_BUTTON
09-11 19:18:09.991 24087 24087 I KeyguardPasswordView: set params.topMargin:799
09-11 19:18:10.010 24087 24087 D KeyguardPasswordView: H.UPDATE_EMERGENCY_BUTTON
09-11 19:18:10.010 24087 24087 I KeyguardPasswordView: set params.topMargin:799
09-11 19:18:10.028 24087 24087 D KeyguardPasswordView: H.UPDATE_EMERGENCY_BUTTON
09-11 19:18:10.029 24087 24087 I KeyguardPasswordView: set params.topMargin:799
09-11 19:18:10.046 24087 24087 D KeyguardPasswordView: H.UPDATE_EMERGENCY_BUTTON
09-11 19:18:10.047 24087 24087 I KeyguardPasswordView: set params.topMargin:799
09-11 19:18:10.064 24087 24087 D KeyguardPasswordView: H.UPDATE_EMERGENCY_BUTTON
09-11 19:18:10.064 24087 24087 I KeyguardPasswordView: set params.topMargin:799
09-11 19:18:10.084 24087 24087 D KeyguardPasswordView: H.UPDATE_EMERGENCY_BUTTON
09-11 19:18:10.084 24087 24087 I KeyguardPasswordView: set params.topMargin:799
09-11 19:18:10.101 24087 24087 D KeyguardPasswordView: H.UPDATE_EMERGENCY_BUTTON
09-11 19:18:10.102 24087 24087 I KeyguardPasswordView: set params.topMargin:799
09-11 19:18:10.122 24087 24087 D KeyguardPasswordView: H.UPDATE_EMERGENCY_BUTTON
09-11 19:18:10.122 24087 24087 I KeyguardPasswordView: set params.topMargin:799
09-11 19:18:10.143 24087 24087 D KeyguardPasswordView: H.UPDATE_EMERGENCY_BUTTON
09-11 19:18:10.144 24087 24087 I KeyguardPasswordView: set params.topMargin:799
09-11 19:18:10.164 24087 24087 D KeyguardPasswordView: H.UPDATE_EMERGENCY_BUTTON
09-11 19:18:10.165 24087 24087 I KeyguardPasswordView: set params.topMargin:799
09-11 19:18:10.182 24087 24087 D KeyguardPasswordView: H.UPDATE_EMERGENCY_BUTTON
09-11 19:18:10.183 24087 24087 I KeyguardPasswordView: set params.topMargin:799
09-11 19:18:10.200 24087 24087 D KeyguardPasswordView: H.UPDATE_EMERGENCY_BUTTON
09-11 19:18:10.200 24087 24087 I KeyguardPasswordView: set params.topMargin:799
09-11 19:18:10.216 24087 24087 D KeyguardPasswordView: H.UPDATE_EMERGENCY_BUTTON
09-11 19:18:10.216 24087 24087 I KeyguardPasswordView: set params.topMargin:799
09-11 19:18:10.235 24087 24087 D KeyguardPasswordView: H.UPDATE_EMERGENCY_BUTTON
09-11 19:18:10.235 24087 24087 I KeyguardPasswordView: set params.topMargin:799
09-11 19:18:10.251 24087 24087 D KeyguardPasswordView: H.UPDATE_EMERGENCY_BUTTON
09-11 19:18:10.252 24087 24087 I KeyguardPasswordView: set params.topMargin:799
09-11 19:18:10.260  1664  7162 E QMI_FW  : qmi_cci_get_ref: ref count increased 2
09-11 19:18:10.262  1664  1732 E QMI_FW  : qmi_cci_get_ref: ref count increased 2
09-11 19:18:10.273 24087 24087 D KeyguardPasswordView: H.UPDATE_EMERGENCY_BUTTON
09-11 19:18:10.274 24087 24087 I KeyguardPasswordView: set params.topMargin:799
09-11 19:18:10.289 24087 24087 D KeyguardPasswordView: H.UPDATE_EMERGENCY_BUTTON
09-11 19:18:10.290 24087 24087 I KeyguardPasswordView: set params.topMargin:799
09-11 19:18:10.309 24087 24087 D KeyguardPasswordView: H.UPDATE_EMERGENCY_BUTTON
09-11 19:18:10.310 24087 24087 I KeyguardPasswordView: set params.topMargin:799
09-11 19:18:10.311  3155  3155 D PhoneInterfaceManager: [PhoneIntfMgr] getPhoneFromSubId: 6
09-11 19:18:10.329 24087 24087 D KeyguardPasswordView: H.UPDATE_EMERGENCY_BUTTON
09-11 19:18:10.329 24087 24087 I KeyguardPasswordView: set params.topMargin:799
09-11 19:18:10.347 24087 24087 D KeyguardPasswordView: H.UPDATE_EMERGENCY_BUTTON
09-11 19:18:10.347 24087 24087 I KeyguardPasswordView: set params.topMargin:799
09-11 19:18:10.365 24087 24087 D KeyguardPasswordView: H.UPDATE_EMERGENCY_BUTTON
09-11 19:18:10.365 24087 24087 I KeyguardPasswordView: set params.topMargin:799
09-11 19:18:10.383 24087 24087 D KeyguardPasswordView: H.UPDATE_EMERGENCY_BUTTON
09-11 19:18:10.384 24087 24087 I KeyguardPasswordView: set params.topMargin:799
09-11 19:18:10.404 24087 24087 D KeyguardPasswordView: H.UPDATE_EMERGENCY_BUTTON
09-11 19:18:10.404 24087 24087 I KeyguardPasswordView: set params.topMargin:799
09-11 19:18:10.421 24087 24087 D KeyguardPasswordView: H.UPDATE_EMERGENCY_BUTTON
09-11 19:18:10.421 24087 24087 I KeyguardPasswordView: set params.topMargin:799
09-11 19:18:10.442 24087 24087 D KeyguardPasswordView: H.UPDATE_EMERGENCY_BUTTON
09-11 19:18:10.442 24087 24087 I KeyguardPasswordView: set params.topMargin:799
09-11 19:18:10.460 24087 24087 D KeyguardPasswordView: H.UPDATE_EMERGENCY_BUTTON
09-11 19:18:10.461 24087 24087 I KeyguardPasswordView: set params.topMargin:799
09-11 19:18:10.481 24087 24087 D KeyguardPasswordView: H.UPDATE_EMERGENCY_BUTTON
09-11 19:18:10.482 24087 24087 I KeyguardPasswordView: set params.topMargin:799
09-11 19:18:10.504 24087 24087 D KeyguardPasswordView: H.UPDATE_EMERGENCY_BUTTON
09-11 19:18:10.504 24087 24087 I KeyguardPasswordView: set params.topMargin:799
09-11 19:18:10.521 24087 24087 D KeyguardPasswordView: H.UPDATE_EMERGENCY_BUTTON
09-11 19:18:10.522 24087 24087 I KeyguardPasswordView: set params.topMargin:799
09-11 19:18:10.539 24087 24087 D KeyguardPasswordView: H.UPDATE_EMERGENCY_BUTTON
09-11 19:18:10.539 24087 24087 I KeyguardPasswordView: set params.topMargin:799
09-11 19:18:10.559 24087 24087 D KeyguardPasswordView: H.UPDATE_EMERGENCY_BUTTON
09-11 19:18:10.559 24087 24087 I KeyguardPasswordView: set params.topMargin:799
09-11 19:18:10.577 24087 24087 D KeyguardPasswordView: H.UPDATE_EMERGENCY_BUTTON
09-11 19:18:10.578 24087 24087 I KeyguardPasswordView: set params.topMargin:799
09-11 19:18:10.594 24087 24087 D KeyguardPasswordView: H.UPDATE_EMERGENCY_BUTTON
09-11 19:18:10.595 24087 24087 I KeyguardPasswordView: set params.topMargin:799
09-11 19:18:10.613 24087 24087 D KeyguardPasswordView: H.UPDATE_EMERGENCY_BUTTON
09-11 19:18:10.614 24087 24087 I KeyguardPasswordView: set params.topMargin:799
09-11 19:18:10.633 24087 24087 D KeyguardPasswordView: H.UPDATE_EMERGENCY_BUTTON
09-11 19:18:10.634 24087 24087 I KeyguardPasswordView: set params.topMargin:799
09-11 19:18:10.650 24087 24087 D KeyguardPasswordView: H.UPDATE_EMERGENCY_BUTTON
09-11 19:18:10.651 24087 24087 I KeyguardPasswordView: set params.topMargin:799
09-11 19:18:10.668 24087 24087 D KeyguardPasswordView: H.UPDATE_EMERGENCY_BUTTON
09-11 19:18:10.669 24087 24087 I KeyguardPasswordView: set params.topMargin:799
09-11 19:18:10.686 24087 24087 D KeyguardPasswordView: H.UPDATE_EMERGENCY_BUTTON
09-11 19:18:10.686 24087 24087 I KeyguardPasswordView: set params.topMargin:799
09-11 19:18:10.704 24087 24087 D KeyguardPasswordView: H.UPDATE_EMERGENCY_BUTTON
09-11 19:18:10.704 24087 24087 I KeyguardPasswordView: set params.topMargin:799
09-11 19:18:10.724 24087 24087 D KeyguardPasswordView: H.UPDATE_EMERGENCY_BUTTON
09-11 19:18:10.726 24087 24087 I KeyguardPasswordView: set params.topMargin:799
09-11 19:18:10.741 24087 24087 D KeyguardPasswordView: H.UPDATE_EMERGENCY_BUTTON
09-11 19:18:10.742 24087 24087 I KeyguardPasswordView: set params.topMargin:799
09-11 19:18:10.759 24087 24087 D KeyguardPasswordView: H.UPDATE_EMERGENCY_BUTTON
09-11 19:18:10.760 24087 24087 I KeyguardPasswordView: set params.topMargin:799
09-11 19:18:10.780 24087 24087 D KeyguardPasswordView: H.UPDATE_EMERGENCY_BUTTON
09-11 19:18:10.781 24087 24087 I KeyguardPasswordView: set params.topMargin:799
09-11 19:18:10.801 24087 24087 D KeyguardPasswordView: H.UPDATE_EMERGENCY_BUTTON
09-11 19:18:10.801 24087 24087 I KeyguardPasswordView: set params.topMargin:799
09-11 19:18:10.818 24087 24087 D KeyguardPasswordView: H.UPDATE_EMERGENCY_BUTTON
09-11 19:18:10.818 24087 24087 I KeyguardPasswordView: set params.topMargin:799
09-11 19:18:10.832 30909 24484 E sqlite3_android: [IKR-38846] ONEPLUS_NAME_PARTS_MATCH SQLITE_OK
09-11 19:18:10.835 24087 24087 D KeyguardPasswordView: H.UPDATE_EMERGENCY_BUTTON
09-11 19:18:10.835 24087 24087 I KeyguardPasswordView: set params.topMargin:799
09-11 19:18:10.854 24087 24087 D KeyguardPasswordView: H.UPDATE_EMERGENCY_BUTTON
09-11 19:18:10.854 24087 24087 I KeyguardPasswordView: set params.topMargin:799
09-11 19:18:10.870 24087 24087 D KeyguardPasswordView: H.UPDATE_EMERGENCY_BUTTON
09-11 19:18:10.871 24087 24087 I KeyguardPasswordView: set params.topMargin:799
09-11 19:18:10.889 24087 24087 D KeyguardPasswordView: H.UPDATE_EMERGENCY_BUTTON
09-11 19:18:10.889 24087 24087 I KeyguardPasswordView: set params.topMargin:799
09-11 19:18:10.907 24087 24087 D KeyguardPasswordView: H.UPDATE_EMERGENCY_BUTTON
09-11 19:18:10.907 24087 24087 I KeyguardPasswordView: set params.topMargin:799
09-11 19:18:10.928 24087 24087 D KeyguardPasswordView: H.UPDATE_EMERGENCY_BUTTON
09-11 19:18:10.928 24087 24087 I KeyguardPasswordView: set params.topMargin:799
09-11 19:18:10.948 24087 24087 D KeyguardPasswordView: H.UPDATE_EMERGENCY_BUTTON
09-11 19:18:10.948 24087 24087 I KeyguardPasswordView: set params.topMargin:799
09-11 19:18:10.968 24087 24087 D KeyguardPasswordView: H.UPDATE_EMERGENCY_BUTTON
09-11 19:18:10.969 24087 24087 I KeyguardPasswordView: set params.topMargin:799
09-11 19:18:10.987 24087 24087 D KeyguardPasswordView: H.UPDATE_EMERGENCY_BUTTON
09-11 19:18:10.987 24087 24087 I KeyguardPasswordView: set params.topMargin:799
09-11 19:18:11.004 24087 24087 D KeyguardPasswordView: H.UPDATE_EMERGENCY_BUTTON
09-11 19:18:11.005 24087 24087 I KeyguardPasswordView: set params.topMargin:799
09-11 19:18:11.022 24087 24087 D KeyguardPasswordView: H.UPDATE_EMERGENCY_BUTTON
09-11 19:18:11.023 24087 24087 I KeyguardPasswordView: set params.topMargin:799
09-11 19:18:11.040 24087 24087 D KeyguardPasswordView: H.UPDATE_EMERGENCY_BUTTON
09-11 19:18:11.041 24087 24087 I KeyguardPasswordView: set params.topMargin:799
09-11 19:18:11.061 24087 24087 D KeyguardPasswordView: H.UPDATE_EMERGENCY_BUTTON
09-11 19:18:11.061 24087 24087 I KeyguardPasswordView: set params.topMargin:799
09-11 19:18:11.082 24087 24087 D KeyguardPasswordView: H.UPDATE_EMERGENCY_BUTTON
09-11 19:18:11.083 24087 24087 I KeyguardPasswordView: set params.topMargin:799
09-11 19:18:11.101 24087 24087 D KeyguardPasswordView: H.UPDATE_EMERGENCY_BUTTON
09-11 19:18:11.102 24087 24087 I KeyguardPasswordView: set params.topMargin:799
09-11 19:18:11.120 24087 24087 D KeyguardPasswordView: H.UPDATE_EMERGENCY_BUTTON
09-11 19:18:11.120 24087 24087 I KeyguardPasswordView: set params.topMargin:799
09-11 19:18:11.138 24087 24087 D KeyguardPasswordView: H.UPDATE_EMERGENCY_BUTTON
09-11 19:18:11.139 24087 24087 I KeyguardPasswordView: set params.topMargin:799
09-11 19:18:11.159 24087 24087 D KeyguardPasswordView: H.UPDATE_EMERGENCY_BUTTON
09-11 19:18:11.163 24087 24087 I KeyguardPasswordView: set params.topMargin:799
09-11 19:18:11.176 24087 24087 D KeyguardPasswordView: H.UPDATE_EMERGENCY_BUTTON
09-11 19:18:11.176 24087 24087 I KeyguardPasswordView: set params.topMargin:799
09-11 19:18:11.194 24087 24087 D KeyguardPasswordView: H.UPDATE_EMERGENCY_BUTTON
09-11 19:18:11.195 24087 24087 I KeyguardPasswordView: set params.topMargin:799
09-11 19:18:11.215 24087 24087 D KeyguardPasswordView: H.UPDATE_EMERGENCY_BUTTON
09-11 19:18:11.216 24087 24087 I KeyguardPasswordView: set params.topMargin:799
09-11 19:18:11.236 24087 24087 D KeyguardPasswordView: H.UPDATE_EMERGENCY_BUTTON
09-11 19:18:11.237 24087 24087 I KeyguardPasswordView: set params.topMargin:799
09-11 19:18:11.254 24087 24087 D KeyguardPasswordView: H.UPDATE_EMERGENCY_BUTTON
09-11 19:18:11.255 24087 24087 I KeyguardPasswordView: set params.topMargin:799
09-11 19:18:11.274 24087 24087 D KeyguardPasswordView: H.UPDATE_EMERGENCY_BUTTON
09-11 19:18:11.274 24087 24087 I KeyguardPasswordView: set params.topMargin:799
09-11 19:18:11.293 24087 24087 D KeyguardPasswordView: H.UPDATE_EMERGENCY_BUTTON
09-11 19:18:11.294 24087 24087 I KeyguardPasswordView: set params.topMargin:799
09-11 19:18:11.315 24087 24087 D KeyguardPasswordView: H.UPDATE_EMERGENCY_BUTTON
09-11 19:18:11.315 24087 24087 I KeyguardPasswordView: set params.topMargin:799
09-11 19:18:11.333 24087 24087 D KeyguardPasswordView: H.UPDATE_EMERGENCY_BUTTON
09-11 19:18:11.334 24087 24087 I KeyguardPasswordView: set params.topMargin:799
09-11 19:18:11.352 24087 24087 D KeyguardPasswordView: H.UPDATE_EMERGENCY_BUTTON
09-11 19:18:11.352 24087 24087 I KeyguardPasswordView: set params.topMargin:799
09-11 19:18:11.369 24087 24087 D KeyguardPasswordView: H.UPDATE_EMERGENCY_BUTTON
09-11 19:18:11.370 24087 24087 I KeyguardPasswordView: set params.topMargin:799
09-11 19:18:11.390 24087 24087 D KeyguardPasswordView: H.UPDATE_EMERGENCY_BUTTON
09-11 19:18:11.390 24087 24087 I KeyguardPasswordView: set params.topMargin:799
09-11 19:18:11.410 24087 24087 D KeyguardPasswordView: H.UPDATE_EMERGENCY_BUTTON
09-11 19:18:11.411 24087 24087 I KeyguardPasswordView: set params.topMargin:799
09-11 19:18:11.431 24087 24087 D KeyguardPasswordView: H.UPDATE_EMERGENCY_BUTTON
09-11 19:18:11.431 24087 24087 I KeyguardPasswordView: set params.topMargin:799
09-11 19:18:11.449 24087 24087 D KeyguardPasswordView: H.UPDATE_EMERGENCY_BUTTON
09-11 19:18:11.450 24087 24087 I KeyguardPasswordView: set params.topMargin:799
09-11 19:18:11.467 24087 24087 D KeyguardPasswordView: H.UPDATE_EMERGENCY_BUTTON
09-11 19:18:11.468 24087 24087 I KeyguardPasswordView: set params.topMargin:799
09-11 19:18:11.486 24087 24087 D KeyguardPasswordView: H.UPDATE_EMERGENCY_BUTTON
09-11 19:18:11.486 24087 24087 I KeyguardPasswordView: set params.topMargin:799
09-11 19:18:11.505 24087 24087 D KeyguardPasswordView: H.UPDATE_EMERGENCY_BUTTON
09-11 19:18:11.505 24087 24087 I KeyguardPasswordView: set params.topMargin:799
09-11 19:18:11.523 24087 24087 D KeyguardPasswordView: H.UPDATE_EMERGENCY_BUTTON
09-11 19:18:11.523 24087 24087 I KeyguardPasswordView: set params.topMargin:799
09-11 19:18:11.541 24087 24087 D KeyguardPasswordView: H.UPDATE_EMERGENCY_BUTTON
09-11 19:18:11.541 24087 24087 I KeyguardPasswordView: set params.topMargin:799
09-11 19:18:11.559 24087 24087 D KeyguardPasswordView: H.UPDATE_EMERGENCY_BUTTON
09-11 19:18:11.560 24087 24087 I KeyguardPasswordView: set params.topMargin:799
09-11 19:18:11.577 24087 24087 D KeyguardPasswordView: H.UPDATE_EMERGENCY_BUTTON
09-11 19:18:11.578 24087 24087 I KeyguardPasswordView: set params.topMargin:799
09-11 19:18:11.595 24087 24087 D KeyguardPasswordView: H.UPDATE_EMERGENCY_BUTTON
09-11 19:18:11.596 24087 24087 I KeyguardPasswordView: set params.topMargin:799
09-11 19:18:11.614 24087 24087 D KeyguardPasswordView: H.UPDATE_EMERGENCY_BUTTON
09-11 19:18:11.614 24087 24087 I KeyguardPasswordView: set params.topMargin:799
09-11 19:18:11.631 24087 24087 D KeyguardPasswordView: H.UPDATE_EMERGENCY_BUTTON
09-11 19:18:11.632 24087 24087 I KeyguardPasswordView: set params.topMargin:799
09-11 19:18:11.649 24087 24087 D KeyguardPasswordView: H.UPDATE_EMERGENCY_BUTTON
09-11 19:18:11.649 24087 24087 I KeyguardPasswordView: set params.topMargin:799
09-11 19:18:11.667 24087 24087 D KeyguardPasswordView: H.UPDATE_EMERGENCY_BUTTON
09-11 19:18:11.668 24087 24087 I KeyguardPasswordView: set params.topMargin:799
09-11 19:18:11.686 24087 24087 D KeyguardPasswordView: H.UPDATE_EMERGENCY_BUTTON
09-11 19:18:11.686 24087 24087 I KeyguardPasswordView: set params.topMargin:799
09-11 19:18:11.703 24087 24087 D KeyguardPasswordView: H.UPDATE_EMERGENCY_BUTTON
09-11 19:18:11.703 24087 24087 I KeyguardPasswordView: set params.topMargin:799
09-11 19:18:11.723 24087 24087 D KeyguardPasswordView: H.UPDATE_EMERGENCY_BUTTON
09-11 19:18:11.724 24087 24087 I KeyguardPasswordView: set params.topMargin:799
09-11 19:18:11.742 24087 24087 D KeyguardPasswordView: H.UPDATE_EMERGENCY_BUTTON
09-11 19:18:11.743 24087 24087 I KeyguardPasswordView: set params.topMargin:799
09-11 19:18:11.760 24087 24087 D KeyguardPasswordView: H.UPDATE_EMERGENCY_BUTTON
09-11 19:18:11.760 24087 24087 I KeyguardPasswordView: set params.topMargin:799
09-11 19:18:11.777 24087 24087 D KeyguardPasswordView: H.UPDATE_EMERGENCY_BUTTON
09-11 19:18:11.778 24087 24087 I KeyguardPasswordView: set params.topMargin:799
09-11 19:18:11.798 24087 24087 D KeyguardPasswordView: H.UPDATE_EMERGENCY_BUTTON
09-11 19:18:11.799 24087 24087 I KeyguardPasswordView: set params.topMargin:799
09-11 19:18:11.816 24087 24087 D KeyguardPasswordView: H.UPDATE_EMERGENCY_BUTTON
09-11 19:18:11.816 24087 24087 I KeyguardPasswordView: set params.topMargin:799
09-11 19:18:11.837 24087 24087 D KeyguardPasswordView: H.UPDATE_EMERGENCY_BUTTON
09-11 19:18:11.838 24087 24087 I KeyguardPasswordView: set params.topMargin:799
09-11 19:18:11.856 24087 24087 D KeyguardPasswordView: H.UPDATE_EMERGENCY_BUTTON
09-11 19:18:11.856 24087 24087 I KeyguardPasswordView: set params.topMargin:799
09-11 19:18:11.874 24087 24087 D KeyguardPasswordView: H.UPDATE_EMERGENCY_BUTTON
09-11 19:18:11.875 24087 24087 I KeyguardPasswordView: set params.topMargin:799
09-11 19:18:11.895 24087 24087 D KeyguardPasswordView: H.UPDATE_EMERGENCY_BUTTON
09-11 19:18:11.895 24087 24087 I KeyguardPasswordView: set params.topMargin:799
09-11 19:18:11.916 24087 24087 D KeyguardPasswordView: H.UPDATE_EMERGENCY_BUTTON
09-11 19:18:11.917 24087 24087 I KeyguardPasswordView: set params.topMargin:799
09-11 19:18:11.937 24087 24087 D KeyguardPasswordView: H.UPDATE_EMERGENCY_BUTTON
09-11 19:18:11.937 24087 24087 I KeyguardPasswordView: set params.topMargin:799
09-11 19:18:11.957 24087 24087 D KeyguardPasswordView: H.UPDATE_EMERGENCY_BUTTON
09-11 19:18:11.958 24087 24087 I KeyguardPasswordView: set params.topMargin:799
09-11 19:18:11.976 24087 24087 D KeyguardPasswordView: H.UPDATE_EMERGENCY_BUTTON
09-11 19:18:11.977 24087 24087 I KeyguardPasswordView: set params.topMargin:799
09-11 19:18:11.994 24087 24087 D KeyguardPasswordView: H.UPDATE_EMERGENCY_BUTTON
09-11 19:18:11.994 24087 24087 I KeyguardPasswordView: set params.topMargin:799
09-11 19:18:12.011 24087 24087 D KeyguardPasswordView: H.UPDATE_EMERGENCY_BUTTON
09-11 19:18:12.011 24087 24087 I KeyguardPasswordView: set params.topMargin:799
09-11 19:18:12.029 24087 24087 D KeyguardPasswordView: H.UPDATE_EMERGENCY_BUTTON
09-11 19:18:12.030 24087 24087 I KeyguardPasswordView: set params.topMargin:799
09-11 19:18:12.047 24087 24087 D KeyguardPasswordView: H.UPDATE_EMERGENCY_BUTTON
09-11 19:18:12.047 24087 24087 I KeyguardPasswordView: set params.topMargin:799
09-11 19:18:12.065 24087 24087 D KeyguardPasswordView: H.UPDATE_EMERGENCY_BUTTON
09-11 19:18:12.066 24087 24087 I KeyguardPasswordView: set params.topMargin:799
09-11 19:18:12.083 24087 24087 D KeyguardPasswordView: H.UPDATE_EMERGENCY_BUTTON
09-11 19:18:12.084 24087 24087 I KeyguardPasswordView: set params.topMargin:799
09-11 19:18:12.104 24087 24087 D KeyguardPasswordView: H.UPDATE_EMERGENCY_BUTTON
09-11 19:18:12.104 24087 24087 I KeyguardPasswordView: set params.topMargin:799
09-11 19:18:12.122 24087 24087 D KeyguardPasswordView: H.UPDATE_EMERGENCY_BUTTON
09-11 19:18:12.123 24087 24087 I KeyguardPasswordView: set params.topMargin:799
09-11 19:18:12.144 24087 24087 D KeyguardPasswordView: H.UPDATE_EMERGENCY_BUTTON
09-11 19:18:12.144 24087 24087 I KeyguardPasswordView: set params.topMargin:799
09-11 19:18:12.164 24087 24087 D KeyguardPasswordView: H.UPDATE_EMERGENCY_BUTTON
09-11 19:18:12.165 24087 24087 I KeyguardPasswordView: set params.topMargin:799
09-11 19:18:12.186 24087 24087 D KeyguardPasswordView: H.UPDATE_EMERGENCY_BUTTON
09-11 19:18:12.186 24087 24087 I KeyguardPasswordView: set params.topMargin:799
09-11 19:18:12.204 24087 24087 D KeyguardPasswordView: H.UPDATE_EMERGENCY_BUTTON
09-11 19:18:12.205 24087 24087 I KeyguardPasswordView: set params.topMargin:799
09-11 19:18:12.222 24087 24087 D KeyguardPasswordView: H.UPDATE_EMERGENCY_BUTTON
09-11 19:18:12.223 24087 24087 I KeyguardPasswordView: set params.topMargin:799
09-11 19:18:12.241 24087 24087 D KeyguardPasswordView: H.UPDATE_EMERGENCY_BUTTON
09-11 19:18:12.241 24087 24087 I KeyguardPasswordView: set params.topMargin:799
09-11 19:18:12.259 24087 24087 D KeyguardPasswordView: H.UPDATE_EMERGENCY_BUTTON
09-11 19:18:12.260 24087 24087 I KeyguardPasswordView: set params.topMargin:799
09-11 19:18:12.280 24087 24087 D KeyguardPasswordView: H.UPDATE_EMERGENCY_BUTTON
09-11 19:18:12.281 24087 24087 I KeyguardPasswordView: set params.topMargin:799
09-11 19:18:12.298 24087 24087 D KeyguardPasswordView: H.UPDATE_EMERGENCY_BUTTON
09-11 19:18:12.299 24087 24087 I KeyguardPasswordView: set params.topMargin:799
09-11 19:18:12.316 24087 24087 D KeyguardPasswordView: H.UPDATE_EMERGENCY_BUTTON
09-11 19:18:12.316 24087 24087 I KeyguardPasswordView: set params.topMargin:799
09-11 19:18:12.336 24087 24087 D KeyguardPasswordView: H.UPDATE_EMERGENCY_BUTTON
09-11 19:18:12.337 24087 24087 I KeyguardPasswordView: set params.topMargin:799
09-11 19:18:12.355 24087 24087 D KeyguardPasswordView: H.UPDATE_EMERGENCY_BUTTON
09-11 19:18:12.356 24087 24087 I KeyguardPasswordView: set params.topMargin:799
09-11 19:18:12.374 24087 24087 D KeyguardPasswordView: H.UPDATE_EMERGENCY_BUTTON
09-11 19:18:12.376 24087 24087 I KeyguardPasswordView: set params.topMargin:799
09-11 19:18:12.392 24087 24087 D KeyguardPasswordView: H.UPDATE_EMERGENCY_BUTTON
09-11 19:18:12.392 24087 24087 I KeyguardPasswordView: set params.topMargin:799
09-11 19:18:12.409 24087 24087 D KeyguardPasswordView: H.UPDATE_EMERGENCY_BUTTON
09-11 19:18:12.410 24087 24087 I KeyguardPasswordView: set params.topMargin:799
09-11 19:18:12.428 24087 24087 D KeyguardPasswordView: H.UPDATE_EMERGENCY_BUTTON
09-11 19:18:12.429 24087 24087 I KeyguardPasswordView: set params.topMargin:799
09-11 19:18:12.446 24087 24087 D KeyguardPasswordView: H.UPDATE_EMERGENCY_BUTTON
09-11 19:18:12.447 24087 24087 I KeyguardPasswordView: set params.topMargin:799
09-11 19:18:12.464 24087 24087 D KeyguardPasswordView: H.UPDATE_EMERGENCY_BUTTON
09-11 19:18:12.464 24087 24087 I KeyguardPasswordView: set params.topMargin:799
09-11 19:18:12.482 24087 24087 D KeyguardPasswordView: H.UPDATE_EMERGENCY_BUTTON
09-11 19:18:12.483 24087 24087 I KeyguardPasswordView: set params.topMargin:799
09-11 19:18:12.500 24087 24087 D KeyguardPasswordView: H.UPDATE_EMERGENCY_BUTTON
09-11 19:18:12.501 24087 24087 I KeyguardPasswordView: set params.topMargin:799
09-11 19:18:12.518 24087 24087 D KeyguardPasswordView: H.UPDATE_EMERGENCY_BUTTON
09-11 19:18:12.518 24087 24087 I KeyguardPasswordView: set params.topMargin:799
09-11 19:18:12.539 24087 24087 D KeyguardPasswordView: H.UPDATE_EMERGENCY_BUTTON
09-11 19:18:12.539 24087 24087 I KeyguardPasswordView: set params.topMargin:799
09-11 19:18:12.556 24087 24087 D KeyguardPasswordView: H.UPDATE_EMERGENCY_BUTTON
09-11 19:18:12.557 24087 24087 I KeyguardPasswordView: set params.topMargin:799
09-11 19:18:12.578 24087 24087 D KeyguardPasswordView: H.UPDATE_EMERGENCY_BUTTON
09-11 19:18:12.578 24087 24087 I KeyguardPasswordView: set params.topMargin:799
09-11 19:18:12.581 14890 14952 W WM-WorkSpec: Interval duration lesser than minimum allowed value; Changed to 900000
09-11 19:18:12.581 14890 14952 W WM-WorkSpec: Flex duration lesser than minimum allowed value; Changed to 300000
09-11 19:18:12.585 14890 14959 W System.err: java.lang.NullPointerException: Attempt to invoke virtual method 'void android.bluetooth.le.BluetoothLeAdvertiser.stopAdvertisingSet(android.bluetooth.le.AdvertisingSetCallback)' on a null object reference
09-11 19:18:12.586 14890 14959 W System.err: 	at u4.e(SourceFile:2)
09-11 19:18:12.586 14890 14959 W System.err: 	at u4.g(SourceFile:4)
09-11 19:18:12.586 14890 14959 W System.err: 	at v7.b(SourceFile:3)
09-11 19:18:12.586 14890 14959 W System.err: 	at v7.h(Unknown Source:0)
09-11 19:18:12.586 14890 14959 W System.err: 	at n0.run(Unknown Source:8)
09-11 19:18:12.586 14890 14959 W System.err: 	at java.util.concurrent.ThreadPoolExecutor.runWorker(ThreadPoolExecutor.java:1167)
09-11 19:18:12.586 14890 14959 W System.err: 	at java.util.concurrent.ThreadPoolExecutor$Worker.run(ThreadPoolExecutor.java:641)
09-11 19:18:12.586 14890 14959 W System.err: 	at java.lang.Thread.run(Thread.java:923)
09-11 19:18:12.587 14890 14959 W System.err: java.lang.NullPointerException: Attempt to invoke virtual method 'void android.bluetooth.le.BluetoothLeAdvertiser.startAdvertisingSet(android.bluetooth.le.AdvertisingSetParameters, android.bluetooth.le.AdvertiseData, android.bluetooth.le.AdvertiseData, android.bluetooth.le.PeriodicAdvertisingParameters, android.bluetooth.le.AdvertiseData, int, int, android.bluetooth.le.AdvertisingSetCallback)' on a null object reference
09-11 19:18:12.594 14890 14959 W System.err: 	at u4.g(SourceFile:8)
09-11 19:18:12.594 14890 14959 W System.err: 	at v7.b(SourceFile:3)
09-11 19:18:12.594 14890 14959 W System.err: 	at v7.h(Unknown Source:0)
09-11 19:18:12.594 14890 14959 W System.err: 	at n0.run(Unknown Source:8)
09-11 19:18:12.594 14890 14959 W System.err: 	at java.util.concurrent.ThreadPoolExecutor.runWorker(ThreadPoolExecutor.java:1167)
09-11 19:18:12.594 14890 14959 W System.err: 	at java.util.concurrent.ThreadPoolExecutor$Worker.run(ThreadPoolExecutor.java:641)
09-11 19:18:12.594 14890 14959 W System.err: 	at java.lang.Thread.run(Thread.java:923)
09-11 19:18:12.599 24087 24087 D KeyguardPasswordView: H.UPDATE_EMERGENCY_BUTTON
09-11 19:18:12.599 24087 24087 I KeyguardPasswordView: set params.topMargin:799
09-11 19:18:12.618 24087 24087 D KeyguardPasswordView: H.UPDATE_EMERGENCY_BUTTON
09-11 19:18:12.618 24087 24087 I KeyguardPasswordView: set params.topMargin:799
09-11 19:18:12.637 24087 24087 D KeyguardPasswordView: H.UPDATE_EMERGENCY_BUTTON
09-11 19:18:12.638 24087 24087 I KeyguardPasswordView: set params.topMargin:799
09-11 19:18:12.655 24087 24087 D KeyguardPasswordView: H.UPDATE_EMERGENCY_BUTTON
09-11 19:18:12.655 24087 24087 I KeyguardPasswordView: set params.topMargin:799
09-11 19:18:12.675 24087 24087 D KeyguardPasswordView: H.UPDATE_EMERGENCY_BUTTON
09-11 19:18:12.676 24087 24087 I KeyguardPasswordView: set params.topMargin:799
09-11 19:18:12.693 24087 24087 D KeyguardPasswordView: H.UPDATE_EMERGENCY_BUTTON
09-11 19:18:12.693 24087 24087 I KeyguardPasswordView: set params.topMargin:799
09-11 19:18:12.711 24087 24087 D KeyguardPasswordView: H.UPDATE_EMERGENCY_BUTTON
09-11 19:18:12.712 24087 24087 I KeyguardPasswordView: set params.topMargin:799
09-11 19:18:12.730 24087 24087 D KeyguardPasswordView: H.UPDATE_EMERGENCY_BUTTON
09-11 19:18:12.730 24087 24087 I KeyguardPasswordView: set params.topMargin:799
09-11 19:18:12.751 24087 24087 D KeyguardPasswordView: H.UPDATE_EMERGENCY_BUTTON
09-11 19:18:12.752 24087 24087 I KeyguardPasswordView: set params.topMargin:799
09-11 19:18:12.772 24087 24087 D KeyguardPasswordView: H.UPDATE_EMERGENCY_BUTTON
09-11 19:18:12.772 24087 24087 I KeyguardPasswordView: set params.topMargin:799
09-11 19:18:12.793 24087 24087 D KeyguardPasswordView: H.UPDATE_EMERGENCY_BUTTON
09-11 19:18:12.794 24087 24087 I KeyguardPasswordView: set params.topMargin:799
09-11 19:18:12.812 24087 24087 D KeyguardPasswordView: H.UPDATE_EMERGENCY_BUTTON
09-11 19:18:12.812 24087 24087 I KeyguardPasswordView: set params.topMargin:799
09-11 19:18:12.817  1664  7162 E QMI_FW  : qmi_cci_get_ref: ref count increased 2
09-11 19:18:12.819  1664  1732 E QMI_FW  : qmi_cci_get_ref: ref count increased 2
09-11 19:18:12.831 24087 24087 D KeyguardPasswordView: H.UPDATE_EMERGENCY_BUTTON
09-11 19:18:12.832 24087 24087 I KeyguardPasswordView: set params.topMargin:799
09-11 19:18:12.850 24087 24087 D KeyguardPasswordView: H.UPDATE_EMERGENCY_BUTTON
09-11 19:18:12.851 24087 24087 I KeyguardPasswordView: set params.topMargin:799
09-11 19:18:12.867 24087 24087 D KeyguardPasswordView: H.UPDATE_EMERGENCY_BUTTON
09-11 19:18:12.868 24087 24087 I KeyguardPasswordView: set params.topMargin:799
09-11 19:18:12.886 24087 24087 D KeyguardPasswordView: H.UPDATE_EMERGENCY_BUTTON
09-11 19:18:12.887 24087 24087 I KeyguardPasswordView: set params.topMargin:799
09-11 19:18:12.905 24087 24087 D KeyguardPasswordView: H.UPDATE_EMERGENCY_BUTTON
09-11 19:18:12.906 24087 24087 I KeyguardPasswordView: set params.topMargin:799
09-11 19:18:12.921 24087 24087 D KeyguardPasswordView: H.UPDATE_EMERGENCY_BUTTON
09-11 19:18:12.922 24087 24087 I KeyguardPasswordView: set params.topMargin:799
09-11 19:18:12.939 24087 24087 D KeyguardPasswordView: H.UPDATE_EMERGENCY_BUTTON
09-11 19:18:12.939 24087 24087 I KeyguardPasswordView: set params.topMargin:799
09-11 19:18:12.960 24087 24087 D KeyguardPasswordView: H.UPDATE_EMERGENCY_BUTTON
09-11 19:18:12.960 24087 24087 I KeyguardPasswordView: set params.topMargin:799
09-11 19:18:12.980 24087 24087 D KeyguardPasswordView: H.UPDATE_EMERGENCY_BUTTON
09-11 19:18:12.981 24087 24087 I KeyguardPasswordView: set params.topMargin:799
09-11 19:18:13.001 24087 24087 D KeyguardPasswordView: H.UPDATE_EMERGENCY_BUTTON
09-11 19:18:13.001 24087 24087 I KeyguardPasswordView: set params.topMargin:799
09-11 19:18:13.018 24087 24087 D KeyguardPasswordView: H.UPDATE_EMERGENCY_BUTTON
09-11 19:18:13.019 24087 24087 I KeyguardPasswordView: set params.topMargin:799
09-11 19:18:13.036 24087 24087 D KeyguardPasswordView: H.UPDATE_EMERGENCY_BUTTON
09-11 19:18:13.036 24087 24087 I KeyguardPasswordView: set params.topMargin:799
09-11 19:18:13.054 24087 24087 D KeyguardPasswordView: H.UPDATE_EMERGENCY_BUTTON
09-11 19:18:13.055 24087 24087 I KeyguardPasswordView: set params.topMargin:799
09-11 19:18:13.075 24087 24087 D KeyguardPasswordView: H.UPDATE_EMERGENCY_BUTTON
09-11 19:18:13.076 24087 24087 I KeyguardPasswordView: set params.topMargin:799
09-11 19:18:13.093 24087 24087 D KeyguardPasswordView: H.UPDATE_EMERGENCY_BUTTON
09-11 19:18:13.094 24087 24087 I KeyguardPasswordView: set params.topMargin:799
09-11 19:18:13.111 24087 24087 D KeyguardPasswordView: H.UPDATE_EMERGENCY_BUTTON
09-11 19:18:13.111 24087 24087 I KeyguardPasswordView: set params.topMargin:799
09-11 19:18:13.129 24087 24087 D KeyguardPasswordView: H.UPDATE_EMERGENCY_BUTTON
09-11 19:18:13.131 24087 24087 I KeyguardPasswordView: set params.topMargin:799
09-11 19:18:13.146 24087 24087 D KeyguardPasswordView: H.UPDATE_EMERGENCY_BUTTON
09-11 19:18:13.147 24087 24087 I KeyguardPasswordView: set params.topMargin:799
09-11 19:18:13.165 24087 24087 D KeyguardPasswordView: H.UPDATE_EMERGENCY_BUTTON
09-11 19:18:13.165 24087 24087 I KeyguardPasswordView: set params.topMargin:799
09-11 19:18:13.182 24087 24087 D KeyguardPasswordView: H.UPDATE_EMERGENCY_BUTTON
09-11 19:18:13.182 24087 24087 I KeyguardPasswordView: set params.topMargin:799
09-11 19:18:13.202 24087 24087 D KeyguardPasswordView: H.UPDATE_EMERGENCY_BUTTON
09-11 19:18:13.203 24087 24087 I KeyguardPasswordView: set params.topMargin:799
09-11 19:18:13.220 24087 24087 D KeyguardPasswordView: H.UPDATE_EMERGENCY_BUTTON
09-11 19:18:13.220 24087 24087 I KeyguardPasswordView: set params.topMargin:799
09-11 19:18:13.240 24087 24087 D KeyguardPasswordView: H.UPDATE_EMERGENCY_BUTTON
09-11 19:18:13.241 24087 24087 I KeyguardPasswordView: set params.topMargin:799
09-11 19:18:13.257 24087 24087 D KeyguardPasswordView: H.UPDATE_EMERGENCY_BUTTON
09-11 19:18:13.258 24087 24087 I KeyguardPasswordView: set params.topMargin:799
09-11 19:18:13.279 24087 24087 D KeyguardPasswordView: H.UPDATE_EMERGENCY_BUTTON
09-11 19:18:13.279 24087 24087 I KeyguardPasswordView: set params.topMargin:799
09-11 19:18:13.297 24087 24087 D KeyguardPasswordView: H.UPDATE_EMERGENCY_BUTTON
09-11 19:18:13.298 24087 24087 I KeyguardPasswordView: set params.topMargin:799
09-11 19:18:13.315 24087 24087 D KeyguardPasswordView: H.UPDATE_EMERGENCY_BUTTON
09-11 19:18:13.315 24087 24087 I KeyguardPasswordView: set params.topMargin:799
09-11 19:18:13.334 24087 24087 D KeyguardPasswordView: H.UPDATE_EMERGENCY_BUTTON
09-11 19:18:13.335 24087 24087 I KeyguardPasswordView: set params.topMargin:799
09-11 19:18:13.353 24087 24087 D KeyguardPasswordView: H.UPDATE_EMERGENCY_BUTTON
09-11 19:18:13.354 24087 24087 I KeyguardPasswordView: set params.topMargin:799
09-11 19:18:13.371 24087 24087 D KeyguardPasswordView: H.UPDATE_EMERGENCY_BUTTON
09-11 19:18:13.372 24087 24087 I KeyguardPasswordView: set params.topMargin:799
09-11 19:18:13.389 24087 24087 D KeyguardPasswordView: H.UPDATE_EMERGENCY_BUTTON
09-11 19:18:13.389 24087 24087 I KeyguardPasswordView: set params.topMargin:799
09-11 19:18:13.406 24087 24087 D KeyguardPasswordView: H.UPDATE_EMERGENCY_BUTTON
09-11 19:18:13.406 24087 24087 I KeyguardPasswordView: set params.topMargin:799
09-11 19:18:13.427 24087 24087 D KeyguardPasswordView: H.UPDATE_EMERGENCY_BUTTON
09-11 19:18:13.427 24087 24087 I KeyguardPasswordView: set params.topMargin:799
09-11 19:18:13.444 24087 24087 D KeyguardPasswordView: H.UPDATE_EMERGENCY_BUTTON
09-11 19:18:13.444 24087 24087 I KeyguardPasswordView: set params.topMargin:799
09-11 19:18:13.463 24087 24087 D KeyguardPasswordView: H.UPDATE_EMERGENCY_BUTTON
09-11 19:18:13.464 24087 24087 I KeyguardPasswordView: set params.topMargin:799
09-11 19:18:13.482 24087 24087 D KeyguardPasswordView: H.UPDATE_EMERGENCY_BUTTON
09-11 19:18:13.482 24087 24087 I KeyguardPasswordView: set params.topMargin:799
09-11 19:18:13.501 24087 24087 D KeyguardPasswordView: H.UPDATE_EMERGENCY_BUTTON
09-11 19:18:13.501 24087 24087 I KeyguardPasswordView: set params.topMargin:799
09-11 19:18:13.519 24087 24087 D KeyguardPasswordView: H.UPDATE_EMERGENCY_BUTTON
09-11 19:18:13.519 24087 24087 I KeyguardPasswordView: set params.topMargin:799
09-11 19:18:13.539 24087 24087 D KeyguardPasswordView: H.UPDATE_EMERGENCY_BUTTON
09-11 19:18:13.540 24087 24087 I KeyguardPasswordView: set params.topMargin:799
09-11 19:18:13.560 24087 24087 D KeyguardPasswordView: H.UPDATE_EMERGENCY_BUTTON
09-11 19:18:13.560 24087 24087 I KeyguardPasswordView: set params.topMargin:799
09-11 19:18:13.581 24087 24087 D KeyguardPasswordView: H.UPDATE_EMERGENCY_BUTTON
09-11 19:18:13.581 24087 24087 I KeyguardPasswordView: set params.topMargin:799
09-11 19:18:13.598 24087 24087 D KeyguardPasswordView: H.UPDATE_EMERGENCY_BUTTON
09-11 19:18:13.599 24087 24087 I KeyguardPasswordView: set params.topMargin:799
09-11 19:18:13.618 24087 24087 D KeyguardPasswordView: H.UPDATE_EMERGENCY_BUTTON
09-11 19:18:13.619 24087 24087 I KeyguardPasswordView: set params.topMargin:799
09-11 19:18:13.635 24087 24087 D KeyguardPasswordView: H.UPDATE_EMERGENCY_BUTTON
09-11 19:18:13.636 24087 24087 I KeyguardPasswordView: set params.topMargin:799
09-11 19:18:13.653 24087 24087 D KeyguardPasswordView: H.UPDATE_EMERGENCY_BUTTON
09-11 19:18:13.654 24087 24087 I KeyguardPasswordView: set params.topMargin:799
09-11 19:18:13.675 24087 24087 D KeyguardPasswordView: H.UPDATE_EMERGENCY_BUTTON
09-11 19:18:13.676 24087 24087 I KeyguardPasswordView: set params.topMargin:799
09-11 19:18:13.695 24087 24087 D KeyguardPasswordView: H.UPDATE_EMERGENCY_BUTTON
09-11 19:18:13.695 24087 24087 I KeyguardPasswordView: set params.topMargin:799
09-11 19:18:13.714 24087 24087 D KeyguardPasswordView: H.UPDATE_EMERGENCY_BUTTON
09-11 19:18:13.714 24087 24087 I KeyguardPasswordView: set params.topMargin:799
09-11 19:18:13.731 24087 24087 D KeyguardPasswordView: H.UPDATE_EMERGENCY_BUTTON
09-11 19:18:13.732 24087 24087 I KeyguardPasswordView: set params.topMargin:799
09-11 19:18:13.749 24087 24087 D KeyguardPasswordView: H.UPDATE_EMERGENCY_BUTTON
09-11 19:18:13.749 24087 24087 I KeyguardPasswordView: set params.topMargin:799
09-11 19:18:13.770 24087 24087 D KeyguardPasswordView: H.UPDATE_EMERGENCY_BUTTON
09-11 19:18:13.770 24087 24087 I KeyguardPasswordView: set params.topMargin:799
09-11 19:18:13.790 24087 24087 D KeyguardPasswordView: H.UPDATE_EMERGENCY_BUTTON
09-11 19:18:13.791 24087 24087 I KeyguardPasswordView: set params.topMargin:799
09-11 19:18:13.809 24087 24087 D KeyguardPasswordView: H.UPDATE_EMERGENCY_BUTTON
09-11 19:18:13.810 24087 24087 I KeyguardPasswordView: set params.topMargin:799
09-11 19:18:13.830 24087 24087 D KeyguardPasswordView: H.UPDATE_EMERGENCY_BUTTON
09-11 19:18:13.831 24087 24087 I KeyguardPasswordView: set params.topMargin:799
09-11 19:18:13.848 24087 24087 D KeyguardPasswordView: H.UPDATE_EMERGENCY_BUTTON
09-11 19:18:13.848 24087 24087 I KeyguardPasswordView: set params.topMargin:799
09-11 19:18:13.866 24087 24087 D KeyguardPasswordView: H.UPDATE_EMERGENCY_BUTTON
09-11 19:18:13.866 24087 24087 I KeyguardPasswordView: set params.topMargin:799
09-11 19:18:13.884 24087 24087 D KeyguardPasswordView: H.UPDATE_EMERGENCY_BUTTON
09-11 19:18:13.884 24087 24087 I KeyguardPasswordView: set params.topMargin:799
09-11 19:18:13.903 24087 24087 D KeyguardPasswordView: H.UPDATE_EMERGENCY_BUTTON
09-11 19:18:13.903 24087 24087 I KeyguardPasswordView: set params.topMargin:799
09-11 19:18:13.922 24087 24087 D KeyguardPasswordView: H.UPDATE_EMERGENCY_BUTTON
09-11 19:18:13.922 24087 24087 I KeyguardPasswordView: set params.topMargin:799
09-11 19:18:13.942 24087 24087 D KeyguardPasswordView: H.UPDATE_EMERGENCY_BUTTON
09-11 19:18:13.943 24087 24087 I KeyguardPasswordView: set params.topMargin:799
09-11 19:18:13.959 24087 24087 D KeyguardPasswordView: H.UPDATE_EMERGENCY_BUTTON
09-11 19:18:13.960 24087 24087 I KeyguardPasswordView: set params.topMargin:799
09-11 19:18:13.978 24087 24087 D KeyguardPasswordView: H.UPDATE_EMERGENCY_BUTTON
09-11 19:18:13.979 24087 24087 I KeyguardPasswordView: set params.topMargin:799
09-11 19:18:13.997 24087 24087 D KeyguardPasswordView: H.UPDATE_EMERGENCY_BUTTON
09-11 19:18:13.997 24087 24087 I KeyguardPasswordView: set params.topMargin:799
09-11 19:18:14.015 24087 24087 D KeyguardPasswordView: H.UPDATE_EMERGENCY_BUTTON
09-11 19:18:14.016 24087 24087 I KeyguardPasswordView: set params.topMargin:799
09-11 19:18:14.033 24087 24087 D KeyguardPasswordView: H.UPDATE_EMERGENCY_BUTTON
09-11 19:18:14.033 24087 24087 I KeyguardPasswordView: set params.topMargin:799
09-11 19:18:14.050 24087 24087 D KeyguardPasswordView: H.UPDATE_EMERGENCY_BUTTON
09-11 19:18:14.051 24087 24087 I KeyguardPasswordView: set params.topMargin:799
09-11 19:18:14.067 24087 24087 D KeyguardPasswordView: H.UPDATE_EMERGENCY_BUTTON
09-11 19:18:14.068 24087 24087 I KeyguardPasswordView: set params.topMargin:799
09-11 19:18:14.088 24087 24087 D KeyguardPasswordView: H.UPDATE_EMERGENCY_BUTTON
09-11 19:18:14.089 24087 24087 I KeyguardPasswordView: set params.topMargin:799
09-11 19:18:14.109 24087 24087 D KeyguardPasswordView: H.UPDATE_EMERGENCY_BUTTON
09-11 19:18:14.109 24087 24087 I KeyguardPasswordView: set params.topMargin:799
09-11 19:18:14.129 24087 24087 D KeyguardPasswordView: H.UPDATE_EMERGENCY_BUTTON
09-11 19:18:14.130 24087 24087 I KeyguardPasswordView: set params.topMargin:799
09-11 19:18:14.150 24087 24087 D KeyguardPasswordView: H.UPDATE_EMERGENCY_BUTTON
09-11 19:18:14.150 24087 24087 I KeyguardPasswordView: set params.topMargin:799
09-11 19:18:14.170 24087 24087 D KeyguardPasswordView: H.UPDATE_EMERGENCY_BUTTON
09-11 19:18:14.171 24087 24087 I KeyguardPasswordView: set params.topMargin:799
09-11 19:18:14.190 24087 24087 D KeyguardPasswordView: H.UPDATE_EMERGENCY_BUTTON
09-11 19:18:14.190 24087 24087 I KeyguardPasswordView: set params.topMargin:799
09-11 19:18:14.211 24087 24087 D KeyguardPasswordView: H.UPDATE_EMERGENCY_BUTTON
09-11 19:18:14.212 24087 24087 I KeyguardPasswordView: set params.topMargin:799
09-11 19:18:14.229 24087 24087 D KeyguardPasswordView: H.UPDATE_EMERGENCY_BUTTON
09-11 19:18:14.230 24087 24087 I KeyguardPasswordView: set params.topMargin:799
09-11 19:18:14.248 24087 24087 D KeyguardPasswordView: H.UPDATE_EMERGENCY_BUTTON
09-11 19:18:14.248 24087 24087 I KeyguardPasswordView: set params.topMargin:799
09-11 19:18:14.268 24087 24087 D KeyguardPasswordView: H.UPDATE_EMERGENCY_BUTTON
09-11 19:18:14.269 24087 24087 I KeyguardPasswordView: set params.topMargin:799
09-11 19:18:14.289 24087 24087 D KeyguardPasswordView: H.UPDATE_EMERGENCY_BUTTON
09-11 19:18:14.289 24087 24087 I KeyguardPasswordView: set params.topMargin:799
09-11 19:18:14.307 24087 24087 D KeyguardPasswordView: H.UPDATE_EMERGENCY_BUTTON
09-11 19:18:14.307 24087 24087 I KeyguardPasswordView: set params.topMargin:799
09-11 19:18:14.325 24087 24087 D KeyguardPasswordView: H.UPDATE_EMERGENCY_BUTTON
09-11 19:18:14.325 24087 24087 I KeyguardPasswordView: set params.topMargin:799
09-11 19:18:14.345 24087 24087 D KeyguardPasswordView: H.UPDATE_EMERGENCY_BUTTON
09-11 19:18:14.346 24087 24087 I KeyguardPasswordView: set params.topMargin:799
09-11 19:18:14.362 24087 24087 D KeyguardPasswordView: H.UPDATE_EMERGENCY_BUTTON
09-11 19:18:14.362 24087 24087 I KeyguardPasswordView: set params.topMargin:799
09-11 19:18:14.381 24087 24087 D KeyguardPasswordView: H.UPDATE_EMERGENCY_BUTTON
09-11 19:18:14.381 24087 24087 I KeyguardPasswordView: set params.topMargin:799
09-11 19:18:14.404 24087 24087 D KeyguardPasswordView: H.UPDATE_EMERGENCY_BUTTON
09-11 19:18:14.405 24087 24087 I KeyguardPasswordView: set params.topMargin:799
09-11 19:18:14.419 24087 24087 D KeyguardPasswordView: H.UPDATE_EMERGENCY_BUTTON
09-11 19:18:14.420 24087 24087 I KeyguardPasswordView: set params.topMargin:799
09-11 19:18:14.436 24087 24087 D KeyguardPasswordView: H.UPDATE_EMERGENCY_BUTTON
09-11 19:18:14.437 24087 24087 I KeyguardPasswordView: set params.topMargin:799
09-11 19:18:14.454 24087 24087 D KeyguardPasswordView: H.UPDATE_EMERGENCY_BUTTON
09-11 19:18:14.455 24087 24087 I KeyguardPasswordView: set params.topMargin:799
09-11 19:18:14.472 24087 24087 D KeyguardPasswordView: H.UPDATE_EMERGENCY_BUTTON
09-11 19:18:14.473 24087 24087 I KeyguardPasswordView: set params.topMargin:799
09-11 19:18:14.490 24087 24087 D KeyguardPasswordView: H.UPDATE_EMERGENCY_BUTTON
09-11 19:18:14.491 24087 24087 I KeyguardPasswordView: set params.topMargin:799
09-11 19:18:14.508 24087 24087 D KeyguardPasswordView: H.UPDATE_EMERGENCY_BUTTON
09-11 19:18:14.509 24087 24087 I KeyguardPasswordView: set params.topMargin:799
09-11 19:18:14.526 24087 24087 D KeyguardPasswordView: H.UPDATE_EMERGENCY_BUTTON
09-11 19:18:14.526 24087 24087 I KeyguardPasswordView: set params.topMargin:799
09-11 19:18:14.543 24087 24087 D KeyguardPasswordView: H.UPDATE_EMERGENCY_BUTTON
09-11 19:18:14.544 24087 24087 I KeyguardPasswordView: set params.topMargin:799
09-11 19:18:14.560 24087 24087 D KeyguardPasswordView: H.UPDATE_EMERGENCY_BUTTON
09-11 19:18:14.561 24087 24087 I KeyguardPasswordView: set params.topMargin:799
09-11 19:18:14.577 24087 24087 D KeyguardPasswordView: H.UPDATE_EMERGENCY_BUTTON
09-11 19:18:14.578 24087 24087 I KeyguardPasswordView: set params.topMargin:799
09-11 19:18:14.595 24087 24087 D KeyguardPasswordView: H.UPDATE_EMERGENCY_BUTTON
09-11 19:18:14.596 24087 24087 I KeyguardPasswordView: set params.topMargin:799
09-11 19:18:14.612 24087 24087 D KeyguardPasswordView: H.UPDATE_EMERGENCY_BUTTON
09-11 19:18:14.613 24087 24087 I KeyguardPasswordView: set params.topMargin:799
09-11 19:18:14.630 24087 24087 D KeyguardPasswordView: H.UPDATE_EMERGENCY_BUTTON
09-11 19:18:14.631 24087 24087 I KeyguardPasswordView: set params.topMargin:799
09-11 19:18:14.647 24087 24087 D KeyguardPasswordView: H.UPDATE_EMERGENCY_BUTTON
09-11 19:18:14.647 24087 24087 I KeyguardPasswordView: set params.topMargin:799
09-11 19:18:14.665 24087 24087 D KeyguardPasswordView: H.UPDATE_EMERGENCY_BUTTON
09-11 19:18:14.665 24087 24087 I KeyguardPasswordView: set params.topMargin:799
09-11 19:18:14.682 24087 24087 D KeyguardPasswordView: H.UPDATE_EMERGENCY_BUTTON
09-11 19:18:14.682 24087 24087 I KeyguardPasswordView: set params.topMargin:799
09-11 19:18:14.699 24087 24087 D KeyguardPasswordView: H.UPDATE_EMERGENCY_BUTTON
09-11 19:18:14.700 24087 24087 I KeyguardPasswordView: set params.topMargin:799
09-11 19:18:14.716 24087 24087 D KeyguardPasswordView: H.UPDATE_EMERGENCY_BUTTON
09-11 19:18:14.716 24087 24087 I KeyguardPasswordView: set params.topMargin:799
09-11 19:18:14.734 24087 24087 D KeyguardPasswordView: H.UPDATE_EMERGENCY_BUTTON
09-11 19:18:14.734 24087 24087 I KeyguardPasswordView: set params.topMargin:799
09-11 19:18:14.751 24087 24087 D KeyguardPasswordView: H.UPDATE_EMERGENCY_BUTTON
09-11 19:18:14.752 24087 24087 I KeyguardPasswordView: set params.topMargin:799
09-11 19:18:14.769 24087 24087 D KeyguardPasswordView: H.UPDATE_EMERGENCY_BUTTON
09-11 19:18:14.769 24087 24087 I KeyguardPasswordView: set params.topMargin:799
09-11 19:18:14.786 24087 24087 D KeyguardPasswordView: H.UPDATE_EMERGENCY_BUTTON
09-11 19:18:14.787 24087 24087 I KeyguardPasswordView: set params.topMargin:799
09-11 19:18:14.803 24087 24087 D KeyguardPasswordView: H.UPDATE_EMERGENCY_BUTTON
09-11 19:18:14.803 24087 24087 I KeyguardPasswordView: set params.topMargin:799
09-11 19:18:14.821 24087 24087 D KeyguardPasswordView: H.UPDATE_EMERGENCY_BUTTON
09-11 19:18:14.822 24087 24087 I KeyguardPasswordView: set params.topMargin:799
09-11 19:18:14.838 24087 24087 D KeyguardPasswordView: H.UPDATE_EMERGENCY_BUTTON
09-11 19:18:14.838 24087 24087 I KeyguardPasswordView: set params.topMargin:799
09-11 19:18:14.855 24087 24087 D KeyguardPasswordView: H.UPDATE_EMERGENCY_BUTTON
09-11 19:18:14.855 24087 24087 I KeyguardPasswordView: set params.topMargin:799
09-11 19:18:14.872 24087 24087 D KeyguardPasswordView: H.UPDATE_EMERGENCY_BUTTON
09-11 19:18:14.873 24087 24087 I KeyguardPasswordView: set params.topMargin:799
09-11 19:18:14.890 24087 24087 D KeyguardPasswordView: H.UPDATE_EMERGENCY_BUTTON
09-11 19:18:14.891 24087 24087 I KeyguardPasswordView: set params.topMargin:799
09-11 19:18:14.908 24087 24087 D KeyguardPasswordView: H.UPDATE_EMERGENCY_BUTTON
09-11 19:18:14.908 24087 24087 I KeyguardPasswordView: set params.topMargin:799
09-11 19:18:14.926 24087 24087 D KeyguardPasswordView: H.UPDATE_EMERGENCY_BUTTON
09-11 19:18:14.926 24087 24087 I KeyguardPasswordView: set params.topMargin:799
09-11 19:18:14.943 24087 24087 D KeyguardPasswordView: H.UPDATE_EMERGENCY_BUTTON
09-11 19:18:14.944 24087 24087 I KeyguardPasswordView: set params.topMargin:799
09-11 19:18:14.960 24087 24087 D KeyguardPasswordView: H.UPDATE_EMERGENCY_BUTTON
09-11 19:18:14.961 24087 24087 I KeyguardPasswordView: set params.topMargin:799
09-11 19:18:14.978 24087 24087 D KeyguardPasswordView: H.UPDATE_EMERGENCY_BUTTON
09-11 19:18:14.978 24087 24087 I KeyguardPasswordView: set params.topMargin:799
09-11 19:18:14.995 24087 24087 D KeyguardPasswordView: H.UPDATE_EMERGENCY_BUTTON
09-11 19:18:14.996 24087 24087 I KeyguardPasswordView: set params.topMargin:799
09-11 19:18:15.013 24087 24087 D KeyguardPasswordView: H.UPDATE_EMERGENCY_BUTTON
09-11 19:18:15.014 24087 24087 I KeyguardPasswordView: set params.topMargin:799
09-11 19:18:15.032 24087 24087 D KeyguardPasswordView: H.UPDATE_EMERGENCY_BUTTON
09-11 19:18:15.032 24087 24087 I KeyguardPasswordView: set params.topMargin:799
09-11 19:18:15.051 24087 24087 D KeyguardPasswordView: H.UPDATE_EMERGENCY_BUTTON
09-11 19:18:15.051 24087 24087 I KeyguardPasswordView: set params.topMargin:799
09-11 19:18:15.072 24087 24087 D KeyguardPasswordView: H.UPDATE_EMERGENCY_BUTTON
09-11 19:18:15.072 24087 24087 I KeyguardPasswordView: set params.topMargin:799
09-11 19:18:15.089 24087 24087 D KeyguardPasswordView: H.UPDATE_EMERGENCY_BUTTON
09-11 19:18:15.089 24087 24087 I KeyguardPasswordView: set params.topMargin:799
09-11 19:18:15.107 24087 24087 D KeyguardPasswordView: H.UPDATE_EMERGENCY_BUTTON
09-11 19:18:15.107 24087 24087 I KeyguardPasswordView: set params.topMargin:799
09-11 19:18:15.125 24087 24087 D KeyguardPasswordView: H.UPDATE_EMERGENCY_BUTTON
09-11 19:18:15.125 24087 24087 I KeyguardPasswordView: set params.topMargin:799
09-11 19:18:15.137  3818  3880 I ThermalEngine: Monitor : quiet_therm = 34019, msm_therm = 36406, xo_therm = 35729, battery_therm = 331,current_now = -377000
09-11 19:18:15.144  8627  8627 D DeviceStatisticsService: chargerType=2 batteryLevel=41 totalBatteryCapacity=3781300
09-11 19:18:15.145 14890 14890 W WM-WorkSpec: Interval duration lesser than minimum allowed value; Changed to 900000
09-11 19:18:15.145 14890 14890 W WM-WorkSpec: Flex duration lesser than minimum allowed value; Changed to 300000
09-11 19:18:15.149 14890 14959 W System.err: java.lang.NullPointerException: Attempt to invoke virtual method 'void android.bluetooth.le.BluetoothLeAdvertiser.stopAdvertisingSet(android.bluetooth.le.AdvertisingSetCallback)' on a null object reference
09-11 19:18:15.149 14890 14959 W System.err: 	at u4.e(SourceFile:2)
09-11 19:18:15.149 14890 14959 W System.err: 	at u4.g(SourceFile:4)
09-11 19:18:15.149 14890 14959 W System.err: 	at v7.b(SourceFile:3)
09-11 19:18:15.149 24087 24087 I OpUtils : isSupportWarpCharging:false
09-11 19:18:15.149 14890 14959 W System.err: 	at v7.h(Unknown Source:0)
09-11 19:18:15.149 14890 14959 W System.err: 	at n0.run(Unknown Source:8)
09-11 19:18:15.149 24087 24087 D OpSWarpChargingView: level is same as latest one [41]
09-11 19:18:15.149 14890 14959 W System.err: 	at java.util.concurrent.ThreadPoolExecutor.runWorker(ThreadPoolExecutor.java:1167)
09-11 19:18:15.149 14890 14959 W System.err: 	at java.util.concurrent.ThreadPoolExecutor$Worker.run(ThreadPoolExecutor.java:641)
09-11 19:18:15.149 14890 14959 W System.err: 	at java.lang.Thread.run(Thread.java:923)
09-11 19:18:15.150 14890 14959 W System.err: java.lang.NullPointerException: Attempt to invoke virtual method 'void android.bluetooth.le.BluetoothLeAdvertiser.startAdvertisingSet(android.bluetooth.le.AdvertisingSetParameters, android.bluetooth.le.AdvertiseData, android.bluetooth.le.AdvertiseData, android.bluetooth.le.PeriodicAdvertisingParameters, android.bluetooth.le.AdvertiseData, int, int, android.bluetooth.le.AdvertisingSetCallback)' on a null object reference
09-11 19:18:15.150 14890 14959 W System.err: 	at u4.g(SourceFile:8)
