09-11 19:19:08.553  7677  7677 D LauncherApplication: onConfigurationChanged# old: {1.0  724mcc5mnc [en_US,pt_BR] ldltr sw384dp w384dp h734dp 450dpi nrml long hdr widecg port force dark=0 finger -keyb/v/h -nav/h winConfig={ mBounds=Rect(0, 0 - 1080, 2280) mAppBounds=Rect(0, 79 - 1080, 2145) mWindowingMode=fullscreen mDisplayWindowingMode=fullscreen mActivityType=undefined mAlwaysOnTop=undefined mRotation=ROTATION_0} s.141639FontSeq = 1, FontUserId = 0, FontID = 1}
09-11 19:19:08.553  7677  7677 D LauncherApplication: onConfigurationChanged# new: {1.0  724mcc5mnc [en_US,pt_BR] ldltr sw384dp w336dp h734dp 450dpi nrml long hdr widecg port force dark=0 finger -keyb/v/h -nav/h winConfig={ mBounds=Rect(0, 0 - 1080, 2280) mAppBounds=Rect(0, 79 - 1080, 2145) mWindowingMode=fullscreen mDisplayWindowingMode=fullscreen mActivityType=undefined mAlwaysOnTop=undefined mRotation=ROTATION_0} s.141692FontSeq = 1, FontUserId = 0, FontID = 1}
09-11 19:19:08.559  1098  2855 E surfaceflinger: [frame_perf] AutoTurboBoostQuery fd<0 failed, errno=Inappropriate ioctl for device
09-11 19:19:08.559  1098  2855 E surfaceflinger: [frame_perf] AutoBoostConfigQuery fd<0 failed, errno=No such file or directory
09-11 19:19:08.559 24442 24442 W Choreographer: Already have a pending vsync event.  There should only be one at a time.
09-11 19:19:08.561  1555  1715 D Letterbox: show it
09-11 19:19:08.562 24087 24087 E ndroid.systemu: Invalid ID 0x00000000.
09-11 19:19:08.567  1098  1098 E CompositionEngine: map unknown (BT709 sRGB Full range)/(Unknown RenderIntent) to default color mode
09-11 19:19:08.577 24087 24087 E ndroid.systemu: Invalid ID 0x00000000.
09-11 19:19:08.577 24087 24087 E ndroid.systemu: Invalid ID 0x00000000.
09-11 19:19:08.582  1098  1098 E CompositionEngine: map unknown (BT709 sRGB Full range)/(Unknown RenderIntent) to default color mode
09-11 19:19:08.587 24087 24087 E ndroid.systemu: Invalid ID 0x00000000.
09-11 19:19:08.594 24087 24087 I OpThreekeyVolumeGuideControllerImpl: onConfigChanged, newConfig.orientation:2
09-11 19:19:08.594 24087 24087 I OpThreekeyVolumeGuideControllerImpl: dismiss, reason:0
09-11 19:19:08.594 24087 24087 I OpThreekeyVolumeGuideControllerImpl: dismiss, reason:1
09-11 19:19:08.594 24087 24087 I OpThreekeyVolumeGuideControllerImpl: dismiss, reason:2
09-11 19:19:08.594 24087 24087 I OpThreekeyVolumeGuideControllerImpl: dismiss, reason:3
09-11 19:19:08.598  1098  1098 E CompositionEngine: map unknown (BT709 sRGB Full range)/(Unknown RenderIntent) to default color mode
09-11 19:19:08.615  1098  1098 E CompositionEngine: map unknown (BT709 sRGB Full range)/(Unknown RenderIntent) to default color mode
09-11 19:19:08.627  7677  7677 D LauncherApplication: onConfigurationChanged# old: {1.0  724mcc5mnc [en_US,pt_BR] ldltr sw384dp w336dp h734dp 450dpi nrml long hdr widecg port force dark=0 finger -keyb/v/h -nav/h winConfig={ mBounds=Rect(0, 0 - 1080, 2280) mAppBounds=Rect(0, 79 - 1080, 2145) mWindowingMode=fullscreen mDisplayWindowingMode=fullscreen mActivityType=undefined mAlwaysOnTop=undefined mRotation=ROTATION_0} s.141692FontSeq = 1, FontUserId = 0, FontID = 1}
09-11 19:19:08.627  7677  7677 D LauncherApplication: onConfigurationChanged# new: {1.0  724mcc5mnc [en_US,pt_BR] ldltr sw384dp w734dp h355dp 450dpi nrml long hdr widecg land force dark=0 finger -keyb/v/h -nav/h winConfig={ mBounds=Rect(0, 0 - 2280, 1080) mAppBounds=Rect(135, 0 - 2201, 1080) mWindowingMode=fullscreen mDisplayWindowingMode=fullscreen mActivityType=undefined mAlwaysOnTop=undefined mRotation=ROTATION_270} s.141735FontSeq = 1, FontUserId = 0, FontID = 1}
09-11 19:19:08.632 24087 24087 D OpChargingAnimationControllerImpl: onConfigChanged / newConfig:{1.0  724mcc5mnc [en_US,pt_BR] ldltr sw384dp w734dp h355dp 450dpi nrml long hdr widecg land force dark=0 finger -keyb/v/h -nav/h winConfig={ mBounds=Rect(0, 0 - 2280, 1080) mAppBounds=Rect(135, 0 - 2201, 1080) mWindowingMode=fullscreen mDisplayWindowingMode=fullscreen mActivityType=undefined mAlwaysOnTop=undefined mRotation=ROTATION_270} s.141699FontSeq = 1, FontUserId = 0, FontID = 1}
09-11 19:19:08.632  1098  1098 E CompositionEngine: map unknown (BT709 sRGB Full range)/(Unknown RenderIntent) to default color mode
09-11 19:19:08.634 24087 24087 D OpStatusBar: mThemeColor=0x0 -> 0x0, mAccentColor=0xffc41442 -> 0xffc41442, mSpecialTheme=false -> false, mGoogleDarkTheme=true -> false
09-11 19:19:08.635 24087 24087 I OpSimpleLineView: onConfigChanged, mIsRTL:false, newConfig:{1.0  724mcc5mnc [en_US,pt_BR] ldltr sw384dp w734dp h355dp 450dpi nrml long hdr widecg land force dark=0 finger -keyb/v/h -nav/h winConfig={ mBounds=Rect(0, 0 - 2280, 1080) mAppBounds=Rect(135, 0 - 2201, 1080) mWindowingMode=fullscreen mDisplayWindowingMode=fullscreen mActivityType=undefined mAlwaysOnTop=undefined mRotation=ROTATION_270} s.141699FontSeq = 1, FontUserId = 0, FontID = 1}
09-11 19:19:08.635 24087 24087 I OpSimpleLineView: onConfigChanged, mIsRTL:false, newConfig:{1.0  724mcc5mnc [en_US,pt_BR] ldltr sw384dp w734dp h355dp 450dpi nrml long hdr widecg land force dark=0 finger -keyb/v/h -nav/h winConfig={ mBounds=Rect(0, 0 - 2280, 1080) mAppBounds=Rect(135, 0 - 2201, 1080) mWindowingMode=fullscreen mDisplayWindowingMode=fullscreen mActivityType=undefined mAlwaysOnTop=undefined mRotation=ROTATION_270} s.141699FontSeq = 1, FontUserId = 0, FontID = 1}
09-11 19:19:08.635 24087 24087 D ConfigurationController: onConfigurationChanged, oldUiMode: 16, newUiMode: 16, oldSpecialTheme = false, newSpecialTheme = false
09-11 19:19:08.649  1098  1098 E CompositionEngine: map unknown (BT709 sRGB Full range)/(Unknown RenderIntent) to default color mode
09-11 19:19:08.656 24087 24087 D BiometricPrompt/AuthController: onConfigurationChanged
09-11 19:19:08.656 24087 24087 D OpBiometricDialogImpl: onConfigurationChanged: landscape , ([OpFingerprintBlockTouchView]: mShowingRequest: false, isAttachedToWindow: false), mQLShowing = false, pressState = ([OpFodFingerTouchValidator]: aodMode: false, fingerOnView: false, fingerOnSensor: false), authenticated= false, faceUnlocked= false
09-11 19:19:08.658 24087 24087 D KeyButtonView:  setImageDrawable HasOvalBg=false hasOvalBg()=false DarkIntensity=0.0
09-11 19:19:08.658 24087 24087 I chatty  : uid=10039(com.android.systemui) identical 4 lines
09-11 19:19:08.658 24087 24087 D KeyButtonView:  setImageDrawable HasOvalBg=false hasOvalBg()=false DarkIntensity=0.0
09-11 19:19:08.658 24087 24087 D StatusBar/NavBarView: showImeSwitcher:false,disableImeSwitcher:false
09-11 19:19:08.659 24087 24087 E ndroid.systemu: Invalid ID 0x00000000.
09-11 19:19:08.665  1098  1098 E CompositionEngine: map unknown (BT709 sRGB Full range)/(Unknown RenderIntent) to default color mode
09-11 19:19:08.665 24087 24191 I ScreenDecorations: receive onConfigurationChanged, newConfig.orientation:2, getRotation:2
09-11 19:19:08.667 24087 24191 E ndroid.systemu: Invalid ID 0x00000000.
09-11 19:19:08.672 24087 24087 E ndroid.systemu: Invalid ID 0x00000000.
09-11 19:19:08.672 24087 24087 I chatty  : uid=10039(com.android.systemui) identical 1 line
09-11 19:19:08.673 24087 24087 E ndroid.systemu: Invalid ID 0x00000000.
09-11 19:19:08.673 24087 24191 E ndroid.systemu: Invalid ID 0x00000000.
09-11 19:19:08.673 24087 24087 E ndroid.systemu: Invalid ID 0x00000000.
09-11 19:19:08.674 24087 24087 I chatty  : uid=10039(com.android.systemui) identical 12 lines
09-11 19:19:08.674 24087 24087 E ndroid.systemu: Invalid ID 0x00000000.
09-11 19:19:08.682  1098  1098 E CompositionEngine: map unknown (BT709 sRGB Full range)/(Unknown RenderIntent) to default color mode
09-11 19:19:08.683 24087 24087 D StatusBar/NavBarView: onApplyWindowInsets: leftInset:0, rightInset:0,isGesturalMode:false,isLandScape:true
09-11 19:19:08.686 11404 11404 E OPWeather@GetLocatedCity: invoke# neither gps nor network location provider is enabled
09-11 19:19:08.686 11404 11404 D LocatedCityDataRepository: getLocatedCity# invalid location
09-11 19:19:08.686 11404 11404 E OPWeather@GetLocatedCity: getLocatedCity# failed to get located city, error: invalid location
09-11 19:19:08.687  7677  7677 D WeatherProvider: onChange() called with: selfChange = [false]
09-11 19:19:08.687  7677  7677 D WeatherProvider: onChange() isSufficientTimeGapToCallOnChnage()
09-11 19:19:08.687  7677  7677 D WeatherProvider: getWeatherUpdate() called with: isFromTestWeatherObserver = [false]
09-11 19:19:08.699  1098  1098 E CompositionEngine: map unknown (BT709 sRGB Full range)/(Unknown RenderIntent) to default color mode
09-11 19:19:08.702 18173 18173 I AbstractOpenableExtension: AbstractOpenableExtension.maybeDestroyExistingKeyboardGroupManager():511 Destroy existing keyboard group manager in ebb
09-11 19:19:08.702 18173 18173 I AbstractOpenableExtension: AbstractOpenableExtension.createKeyboardGroupManagerListenableFuture():123 Create keyboard group manager listenable future in ebb
09-11 19:19:08.702 18173 18173 I AbstractOpenableExtension: AbstractOpenableExtension.maybeDestroyExistingKeyboardGroupManager():511 Destroy existing keyboard group manager in cnl
09-11 19:19:08.703 18173 18173 I AbstractOpenableExtension: AbstractOpenableExtension.createKeyboardGroupManagerListenableFuture():123 Create keyboard group manager listenable future in cnl
09-11 19:19:08.704 18173 18173 I AbstractOpenableExtension: AbstractOpenableExtension.maybeDestroyExistingKeyboardGroupManager():511 Destroy existing keyboard group manager in dzo
09-11 19:19:08.704 18173 18173 I AbstractOpenableExtension: AbstractOpenableExtension.createKeyboardGroupManagerListenableFuture():123 Create keyboard group manager listenable future in dzo
09-11 19:19:08.704 18173 18173 I AbstractOpenableExtension: AbstractOpenableExtension.maybeDestroyExistingKeyboardGroupManager():511 Destroy existing keyboard group manager in ecr
09-11 19:19:08.704 18173 18173 I AbstractOpenableExtension: AbstractOpenableExtension.createKeyboardGroupManagerListenableFuture():123 Create keyboard group manager listenable future in ecr
09-11 19:19:08.706 18173 18173 I DeviceModeUtil: DeviceModeUtil.getDeviceMode():121 Get device mode phone by ui mode:1 and smallestScreenWidthDp:384
09-11 19:19:08.712 24087 24087 E ndroid.systemu: Invalid ID 0x00000000.
09-11 19:19:08.713 24087 24087 I chatty  : uid=10039(com.android.systemui) identical 2 lines
09-11 19:19:08.713 24087 24087 E ndroid.systemu: Invalid ID 0x00000000.
09-11 19:19:08.713 24087 24087 D KeyButtonView:  setImageDrawable HasOvalBg=false hasOvalBg()=false DarkIntensity=0.0
09-11 19:19:08.713 24087 24087 D KeyButtonView:  setImageDrawable HasOvalBg=false hasOvalBg()=false DarkIntensity=0.0
09-11 19:19:08.713 24087 24087 D StatusBar/NavBarView: onApplyWindowInsets: leftInset:0, rightInset:0,isGesturalMode:false,isLandScape:true
09-11 19:19:08.714 24087 24087 D KeyButtonView:  setImageDrawable HasOvalBg=false hasOvalBg()=false DarkIntensity=0.0
09-11 19:19:08.714 24087 24087 I chatty  : uid=10039(com.android.systemui) identical 4 lines
09-11 19:19:08.714 24087 24087 D KeyButtonView:  setImageDrawable HasOvalBg=false hasOvalBg()=false DarkIntensity=0.0
09-11 19:19:08.714 24087 24087 D StatusBar/NavBarView: showImeSwitcher:false,disableImeSwitcher:false
09-11 19:19:08.714 18173 24724 I KeyboardGroupDefParser: KeyboardGroupDefParser.parseKeyboardGroupDef():87 parseKeyboardGroupDef() 2132214021 -> 0_resource_name_obfuscated : WaitTime = 1 ms : RunTime = 11 ms
09-11 19:19:08.715  1098  1098 E CompositionEngine: map unknown (BT709 sRGB Full range)/(Unknown RenderIntent) to default color mode
09-11 19:19:08.715  7677  7701 D TouchInteractionService: onActiveNavBarRegionChanges# region: SkRegion((0,215,135,426)(0,895,135,1057))
09-11 19:19:08.716 24087 24087 D KeyButtonRipple:  draw SupportHardware=true Type=ROUNDED_RECT
09-11 19:19:08.717 24087 24087 I chatty  : uid=10039(com.android.systemui) identical 1 line
09-11 19:19:08.717 24087 24087 D KeyButtonRipple:  draw SupportHardware=true Type=ROUNDED_RECT
09-11 19:19:08.721 24087 24087 I OpChargingAnimationControllerImpl: releaseAsset
09-11 19:19:08.724 18173 24653 I KeyboardGroupDefParser: KeyboardGroupDefParser.parseKeyboardGroupDef():87 parseKeyboardGroupDef() 2132214019 -> 0_resource_name_obfuscated : WaitTime = 0 ms : RunTime = 20 ms
09-11 19:19:08.727  2914  2924 D IHansComunication: HANS handleMessage: Got message from kernel
09-11 19:19:08.727  2914  2924 E IHansComunication: HANS printMessageBody: RCVed message body: type = 0, port = 86870, caller_pid = 1555, target_uid = 10281, pkg_cmd = -1
09-11 19:19:08.727  2914  2924 D IHansComunication: sendMsgToFW--type: 0, callerPid: 1555, targetUid: 10281
09-11 19:19:08.732  1098  1098 E CompositionEngine: map unknown (BT709 sRGB Full range)/(Unknown RenderIntent) to default color mode
09-11 19:19:08.743 18173 24657 I KeyboardGroupDefParser: KeyboardGroupDefParser.parseKeyboardGroupDef():87 parseKeyboardGroupDef() 2132214028 -> 0_resource_name_obfuscated : WaitTime = 1 ms : RunTime = 31 ms
09-11 19:19:08.743 18173 24725 I KeyboardGroupDefParser: KeyboardGroupDefParser.parseKeyboardGroupDef():87 parseKeyboardGroupDef() 2132214027 -> 0_resource_name_obfuscated : WaitTime = 6 ms : RunTime = 35 ms
09-11 19:19:08.744 18173 18173 I KeyboardModeManager: KeyboardModeManager.setInputView():357 setInputView() : supportsOneHandedMode=false
09-11 19:19:08.744 18173 18173 I NormalModeController: NormalModeController.getKeyboardBodyViewHolderPaddingBottom():111 currentPrimeKeyboardType:SOFT systemPaddingBottom:19
09-11 19:19:08.748  1098  1098 E CompositionEngine: map unknown (BT709 sRGB Full range)/(Unknown RenderIntent) to default color mode
09-11 19:19:08.749 18173 18173 I GoogleInputMethodService: GoogleInputMethodService.updateKeyboardModeManagerInputView():987 updateKeyboardModeManagerInputView() : entry=hrh{languageTag=pt-BR, variant=qwerty, hasLocalizedResources=true, conditionCacheKey=_device=phone_device_size=default_enable_adaptive_text_editing=false_enable_inline_suggestions_on_client_side=true_enable_large_tablet_batch_1=false_enable_more_candidates_view_for_multilingual=false_enable_nav_redesign=false_enable_number_row=false_enable_preemptive_decode=true_enable_secondary_symbols=false_keyboard_mode=normal_language=pt-BR_orientation=portrait_show_suggestions=true_split_with_duplicate_keys=true_variant=qwerty, imeDef.stringId=ime_portuguese_brazil, imeDef.className=com.google.android.apps.inputmethod.libs.latin5.LatinIme, imeDef.languageTag=pt-BR}
09-11 19:19:08.762 24087 24087 D LightBarController:  updateStatus numStacks=1
09-11 19:19:08.766 24087 26172 I SplitScreenTaskOrg: onTaskInfoChanged: , taskInfo.displayId:0
09-11 19:19:08.766 24087 26172 I SplitScreenTaskOrg: onTaskInfoChanged: , taskInfo.displayId:0
09-11 19:19:08.772 24087 24087 D KeyButtonView:  setImageDrawable HasOvalBg=false hasOvalBg()=false DarkIntensity=0.0
09-11 19:19:08.772 24087 24087 I chatty  : uid=10039(com.android.systemui) identical 4 lines
09-11 19:19:08.772 24087 24087 D KeyButtonView:  setImageDrawable HasOvalBg=false hasOvalBg()=false DarkIntensity=0.0
09-11 19:19:08.772 24087 24087 D StatusBar/NavBarView: showImeSwitcher:false,disableImeSwitcher:false
09-11 19:19:08.773 24087 24087 D NavigationBar:  Set navigation bar touchable when for 3-button mode
09-11 19:19:08.778 24087 24087 D StatusBar/NavBarView: onApplyWindowInsets: leftInset:0, rightInset:0,isGesturalMode:false,isLandScape:true
09-11 19:19:08.780  7677  7701 D TouchInteractionService: onActiveNavBarRegionChanges# region: SkRegion((0,215,135,426)(0,895,135,1057))
09-11 19:19:08.781 24087 24087 D KeyButtonRipple:  draw SupportHardware=true Type=ROUNDED_RECT
09-11 19:19:08.781 24087 24087 I chatty  : uid=10039(com.android.systemui) identical 1 line
09-11 19:19:08.781 24087 24087 D KeyButtonRipple:  draw SupportHardware=true Type=ROUNDED_RECT
09-11 19:19:08.783  1098  1098 E CompositionEngine: map unknown (BT709 sRGB Full range)/(Unknown RenderIntent) to default color mode
09-11 19:19:08.799 22057 22057 D WeatherDataReceiver: onReceive: net.oneplus.weather.receiver.update
09-11 19:19:08.799  1098  1098 E CompositionEngine: map unknown (BT709 sRGB Full range)/(Unknown RenderIntent) to default color mode
09-11 19:19:08.801 22057 22057 D WeatherDataReceiver: onReceive: weather.update.onConfigurationChanged
09-11 19:19:08.806 24087 24087 V KeyguardStatusView: Enable transport text marquee
09-11 19:19:08.807 18173 18173 I DeviceModeUtil: DeviceModeUtil.getDeviceMode():121 Get device mode phone by ui mode:1 and smallestScreenWidthDp:384
09-11 19:19:08.807 18173 18173 I chatty  : uid=10068(com.google.android.inputmethod.latin) identical 1 line
09-11 19:19:08.808 18173 18173 I DeviceModeUtil: DeviceModeUtil.getDeviceMode():121 Get device mode phone by ui mode:1 and smallestScreenWidthDp:384
09-11 19:19:08.808 18173 18173 I GoogleInputMethodService: GoogleInputMethodService.initializeKeyboardTheme():1433 Apply keyboard theme: theme_border_stylesheet_materiallight_phone_350_builtin_material_light.binarypb_land
09-11 19:19:08.811 24087 24087 D KeyButtonRipple:  draw SupportHardware=true Type=ROUNDED_RECT
09-11 19:19:08.811 24087 24087 I chatty  : uid=10039(com.android.systemui) identical 1 line
09-11 19:19:08.811 24087 24087 D KeyButtonRipple:  draw SupportHardware=true Type=ROUNDED_RECT
09-11 19:19:08.816  1098  1098 E CompositionEngine: map unknown (BT709 sRGB Full range)/(Unknown RenderIntent) to default color mode
09-11 19:19:08.817 24442 24442 D DecorView: onWindowFocusChangedFromViewRoot hasFocus: true, DecorView@488bdce[MainActivity]
09-11 19:19:08.819 24442 24442 D ViewRootImpl[MainActivity]: windowFocusChanged hasFocus=true inTouchMode=true
09-11 19:19:08.829 18173 18173 I DeviceModeUtil: DeviceModeUtil.getDeviceMode():121 Get device mode phone by ui mode:1 and smallestScreenWidthDp:384
09-11 19:19:08.836 18173 18173 I InputMethodEntryManager: InputMethodEntryManager.startLoadingInputMethodEntrySettings():773 Start loading input method entry settings: [LanguageTagVariantTuple{languageTag=pt-BR, variant=qwerty}, LanguageTagVariantTuple{languageTag=en-US, variant=qwerty}]
09-11 19:19:08.837 18173 18173 I InputMethodEntryManager: InputMethodEntryManager.updateInputMethodEntrySettingsLoadingTask():861 update loading task with resetImplicitlyEnabledEntries is false
09-11 19:19:08.837 18173 18173 I NormalModeController: NormalModeController.getKeyboardBodyViewHolderPaddingBottom():111 currentPrimeKeyboardType:SOFT systemPaddingBottom:-1
09-11 19:19:08.838  1098  1098 E CompositionEngine: map unknown (BT709 sRGB Full range)/(Unknown RenderIntent) to default color mode
09-11 19:19:08.840  1555  1715 W ImageReader_JNI: Unable to acquire a buffer item, very likely client tried to acquire more than maxImages buffers
09-11 19:19:08.862 18173 18173 I KeyboardViewUtil: KeyboardViewUtil.getKeyboardHeightRatio():159 systemKeyboardHeightRatio:1.000000; userKeyboardHeightRatio:1.000000.
09-11 19:19:08.867 18173 18173 I KeyboardViewUtil: KeyboardViewUtil.getKeyboardHeightRatio():159 systemKeyboardHeightRatio:1.000000; userKeyboardHeightRatio:1.000000.
09-11 19:19:08.874 21231 24729 I AmazonVideo: The following locales are not supported because strings are unavailable: [es_ES, fr_FR, it_IT, de_DE, nl_NL, ja_JP, el_GR, ro_RO, hu_HU, cs_CZ]
09-11 19:19:08.884  1098  1098 E CompositionEngine: map unknown (BT709 sRGB Full range)/(Unknown RenderIntent) to default color mode
09-11 19:19:08.886 18173 18173 I KeyboardViewUtil: KeyboardViewUtil.getKeyboardHeightRatio():159 systemKeyboardHeightRatio:1.000000; userKeyboardHeightRatio:1.000000.
09-11 19:19:08.887 18173 18173 I KeyboardViewUtil: KeyboardViewUtil.getKeyboardHeightRatio():159 systemKeyboardHeightRatio:1.000000; userKeyboardHeightRatio:1.000000.
09-11 19:19:08.896  7677  7775 D WM-PackageManagerHelper: androidx.work.impl.background.systemalarm.RescheduleReceiver enabled
09-11 19:19:08.903 21231 24729 I AmazonVideo: The following locales are supported and have strings available: [pt_BR, en_US, pl_PL, hi_IN, sv_SE, nb_NO, da_DK, ta_IN, te_IN, fi_FI, tr_TR, in_ID, zh_CN, zh_TW, ru_RU, ko_KR, th_TH, pt_PT, fil_PH, ms_MY, ar_AE, iw_IL]
09-11 19:19:08.910  7677  7775 D WM-SystemJobScheduler: Scheduling work ID 5e53ea1a-4f35-4fd5-8542-9a49a7680dd2 Job ID 39061
09-11 19:19:08.913  7677  7775 D WM-GreedyScheduler: Starting tracking for [5e53ea1a-4f35-4fd5-8542-9a49a7680dd2]
09-11 19:19:08.917  1098  1098 E CompositionEngine: map unknown (BT709 sRGB Full range)/(Unknown RenderIntent) to default color mode
09-11 19:19:08.917 22057 22131 D WeatherDataReceiver: temp is : 18
09-11 19:19:08.917 22057 22131 D WeatherDataReceiver: weatherName is : Cloudy
09-11 19:19:08.919 18173 18173 I KeyboardViewUtil: KeyboardViewUtil.getKeyboardHeightRatio():159 systemKeyboardHeightRatio:1.000000; userKeyboardHeightRatio:1.000000.
09-11 19:19:08.919 22057 22131 I WeatherWidgetUtils: weather - getViewType, minWidth=559.6875, maxHeight=509.0625
09-11 19:19:08.920 22057 22131 D OPWidget.Utils: isQHDPlus: opResolutionMode = null, oplusResolutionMode = null
09-11 19:19:08.920 22057 22131 D OPWidget.Utils: isQHDPlus: opResolutionMode = null, oplusResolutionMode = null
09-11 19:19:08.920 22057 22131 D WeatherWidgetUtils: isQHDPlus: false
09-11 19:19:08.920 22057 22131 D WeatherWidgetUtils: getRemoteViews weather_large_layout
09-11 19:19:08.922 21231 24729 I AmazonVideo: Locale did not change (LocaleInfo{locale=en_US, localeResolutionReason=OS_LANGUAGE, supportedLocales=[pt_BR, en_US, pl_PL, hi_IN, sv_SE, nb_NO, da_DK, ta_IN, te_IN, fi_FI, tr_TR, in_ID, zh_CN, zh_TW, ru_RU, ko_KR, th_TH, pt_PT, fil_PH, ms_MY, ar_AE, iw_IL], localizationErrorCode=Optional.absent()}) no action required. Application locale: Optional.absent(), OS locale: en_US
09-11 19:19:08.927  7677  7775 D WM-ConstraintTracker: NetworkStateTracker: initial state = [ Connected=true Validated=true Metered=false NotRoaming=true ]
09-11 19:19:08.927  7677  7775 D WM-NetworkStateTracker: Registering network callback
09-11 19:19:08.928  7677  7775 D WM-WorkConstraintsTrack: Constraints met for 5e53ea1a-4f35-4fd5-8542-9a49a7680dd2
09-11 19:19:08.928  7677  7775 D WM-GreedyScheduler: Constraints met: Scheduling work ID 5e53ea1a-4f35-4fd5-8542-9a49a7680dd2
09-11 19:19:08.928  7677  7677 D WM-SystemJobService: onStartJob for 5e53ea1a-4f35-4fd5-8542-9a49a7680dd2
09-11 19:19:08.928  3155  3155 D PhoneSwitcherNetworkRequstListener: got request NetworkRequest [ TRACK_DEFAULT id=41485, [ Capabilities: INTERNET&NOT_RESTRICTED&TRUSTED Uid: 10053 AdministratorUids: [] RequestorUid: 10053 RequestorPackageName: net.oneplus.launcher] ] with score 60 and providerId 5
09-11 19:19:08.928  3155  3155 D PhoneSwitcherNetworkRequstListener: needNetworkFor NetworkRequest [ TRACK_DEFAULT id=41485, [ Capabilities: INTERNET&NOT_RESTRICTED&TRUSTED Uid: 10053 AdministratorUids: [] RequestorUid: 10053 RequestorPackageName: net.oneplus.launcher] ], 60
09-11 19:19:08.928  1555  2270 D WifiNetworkFactory: got request NetworkRequest [ TRACK_DEFAULT id=41485, [ Capabilities: INTERNET&NOT_RESTRICTED&TRUSTED Uid: 10053 AdministratorUids: [] RequestorUid: 10053 RequestorPackageName: net.oneplus.launcher] ] with score 60 and providerId 5
09-11 19:19:08.929  1555  2270 D UntrustedWifiNetworkFactory: got request NetworkRequest [ TRACK_DEFAULT id=41485, [ Capabilities: INTERNET&NOT_RESTRICTED&TRUSTED Uid: 10053 AdministratorUids: [] RequestorUid: 10053 RequestorPackageName: net.oneplus.launcher] ] with score 60 and providerId 5
09-11 19:19:08.929  7677  7775 D WM-Processor: Processor: processing 5e53ea1a-4f35-4fd5-8542-9a49a7680dd2
09-11 19:19:08.929  7677  7775 D WM-Processor: Work 5e53ea1a-4f35-4fd5-8542-9a49a7680dd2 is already enqueued for processing
09-11 19:19:08.929  7677  7793 D WM-NetworkStateTracker: Network capabilities changed: [ Transports: WIFI Capabilities: NOT_METERED&INTERNET&NOT_RESTRICTED&TRUSTED&NOT_VPN&VALIDATED&NOT_ROAMING&FOREGROUND&NOT_CONGESTED&NOT_SUSPENDED LinkUpBandwidth>=523186Kbps LinkDnBandwidth>=489531Kbps SignalStrength: -60 AdministratorUids: [] RequestorUid: -1 RequestorPackageName: null]
09-11 19:19:08.933  1555  2332 D Ethernet: got request NetworkRequest [ TRACK_DEFAULT id=41485, [ Capabilities: INTERNET&NOT_RESTRICTED&TRUSTED Uid: 10053 AdministratorUids: [] RequestorUid: 10053 RequestorPackageName: net.oneplus.launcher] ] with score 60 and providerId 5
09-11 19:19:08.934  1098  1098 E CompositionEngine: map unknown (BT709 sRGB Full range)/(Unknown RenderIntent) to default color mode
09-11 19:19:08.941 22057 22131 D WeatherDataReceiver: temp is : 18
09-11 19:19:08.941 22057 22131 D WeatherDataReceiver: weatherName is : Cloudy
09-11 19:19:08.942  1098  1098 W HwcComposer: command 0x4080000 generated error 4
09-11 19:19:08.942  1098  1098 I chatty  : uid=1000(system) /system/bin/surfaceflinger identical 2 lines
09-11 19:19:08.942  1098  1098 W HwcComposer: command 0x4080000 generated error 4
09-11 19:19:08.944 22057 22131 I WeatherWidgetUtils: weather - getViewType, minWidth=559.6875, maxHeight=509.0625
09-11 19:19:08.944 22057 22131 D OPWidget.Utils: isQHDPlus: opResolutionMode = null, oplusResolutionMode = null
09-11 19:19:08.944 22057 22131 D OPWidget.Utils: isQHDPlus: opResolutionMode = null, oplusResolutionMode = null
09-11 19:19:08.944 22057 22131 D WeatherWidgetUtils: isQHDPlus: false
09-11 19:19:08.944 22057 22131 D WeatherWidgetUtils: getRemoteViews weather_large_layout
09-11 19:19:08.945  7677  7677 D WM-WorkerWrapper: Starting work for net.oneplus.launcher.util.WeatherWorkManager
09-11 19:19:08.946  7677 14946 D WeatherWorkManager: doWork: isFromTestWhether = false, runAtAttemps = 0
09-11 19:19:08.949  7677 14946 D WeatherProvider: queryWeatherInformation() called
09-11 19:19:08.951  1098  1098 E CompositionEngine: map unknown (BT709 sRGB Full range)/(Unknown RenderIntent) to default color mode
09-11 19:19:08.952  1098  1098 W HwcComposer: command 0x4080000 generated error 4
09-11 19:19:08.952  1098  1098 I chatty  : uid=1000(system) /system/bin/surfaceflinger identical 2 lines
09-11 19:19:08.952  1098  1098 W HwcComposer: command 0x4080000 generated error 4
09-11 19:19:08.959 18173 18173 I GoogleInputMethodService: GoogleInputMethodService.onStartInput():1957 onStartInput(EditorInfo{inputType=0x0(NULL) imeOptions=0x0 privateImeOptions=null actionName=UNSPECIFIED actionLabel=null actionId=0 initialSelStart=-1 initialSelEnd=-1 initialCapsMode=0x0 hintText=null label=null packageName=com.example.dogglers fieldId=-1 fieldName=null extras=null}, true)
09-11 19:19:08.959 18173 18173 I GoogleInputMethodService: GoogleInputMethodService.shouldHideHeaderOnInitialState():4078 ShouldHideHeaderOnInitialState = false
09-11 19:19:08.960 18173 18173 I GoogleInputMethodService: GoogleInputMethodService.updateDeviceLockedStatus():2166 repeatCheckTimes = 2, unlocked = true
09-11 19:19:08.960 18173 18173 W SessionManager: SessionManager.beginSession():53 Try to begin an already begun session [INPUT_SESSION], end it first
09-11 19:19:08.966 18173 18173 I GoogleInputMethodService: GoogleInputMethodService.lambda$setDecorViewApplyWindowInsetsListener$10():1157 update screenHeightWithoutNaviBar to: 945
09-11 19:19:08.968 18173 18173 I GoogleInputMethodService: GoogleInputMethodService.lambda$setDecorViewApplyWindowInsetsListener$10():1163 update max height when insets changes
09-11 19:19:08.968  1098  1098 E CompositionEngine: map unknown (BT709 sRGB Full range)/(Unknown RenderIntent) to default color mode
09-11 19:19:08.969  1098  1098 W HwcComposer: command 0x4080000 generated error 4
09-11 19:19:08.969  1098  1098 I chatty  : uid=1000(system) /system/bin/surfaceflinger identical 2 lines
09-11 19:19:08.969  1098  1098 W HwcComposer: command 0x4080000 generated error 4
09-11 19:19:08.969 21231 21378 I StaticCredentialMetricsTransport: Response body:
09-11 19:19:08.970 21231 21378 I StaticCredentialMetricsTransport: Successfully uploaded metrics data; code: 200, message: OK
09-11 19:19:08.970 21231 21378 I StaticCredentialMetricsTransport: Manually releasing wifi lock
09-11 19:19:08.970  1555  5220 I WifiService: releaseWifiLock uid=10295
09-11 19:19:08.972 21231 21378 I StaticCredentialMetricsTransport: Manually releasing wake lock
09-11 19:19:08.977 21231 21378 I ProvidedOAuthMetricsTransport: Acquiring wake lock with timeout: 300000ms
09-11 19:19:08.977 18173 18173 I GoogleInputMethodService: GoogleInputMethodService.lambda$setDecorViewApplyWindowInsetsListener$10():1157 update screenHeightWithoutNaviBar to: 1080
09-11 19:19:08.977 18173 18173 I GoogleInputMethodService: GoogleInputMethodService.lambda$setDecorViewApplyWindowInsetsListener$10():1163 update max height when insets changes
09-11 19:19:08.978 21231 21378 I ProvidedOAuthMetricsTransport: Acquiring wifi lock
09-11 19:19:08.979  1555  5180 I WifiService: acquireWifiLock uid=10295 lockMode=3
09-11 19:19:08.981 21231 21378 I ProvidedOAuthMetricsTransport: Manually releasing wifi lock
09-11 19:19:08.982  1555  5180 I WifiService: releaseWifiLock uid=10295
09-11 19:19:08.983 21231 21378 I ProvidedOAuthMetricsTransport: Manually releasing wake lock
09-11 19:19:08.983  1098  1098 E CompositionEngine: map unknown (BT709 sRGB Full range)/(Unknown RenderIntent) to default color mode
09-11 19:19:08.984 18173 18173 I AbstractOpenableExtension: AbstractOpenableExtension$3.onSuccess():524 KeyboardGroupManager destroyed in ebb.
09-11 19:19:08.984 18173 18173 I AbstractOpenableExtension: AbstractOpenableExtension$3.onSuccess():524 KeyboardGroupManager destroyed in cnl.
09-11 19:19:08.984 18173 18173 I AbstractOpenableExtension: AbstractOpenableExtension$3.onSuccess():524 KeyboardGroupManager destroyed in dzo.
09-11 19:19:08.984 18173 18173 I AbstractOpenableExtension: AbstractOpenableExtension$3.onSuccess():524 KeyboardGroupManager destroyed in ecr.
09-11 19:19:08.985  1098  1098 W HwcComposer: command 0x4080000 generated error 4
09-11 19:19:08.985  1098  1098 I chatty  : uid=1000(system) /system/bin/surfaceflinger identical 2 lines
09-11 19:19:08.985  1098  1098 W HwcComposer: command 0x4080000 generated error 4
09-11 19:19:08.986 21231 21378 I ProvidedOAuthMetricsTransport: Attempting transmission using fallback transport
09-11 19:19:08.988 18173 18173 I GoogleInputMethodService: GoogleInputMethodService.onFinishInput():3274
09-11 19:19:08.988 21231 21378 I StaticCredentialMetricsTransport: Acquiring wake lock with timeout: 300000ms
09-11 19:19:08.989 18173 18173 I GoogleInputMethodService: GoogleInputMethodService.updateDeviceLockedStatus():2166 repeatCheckTimes = 0, unlocked = true
09-11 19:19:08.989 18173 18173 I GoogleInputMethodService: GoogleInputMethodService.onStartInput():1957 onStartInput(EditorInfo{inputType=0x0(NULL) imeOptions=0x0 privateImeOptions=null actionName=UNSPECIFIED actionLabel=null actionId=0 initialSelStart=-1 initialSelEnd=-1 initialCapsMode=0x0 hintText=null label=null packageName=com.example.dogglers fieldId=-1 fieldName=null extras=null}, false)
09-11 19:19:08.989 18173 18173 I GoogleInputMethodService: GoogleInputMethodService.shouldHideHeaderOnInitialState():4078 ShouldHideHeaderOnInitialState = false
09-11 19:19:08.989 21231 21378 I StaticCredentialMetricsTransport: Acquiring wifi lock
09-11 19:19:08.989 18173 18173 I GoogleInputMethodService: GoogleInputMethodService.updateDeviceLockedStatus():2166 repeatCheckTimes = 2, unlocked = true
09-11 19:19:08.990  1555  3164 I WifiService: acquireWifiLock uid=10295 lockMode=3
09-11 19:19:08.992 18173 18173 I InputMethodEntryManager: InputMethodEntryManager$5.onSuccess():880 Success load entries: [LanguageTagVariantTuple{languageTag=pt-BR, variant=qwerty}, LanguageTagVariantTuple{languageTag=en-US, variant=qwerty}], resetImplicitlyEnabledEntries=false
09-11 19:19:08.999 18173 18173 I DictionarySuperpacksManager: DictionarySuperpacksManager$1.onEnabledInputMethodEntriesChanged():60 onEnabledInputMethodEntriesChanged
09-11 19:19:08.999 18173 18173 I AbstractOpenableExtension: AbstractOpenableExtension.maybeDestroyExistingKeyboardGroupManager():511 Destroy existing keyboard group manager in ebb
09-11 19:19:08.999 18173 18173 I AbstractOpenableExtension: AbstractOpenableExtension.createKeyboardGroupManagerListenableFuture():123 Create keyboard group manager listenable future in ebb
09-11 19:19:08.999 18173 18173 I AbstractOpenableExtension: AbstractOpenableExtension.maybeDestroyExistingKeyboardGroupManager():511 Destroy existing keyboard group manager in cnl
09-11 19:19:08.999 18173 18173 I AbstractOpenableExtension: AbstractOpenableExtension.createKeyboardGroupManagerListenableFuture():123 Create keyboard group manager listenable future in cnl
09-11 19:19:09.000 18173 18173 I AbstractOpenableExtension: AbstractOpenableExtension.maybeDestroyExistingKeyboardGroupManager():511 Destroy existing keyboard group manager in dzo
09-11 19:19:09.000 18173 18173 I AbstractOpenableExtension: AbstractOpenableExtension.createKeyboardGroupManagerListenableFuture():123 Create keyboard group manager listenable future in dzo
09-11 19:19:09.000 18173 18173 I AbstractOpenableExtension: AbstractOpenableExtension.maybeDestroyExistingKeyboardGroupManager():511 Destroy existing keyboard group manager in ecr
09-11 19:19:09.000 18173 18173 I AbstractOpenableExtension: AbstractOpenableExtension.createKeyboardGroupManagerListenableFuture():123 Create keyboard group manager listenable future in ecr
09-11 19:19:09.000 18173 24657 I KeyboardGroupDefParser: KeyboardGroupDefParser.parseKeyboardGroupDef():87 parseKeyboardGroupDef() 2132214021 -> 0_resource_name_obfuscated : WaitTime = 0 ms : RunTime = 1 ms
09-11 19:19:09.000 18173 24657 I KeyboardGroupDefParser: KeyboardGroupDefParser.parseKeyboardGroupDef():87 parseKeyboardGroupDef() 2132214027 -> 0_resource_name_obfuscated : WaitTime = 1 ms : RunTime = 0 ms
09-11 19:19:09.001  1098  1098 E CompositionEngine: map unknown (BT709 sRGB Full range)/(Unknown RenderIntent) to default color mode
09-11 19:19:09.001 18173 24657 I KeyboardGroupDefParser: KeyboardGroupDefParser.parseKeyboardGroupDef():87 parseKeyboardGroupDef() 2132214019 -> 0_resource_name_obfuscated : WaitTime = 0 ms : RunTime = 1 ms
09-11 19:19:09.002 18173 24658 I KeyboardGroupDefParser: KeyboardGroupDefParser.parseKeyboardGroupDef():87 parseKeyboardGroupDef() 2132214028 -> 0_resource_name_obfuscated : WaitTime = 0 ms : RunTime = 1 ms
09-11 19:19:09.002 18173 18173 I DeviceModeUtil: DeviceModeUtil.getDeviceMode():121 Get device mode phone by ui mode:1 and smallestScreenWidthDp:384
09-11 19:19:09.002  1098  1098 W HwcComposer: command 0x4080000 generated error 4
09-11 19:19:09.002  1098  1098 I chatty  : uid=1000(system) /system/bin/surfaceflinger identical 2 lines
09-11 19:19:09.002  1098  1098 W HwcComposer: command 0x4080000 generated error 4
09-11 19:19:09.006 18173 18213 I SP      : Registering content_cache.2022052320, url: https://www.gstatic.com/android/keyboard/modelpack/contentcache/202205232034/superpacks_manifest.json, constraints: W:*:*:*, flags: bg, requested: 2022052320, current: 2022052320
09-11 19:19:09.009 18173 18173 I DeviceModeUtil: DeviceModeUtil.getDeviceMode():121 Get device mode phone by ui mode:1 and smallestScreenWidthDp:384
09-11 19:19:09.010 18173 18173 I chatty  : uid=10068(com.google.android.inputmethod.latin) identical 1 line
09-11 19:19:09.012 18173 18173 I DeviceModeUtil: DeviceModeUtil.getDeviceMode():121 Get device mode phone by ui mode:1 and smallestScreenWidthDp:384
09-11 19:19:09.013 18173 18173 I GoogleInputMethodService: GoogleInputMethodService.initializeKeyboardTheme():1433 Apply keyboard theme: theme_border_stylesheet_materiallight_phone_350_builtin_material_light.binarypb_land
09-11 19:19:09.016  7677 14946 D WeatherProvider: queryWeatherInformation() called after cursor
09-11 19:19:09.016  7677 14946 D WeatherProvider: processWeatherInformation() called with: cursor = [android.content.ContentResolver$CursorWrapperInner@d7fa48]
09-11 19:19:09.016  7677 14946 D WeatherProvider: [Raw Weather Data] timestamp: 202209111832, code: 1003, name: Cloudy, temp: 18, high: 18, low: 17, unit: C, day: false
09-11 19:19:09.017  7677 14946 D WeatherProvider: get weather: 1003
09-11 19:19:09.017  1098  1098 E CompositionEngine: map unknown (BT709 sRGB Full range)/(Unknown RenderIntent) to default color mode
09-11 19:19:09.018  7677 14946 D WeatherProvider: [timestamp] 1662931920; [weatherCode] 1003; [weatherName] Cloudy; [temperature] 18; [temperatureHigh] 18; [temperatureLow] 17; [temperatureUnit] C; [isDay] false;
09-11 19:19:09.018  7677 14946 D WeatherProvider: updateWeatherCallbacks() called with: data = [[timestamp] 1662931920; [weatherCode] 1003; [weatherName] Cloudy; [temperature] 18; [temperatureHigh] 18; [temperatureLow] 17; [temperatureUnit] C; [isDay] false; ], cb = [null]
09-11 19:19:09.018  7677  7677 D WeatherProvider: push the weather information to the callbacks
09-11 19:19:09.018  1098  1098 W HwcComposer: command 0x4080000 generated error 4
09-11 19:19:09.018  1098  1098 I chatty  : uid=1000(system) /system/bin/surfaceflinger identical 2 lines
09-11 19:19:09.018  1098  1098 W HwcComposer: command 0x4080000 generated error 4
09-11 19:19:09.018  7677  7677 D RotationHelper: notifyChange: activityFlags= 1
09-11 19:19:09.019  7677 14946 D WeatherProvider: Update time:1662934803689
09-11 19:19:09.019  7677  7794 D WM-WorkerWrapper: net.oneplus.launcher.util.WeatherWorkManager returned a Success {mOutputData=Data {}} result.
09-11 19:19:09.022 18173 18173 I AbstractOpenableExtension: AbstractOpenableExtension$3.onSuccess():524 KeyboardGroupManager destroyed in ebb.
09-11 19:19:09.022 18173 18173 I AbstractOpenableExtension: AbstractOpenableExtension$3.onSuccess():524 KeyboardGroupManager destroyed in cnl.
09-11 19:19:09.022 18173 18173 I AbstractOpenableExtension: AbstractOpenableExtension$3.onSuccess():524 KeyboardGroupManager destroyed in dzo.
09-11 19:19:09.022 18173 18173 I AbstractOpenableExtension: AbstractOpenableExtension$3.onSuccess():524 KeyboardGroupManager destroyed in ecr.
09-11 19:19:09.023  7677  7794 I WM-WorkerWrapper: Worker result SUCCESS for Work [ id=5e53ea1a-4f35-4fd5-8542-9a49a7680dd2, tags={ net.oneplus.launcher.util.WeatherWorkManager, Weather_WorkerManager } ]
09-11 19:19:09.025  7677  7794 D WM-PackageManagerHelper: androidx.work.impl.background.systemalarm.RescheduleReceiver disabled
09-11 19:19:09.025  7677  7677 D WM-Processor: Processor 5e53ea1a-4f35-4fd5-8542-9a49a7680dd2 executed; reschedule = false
09-11 19:19:09.025  7677  7677 D WM-GreedyScheduler: Stopping tracking for 5e53ea1a-4f35-4fd5-8542-9a49a7680dd2
09-11 19:19:09.025  7677  7677 D WM-NetworkStateTracker: Unregistering network callback
09-11 19:19:09.026  7677  7677 D WM-SystemJobService: 5e53ea1a-4f35-4fd5-8542-9a49a7680dd2 executed on JobScheduler
09-11 19:19:09.026  7677  7677 D WM-SystemJobService: onStopJob for 5e53ea1a-4f35-4fd5-8542-9a49a7680dd2
09-11 19:19:09.026  7677  7794 D WM-GreedyScheduler: Cancelling work ID 5e53ea1a-4f35-4fd5-8542-9a49a7680dd2
09-11 19:19:09.027  7677  7794 D WM-Processor: Processor stopping background work 5e53ea1a-4f35-4fd5-8542-9a49a7680dd2
09-11 19:19:09.027  7677  7794 D WM-Processor: WorkerWrapper could not be found for 5e53ea1a-4f35-4fd5-8542-9a49a7680dd2
09-11 19:19:09.027  7677  7794 D WM-StopWorkRunnable: StopWorkRunnable for 5e53ea1a-4f35-4fd5-8542-9a49a7680dd2; Processor.stopWork = false
09-11 19:19:09.027  7677  7794 D WM-Processor: Processor stopping background work 5e53ea1a-4f35-4fd5-8542-9a49a7680dd2
09-11 19:19:09.027  7677  7794 D WM-Processor: WorkerWrapper could not be found for 5e53ea1a-4f35-4fd5-8542-9a49a7680dd2
09-11 19:19:09.028  7677  7794 D WM-StopWorkRunnable: StopWorkRunnable for 5e53ea1a-4f35-4fd5-8542-9a49a7680dd2; Processor.stopWork = false
09-11 19:19:09.030  3155  3155 D PhoneSwitcherNetworkRequstListener: releaseNetworkFor NetworkRequest [ TRACK_DEFAULT id=41485, [ Capabilities: INTERNET&NOT_RESTRICTED&TRUSTED Uid: 10053 AdministratorUids: [] RequestorUid: 10053 RequestorPackageName: net.oneplus.launcher] ]
09-11 19:19:09.034  1098  1098 E CompositionEngine: map unknown (BT709 sRGB Full range)/(Unknown RenderIntent) to default color mode
09-11 19:19:09.036  1098  1098 W HwcComposer: command 0x4080000 generated error 4
09-11 19:19:09.036  1098  1098 I chatty  : uid=1000(system) /system/bin/surfaceflinger identical 2 lines
09-11 19:19:09.036  1098  1098 W HwcComposer: command 0x4080000 generated error 4
09-11 19:19:09.046  1555  2253 I InputDispatcher: Dropping event because there is no touchable window or gesture monitor at (1204, 393) in display 0.
09-11 19:19:09.051  1098  1098 E CompositionEngine: map unknown (BT709 sRGB Full range)/(Unknown RenderIntent) to default color mode
09-11 19:19:09.052  1098  1098 W HwcComposer: command 0x4080000 generated error 4
09-11 19:19:09.052  1098  1098 I chatty  : uid=1000(system) /system/bin/surfaceflinger identical 2 lines
09-11 19:19:09.052  1098  1098 W HwcComposer: command 0x4080000 generated error 4
09-11 19:19:09.055 18173 18213 I SP      : Syncing content_cache (2022052320) with slices: [146938679d8a79c40dfa474830396eab, 8722425f4121ffdea802b1066df73991, fa1da98da1212aad6fb9a8efaff48148], metadata: true
09-11 19:19:09.061 24671 24671 I DynamiteModule: Considering local module com.google.android.gms.permissions:1 and remote module com.google.android.gms.permissions:1
09-11 19:19:09.062 24671 24671 I DynamiteModule: Selected local version of com.google.android.gms.permissions
09-11 19:19:09.068  1098  1098 E CompositionEngine: map unknown (BT709 sRGB Full range)/(Unknown RenderIntent) to default color mode
09-11 19:19:09.069  1098  1098 W HwcComposer: command 0x4080000 generated error 4
09-11 19:19:09.069  1098  1098 I chatty  : uid=1000(system) /system/bin/surfaceflinger identical 1 line
09-11 19:19:09.069  1098  1098 W HwcComposer: command 0x4080000 generated error 4
09-11 19:19:09.085  1098  1098 E CompositionEngine: map unknown (BT709 sRGB Full range)/(Unknown RenderIntent) to default color mode
09-11 19:19:09.087  1098  1098 W HwcComposer: command 0x4080000 generated error 4
09-11 19:19:09.087  1098  1098 I chatty  : uid=1000(system) /system/bin/surfaceflinger identical 1 line
09-11 19:19:09.087  1098  1098 W HwcComposer: command 0x4080000 generated error 4
09-11 19:19:09.102  1098  1098 E CompositionEngine: map unknown (BT709 sRGB Full range)/(Unknown RenderIntent) to default color mode
09-11 19:19:09.103  1098  1098 W HwcComposer: command 0x4080000 generated error 4
09-11 19:19:09.103  1098  1098 I chatty  : uid=1000(system) /system/bin/surfaceflinger identical 1 line
09-11 19:19:09.103  1098  1098 W HwcComposer: command 0x4080000 generated error 4
09-11 19:19:09.105  1555  2253 I InputDispatcher: Dropping event because there is no touched foreground window in display 0 or gesture monitor to receive it.
09-11 19:19:09.113  1555  2253 I InputDispatcher: Dropping event because there is no touched foreground window in display 0 or gesture monitor to receive it.
09-11 19:19:09.119  1098  1098 E CompositionEngine: map unknown (BT709 sRGB Full range)/(Unknown RenderIntent) to default color mode
09-11 19:19:09.120  1098  1098 W HwcComposer: command 0x4080000 generated error 4
09-11 19:19:09.120  1098  1098 I chatty  : uid=1000(system) /system/bin/surfaceflinger identical 1 line
09-11 19:19:09.120  1098  1098 W HwcComposer: command 0x4080000 generated error 4
09-11 19:19:09.122  1555  2253 I InputDispatcher: Dropping event because there is no touched foreground window in display 0 or gesture monitor to receive it.
09-11 19:19:09.130  1555  2253 I InputDispatcher: Dropping event because there is no touched foreground window in display 0 or gesture monitor to receive it.
09-11 19:19:09.132 24087 24087 D QSPanel : updateResources
09-11 19:19:09.133 24087 24087 D QSPanel : refreshAllTiles
09-11 19:19:09.136  1098  1098 E CompositionEngine: map unknown (BT709 sRGB Full range)/(Unknown RenderIntent) to default color mode
09-11 19:19:09.137  1098  1098 W HwcComposer: command 0x4080000 generated error 4
09-11 19:19:09.137  1098  1098 I chatty  : uid=1000(system) /system/bin/surfaceflinger identical 1 line
09-11 19:19:09.137  1098  1098 W HwcComposer: command 0x4080000 generated error 4
09-11 19:19:09.138  1555  2253 I InputDispatcher: Dropping event because there is no touched foreground window in display 0 or gesture monitor to receive it.
09-11 19:19:09.142 24087 24109 D Tile.BluetoothTile(f90172a): getSecondaryLabel: enabled=false, connecting=false, connected=false, transient=false
09-11 19:19:09.143 24087 24109 D BatterySaverTile: handleUpdateState, true, false
09-11 19:19:09.150  1555  1571 I system_server: Background young concurrent copying GC freed 388797(18MB) AllocSpace objects, 111(4152KB) LOS objects, 16% free, 114MB/136MB, paused 348us total 103.747ms
09-11 19:19:09.151  1098  1098 E CompositionEngine: map unknown (BT709 sRGB Full range)/(Unknown RenderIntent) to default color mode
09-11 19:19:09.153  1098  1098 W HwcComposer: command 0x4080000 generated error 4
09-11 19:19:09.153  1098  1098 I chatty  : uid=1000(system) /system/bin/surfaceflinger identical 1 line
09-11 19:19:09.153  1098  1098 W HwcComposer: command 0x4080000 generated error 4
09-11 19:19:09.156  1555  1573 W System  : A resource failed to call release.
09-11 19:19:09.157  1555  1573 W System  : A resource failed to call release.
09-11 19:19:09.160 24087 24109 E ndroid.systemu: Invalid ID 0x00000000.
09-11 19:19:09.160 24087 24109 I chatty  : uid=10039(com.android.systemui) SysUiBg identical 2 lines
09-11 19:19:09.160 24087 24109 E ndroid.systemu: Invalid ID 0x00000000.
09-11 19:19:09.161 24087 24109 D Tile.DataSwitchTile(6d0368d): default data phone id=0
09-11 19:19:09.161 24087 24109 D Tile.DataSwitchTile(6d0368d): DataSwitchTile:updateSimCount:simState=LOADED,NOT_READY
09-11 19:19:09.161 24087 24109 D Tile.DataSwitchTile(6d0368d): DataSwitchTile:updateSimCount:mSimCount=1
09-11 19:19:09.161 24087 24087 D StatusBar: disable<e i a s b h r c s > disable2<q i n v >
09-11 19:19:09.163  1555  1573 W System  : A resource failed to call release.
09-11 19:19:09.163 24087 24109 E ndroid.systemu: Invalid ID 0x00000000.
09-11 19:19:09.164 24087 24109 E ndroid.systemu: Invalid ID 0x00000000.
09-11 19:19:09.165 24087 24109 D Tile.ReadModeTile(908ec43): handleUpdateState:state.value=false
09-11 19:19:09.167  1555  1573 W System  : A resource failed to call release.
09-11 19:19:09.167  1555  1573 W System  : A resource failed to call release.
09-11 19:19:09.170  1098  1098 E CompositionEngine: map unknown (BT709 sRGB Full range)/(Unknown RenderIntent) to default color mode
09-11 19:19:09.171  1098  1098 W HwcComposer: command 0x4080000 generated error 4
09-11 19:19:09.171  1098  1098 I chatty  : uid=1000(system) /system/bin/surfaceflinger identical 1 line
09-11 19:19:09.171  1098  1098 W HwcComposer: command 0x4080000 generated error 4
09-11 19:19:09.172 24087 24109 E ndroid.systemu: Invalid ID 0x00000000.
09-11 19:19:09.179 24087 24109 I chatty  : uid=10039(com.android.systemui) SysUiBg identical 2 lines
09-11 19:19:09.179 24087 24109 E ndroid.systemu: Invalid ID 0x00000000.
09-11 19:19:09.188  1098  1098 E CompositionEngine: map unknown (BT709 sRGB Full range)/(Unknown RenderIntent) to default color mode
09-11 19:19:09.189  1098  1098 W HwcComposer: command 0x4080000 generated error 4
09-11 19:19:09.189  1098  1098 I chatty  : uid=1000(system) /system/bin/surfaceflinger identical 1 line
09-11 19:19:09.189  1098  1098 W HwcComposer: command 0x4080000 generated error 4
09-11 19:19:09.201  1098  1098 D Layer   : ~ RotationLayer
09-11 19:19:09.184 24671 24671 W gle.android.gms: type=1400 audit(0.0:618098): avc: denied { read } for name="u:object_r:theme_prop:s0" dev="tmpfs" ino=14838 scontext=u:r:gmscore_app:s0:c743,c771 tcontext=u:object_r:theme_prop:s0 tclass=file permissive=0
09-11 19:19:09.202 24671 24671 E libc    : Access denied finding property "persist.sys.theme.accentcolor"
09-11 19:19:09.205  1098  1098 E CompositionEngine: map unknown (BT709 sRGB Full range)/(Unknown RenderIntent) to default color mode
09-11 19:19:09.218  1098  1098 I chatty  : uid=1000(system) /system/bin/surfaceflinger identical 1 line
09-11 19:19:09.235  1098  1098 E CompositionEngine: map unknown (BT709 sRGB Full range)/(Unknown RenderIntent) to default color mode
09-11 19:19:09.239 24671 24671 W ProviderHelper: Unknown dynamite feature providerinstaller.dynamite
09-11 19:19:09.239 24671 24671 I DynamiteModule: Considering local module com.google.android.gms.providerinstaller.dynamite:1 and remote module com.google.android.gms.providerinstaller.dynamite:0
09-11 19:19:09.239 24671 24671 I DynamiteModule: Selected local version of com.google.android.gms.providerinstaller.dynamite
09-11 19:19:09.276 24671 24671 V NativeCrypto: Registering com/google/android/gms/org/conscrypt/NativeCrypto's 295 native methods...
09-11 19:19:09.310 18173 18213 I SP      : Sync for content_cache succeeded in 271 ms: no changes
09-11 19:19:09.310 18173 18213 I SP      : GC for 'content_cache' (10) with ttl of 0 ms took 0 ms (0/0/0)
09-11 19:19:09.330 24671 24671 I ProviderInstaller: Installed default security provider GmsCore_OpenSSL
09-11 19:19:09.361  1664  7162 E QMI_FW  : qmi_cci_get_ref: ref count increased 2
09-11 19:19:09.362  1664  1732 E QMI_FW  : qmi_cci_get_ref: ref count increased 2
09-11 19:19:09.446 24671 24741 I Watchcat: Started
09-11 19:19:09.448 24671 24671 I bvjs    : Primes not initialized, returning default (no-op) Primes instance which will ignore all calls. Please call Primes.initialize(...) before using any Primes API.
09-11 19:19:09.448 24671 24742 I GMS_MM_Logger: Started.
09-11 19:19:09.451   603   603 E SELinux : avc:  denied  { find } for interface=vendor.qti.hardware.perf::IPerf sid=u:r:gmscore_app:s0:c743,c771 pid=24671 scontext=u:r:gmscore_app:s0:c743,c771 tcontext=u:object_r:vendor_hal_perf_hwservice:s0 tclass=hwservice_manager permissive=0
09-11 19:19:09.451 24671 24671 E ANDR-PERF: IPerf:: Perf HAL Service is not available.
