09-11 19:18:23.494 24442 24465 I TestRunner: started: clicking_grid_list_button_displays_grid_list(com.example.dogglers.ButtonTests)
09-11 19:18:23.497  1098  1098 E CompositionEngine: map unknown (BT709 sRGB Full range)/(Unknown RenderIntent) to default color mode
09-11 19:18:23.508 24442 24465 W Settings: Setting always_finish_activities has moved from android.provider.Settings.System to android.provider.Settings.Global, returning read-only value.
09-11 19:18:23.510 24087 24087 D EdgeBackGestureHandler: updateTopPackage isHomeApp false
09-11 19:18:23.510 24087 24087 D KeyguardPasswordView: H.UPDATE_EMERGENCY_BUTTON
09-11 19:18:23.511 24087 24087 I KeyguardPasswordView: set params.topMargin:799
09-11 19:18:23.512  1098  1098 E CompositionEngine: map unknown (BT709 sRGB Full range)/(Unknown RenderIntent) to default color mode
09-11 19:18:23.520 24087 24087 D KeyguardPasswordView: H.UPDATE_EMERGENCY_BUTTON
09-11 19:18:23.520 24087 24087 I KeyguardPasswordView: set params.topMargin:799
09-11 19:18:23.526  1555  5265 E ANDR-PERF-JNI: com_qualcomm_qtiperformance_native_perf_io_prefetch_start
09-11 19:18:23.539 24087 24087 D KeyguardPasswordView: H.UPDATE_EMERGENCY_BUTTON
09-11 19:18:23.540 24087 24087 I KeyguardPasswordView: set params.topMargin:799
09-11 19:18:23.540  1037  1060 E ANDR-IOP: io prefetch is disabled
09-11 19:18:23.545  1098  1098 E CompositionEngine: map unknown (BT709 sRGB Full range)/(Unknown RenderIntent) to default color mode
09-11 19:18:23.551  1555  5265 D ActivityTrigger: ActivityTrigger activityPauseTrigger
09-11 19:18:23.557 24087 24087 D KeyguardPasswordView: H.UPDATE_EMERGENCY_BUTTON
09-11 19:18:23.557 24087 24087 I KeyguardPasswordView: set params.topMargin:799
09-11 19:18:23.561  1555  1714 D OpPowerConsumpStatsInjector: notifyPkgEvent
09-11 19:18:23.562  1098  1098 E CompositionEngine: map unknown (BT709 sRGB Full range)/(Unknown RenderIntent) to default color mode
09-11 19:18:23.569 24442 24442 D LifecycleMonitor: Lifecycle status change: androidx.test.core.app.InstrumentationActivityInvoker$BootstrapActivity@33f3db9 in: PRE_ON_CREATE
09-11 19:18:23.570 24442 24442 V ActivityScenario: Activity lifecycle changed event received but ignored because the intent does not match. startActivityIntent=Intent { act=android.intent.action.MAIN cat=[android.intent.category.LAUNCHER] cmp=com.example.dogglers/.MainActivity }, activity.getIntent()=Intent { act=android.intent.action.MAIN cat=[android.intent.category.LAUNCHER] flg=0x10008000 cmp=com.example.dogglers/androidx.test.core.app.InstrumentationActivityInvoker$BootstrapActivity (has extras) }, activity=androidx.test.core.app.InstrumentationActivityInvoker$BootstrapActivity@33f3db9
09-11 19:18:23.574 24087 24087 D KeyguardPasswordView: H.UPDATE_EMERGENCY_BUTTON
09-11 19:18:23.574 24087 24087 I KeyguardPasswordView: set params.topMargin:799
09-11 19:18:23.592 24087 24087 D KeyguardPasswordView: H.UPDATE_EMERGENCY_BUTTON
09-11 19:18:23.593 24087 24087 I KeyguardPasswordView: set params.topMargin:799
09-11 19:18:23.596 24442 24442 E xample.doggler: Invalid ID 0x00000000.
09-11 19:18:23.601 24442 24442 D LifecycleMonitor: Lifecycle status change: androidx.test.core.app.InstrumentationActivityInvoker$BootstrapActivity@33f3db9 in: CREATED
09-11 19:18:23.602 24442 24442 V ActivityScenario: Activity lifecycle changed event received but ignored because the intent does not match. startActivityIntent=Intent { act=android.intent.action.MAIN cat=[android.intent.category.LAUNCHER] cmp=com.example.dogglers/.MainActivity }, activity.getIntent()=Intent { act=android.intent.action.MAIN cat=[android.intent.category.LAUNCHER] flg=0x10008000 cmp=com.example.dogglers/androidx.test.core.app.InstrumentationActivityInvoker$BootstrapActivity (has extras) }, activity=androidx.test.core.app.InstrumentationActivityInvoker$BootstrapActivity@33f3db9
09-11 19:18:23.606 24442 24442 D LifecycleMonitor: Lifecycle status change: androidx.test.core.app.InstrumentationActivityInvoker$BootstrapActivity@33f3db9 in: STARTED
09-11 19:18:23.607 24442 24442 V ActivityScenario: Activity lifecycle changed event received but ignored because the intent does not match. startActivityIntent=Intent { act=android.intent.action.MAIN cat=[android.intent.category.LAUNCHER] cmp=com.example.dogglers/.MainActivity }, activity.getIntent()=Intent { act=android.intent.action.MAIN cat=[android.intent.category.LAUNCHER] flg=0x10008000 cmp=com.example.dogglers/androidx.test.core.app.InstrumentationActivityInvoker$BootstrapActivity (has extras) }, activity=androidx.test.core.app.InstrumentationActivityInvoker$BootstrapActivity@33f3db9
09-11 19:18:23.609 24087 24087 D KeyguardPasswordView: H.UPDATE_EMERGENCY_BUTTON
09-11 19:18:23.610 24087 24087 I KeyguardPasswordView: set params.topMargin:799
09-11 19:18:23.627 24442 24442 D LifecycleMonitor: Lifecycle status change: androidx.test.core.app.InstrumentationActivityInvoker$BootstrapActivity@33f3db9 in: RESUMED
09-11 19:18:23.627 24087 24087 D KeyguardPasswordView: H.UPDATE_EMERGENCY_BUTTON
09-11 19:18:23.627 24442 24442 V ActivityScenario: Activity lifecycle changed event received but ignored because the intent does not match. startActivityIntent=Intent { act=android.intent.action.MAIN cat=[android.intent.category.LAUNCHER] cmp=com.example.dogglers/.MainActivity }, activity.getIntent()=Intent { act=android.intent.action.MAIN cat=[android.intent.category.LAUNCHER] flg=0x10008000 cmp=com.example.dogglers/androidx.test.core.app.InstrumentationActivityInvoker$BootstrapActivity (has extras) }, activity=androidx.test.core.app.InstrumentationActivityInvoker$BootstrapActivity@33f3db9
09-11 19:18:23.628 24087 24087 I KeyguardPasswordView: set params.topMargin:799
09-11 19:18:23.629  1098  1098 E CompositionEngine: map unknown (BT709 sRGB Full range)/(Unknown RenderIntent) to default color mode
09-11 19:18:23.634 24442 24442 D LifecycleMonitor: Lifecycle status change: androidx.test.core.app.InstrumentationActivityInvoker$BootstrapActivity@33f3db9 in: PAUSED
09-11 19:18:23.634 24442 24442 V ActivityScenario: Activity lifecycle changed event received but ignored because the intent does not match. startActivityIntent=Intent { act=android.intent.action.MAIN cat=[android.intent.category.LAUNCHER] cmp=com.example.dogglers/.MainActivity }, activity.getIntent()=Intent { act=android.intent.action.MAIN cat=[android.intent.category.LAUNCHER] flg=0x10008000 cmp=com.example.dogglers/androidx.test.core.app.InstrumentationActivityInvoker$BootstrapActivity (has extras) }, activity=androidx.test.core.app.InstrumentationActivityInvoker$BootstrapActivity@33f3db9
09-11 19:18:23.643  1555  5253 D ActivityTrigger: ActivityTrigger activityPauseTrigger
09-11 19:18:23.645 24087 24087 D KeyguardPasswordView: H.UPDATE_EMERGENCY_BUTTON
09-11 19:18:23.645 24087 24087 I KeyguardPasswordView: set params.topMargin:799
09-11 19:18:23.646  1098  1098 E CompositionEngine: map unknown (BT709 sRGB Full range)/(Unknown RenderIntent) to default color mode
09-11 19:18:23.661 24087 24087 D KeyguardPasswordView: H.UPDATE_EMERGENCY_BUTTON
09-11 19:18:23.661 24442 24442 D LifecycleMonitor: Lifecycle status change: com.example.dogglers.MainActivity@e98047b in: PRE_ON_CREATE
09-11 19:18:23.661 24087 24087 I KeyguardPasswordView: set params.topMargin:799
09-11 19:18:23.662  1555  1714 D OpPowerConsumpStatsInjector: notifyPkgEvent
09-11 19:18:23.662 24442 24442 V ActivityScenario: Activity lifecycle changed event received but ignored because the reported transition was not ON_CREATE while the last known transition was PRE_ON_CREATE
09-11 19:18:23.663  1098  1098 E CompositionEngine: map unknown (BT709 sRGB Full range)/(Unknown RenderIntent) to default color mode
09-11 19:18:23.665  1555  1714 D OpPowerConsumpStatsInjector: notifyPkgEvent
09-11 19:18:23.678 24087 24087 D KeyguardPasswordView: H.UPDATE_EMERGENCY_BUTTON
09-11 19:18:23.678 24087 24087 I KeyguardPasswordView: set params.topMargin:799
09-11 19:18:23.697 24087 24087 D KeyguardPasswordView: H.UPDATE_EMERGENCY_BUTTON
09-11 19:18:23.697 24087 24087 I KeyguardPasswordView: set params.topMargin:799
09-11 19:18:23.715 24087 24087 D KeyguardPasswordView: H.UPDATE_EMERGENCY_BUTTON
09-11 19:18:23.716 24087 24087 I KeyguardPasswordView: set params.topMargin:799
09-11 19:18:23.720 24442 24442 D LifecycleMonitor: Lifecycle status change: com.example.dogglers.MainActivity@e98047b in: CREATED
09-11 19:18:23.720 24442 24442 V ActivityScenario: Update currentActivityStage to CREATED, currentActivity=com.example.dogglers.MainActivity@e98047b
09-11 19:18:23.722 24442 24442 D LifecycleMonitor: Lifecycle status change: com.example.dogglers.MainActivity@e98047b in: STARTED
09-11 19:18:23.722 24442 24442 V ActivityScenario: Update currentActivityStage to STARTED, currentActivity=com.example.dogglers.MainActivity@e98047b
09-11 19:18:23.723 24442 24442 D LifecycleMonitor: Lifecycle status change: com.example.dogglers.MainActivity@e98047b in: RESUMED
09-11 19:18:23.724 24442 24442 V ActivityScenario: Update currentActivityStage to RESUMED, currentActivity=com.example.dogglers.MainActivity@e98047b
09-11 19:18:23.731 24442 24442 V ViewRootImpl: The specified message queue synchronization  barrier token has not been posted or has already been removed
09-11 19:18:23.734 24087 24087 D KeyguardPasswordView: H.UPDATE_EMERGENCY_BUTTON
09-11 19:18:23.735 24087 24087 I KeyguardPasswordView: set params.topMargin:799
09-11 19:18:23.745  1098  1098 E CompositionEngine: map unknown (BT709 sRGB Full range)/(Unknown RenderIntent) to default color mode
09-11 19:18:23.760 24442 24442 D LifecycleMonitor: Lifecycle status change: com.example.dogglers.MainActivity@e98047b in: PAUSED
09-11 19:18:23.760 24442 24442 V ActivityScenario: Update currentActivityStage to PAUSED, currentActivity=com.example.dogglers.MainActivity@e98047b
09-11 19:18:23.763  1098  1098 E CompositionEngine: map unknown (BT709 sRGB Full range)/(Unknown RenderIntent) to default color mode
09-11 19:18:23.763 24442 24442 D LifecycleMonitor: Lifecycle status change: androidx.test.core.app.InstrumentationActivityInvoker$BootstrapActivity@33f3db9 in: STOPPED
09-11 19:18:23.763 24442 24442 V ActivityScenario: Activity lifecycle changed event received but ignored because the intent does not match. startActivityIntent=Intent { act=android.intent.action.MAIN cat=[android.intent.category.LAUNCHER] cmp=com.example.dogglers/.MainActivity }, activity.getIntent()=Intent { act=android.intent.action.MAIN cat=[android.intent.category.LAUNCHER] flg=0x10008000 cmp=com.example.dogglers/androidx.test.core.app.InstrumentationActivityInvoker$BootstrapActivity (has extras) }, activity=androidx.test.core.app.InstrumentationActivityInvoker$BootstrapActivity@33f3db9
09-11 19:18:23.763  1555  1714 D OpPowerConsumpStatsInjector: notifyPkgEvent
09-11 19:18:23.768 24087 24087 D EdgeBackGestureHandler: updateTopPackage isHomeApp false
09-11 19:18:23.768 24087 24087 D KeyguardPasswordView: H.UPDATE_EMERGENCY_BUTTON
09-11 19:18:23.768 24087 24087 I KeyguardPasswordView: set params.topMargin:799
09-11 19:18:23.779  1098  1098 E CompositionEngine: map unknown (BT709 sRGB Full range)/(Unknown RenderIntent) to default color mode
09-11 19:18:23.785 24442 24442 D LifecycleMonitor: Lifecycle status change: com.example.dogglers.MainActivity@e98047b in: STOPPED
09-11 19:18:23.786 24442 24442 V ActivityScenario: Update currentActivityStage to STOPPED, currentActivity=com.example.dogglers.MainActivity@e98047b
09-11 19:18:23.791 24087 24087 D KeyguardPasswordView: H.UPDATE_EMERGENCY_BUTTON
09-11 19:18:23.791 24087 24087 I KeyguardPasswordView: set params.topMargin:799
09-11 19:18:23.799 24442 24442 W RootViewPicker: No activity currently resumed - waiting: 10ms for one to appear.
09-11 19:18:23.808 24087 24087 D KeyguardPasswordView: H.UPDATE_EMERGENCY_BUTTON
09-11 19:18:23.809 24087 24087 I KeyguardPasswordView: set params.topMargin:799
09-11 19:18:23.811 24442 24442 W RootViewPicker: No activity currently resumed - waiting: 50ms for one to appear.
09-11 19:18:23.827 24087 24087 D KeyguardPasswordView: H.UPDATE_EMERGENCY_BUTTON
09-11 19:18:23.828 24087 24087 I KeyguardPasswordView: set params.topMargin:799
09-11 19:18:23.846 24087 24087 D KeyguardPasswordView: H.UPDATE_EMERGENCY_BUTTON
09-11 19:18:23.846 24087 24087 I KeyguardPasswordView: set params.topMargin:799
09-11 19:18:23.865 24087 24087 D KeyguardPasswordView: H.UPDATE_EMERGENCY_BUTTON
09-11 19:18:23.865 24442 24442 W RootViewPicker: No activity currently resumed - waiting: 100ms for one to appear.
09-11 19:18:23.866 24087 24087 I KeyguardPasswordView: set params.topMargin:799
09-11 19:18:23.882 24087 24087 D KeyguardPasswordView: H.UPDATE_EMERGENCY_BUTTON
09-11 19:18:23.883 24087 24087 I KeyguardPasswordView: set params.topMargin:799
09-11 19:18:23.903 24087 24087 D KeyguardPasswordView: H.UPDATE_EMERGENCY_BUTTON
09-11 19:18:23.904 24087 24087 I KeyguardPasswordView: set params.topMargin:799
09-11 19:18:23.919 24087 24087 D KeyguardPasswordView: H.UPDATE_EMERGENCY_BUTTON
09-11 19:18:23.919 24087 24087 I KeyguardPasswordView: set params.topMargin:799
09-11 19:18:23.923  1555  1746 W AlarmManager: Unrecognized alarm listener com.android.server.OpPowerControllerService$tsu@ecdb27f
09-11 19:18:23.929 14890 14890 W WM-WorkSpec: Interval duration lesser than minimum allowed value; Changed to 900000
09-11 19:18:23.929 14890 14890 W WM-WorkSpec: Flex duration lesser than minimum allowed value; Changed to 300000
09-11 19:18:23.931 14890 14959 W System.err: java.lang.NullPointerException: Attempt to invoke virtual method 'void android.bluetooth.le.BluetoothLeAdvertiser.stopAdvertisingSet(android.bluetooth.le.AdvertisingSetCallback)' on a null object reference
09-11 19:18:23.931 14890 14959 W System.err: 	at u4.e(SourceFile:2)
09-11 19:18:23.931 14890 14959 W System.err: 	at u4.g(SourceFile:4)
09-11 19:18:23.931 14890 14959 W System.err: 	at v7.b(SourceFile:3)
09-11 19:18:23.931 14890 14959 W System.err: 	at v7.h(Unknown Source:0)
09-11 19:18:23.931 14890 14959 W System.err: 	at n0.run(Unknown Source:8)
09-11 19:18:23.931 14890 14959 W System.err: 	at java.util.concurrent.ThreadPoolExecutor.runWorker(ThreadPoolExecutor.java:1167)
09-11 19:18:23.931 14890 14959 W System.err: 	at java.util.concurrent.ThreadPoolExecutor$Worker.run(ThreadPoolExecutor.java:641)
09-11 19:18:23.931 14890 14959 W System.err: 	at java.lang.Thread.run(Thread.java:923)
09-11 19:18:23.933 14890 14959 W System.err: java.lang.NullPointerException: Attempt to invoke virtual method 'void android.bluetooth.le.BluetoothLeAdvertiser.startAdvertisingSet(android.bluetooth.le.AdvertisingSetParameters, android.bluetooth.le.AdvertiseData, android.bluetooth.le.AdvertiseData, android.bluetooth.le.PeriodicAdvertisingParameters, android.bluetooth.le.AdvertiseData, int, int, android.bluetooth.le.AdvertisingSetCallback)' on a null object reference
09-11 19:18:23.933 14890 14959 W System.err: 	at u4.g(SourceFile:8)
09-11 19:18:23.933 14890 14959 W System.err: 	at v7.b(SourceFile:3)
09-11 19:18:23.933 14890 14959 W System.err: 	at v7.h(Unknown Source:0)
09-11 19:18:23.933 14890 14959 W System.err: 	at n0.run(Unknown Source:8)
09-11 19:18:23.933 14890 14959 W System.err: 	at java.util.concurrent.ThreadPoolExecutor.runWorker(ThreadPoolExecutor.java:1167)
09-11 19:18:23.933 14890 14959 W System.err: 	at java.util.concurrent.ThreadPoolExecutor$Worker.run(ThreadPoolExecutor.java:641)
09-11 19:18:23.934 14890 14959 W System.err: 	at java.lang.Thread.run(Thread.java:923)
09-11 19:18:23.937 24087 24087 I OpUtils : isSupportWarpCharging:false
09-11 19:18:23.937 24087 24087 D OpSWarpChargingView: level is same as latest one [41]
09-11 19:18:23.938 24087 24087 D KeyguardUpdateMonitor: received broadcast android.intent.action.BATTERY_CHANGED
09-11 19:18:23.938 24087 24087 I OpUtils : isSupportWarpCharging:false
09-11 19:18:23.938 24087 24109 D BatterySaverTile: handleUpdateState, true, false
09-11 19:18:23.939 24087 24087 D KeyguardUpdateMonitor: pdCharge false, chargingstatus 0, fastcharge:0
09-11 19:18:23.939 24087 24087 D KeyguardPasswordView: H.UPDATE_EMERGENCY_BUTTON
09-11 19:18:23.939 24087 24087 I KeyguardPasswordView: set params.topMargin:799
09-11 19:18:23.956 24087 24087 D KeyguardPasswordView: H.UPDATE_EMERGENCY_BUTTON
09-11 19:18:23.957 24087 24087 I KeyguardPasswordView: set params.topMargin:799
09-11 19:18:23.970 24442 24442 W RootViewPicker: No activity currently resumed - waiting: 500ms for one to appear.
09-11 19:18:23.975 24087 24087 D KeyguardPasswordView: H.UPDATE_EMERGENCY_BUTTON
09-11 19:18:23.975 24087 24087 I KeyguardPasswordView: set params.topMargin:799
09-11 19:18:23.992 24087 24087 D KeyguardPasswordView: H.UPDATE_EMERGENCY_BUTTON
09-11 19:18:23.993 24087 24087 I KeyguardPasswordView: set params.topMargin:799
09-11 19:18:24.010 24087 24087 D KeyguardPasswordView: H.UPDATE_EMERGENCY_BUTTON
09-11 19:18:24.010 24087 24087 I KeyguardPasswordView: set params.topMargin:799
09-11 19:18:24.027 24087 24087 D KeyguardPasswordView: H.UPDATE_EMERGENCY_BUTTON
09-11 19:18:24.028 24087 24087 I KeyguardPasswordView: set params.topMargin:799
09-11 19:18:24.036  8627  8627 D DeviceStatisticsService: chargerType=2 batteryLevel=41 totalBatteryCapacity=3782600
09-11 19:18:24.048 24087 24087 D KeyguardPasswordView: H.UPDATE_EMERGENCY_BUTTON
09-11 19:18:24.048 24087 24087 I KeyguardPasswordView: set params.topMargin:799
09-11 19:18:24.063 24087 24087 D KeyguardPasswordView: H.UPDATE_EMERGENCY_BUTTON
09-11 19:18:24.064 24087 24087 I KeyguardPasswordView: set params.topMargin:799
09-11 19:18:24.082 24087 24087 D KeyguardPasswordView: H.UPDATE_EMERGENCY_BUTTON
09-11 19:18:24.082 24087 24087 I KeyguardPasswordView: set params.topMargin:799
09-11 19:18:24.100 24087 24087 D KeyguardPasswordView: H.UPDATE_EMERGENCY_BUTTON
09-11 19:18:24.101 24087 24087 I KeyguardPasswordView: set params.topMargin:799
09-11 19:18:24.121 24087 24087 D KeyguardPasswordView: H.UPDATE_EMERGENCY_BUTTON
09-11 19:18:24.121 24087 24087 I KeyguardPasswordView: set params.topMargin:799
09-11 19:18:24.141 24087 24087 D KeyguardPasswordView: H.UPDATE_EMERGENCY_BUTTON
09-11 19:18:24.142 24087 24087 I KeyguardPasswordView: set params.topMargin:799
09-11 19:18:24.162 24087 24087 D KeyguardPasswordView: H.UPDATE_EMERGENCY_BUTTON
09-11 19:18:24.162 24087 24087 I KeyguardPasswordView: set params.topMargin:799
09-11 19:18:24.179 24087 24087 D KeyguardPasswordView: H.UPDATE_EMERGENCY_BUTTON
09-11 19:18:24.180 24087 24087 I KeyguardPasswordView: set params.topMargin:799
09-11 19:18:24.200 24087 24087 D KeyguardPasswordView: H.UPDATE_EMERGENCY_BUTTON
09-11 19:18:24.201 24087 24087 I KeyguardPasswordView: set params.topMargin:799
09-11 19:18:24.218 24087 24087 D KeyguardPasswordView: H.UPDATE_EMERGENCY_BUTTON
09-11 19:18:24.218 24087 24087 I KeyguardPasswordView: set params.topMargin:799
09-11 19:18:24.236 24087 24087 D KeyguardPasswordView: H.UPDATE_EMERGENCY_BUTTON
09-11 19:18:24.237 24087 24087 I KeyguardPasswordView: set params.topMargin:799
09-11 19:18:24.253 24087 24087 D KeyguardPasswordView: H.UPDATE_EMERGENCY_BUTTON
09-11 19:18:24.254 24087 24087 I KeyguardPasswordView: set params.topMargin:799
09-11 19:18:24.273 24087 24087 D KeyguardPasswordView: H.UPDATE_EMERGENCY_BUTTON
09-11 19:18:24.274 24087 24087 I KeyguardPasswordView: set params.topMargin:799
09-11 19:18:24.293 24087 24087 D KeyguardPasswordView: H.UPDATE_EMERGENCY_BUTTON
09-11 19:18:24.294 24087 24087 I KeyguardPasswordView: set params.topMargin:799
09-11 19:18:24.314 24087 24087 D KeyguardPasswordView: H.UPDATE_EMERGENCY_BUTTON
09-11 19:18:24.314 24087 24087 I KeyguardPasswordView: set params.topMargin:799
09-11 19:18:24.333 24087 24087 D KeyguardPasswordView: H.UPDATE_EMERGENCY_BUTTON
09-11 19:18:24.334 24087 24087 I KeyguardPasswordView: set params.topMargin:799
09-11 19:18:24.351 24087 24087 D KeyguardPasswordView: H.UPDATE_EMERGENCY_BUTTON
09-11 19:18:24.351 24087 24087 I KeyguardPasswordView: set params.topMargin:799
09-11 19:18:24.371 24087 24087 D KeyguardPasswordView: H.UPDATE_EMERGENCY_BUTTON
09-11 19:18:24.372 24087 24087 I KeyguardPasswordView: set params.topMargin:799
09-11 19:18:24.392 24087 24087 D KeyguardPasswordView: H.UPDATE_EMERGENCY_BUTTON
09-11 19:18:24.392 24087 24087 I KeyguardPasswordView: set params.topMargin:799
09-11 19:18:24.411 24087 24087 D KeyguardPasswordView: H.UPDATE_EMERGENCY_BUTTON
09-11 19:18:24.411 24087 24087 I KeyguardPasswordView: set params.topMargin:799
09-11 19:18:24.429 24087 24087 D KeyguardPasswordView: H.UPDATE_EMERGENCY_BUTTON
09-11 19:18:24.429 24087 24087 I KeyguardPasswordView: set params.topMargin:799
09-11 19:18:24.447 24087 24087 D KeyguardPasswordView: H.UPDATE_EMERGENCY_BUTTON
09-11 19:18:24.447 24087 24087 I KeyguardPasswordView: set params.topMargin:799
09-11 19:18:24.467 24087 24087 D KeyguardPasswordView: H.UPDATE_EMERGENCY_BUTTON
09-11 19:18:24.467 24087 24087 I KeyguardPasswordView: set params.topMargin:799
09-11 19:18:24.475 24442 24442 W RootViewPicker: No activity currently resumed - waiting: 2000ms for one to appear.
09-11 19:18:24.485 24087 24087 D KeyguardPasswordView: H.UPDATE_EMERGENCY_BUTTON
09-11 19:18:24.485 24087 24087 I KeyguardPasswordView: set params.topMargin:799
09-11 19:18:24.502 24087 24087 D KeyguardPasswordView: H.UPDATE_EMERGENCY_BUTTON
09-11 19:18:24.502 24087 24087 I KeyguardPasswordView: set params.topMargin:799
09-11 19:18:24.519 24087 24087 D KeyguardPasswordView: H.UPDATE_EMERGENCY_BUTTON
09-11 19:18:24.520 24087 24087 I KeyguardPasswordView: set params.topMargin:799
09-11 19:18:24.540 24087 24087 D KeyguardPasswordView: H.UPDATE_EMERGENCY_BUTTON
09-11 19:18:24.540 24087 24087 I KeyguardPasswordView: set params.topMargin:799
09-11 19:18:24.561 24087 24087 D KeyguardPasswordView: H.UPDATE_EMERGENCY_BUTTON
09-11 19:18:24.561 24087 24087 I KeyguardPasswordView: set params.topMargin:799
09-11 19:18:24.579 24087 24087 D KeyguardPasswordView: H.UPDATE_EMERGENCY_BUTTON
09-11 19:18:24.580 24087 24087 I KeyguardPasswordView: set params.topMargin:799
09-11 19:18:24.586 14890 14952 W WM-WorkSpec: Interval duration lesser than minimum allowed value; Changed to 900000
09-11 19:18:24.586 14890 14952 W WM-WorkSpec: Flex duration lesser than minimum allowed value; Changed to 300000
09-11 19:18:24.594 14890 14959 W System.err: java.lang.NullPointerException: Attempt to invoke virtual method 'void android.bluetooth.le.BluetoothLeAdvertiser.stopAdvertisingSet(android.bluetooth.le.AdvertisingSetCallback)' on a null object reference
09-11 19:18:24.595 14890 14959 W System.err: 	at u4.e(SourceFile:2)
09-11 19:18:24.595 14890 14959 W System.err: 	at u4.g(SourceFile:4)
09-11 19:18:24.595 14890 14959 W System.err: 	at v7.b(SourceFile:3)
09-11 19:18:24.595 14890 14959 W System.err: 	at v7.h(Unknown Source:0)
09-11 19:18:24.595 14890 14959 W System.err: 	at n0.run(Unknown Source:8)
09-11 19:18:24.595 14890 14959 W System.err: 	at java.util.concurrent.ThreadPoolExecutor.runWorker(ThreadPoolExecutor.java:1167)
09-11 19:18:24.595 14890 14959 W System.err: 	at java.util.concurrent.ThreadPoolExecutor$Worker.run(ThreadPoolExecutor.java:641)
09-11 19:18:24.595 14890 14959 W System.err: 	at java.lang.Thread.run(Thread.java:923)
09-11 19:18:24.596 14890 14959 W System.err: java.lang.NullPointerException: Attempt to invoke virtual method 'void android.bluetooth.le.BluetoothLeAdvertiser.startAdvertisingSet(android.bluetooth.le.AdvertisingSetParameters, android.bluetooth.le.AdvertiseData, android.bluetooth.le.AdvertiseData, android.bluetooth.le.PeriodicAdvertisingParameters, android.bluetooth.le.AdvertiseData, int, int, android.bluetooth.le.AdvertisingSetCallback)' on a null object reference
09-11 19:18:24.596 14890 14959 W System.err: 	at u4.g(SourceFile:8)
09-11 19:18:24.596 14890 14959 W System.err: 	at v7.b(SourceFile:3)
09-11 19:18:24.596 14890 14959 W System.err: 	at v7.h(Unknown Source:0)
09-11 19:18:24.596 14890 14959 W System.err: 	at n0.run(Unknown Source:8)
09-11 19:18:24.596 14890 14959 W System.err: 	at java.util.concurrent.ThreadPoolExecutor.runWorker(ThreadPoolExecutor.java:1167)
09-11 19:18:24.596 14890 14959 W System.err: 	at java.util.concurrent.ThreadPoolExecutor$Worker.run(ThreadPoolExecutor.java:641)
09-11 19:18:24.596 14890 14959 W System.err: 	at java.lang.Thread.run(Thread.java:923)
09-11 19:18:24.601 24087 24087 D KeyguardPasswordView: H.UPDATE_EMERGENCY_BUTTON
09-11 19:18:24.601 24087 24087 I KeyguardPasswordView: set params.topMargin:799
09-11 19:18:24.618 24087 24087 D KeyguardPasswordView: H.UPDATE_EMERGENCY_BUTTON
09-11 19:18:24.618 24087 24087 I KeyguardPasswordView: set params.topMargin:799
09-11 19:18:24.639 24087 24087 D KeyguardPasswordView: H.UPDATE_EMERGENCY_BUTTON
09-11 19:18:24.639 24087 24087 I KeyguardPasswordView: set params.topMargin:799
09-11 19:18:24.660 24087 24087 D KeyguardPasswordView: H.UPDATE_EMERGENCY_BUTTON
09-11 19:18:24.660 24087 24087 I KeyguardPasswordView: set params.topMargin:799
09-11 19:18:24.678 24087 24087 D KeyguardPasswordView: H.UPDATE_EMERGENCY_BUTTON
09-11 19:18:24.678 24087 24087 I KeyguardPasswordView: set params.topMargin:799
09-11 19:18:24.685  1664  7162 E QMI_FW  : qmi_cci_get_ref: ref count increased 2
09-11 19:18:24.688  1664  1732 E QMI_FW  : qmi_cci_get_ref: ref count increased 2
09-11 19:18:24.705 24087 24087 D KeyguardPasswordView: H.UPDATE_EMERGENCY_BUTTON
09-11 19:18:24.706 24087 24087 I KeyguardPasswordView: set params.topMargin:799
09-11 19:18:24.709 24087 24109 D NetworkController.MobileSignalController(6): onSignalStrengthsChanged signalStrength=SignalStrength:{mCdma=CellSignalStrengthCdma: cdmaDbm=2147483647 cdmaEcio=2147483647 evdoDbm=2147483647 evdoEcio=2147483647 evdoSnr=2147483647 level=0 oplevel=0,mGsm=CellSignalStrengthGsm: rssi=2147483647 ber=2147483647 mTa=2147483647 mLevel=0,mWcdma=CellSignalStrengthWcdma: ss=-87 ber=2147483647 rscp=-86 ecno=-7 level=3 oplevel=3,mTdscdma=CellSignalStrengthTdscdma: rssi=2147483647 ber=2147483647 rscp=2147483647 level=0,mLte=CellSignalStrengthLte: rssi=2147483647 rsrp=2147483647 rsrq=2147483647 rssnr=2147483647 cqi=2147483647 ta=2147483647 level=0 parametersUseForLevel=0 oplevel=0,mNr=CellSignalStrengthNr:{ csiRsrp = 2147483647 csiRsrq = 2147483647 csiSinr = 2147483647 ssRsrp = 2147483647 ssRsrq = 2147483647 ssSinr = 2147483647 level = 0 parametersUseForLevel = 0 },primary=CellSignalStrengthWcdma,voice level =3,data level =3,isGsm =true} level=3 voicelevel=3 datalevel=3
09-11 19:18:24.723 24087 24087 D KeyguardPasswordView: H.UPDATE_EMERGENCY_BUTTON
09-11 19:18:24.724 24087 24087 I KeyguardPasswordView: set params.topMargin:799
09-11 19:18:24.727 24087 24109 D NetworkController.MobileSignalController(6): notifyListeners, showSimLoadedFakeIcon :false
09-11 19:18:24.745 24087 24087 E ndroid.systemu: Invalid ID 0x00000000.
09-11 19:18:24.746 24087 24087 I chatty  : uid=10039(com.android.systemui) identical 1 line
09-11 19:18:24.747 24087 24087 E ndroid.systemu: Invalid ID 0x00000000.
09-11 19:18:24.749 24087 24087 D KeyguardPasswordView: H.UPDATE_EMERGENCY_BUTTON
09-11 19:18:24.750 24087 24087 I KeyguardPasswordView: set params.topMargin:799
09-11 19:18:24.773 24087 24087 D KeyguardClockPositionAlgorithm: getClockY()184
09-11 19:18:24.773 24087 24087 I chatty  : uid=10039(com.android.systemui) identical 1 line
09-11 19:18:24.773 24087 24087 D KeyguardClockPositionAlgorithm: getClockY()184
09-11 19:18:24.779 24087 24087 D KeyguardPasswordView: H.UPDATE_EMERGENCY_BUTTON
09-11 19:18:24.779 24087 24087 I KeyguardPasswordView: set params.topMargin:799
09-11 19:18:24.782 24087 24087 D KeyguardPasswordView: H.UPDATE_EMERGENCY_BUTTON
09-11 19:18:24.782 24087 24087 I KeyguardPasswordView: set params.topMargin:799
09-11 19:18:24.799 24087 24087 D KeyguardPasswordView: H.UPDATE_EMERGENCY_BUTTON
09-11 19:18:24.799 24087 24087 I KeyguardPasswordView: set params.topMargin:799
09-11 19:18:24.817 24087 24087 D KeyguardPasswordView: H.UPDATE_EMERGENCY_BUTTON
09-11 19:18:24.818 24087 24087 I KeyguardPasswordView: set params.topMargin:799
09-11 19:18:24.840 24087 24087 D KeyguardPasswordView: H.UPDATE_EMERGENCY_BUTTON
09-11 19:18:24.841 24087 24087 I KeyguardPasswordView: set params.topMargin:799
09-11 19:18:24.857 24087 24087 D KeyguardPasswordView: H.UPDATE_EMERGENCY_BUTTON
09-11 19:18:24.858 24087 24087 I KeyguardPasswordView: set params.topMargin:799
09-11 19:18:24.875 24087 24087 D KeyguardPasswordView: H.UPDATE_EMERGENCY_BUTTON
09-11 19:18:24.876 24087 24087 I KeyguardPasswordView: set params.topMargin:799
09-11 19:18:24.894 24087 24087 D KeyguardPasswordView: H.UPDATE_EMERGENCY_BUTTON
09-11 19:18:24.894 24087 24087 I KeyguardPasswordView: set params.topMargin:799
09-11 19:18:24.912 24087 24087 D KeyguardPasswordView: H.UPDATE_EMERGENCY_BUTTON
09-11 19:18:24.913 24087 24087 I KeyguardPasswordView: set params.topMargin:799
09-11 19:18:24.931 24087 24087 D KeyguardPasswordView: H.UPDATE_EMERGENCY_BUTTON
09-11 19:18:24.932 24087 24087 I KeyguardPasswordView: set params.topMargin:799
09-11 19:18:24.949 24087 24087 D KeyguardPasswordView: H.UPDATE_EMERGENCY_BUTTON
09-11 19:18:24.950 24087 24087 I KeyguardPasswordView: set params.topMargin:799
09-11 19:18:24.967 24087 24087 D KeyguardPasswordView: H.UPDATE_EMERGENCY_BUTTON
09-11 19:18:24.968 24087 24087 I KeyguardPasswordView: set params.topMargin:799
09-11 19:18:24.985 24087 24087 D KeyguardPasswordView: H.UPDATE_EMERGENCY_BUTTON
09-11 19:18:24.985 24087 24087 I KeyguardPasswordView: set params.topMargin:799
09-11 19:18:25.004 24087 24087 D KeyguardPasswordView: H.UPDATE_EMERGENCY_BUTTON
09-11 19:18:25.004 24087 24087 I KeyguardPasswordView: set params.topMargin:799
09-11 19:18:25.021 24087 24087 D KeyguardPasswordView: H.UPDATE_EMERGENCY_BUTTON
09-11 19:18:25.021 24087 24087 I KeyguardPasswordView: set params.topMargin:799
09-11 19:18:25.038 24087 24087 D KeyguardPasswordView: H.UPDATE_EMERGENCY_BUTTON
09-11 19:18:25.038 24087 24087 I KeyguardPasswordView: set params.topMargin:799
09-11 19:18:25.056 24087 24087 D KeyguardPasswordView: H.UPDATE_EMERGENCY_BUTTON
09-11 19:18:25.056 24087 24087 I KeyguardPasswordView: set params.topMargin:799
09-11 19:18:25.074 24087 24087 D KeyguardPasswordView: H.UPDATE_EMERGENCY_BUTTON
09-11 19:18:25.074 24087 24087 I KeyguardPasswordView: set params.topMargin:799
09-11 19:18:25.095 24087 24087 D KeyguardPasswordView: H.UPDATE_EMERGENCY_BUTTON
09-11 19:18:25.096 24087 24087 I KeyguardPasswordView: set params.topMargin:799
09-11 19:18:25.114 24087 24087 D KeyguardPasswordView: H.UPDATE_EMERGENCY_BUTTON
09-11 19:18:25.114 24087 24087 I KeyguardPasswordView: set params.topMargin:799
09-11 19:18:25.132 24087 24087 D KeyguardPasswordView: H.UPDATE_EMERGENCY_BUTTON
09-11 19:18:25.132 24087 24087 I KeyguardPasswordView: set params.topMargin:799
09-11 19:18:25.152 24087 24087 D KeyguardPasswordView: H.UPDATE_EMERGENCY_BUTTON
09-11 19:18:25.153 24087 24087 I KeyguardPasswordView: set params.topMargin:799
09-11 19:18:25.171 24087 24087 D KeyguardPasswordView: H.UPDATE_EMERGENCY_BUTTON
09-11 19:18:25.172 24087 24087 I KeyguardPasswordView: set params.topMargin:799
09-11 19:18:25.192 24087 24087 D KeyguardPasswordView: H.UPDATE_EMERGENCY_BUTTON
09-11 19:18:25.193 24087 24087 I KeyguardPasswordView: set params.topMargin:799
09-11 19:18:25.214 24087 24087 D KeyguardPasswordView: H.UPDATE_EMERGENCY_BUTTON
09-11 19:18:25.214 24087 24087 I KeyguardPasswordView: set params.topMargin:799
09-11 19:18:25.234 24087 24087 D KeyguardPasswordView: H.UPDATE_EMERGENCY_BUTTON
09-11 19:18:25.235 24087 24087 I KeyguardPasswordView: set params.topMargin:799
09-11 19:18:25.251 24087 24087 D KeyguardPasswordView: H.UPDATE_EMERGENCY_BUTTON
09-11 19:18:25.252 24087 24087 I KeyguardPasswordView: set params.topMargin:799
09-11 19:18:25.272 24087 24087 D KeyguardPasswordView: H.UPDATE_EMERGENCY_BUTTON
09-11 19:18:25.273 24087 24087 I KeyguardPasswordView: set params.topMargin:799
09-11 19:18:25.293 24087 24087 D KeyguardPasswordView: H.UPDATE_EMERGENCY_BUTTON
09-11 19:18:25.293 24087 24087 I KeyguardPasswordView: set params.topMargin:799
09-11 19:18:25.310 24087 24087 D KeyguardPasswordView: H.UPDATE_EMERGENCY_BUTTON
09-11 19:18:25.311 24087 24087 I KeyguardPasswordView: set params.topMargin:799
09-11 19:18:25.329 24087 24087 D KeyguardPasswordView: H.UPDATE_EMERGENCY_BUTTON
09-11 19:18:25.329 24087 24087 I KeyguardPasswordView: set params.topMargin:799
09-11 19:18:25.347 24087 24087 D KeyguardPasswordView: H.UPDATE_EMERGENCY_BUTTON
09-11 19:18:25.348 24087 24087 I KeyguardPasswordView: set params.topMargin:799
09-11 19:18:25.365 24087 24087 D KeyguardPasswordView: H.UPDATE_EMERGENCY_BUTTON
09-11 19:18:25.365 24087 24087 I KeyguardPasswordView: set params.topMargin:799
09-11 19:18:25.382 24087 24087 D KeyguardPasswordView: H.UPDATE_EMERGENCY_BUTTON
09-11 19:18:25.382 24087 24087 I KeyguardPasswordView: set params.topMargin:799
09-11 19:18:25.402 24087 24087 D KeyguardPasswordView: H.UPDATE_EMERGENCY_BUTTON
09-11 19:18:25.403 24087 24087 I KeyguardPasswordView: set params.topMargin:799
09-11 19:18:25.424 24087 24087 D KeyguardPasswordView: H.UPDATE_EMERGENCY_BUTTON
09-11 19:18:25.425 24087 24087 I KeyguardPasswordView: set params.topMargin:799
09-11 19:18:25.444 24087 24087 D KeyguardPasswordView: H.UPDATE_EMERGENCY_BUTTON
09-11 19:18:25.445 24087 24087 I KeyguardPasswordView: set params.topMargin:799
09-11 19:18:25.462 24087 24087 D KeyguardPasswordView: H.UPDATE_EMERGENCY_BUTTON
09-11 19:18:25.462 24087 24087 I KeyguardPasswordView: set params.topMargin:799
09-11 19:18:25.480 24087 24087 D KeyguardPasswordView: H.UPDATE_EMERGENCY_BUTTON
09-11 19:18:25.481 24087 24087 I KeyguardPasswordView: set params.topMargin:799
09-11 19:18:25.501 24087 24087 D KeyguardPasswordView: H.UPDATE_EMERGENCY_BUTTON
09-11 19:18:25.501 24087 24087 I KeyguardPasswordView: set params.topMargin:799
09-11 19:18:25.518 24087 24087 D KeyguardPasswordView: H.UPDATE_EMERGENCY_BUTTON
09-11 19:18:25.518 24087 24087 I KeyguardPasswordView: set params.topMargin:799
09-11 19:18:25.538 24087 24087 D KeyguardPasswordView: H.UPDATE_EMERGENCY_BUTTON
09-11 19:18:25.541 24087 24087 I KeyguardPasswordView: set params.topMargin:799
09-11 19:18:25.561 24087 24087 D KeyguardPasswordView: H.UPDATE_EMERGENCY_BUTTON
09-11 19:18:25.561 24087 24087 I KeyguardPasswordView: set params.topMargin:799
09-11 19:18:25.578 24087 24087 D KeyguardPasswordView: H.UPDATE_EMERGENCY_BUTTON
09-11 19:18:25.578 24087 24087 I KeyguardPasswordView: set params.topMargin:799
09-11 19:18:25.596 24087 24087 D KeyguardPasswordView: H.UPDATE_EMERGENCY_BUTTON
09-11 19:18:25.597 24087 24087 I KeyguardPasswordView: set params.topMargin:799
09-11 19:18:25.616 24087 24087 D KeyguardPasswordView: H.UPDATE_EMERGENCY_BUTTON
09-11 19:18:25.617 24087 24087 I KeyguardPasswordView: set params.topMargin:799
09-11 19:18:25.620  1044  1086 E ANDR-PERF-OPTSHANDLER: perf_lock_rel: failed for /sys/class/devfreq/soc:qcom,llccbw/min_freq as previous value is not stored
09-11 19:18:25.622  1044  1086 E ANDR-PERF-OPTSHANDLER: perf_lock_rel: failed for /sys/class/devfreq/soc:qcom,cpubw/min_freq as previous value is not stored
09-11 19:18:25.635 24087 24087 D KeyguardPasswordView: H.UPDATE_EMERGENCY_BUTTON
09-11 19:18:25.636 24087 24087 I KeyguardPasswordView: set params.topMargin:799
09-11 19:18:25.652 24087 24087 D KeyguardPasswordView: H.UPDATE_EMERGENCY_BUTTON
09-11 19:18:25.652 24087 24087 I KeyguardPasswordView: set params.topMargin:799
09-11 19:18:25.673 24087 24087 D KeyguardPasswordView: H.UPDATE_EMERGENCY_BUTTON
09-11 19:18:25.674 24087 24087 I KeyguardPasswordView: set params.topMargin:799
09-11 19:18:25.695 24087 24087 D KeyguardPasswordView: H.UPDATE_EMERGENCY_BUTTON
09-11 19:18:25.695 24087 24087 I KeyguardPasswordView: set params.topMargin:799
09-11 19:18:25.712 24087 24087 D KeyguardPasswordView: H.UPDATE_EMERGENCY_BUTTON
09-11 19:18:25.712 24087 24087 I KeyguardPasswordView: set params.topMargin:799
09-11 19:18:25.729 24087 24087 D KeyguardPasswordView: H.UPDATE_EMERGENCY_BUTTON
09-11 19:18:25.730 24087 24087 I KeyguardPasswordView: set params.topMargin:799
09-11 19:18:25.750 24087 24087 D KeyguardPasswordView: H.UPDATE_EMERGENCY_BUTTON
09-11 19:18:25.750 24087 24087 I KeyguardPasswordView: set params.topMargin:799
09-11 19:18:25.771 24087 24087 D KeyguardPasswordView: H.UPDATE_EMERGENCY_BUTTON
09-11 19:18:25.771 24087 24087 I KeyguardPasswordView: set params.topMargin:799
09-11 19:18:25.791 24087 24087 D KeyguardPasswordView: H.UPDATE_EMERGENCY_BUTTON
09-11 19:18:25.792 24087 24087 I KeyguardPasswordView: set params.topMargin:799
09-11 19:18:25.812 24087 24087 D KeyguardPasswordView: H.UPDATE_EMERGENCY_BUTTON
09-11 19:18:25.813 24087 24087 I KeyguardPasswordView: set params.topMargin:799
09-11 19:18:25.831 24087 24087 D KeyguardPasswordView: H.UPDATE_EMERGENCY_BUTTON
09-11 19:18:25.832 24087 24087 I KeyguardPasswordView: set params.topMargin:799
09-11 19:18:25.848 24087 24087 D KeyguardPasswordView: H.UPDATE_EMERGENCY_BUTTON
09-11 19:18:25.849 24087 24087 I KeyguardPasswordView: set params.topMargin:799
09-11 19:18:25.866 24087 24087 D KeyguardPasswordView: H.UPDATE_EMERGENCY_BUTTON
09-11 19:18:25.867 24087 24087 I KeyguardPasswordView: set params.topMargin:799
09-11 19:18:25.884 24087 24087 D KeyguardPasswordView: H.UPDATE_EMERGENCY_BUTTON
09-11 19:18:25.884 24087 24087 I KeyguardPasswordView: set params.topMargin:799
09-11 19:18:25.901 24087 24087 D KeyguardPasswordView: H.UPDATE_EMERGENCY_BUTTON
09-11 19:18:25.902 24087 24087 I KeyguardPasswordView: set params.topMargin:799
09-11 19:18:25.922 24087 24087 D KeyguardPasswordView: H.UPDATE_EMERGENCY_BUTTON
09-11 19:18:25.922 24087 24087 I KeyguardPasswordView: set params.topMargin:799
09-11 19:18:25.941 24087 24087 D KeyguardPasswordView: H.UPDATE_EMERGENCY_BUTTON
09-11 19:18:25.941 24087 24087 I KeyguardPasswordView: set params.topMargin:799
09-11 19:18:25.959 24087 24087 D KeyguardPasswordView: H.UPDATE_EMERGENCY_BUTTON
09-11 19:18:25.959 24087 24087 I KeyguardPasswordView: set params.topMargin:799
09-11 19:18:25.978 24087 24087 D KeyguardPasswordView: H.UPDATE_EMERGENCY_BUTTON
09-11 19:18:25.979 24087 24087 I KeyguardPasswordView: set params.topMargin:799
09-11 19:18:25.996 24087 24087 D KeyguardPasswordView: H.UPDATE_EMERGENCY_BUTTON
09-11 19:18:25.997 24087 24087 I KeyguardPasswordView: set params.topMargin:799
09-11 19:18:26.015 24087 24087 D KeyguardPasswordView: H.UPDATE_EMERGENCY_BUTTON
09-11 19:18:26.017 24087 24087 I KeyguardPasswordView: set params.topMargin:799
09-11 19:18:26.033 24087 24087 D KeyguardPasswordView: H.UPDATE_EMERGENCY_BUTTON
09-11 19:18:26.033 24087 24087 I KeyguardPasswordView: set params.topMargin:799
09-11 19:18:26.051 24087 24087 D KeyguardPasswordView: H.UPDATE_EMERGENCY_BUTTON
09-11 19:18:26.051 24087 24087 I KeyguardPasswordView: set params.topMargin:799
09-11 19:18:26.069 24087 24087 D KeyguardPasswordView: H.UPDATE_EMERGENCY_BUTTON
09-11 19:18:26.069 24087 24087 I KeyguardPasswordView: set params.topMargin:799
09-11 19:18:26.086 24087 24087 D KeyguardPasswordView: H.UPDATE_EMERGENCY_BUTTON
09-11 19:18:26.087 24087 24087 I KeyguardPasswordView: set params.topMargin:799
09-11 19:18:26.105 24087 24087 D KeyguardPasswordView: H.UPDATE_EMERGENCY_BUTTON
09-11 19:18:26.105 24087 24087 I KeyguardPasswordView: set params.topMargin:799
09-11 19:18:26.123 24087 24087 D KeyguardPasswordView: H.UPDATE_EMERGENCY_BUTTON
09-11 19:18:26.123 24087 24087 I KeyguardPasswordView: set params.topMargin:799
09-11 19:18:26.141 24087 24087 D KeyguardPasswordView: H.UPDATE_EMERGENCY_BUTTON
09-11 19:18:26.141 24087 24087 I KeyguardPasswordView: set params.topMargin:799
09-11 19:18:26.159 24087 24087 D KeyguardPasswordView: H.UPDATE_EMERGENCY_BUTTON
09-11 19:18:26.159 24087 24087 I KeyguardPasswordView: set params.topMargin:799
09-11 19:18:26.180 24087 24087 D KeyguardPasswordView: H.UPDATE_EMERGENCY_BUTTON
09-11 19:18:26.180 24087 24087 I KeyguardPasswordView: set params.topMargin:799
09-11 19:18:26.198 24087 24087 D KeyguardPasswordView: H.UPDATE_EMERGENCY_BUTTON
09-11 19:18:26.199 24087 24087 I KeyguardPasswordView: set params.topMargin:799
09-11 19:18:26.217 24087 24087 D KeyguardPasswordView: H.UPDATE_EMERGENCY_BUTTON
09-11 19:18:26.218 24087 24087 I KeyguardPasswordView: set params.topMargin:799
09-11 19:18:26.236 24087 24087 D KeyguardPasswordView: H.UPDATE_EMERGENCY_BUTTON
09-11 19:18:26.238 24087 24087 I KeyguardPasswordView: set params.topMargin:799
09-11 19:18:26.254 24087 24087 D KeyguardPasswordView: H.UPDATE_EMERGENCY_BUTTON
09-11 19:18:26.254 24087 24087 I KeyguardPasswordView: set params.topMargin:799
09-11 19:18:26.271 24087 24087 D KeyguardPasswordView: H.UPDATE_EMERGENCY_BUTTON
09-11 19:18:26.272 24087 24087 I KeyguardPasswordView: set params.topMargin:799
09-11 19:18:26.289 24087 24087 D KeyguardPasswordView: H.UPDATE_EMERGENCY_BUTTON
09-11 19:18:26.290 24087 24087 I KeyguardPasswordView: set params.topMargin:799
09-11 19:18:26.308 24087 24087 D KeyguardPasswordView: H.UPDATE_EMERGENCY_BUTTON
09-11 19:18:26.308 24087 24087 I KeyguardPasswordView: set params.topMargin:799
09-11 19:18:26.325 24087 24087 D KeyguardPasswordView: H.UPDATE_EMERGENCY_BUTTON
09-11 19:18:26.325 24087 24087 I KeyguardPasswordView: set params.topMargin:799
09-11 19:18:26.346 24087 24087 D KeyguardPasswordView: H.UPDATE_EMERGENCY_BUTTON
09-11 19:18:26.346 24087 24087 I KeyguardPasswordView: set params.topMargin:799
09-11 19:18:26.366 24087 24087 D KeyguardPasswordView: H.UPDATE_EMERGENCY_BUTTON
09-11 19:18:26.367 24087 24087 I KeyguardPasswordView: set params.topMargin:799
09-11 19:18:26.387 24087 24087 D KeyguardPasswordView: H.UPDATE_EMERGENCY_BUTTON
09-11 19:18:26.387 24087 24087 I KeyguardPasswordView: set params.topMargin:799
09-11 19:18:26.407 24087 24087 D KeyguardPasswordView: H.UPDATE_EMERGENCY_BUTTON
09-11 19:18:26.407 24087 24087 I KeyguardPasswordView: set params.topMargin:799
09-11 19:18:26.425 24087 24087 D KeyguardPasswordView: H.UPDATE_EMERGENCY_BUTTON
09-11 19:18:26.425 24087 24087 I KeyguardPasswordView: set params.topMargin:799
09-11 19:18:26.442 24087 24087 D KeyguardPasswordView: H.UPDATE_EMERGENCY_BUTTON
09-11 19:18:26.444 24087 24087 I KeyguardPasswordView: set params.topMargin:799
09-11 19:18:26.460 24087 24087 D KeyguardPasswordView: H.UPDATE_EMERGENCY_BUTTON
09-11 19:18:26.460 24087 24087 I KeyguardPasswordView: set params.topMargin:799
09-11 19:18:26.477 24087 24087 D KeyguardPasswordView: H.UPDATE_EMERGENCY_BUTTON
09-11 19:18:26.478 24087 24087 I KeyguardPasswordView: set params.topMargin:799
09-11 19:18:26.483 24442 24442 W RootViewPicker: No activity currently resumed - waiting: 30000ms for one to appear.
09-11 19:18:26.498 24087 24087 D KeyguardPasswordView: H.UPDATE_EMERGENCY_BUTTON
09-11 19:18:26.498 24087 24087 I KeyguardPasswordView: set params.topMargin:799
09-11 19:18:26.518 24087 24087 D KeyguardPasswordView: H.UPDATE_EMERGENCY_BUTTON
09-11 19:18:26.519 24087 24087 I KeyguardPasswordView: set params.topMargin:799
09-11 19:18:26.539 24087 24087 D KeyguardPasswordView: H.UPDATE_EMERGENCY_BUTTON
09-11 19:18:26.539 24087 24087 I KeyguardPasswordView: set params.topMargin:799
09-11 19:18:26.559 24087 24087 D KeyguardPasswordView: H.UPDATE_EMERGENCY_BUTTON
09-11 19:18:26.560 24087 24087 I KeyguardPasswordView: set params.topMargin:799
09-11 19:18:26.579 24087 24087 D KeyguardPasswordView: H.UPDATE_EMERGENCY_BUTTON
09-11 19:18:26.579 24087 24087 I KeyguardPasswordView: set params.topMargin:799
09-11 19:18:26.599 24087 24087 D KeyguardPasswordView: H.UPDATE_EMERGENCY_BUTTON
09-11 19:18:26.600 24087 24087 I KeyguardPasswordView: set params.topMargin:799
09-11 19:18:26.617 24087 24087 D KeyguardPasswordView: H.UPDATE_EMERGENCY_BUTTON
09-11 19:18:26.618 24087 24087 I KeyguardPasswordView: set params.topMargin:799
09-11 19:18:26.635 24087 24087 D KeyguardPasswordView: H.UPDATE_EMERGENCY_BUTTON
09-11 19:18:26.636 24087 24087 I KeyguardPasswordView: set params.topMargin:799
09-11 19:18:26.652 24087 24087 D KeyguardPasswordView: H.UPDATE_EMERGENCY_BUTTON
09-11 19:18:26.653 24087 24087 I KeyguardPasswordView: set params.topMargin:799
09-11 19:18:26.670 24087 24087 D KeyguardPasswordView: H.UPDATE_EMERGENCY_BUTTON
09-11 19:18:26.671 24087 24087 I KeyguardPasswordView: set params.topMargin:799
09-11 19:18:26.692 24087 24087 D KeyguardPasswordView: H.UPDATE_EMERGENCY_BUTTON
09-11 19:18:26.692 24087 24087 I KeyguardPasswordView: set params.topMargin:799
09-11 19:18:26.709 24087 24087 D KeyguardPasswordView: H.UPDATE_EMERGENCY_BUTTON
09-11 19:18:26.710 24087 24087 I KeyguardPasswordView: set params.topMargin:799
09-11 19:18:26.728 24087 24087 D KeyguardPasswordView: H.UPDATE_EMERGENCY_BUTTON
09-11 19:18:26.729 24087 24087 I KeyguardPasswordView: set params.topMargin:799
09-11 19:18:26.745 24087 24087 D KeyguardPasswordView: H.UPDATE_EMERGENCY_BUTTON
09-11 19:18:26.745 24087 24087 I KeyguardPasswordView: set params.topMargin:799
09-11 19:18:26.764 24087 24087 D KeyguardPasswordView: H.UPDATE_EMERGENCY_BUTTON
09-11 19:18:26.764 24087 24087 I KeyguardPasswordView: set params.topMargin:799
09-11 19:18:26.781 24087 24087 D KeyguardPasswordView: H.UPDATE_EMERGENCY_BUTTON
09-11 19:18:26.782 24087 24087 I KeyguardPasswordView: set params.topMargin:799
09-11 19:18:26.802 24087 24087 D KeyguardPasswordView: H.UPDATE_EMERGENCY_BUTTON
09-11 19:18:26.802 24087 24087 I KeyguardPasswordView: set params.topMargin:799
09-11 19:18:26.822 24087 24087 D KeyguardPasswordView: H.UPDATE_EMERGENCY_BUTTON
09-11 19:18:26.822 24087 24087 I KeyguardPasswordView: set params.topMargin:799
09-11 19:18:26.843 24087 24087 D KeyguardPasswordView: H.UPDATE_EMERGENCY_BUTTON
09-11 19:18:26.843 24087 24087 I KeyguardPasswordView: set params.topMargin:799
09-11 19:18:26.861 24087 24087 D KeyguardPasswordView: H.UPDATE_EMERGENCY_BUTTON
09-11 19:18:26.861 24087 24087 I KeyguardPasswordView: set params.topMargin:799
09-11 19:18:26.879 24087 24087 D KeyguardPasswordView: H.UPDATE_EMERGENCY_BUTTON
09-11 19:18:26.879 24087 24087 I KeyguardPasswordView: set params.topMargin:799
09-11 19:18:26.899 24087 24087 D KeyguardPasswordView: H.UPDATE_EMERGENCY_BUTTON
09-11 19:18:26.900 24087 24087 I KeyguardPasswordView: set params.topMargin:799
09-11 19:18:26.920 24087 24087 D KeyguardPasswordView: H.UPDATE_EMERGENCY_BUTTON
09-11 19:18:26.920 24087 24087 I KeyguardPasswordView: set params.topMargin:799
09-11 19:18:26.938 24087 24087 D KeyguardPasswordView: H.UPDATE_EMERGENCY_BUTTON
09-11 19:18:26.939 24087 24087 I KeyguardPasswordView: set params.topMargin:799
09-11 19:18:26.959 24087 24087 D KeyguardPasswordView: H.UPDATE_EMERGENCY_BUTTON
09-11 19:18:26.960 24087 24087 I KeyguardPasswordView: set params.topMargin:799
09-11 19:18:26.977 24087 24087 D KeyguardPasswordView: H.UPDATE_EMERGENCY_BUTTON
09-11 19:18:26.978 24087 24087 I KeyguardPasswordView: set params.topMargin:799
09-11 19:18:26.995 24087 24087 D KeyguardPasswordView: H.UPDATE_EMERGENCY_BUTTON
09-11 19:18:26.996 24087 24087 I KeyguardPasswordView: set params.topMargin:799
09-11 19:18:27.013 24087 24087 D KeyguardPasswordView: H.UPDATE_EMERGENCY_BUTTON
09-11 19:18:27.014 24087 24087 I KeyguardPasswordView: set params.topMargin:799
09-11 19:18:27.033 24087 24087 D KeyguardPasswordView: H.UPDATE_EMERGENCY_BUTTON
09-11 19:18:27.034 24087 24087 I KeyguardPasswordView: set params.topMargin:799
09-11 19:18:27.054 24087 24087 D KeyguardPasswordView: H.UPDATE_EMERGENCY_BUTTON
09-11 19:18:27.055 24087 24087 I KeyguardPasswordView: set params.topMargin:799
09-11 19:18:27.072 24087 24087 D KeyguardPasswordView: H.UPDATE_EMERGENCY_BUTTON
09-11 19:18:27.073 24087 24087 I KeyguardPasswordView: set params.topMargin:799
09-11 19:18:27.094 24087 24087 D KeyguardPasswordView: H.UPDATE_EMERGENCY_BUTTON
09-11 19:18:27.094 24087 24087 I KeyguardPasswordView: set params.topMargin:799
09-11 19:18:27.112 24087 24087 D KeyguardPasswordView: H.UPDATE_EMERGENCY_BUTTON
09-11 19:18:27.112 24087 24087 I KeyguardPasswordView: set params.topMargin:799
09-11 19:18:27.131 24087 24087 D KeyguardPasswordView: H.UPDATE_EMERGENCY_BUTTON
09-11 19:18:27.131 24087 24087 I KeyguardPasswordView: set params.topMargin:799
09-11 19:18:27.149 24087 24087 D KeyguardPasswordView: H.UPDATE_EMERGENCY_BUTTON
09-11 19:18:27.150 24087 24087 I KeyguardPasswordView: set params.topMargin:799
09-11 19:18:27.167 24087 24087 D KeyguardPasswordView: H.UPDATE_EMERGENCY_BUTTON
09-11 19:18:27.168 24087 24087 I KeyguardPasswordView: set params.topMargin:799
09-11 19:18:27.185 24087 24087 D KeyguardPasswordView: H.UPDATE_EMERGENCY_BUTTON
09-11 19:18:27.186 24087 24087 I KeyguardPasswordView: set params.topMargin:799
09-11 19:18:27.203 24087 24087 D KeyguardPasswordView: H.UPDATE_EMERGENCY_BUTTON
09-11 19:18:27.204 24087 24087 I KeyguardPasswordView: set params.topMargin:799
09-11 19:18:27.221 24087 24087 D KeyguardPasswordView: H.UPDATE_EMERGENCY_BUTTON
09-11 19:18:27.222 24087 24087 I KeyguardPasswordView: set params.topMargin:799
09-11 19:18:27.240 24087 24087 D KeyguardPasswordView: H.UPDATE_EMERGENCY_BUTTON
09-11 19:18:27.240 24087 24087 I KeyguardPasswordView: set params.topMargin:799
09-11 19:18:27.258 24087 24087 D KeyguardPasswordView: H.UPDATE_EMERGENCY_BUTTON
09-11 19:18:27.259 24087 24087 I KeyguardPasswordView: set params.topMargin:799
09-11 19:18:27.275 24087 24087 D KeyguardPasswordView: H.UPDATE_EMERGENCY_BUTTON
09-11 19:18:27.275 24087 24087 I KeyguardPasswordView: set params.topMargin:799
09-11 19:18:27.293 24087 24087 D KeyguardPasswordView: H.UPDATE_EMERGENCY_BUTTON
09-11 19:18:27.294 24087 24087 I KeyguardPasswordView: set params.topMargin:799
09-11 19:18:27.310 24087 24087 D KeyguardPasswordView: H.UPDATE_EMERGENCY_BUTTON
09-11 19:18:27.311 24087 24087 I KeyguardPasswordView: set params.topMargin:799
09-11 19:18:27.330 24087 24087 D KeyguardPasswordView: H.UPDATE_EMERGENCY_BUTTON
09-11 19:18:27.330 24087 24087 I KeyguardPasswordView: set params.topMargin:799
09-11 19:18:27.350 24087 24087 D KeyguardPasswordView: H.UPDATE_EMERGENCY_BUTTON
09-11 19:18:27.351 24087 24087 I KeyguardPasswordView: set params.topMargin:799
