09-11 19:18:27.368 24087 24087 D KeyguardPasswordView: H.UPDATE_EMERGENCY_BUTTON
09-11 19:18:27.368 24087 24087 I KeyguardPasswordView: set params.topMargin:799
09-11 19:18:27.388 24087 24087 D KeyguardPasswordView: H.UPDATE_EMERGENCY_BUTTON
09-11 19:18:27.389 24087 24087 I KeyguardPasswordView: set params.topMargin:799
09-11 19:18:27.406 24087 24087 D KeyguardPasswordView: H.UPDATE_EMERGENCY_BUTTON
09-11 19:18:27.407 24087 24087 I KeyguardPasswordView: set params.topMargin:799
09-11 19:18:27.424 24087 24087 D KeyguardPasswordView: H.UPDATE_EMERGENCY_BUTTON
09-11 19:18:27.424 24087 24087 I KeyguardPasswordView: set params.topMargin:799
09-11 19:18:27.444 24087 24087 D KeyguardPasswordView: H.UPDATE_EMERGENCY_BUTTON
09-11 19:18:27.445 24087 24087 I KeyguardPasswordView: set params.topMargin:799
09-11 19:18:27.466 24087 24087 D KeyguardPasswordView: H.UPDATE_EMERGENCY_BUTTON
09-11 19:18:27.467 24087 24087 I KeyguardPasswordView: set params.topMargin:799
09-11 19:18:27.485 24087 24087 D KeyguardPasswordView: H.UPDATE_EMERGENCY_BUTTON
09-11 19:18:27.485 24087 24087 I KeyguardPasswordView: set params.topMargin:799
09-11 19:18:27.501 24087 24087 D KeyguardPasswordView: H.UPDATE_EMERGENCY_BUTTON
09-11 19:18:27.502 24087 24087 I KeyguardPasswordView: set params.topMargin:799
09-11 19:18:27.519 24087 24087 D KeyguardPasswordView: H.UPDATE_EMERGENCY_BUTTON
09-11 19:18:27.519 24087 24087 I KeyguardPasswordView: set params.topMargin:799
09-11 19:18:27.535 24087 24087 D KeyguardPasswordView: H.UPDATE_EMERGENCY_BUTTON
09-11 19:18:27.535 24087 24087 I KeyguardPasswordView: set params.topMargin:799
09-11 19:18:27.551 24087 24087 D KeyguardPasswordView: H.UPDATE_EMERGENCY_BUTTON
09-11 19:18:27.552 24087 24087 I KeyguardPasswordView: set params.topMargin:799
09-11 19:18:27.572 24087 24087 D KeyguardPasswordView: H.UPDATE_EMERGENCY_BUTTON
09-11 19:18:27.576 24087 24087 I KeyguardPasswordView: set params.topMargin:799
09-11 19:18:27.590 24087 24087 D KeyguardPasswordView: H.UPDATE_EMERGENCY_BUTTON
09-11 19:18:27.591 24087 24087 I KeyguardPasswordView: set params.topMargin:799
09-11 19:18:27.608 24087 24087 D KeyguardPasswordView: H.UPDATE_EMERGENCY_BUTTON
09-11 19:18:27.608 24087 24087 I KeyguardPasswordView: set params.topMargin:799
09-11 19:18:27.627 24087 24087 D KeyguardPasswordView: H.UPDATE_EMERGENCY_BUTTON
09-11 19:18:27.629 24087 24087 I KeyguardPasswordView: set params.topMargin:799
09-11 19:18:27.644 24087 24087 D KeyguardPasswordView: H.UPDATE_EMERGENCY_BUTTON
09-11 19:18:27.644 24087 24087 I KeyguardPasswordView: set params.topMargin:799
09-11 19:18:27.663 24087 24087 D KeyguardPasswordView: H.UPDATE_EMERGENCY_BUTTON
09-11 19:18:27.664 24087 24087 I KeyguardPasswordView: set params.topMargin:799
09-11 19:18:27.684 24087 24087 D KeyguardPasswordView: H.UPDATE_EMERGENCY_BUTTON
09-11 19:18:27.684 24087 24087 I KeyguardPasswordView: set params.topMargin:799
09-11 19:18:27.702 24087 24087 D KeyguardPasswordView: H.UPDATE_EMERGENCY_BUTTON
09-11 19:18:27.702 24087 24087 I KeyguardPasswordView: set params.topMargin:799
09-11 19:18:27.720 24087 24087 D KeyguardPasswordView: H.UPDATE_EMERGENCY_BUTTON
09-11 19:18:27.720 24087 24087 I KeyguardPasswordView: set params.topMargin:799
09-11 19:18:27.738 24087 24087 D KeyguardPasswordView: H.UPDATE_EMERGENCY_BUTTON
09-11 19:18:27.739 24087 24087 I KeyguardPasswordView: set params.topMargin:799
09-11 19:18:27.756 24087 24087 D KeyguardPasswordView: H.UPDATE_EMERGENCY_BUTTON
09-11 19:18:27.757 24087 24087 I KeyguardPasswordView: set params.topMargin:799
09-11 19:18:27.774 24087 24087 D KeyguardPasswordView: H.UPDATE_EMERGENCY_BUTTON
09-11 19:18:27.775 24087 24087 I KeyguardPasswordView: set params.topMargin:799
09-11 19:18:27.794 24087 24087 D KeyguardPasswordView: H.UPDATE_EMERGENCY_BUTTON
09-11 19:18:27.795 24087 24087 I KeyguardPasswordView: set params.topMargin:799
09-11 19:18:27.812 24087 24087 D KeyguardPasswordView: H.UPDATE_EMERGENCY_BUTTON
09-11 19:18:27.812 24087 24087 I KeyguardPasswordView: set params.topMargin:799
09-11 19:18:27.831 24087 24087 D KeyguardPasswordView: H.UPDATE_EMERGENCY_BUTTON
09-11 19:18:27.832 24087 24087 I KeyguardPasswordView: set params.topMargin:799
09-11 19:18:27.848 24087 24087 D KeyguardPasswordView: H.UPDATE_EMERGENCY_BUTTON
09-11 19:18:27.848 24087 24087 I KeyguardPasswordView: set params.topMargin:799
09-11 19:18:27.868 24087 24087 D KeyguardPasswordView: H.UPDATE_EMERGENCY_BUTTON
09-11 19:18:27.869 24087 24087 I KeyguardPasswordView: set params.topMargin:799
09-11 19:18:27.889 24087 24087 D KeyguardPasswordView: H.UPDATE_EMERGENCY_BUTTON
09-11 19:18:27.890 24087 24087 I KeyguardPasswordView: set params.topMargin:799
09-11 19:18:27.909 24087 24087 D KeyguardPasswordView: H.UPDATE_EMERGENCY_BUTTON
09-11 19:18:27.910 24087 24087 I KeyguardPasswordView: set params.topMargin:799
09-11 19:18:27.930 24087 24087 D KeyguardPasswordView: H.UPDATE_EMERGENCY_BUTTON
09-11 19:18:27.930 24087 24087 I KeyguardPasswordView: set params.topMargin:799
09-11 19:18:27.950 24087 24087 D KeyguardPasswordView: H.UPDATE_EMERGENCY_BUTTON
09-11 19:18:27.951 24087 24087 I KeyguardPasswordView: set params.topMargin:799
09-11 19:18:27.968 24087 24087 D KeyguardPasswordView: H.UPDATE_EMERGENCY_BUTTON
09-11 19:18:27.968 24087 24087 I KeyguardPasswordView: set params.topMargin:799
09-11 19:18:27.988 24087 24087 D KeyguardPasswordView: H.UPDATE_EMERGENCY_BUTTON
09-11 19:18:27.989 24087 24087 I KeyguardPasswordView: set params.topMargin:799
09-11 19:18:28.009 24087 24087 D KeyguardPasswordView: H.UPDATE_EMERGENCY_BUTTON
09-11 19:18:28.009 24087 24087 I KeyguardPasswordView: set params.topMargin:799
09-11 19:18:28.029 24087 24087 D KeyguardPasswordView: H.UPDATE_EMERGENCY_BUTTON
09-11 19:18:28.029 24087 24087 I KeyguardPasswordView: set params.topMargin:799
09-11 19:18:28.048 24087 24087 D KeyguardPasswordView: H.UPDATE_EMERGENCY_BUTTON
09-11 19:18:28.048 24087 24087 I KeyguardPasswordView: set params.topMargin:799
09-11 19:18:28.065 24087 24087 D KeyguardPasswordView: H.UPDATE_EMERGENCY_BUTTON
09-11 19:18:28.066 24087 24087 I KeyguardPasswordView: set params.topMargin:799
09-11 19:18:28.082 24087 24087 D KeyguardPasswordView: H.UPDATE_EMERGENCY_BUTTON
09-11 19:18:28.083 24087 24087 I KeyguardPasswordView: set params.topMargin:799
09-11 19:18:28.108 24087 24087 D KeyguardPasswordView: H.UPDATE_EMERGENCY_BUTTON
09-11 19:18:28.109 24087 24087 I KeyguardPasswordView: set params.topMargin:799
09-11 19:18:28.126 24087 24087 D KeyguardPasswordView: H.UPDATE_EMERGENCY_BUTTON
09-11 19:18:28.127 24087 24087 I KeyguardPasswordView: set params.topMargin:799
09-11 19:18:28.144 24087 24087 D KeyguardPasswordView: H.UPDATE_EMERGENCY_BUTTON
09-11 19:18:28.145 24087 24087 I KeyguardPasswordView: set params.topMargin:799
09-11 19:18:28.164 24087 24087 D KeyguardPasswordView: H.UPDATE_EMERGENCY_BUTTON
09-11 19:18:28.164 24087 24087 I KeyguardPasswordView: set params.topMargin:799
09-11 19:18:28.182 24087 24087 D KeyguardPasswordView: H.UPDATE_EMERGENCY_BUTTON
09-11 19:18:28.183 24087 24087 I KeyguardPasswordView: set params.topMargin:799
09-11 19:18:28.201 24087 24087 D KeyguardPasswordView: H.UPDATE_EMERGENCY_BUTTON
09-11 19:18:28.201 24087 24087 I KeyguardPasswordView: set params.topMargin:799
09-11 19:18:28.222 24087 24087 D KeyguardPasswordView: H.UPDATE_EMERGENCY_BUTTON
09-11 19:18:28.223 24087 24087 I KeyguardPasswordView: set params.topMargin:799
09-11 19:18:28.239 24087 24087 D KeyguardPasswordView: H.UPDATE_EMERGENCY_BUTTON
09-11 19:18:28.240 24087 24087 I KeyguardPasswordView: set params.topMargin:799
09-11 19:18:28.260 24087 24087 D KeyguardPasswordView: H.UPDATE_EMERGENCY_BUTTON
09-11 19:18:28.261 24087 24087 I KeyguardPasswordView: set params.topMargin:799
09-11 19:18:28.267  1664  7162 E QMI_FW  : qmi_cci_get_ref: ref count increased 2
09-11 19:18:28.270  1664  1732 E QMI_FW  : qmi_cci_get_ref: ref count increased 2
09-11 19:18:28.281 24087 24087 D KeyguardPasswordView: H.UPDATE_EMERGENCY_BUTTON
09-11 19:18:28.282 24087 24087 I KeyguardPasswordView: set params.topMargin:799
09-11 19:18:28.299 24087 24087 D KeyguardPasswordView: H.UPDATE_EMERGENCY_BUTTON
09-11 19:18:28.299 24087 24087 I KeyguardPasswordView: set params.topMargin:799
09-11 19:18:28.317 24087 24087 D KeyguardPasswordView: H.UPDATE_EMERGENCY_BUTTON
09-11 19:18:28.317 24087 24087 I KeyguardPasswordView: set params.topMargin:799
09-11 19:18:28.320  3155  3155 D PhoneInterfaceManager: [PhoneIntfMgr] getPhoneFromSubId: 6
09-11 19:18:28.334 24087 24087 D KeyguardPasswordView: H.UPDATE_EMERGENCY_BUTTON
09-11 19:18:28.336 24087 24087 I KeyguardPasswordView: set params.topMargin:799
09-11 19:18:28.337  1664  1732 E QMI_FW  : qmi_cci_get_ref: ref count increased 2
09-11 19:18:28.340  1664  1732 E QMI_FW  : qmi_cci_get_ref: ref count increased 2
09-11 19:18:28.358 24087 24087 D KeyguardPasswordView: H.UPDATE_EMERGENCY_BUTTON
09-11 19:18:28.360  3155  3155 D MDM-OPMdmListener: onCellInfoChanged the cellInfo changed phoneId 0
09-11 19:18:28.363 24087 24087 I KeyguardPasswordView: set params.topMargin:799
09-11 19:18:28.376 24087 24087 D KeyguardPasswordView: H.UPDATE_EMERGENCY_BUTTON
09-11 19:18:28.377 24087 24087 I KeyguardPasswordView: set params.topMargin:799
09-11 19:18:28.394 24087 24087 D KeyguardPasswordView: H.UPDATE_EMERGENCY_BUTTON
09-11 19:18:28.394 24087 24087 I KeyguardPasswordView: set params.topMargin:799
09-11 19:18:28.412 24087 24087 D KeyguardPasswordView: H.UPDATE_EMERGENCY_BUTTON
09-11 19:18:28.412 24087 24087 I KeyguardPasswordView: set params.topMargin:799
09-11 19:18:28.431 24087 24087 D KeyguardPasswordView: H.UPDATE_EMERGENCY_BUTTON
09-11 19:18:28.432 24087 24087 I KeyguardPasswordView: set params.topMargin:799
09-11 19:18:28.450 24087 24087 D KeyguardPasswordView: H.UPDATE_EMERGENCY_BUTTON
09-11 19:18:28.450 24087 24087 I KeyguardPasswordView: set params.topMargin:799
09-11 19:18:28.468 24087 24087 D KeyguardPasswordView: H.UPDATE_EMERGENCY_BUTTON
09-11 19:18:28.468 24087 24087 I KeyguardPasswordView: set params.topMargin:799
09-11 19:18:28.486 24087 24087 D KeyguardPasswordView: H.UPDATE_EMERGENCY_BUTTON
09-11 19:18:28.486 24087 24087 I KeyguardPasswordView: set params.topMargin:799
09-11 19:18:28.504 24087 24087 D KeyguardPasswordView: H.UPDATE_EMERGENCY_BUTTON
09-11 19:18:28.504 24087 24087 I KeyguardPasswordView: set params.topMargin:799
09-11 19:18:28.522 24087 24087 D KeyguardPasswordView: H.UPDATE_EMERGENCY_BUTTON
09-11 19:18:28.522 24087 24087 I KeyguardPasswordView: set params.topMargin:799
09-11 19:18:28.542 24087 24087 D KeyguardPasswordView: H.UPDATE_EMERGENCY_BUTTON
09-11 19:18:28.543 24087 24087 I KeyguardPasswordView: set params.topMargin:799
09-11 19:18:28.561 24087 24087 D KeyguardPasswordView: H.UPDATE_EMERGENCY_BUTTON
09-11 19:18:28.562 24087 24087 I KeyguardPasswordView: set params.topMargin:799
09-11 19:18:28.579 24087 24087 D KeyguardPasswordView: H.UPDATE_EMERGENCY_BUTTON
09-11 19:18:28.580 24087 24087 I KeyguardPasswordView: set params.topMargin:799
09-11 19:18:28.598 24087 24087 D KeyguardPasswordView: H.UPDATE_EMERGENCY_BUTTON
09-11 19:18:28.599 24087 24087 I KeyguardPasswordView: set params.topMargin:799
09-11 19:18:28.617 24087 24087 D KeyguardPasswordView: H.UPDATE_EMERGENCY_BUTTON
09-11 19:18:28.618 24087 24087 I KeyguardPasswordView: set params.topMargin:799
09-11 19:18:28.634 24087 24087 D KeyguardPasswordView: H.UPDATE_EMERGENCY_BUTTON
09-11 19:18:28.634 24087 24087 I KeyguardPasswordView: set params.topMargin:799
09-11 19:18:28.653 24087 24087 D KeyguardPasswordView: H.UPDATE_EMERGENCY_BUTTON
09-11 19:18:28.654 24087 24087 I KeyguardPasswordView: set params.topMargin:799
09-11 19:18:28.668 24087 24087 D KeyguardPasswordView: H.UPDATE_EMERGENCY_BUTTON
09-11 19:18:28.668 24087 24087 I KeyguardPasswordView: set params.topMargin:799
09-11 19:18:28.685  1098  1098 E CompositionEngine: map unknown (BT709 sRGB Full range)/(Unknown RenderIntent) to default color mode
09-11 19:18:28.687 24087 24087 D KeyguardPasswordView: H.UPDATE_EMERGENCY_BUTTON
09-11 19:18:28.687 24087 24087 I KeyguardPasswordView: set params.topMargin:799
09-11 19:18:28.705 24087 24087 D KeyguardPasswordView: H.UPDATE_EMERGENCY_BUTTON
09-11 19:18:28.705 24087 24087 I KeyguardPasswordView: set params.topMargin:799
09-11 19:18:28.722 24087 24087 D KeyguardPasswordView: H.UPDATE_EMERGENCY_BUTTON
09-11 19:18:28.722 24087 24087 I KeyguardPasswordView: set params.topMargin:799
09-11 19:18:28.739 24087 24087 D KeyguardPasswordView: H.UPDATE_EMERGENCY_BUTTON
09-11 19:18:28.740 24087 24087 I KeyguardPasswordView: set params.topMargin:799
09-11 19:18:28.760 24087 24087 D KeyguardPasswordView: H.UPDATE_EMERGENCY_BUTTON
09-11 19:18:28.761 24087 24087 I KeyguardPasswordView: set params.topMargin:799
09-11 19:18:28.778 24087 24087 D KeyguardPasswordView: H.UPDATE_EMERGENCY_BUTTON
09-11 19:18:28.778 24087 24087 I KeyguardPasswordView: set params.topMargin:799
09-11 19:18:28.798 24087 24087 D KeyguardPasswordView: H.UPDATE_EMERGENCY_BUTTON
09-11 19:18:28.799 24087 24087 I KeyguardPasswordView: set params.topMargin:799
09-11 19:18:28.819 24087 24087 D KeyguardPasswordView: H.UPDATE_EMERGENCY_BUTTON
09-11 19:18:28.819 24087 24087 I KeyguardPasswordView: set params.topMargin:799
09-11 19:18:28.839 24087 24087 D KeyguardPasswordView: H.UPDATE_EMERGENCY_BUTTON
09-11 19:18:28.840 24087 24087 I KeyguardPasswordView: set params.topMargin:799
09-11 19:18:28.861 24087 24087 D KeyguardPasswordView: H.UPDATE_EMERGENCY_BUTTON
09-11 19:18:28.862 24087 24087 I KeyguardPasswordView: set params.topMargin:799
09-11 19:18:28.882 24087 24087 D KeyguardPasswordView: H.UPDATE_EMERGENCY_BUTTON
09-11 19:18:28.882 24087 24087 I KeyguardPasswordView: set params.topMargin:799
09-11 19:18:28.903 24087 24087 D KeyguardPasswordView: H.UPDATE_EMERGENCY_BUTTON
09-11 19:18:28.904 24087 24087 I KeyguardPasswordView: set params.topMargin:799
09-11 19:18:28.920 24087 24087 D KeyguardPasswordView: H.UPDATE_EMERGENCY_BUTTON
09-11 19:18:28.920 24087 24087 I KeyguardPasswordView: set params.topMargin:799
09-11 19:18:28.939 24087 24087 D KeyguardPasswordView: H.UPDATE_EMERGENCY_BUTTON
09-11 19:18:28.939 24087 24087 I KeyguardPasswordView: set params.topMargin:799
09-11 19:18:28.959 24087 24087 D KeyguardPasswordView: H.UPDATE_EMERGENCY_BUTTON
09-11 19:18:28.960 24087 24087 I KeyguardPasswordView: set params.topMargin:799
09-11 19:18:28.981 24087 24087 D KeyguardPasswordView: H.UPDATE_EMERGENCY_BUTTON
09-11 19:18:28.981 24087 24087 I KeyguardPasswordView: set params.topMargin:799
09-11 19:18:28.998 24087 24087 D KeyguardPasswordView: H.UPDATE_EMERGENCY_BUTTON
09-11 19:18:28.998 24087 24087 I KeyguardPasswordView: set params.topMargin:799
09-11 19:18:29.016 24087 24087 D KeyguardPasswordView: H.UPDATE_EMERGENCY_BUTTON
09-11 19:18:29.017 24087 24087 I KeyguardPasswordView: set params.topMargin:799
09-11 19:18:29.034 24087 24087 D KeyguardPasswordView: H.UPDATE_EMERGENCY_BUTTON
09-11 19:18:29.034 24087 24087 I KeyguardPasswordView: set params.topMargin:799
09-11 19:18:29.053 24087 24087 D KeyguardPasswordView: H.UPDATE_EMERGENCY_BUTTON
09-11 19:18:29.054 24087 24087 I KeyguardPasswordView: set params.topMargin:799
09-11 19:18:29.070 24087 24087 D KeyguardPasswordView: H.UPDATE_EMERGENCY_BUTTON
09-11 19:18:29.071 24087 24087 I KeyguardPasswordView: set params.topMargin:799
09-11 19:18:29.089 24087 24087 D KeyguardPasswordView: H.UPDATE_EMERGENCY_BUTTON
09-11 19:18:29.089 24087 24087 I KeyguardPasswordView: set params.topMargin:799
09-11 19:18:29.106 24087 24087 D KeyguardPasswordView: H.UPDATE_EMERGENCY_BUTTON
09-11 19:18:29.107 24087 24087 I KeyguardPasswordView: set params.topMargin:799
09-11 19:18:29.126 24087 24087 D KeyguardPasswordView: H.UPDATE_EMERGENCY_BUTTON
09-11 19:18:29.126 24087 24087 I KeyguardPasswordView: set params.topMargin:799
09-11 19:18:29.144 24087 24087 D KeyguardPasswordView: H.UPDATE_EMERGENCY_BUTTON
09-11 19:18:29.145 24087 24087 I KeyguardPasswordView: set params.topMargin:799
09-11 19:18:29.162 24087 24087 D KeyguardPasswordView: H.UPDATE_EMERGENCY_BUTTON
09-11 19:18:29.163 24087 24087 I KeyguardPasswordView: set params.topMargin:799
09-11 19:18:29.184 24087 24087 D KeyguardPasswordView: H.UPDATE_EMERGENCY_BUTTON
09-11 19:18:29.184 24087 24087 I KeyguardPasswordView: set params.topMargin:799
09-11 19:18:29.204 24087 24087 D KeyguardPasswordView: H.UPDATE_EMERGENCY_BUTTON
09-11 19:18:29.205 24087 24087 I KeyguardPasswordView: set params.topMargin:799
09-11 19:18:29.225 24087 24087 D KeyguardPasswordView: H.UPDATE_EMERGENCY_BUTTON
09-11 19:18:29.225 24087 24087 I KeyguardPasswordView: set params.topMargin:799
09-11 19:18:29.245 24087 24087 D KeyguardPasswordView: H.UPDATE_EMERGENCY_BUTTON
09-11 19:18:29.246 24087 24087 I KeyguardPasswordView: set params.topMargin:799
09-11 19:18:29.266 24087 24087 D KeyguardPasswordView: H.UPDATE_EMERGENCY_BUTTON
09-11 19:18:29.267 24087 24087 I KeyguardPasswordView: set params.topMargin:799
09-11 19:18:29.287 24087 24087 D KeyguardPasswordView: H.UPDATE_EMERGENCY_BUTTON
09-11 19:18:29.287 24087 24087 I KeyguardPasswordView: set params.topMargin:799
09-11 19:18:29.307 24087 24087 D KeyguardPasswordView: H.UPDATE_EMERGENCY_BUTTON
09-11 19:18:29.307 24087 24087 I KeyguardPasswordView: set params.topMargin:799
09-11 19:18:29.327 24087 24087 D KeyguardPasswordView: H.UPDATE_EMERGENCY_BUTTON
09-11 19:18:29.328 24087 24087 I KeyguardPasswordView: set params.topMargin:799
09-11 19:18:29.345 24087 24087 D KeyguardPasswordView: H.UPDATE_EMERGENCY_BUTTON
09-11 19:18:29.345 24087 24087 I KeyguardPasswordView: set params.topMargin:799
09-11 19:18:29.362 24087 24087 D KeyguardPasswordView: H.UPDATE_EMERGENCY_BUTTON
09-11 19:18:29.362 24087 24087 I KeyguardPasswordView: set params.topMargin:799
09-11 19:18:29.380 24087 24087 D KeyguardPasswordView: H.UPDATE_EMERGENCY_BUTTON
09-11 19:18:29.380 24087 24087 I KeyguardPasswordView: set params.topMargin:799
09-11 19:18:29.399 24087 24087 D KeyguardPasswordView: H.UPDATE_EMERGENCY_BUTTON
09-11 19:18:29.399 24087 24087 I KeyguardPasswordView: set params.topMargin:799
09-11 19:18:29.416 24087 24087 D KeyguardPasswordView: H.UPDATE_EMERGENCY_BUTTON
09-11 19:18:29.416 24087 24087 I KeyguardPasswordView: set params.topMargin:799
09-11 19:18:29.434 24087 24087 D KeyguardPasswordView: H.UPDATE_EMERGENCY_BUTTON
09-11 19:18:29.435 24087 24087 I KeyguardPasswordView: set params.topMargin:799
09-11 19:18:29.455 24087 24087 D KeyguardPasswordView: H.UPDATE_EMERGENCY_BUTTON
09-11 19:18:29.456 24087 24087 I KeyguardPasswordView: set params.topMargin:799
09-11 19:18:29.474 24087 24087 D KeyguardPasswordView: H.UPDATE_EMERGENCY_BUTTON
09-11 19:18:29.474 24087 24087 I KeyguardPasswordView: set params.topMargin:799
09-11 19:18:29.492 24087 24087 D KeyguardPasswordView: H.UPDATE_EMERGENCY_BUTTON
09-11 19:18:29.492 24087 24087 I KeyguardPasswordView: set params.topMargin:799
09-11 19:18:29.509 24087 24087 D KeyguardPasswordView: H.UPDATE_EMERGENCY_BUTTON
09-11 19:18:29.510 24087 24087 I KeyguardPasswordView: set params.topMargin:799
09-11 19:18:29.530 24087 24087 D KeyguardPasswordView: H.UPDATE_EMERGENCY_BUTTON
09-11 19:18:29.531 24087 24087 I KeyguardPasswordView: set params.topMargin:799
09-11 19:18:29.552 24087 24087 D KeyguardPasswordView: H.UPDATE_EMERGENCY_BUTTON
09-11 19:18:29.552 24087 24087 I KeyguardPasswordView: set params.topMargin:799
09-11 19:18:29.570 24087 24087 D KeyguardPasswordView: H.UPDATE_EMERGENCY_BUTTON
09-11 19:18:29.571 24087 24087 I KeyguardPasswordView: set params.topMargin:799
09-11 19:18:29.591 24087 24087 D KeyguardPasswordView: H.UPDATE_EMERGENCY_BUTTON
09-11 19:18:29.591 24087 24087 I KeyguardPasswordView: set params.topMargin:799
09-11 19:18:29.611 24087 24087 D KeyguardPasswordView: H.UPDATE_EMERGENCY_BUTTON
09-11 19:18:29.612 24087 24087 I KeyguardPasswordView: set params.topMargin:799
09-11 19:18:29.631 24087 24087 D KeyguardPasswordView: H.UPDATE_EMERGENCY_BUTTON
09-11 19:18:29.632 24087 24087 I KeyguardPasswordView: set params.topMargin:799
09-11 19:18:29.652 24087 24087 D KeyguardPasswordView: H.UPDATE_EMERGENCY_BUTTON
09-11 19:18:29.653 24087 24087 I KeyguardPasswordView: set params.topMargin:799
09-11 19:18:29.670 24087 24087 D KeyguardPasswordView: H.UPDATE_EMERGENCY_BUTTON
09-11 19:18:29.671 24087 24087 I KeyguardPasswordView: set params.topMargin:799
09-11 19:18:29.688 24087 24087 D KeyguardPasswordView: H.UPDATE_EMERGENCY_BUTTON
09-11 19:18:29.688 24087 24087 I KeyguardPasswordView: set params.topMargin:799
09-11 19:18:29.707 24087 24087 D KeyguardPasswordView: H.UPDATE_EMERGENCY_BUTTON
09-11 19:18:29.708 24087 24087 I KeyguardPasswordView: set params.topMargin:799
09-11 19:18:29.724 24087 24087 D KeyguardPasswordView: H.UPDATE_EMERGENCY_BUTTON
09-11 19:18:29.725 24087 24087 I KeyguardPasswordView: set params.topMargin:799
09-11 19:18:29.741 24087 24087 D KeyguardPasswordView: H.UPDATE_EMERGENCY_BUTTON
09-11 19:18:29.742 24087 24087 I KeyguardPasswordView: set params.topMargin:799
09-11 19:18:29.762 24087 24087 D KeyguardPasswordView: H.UPDATE_EMERGENCY_BUTTON
09-11 19:18:29.763 24087 24087 I KeyguardPasswordView: set params.topMargin:799
09-11 19:18:29.783 24087 24087 D KeyguardPasswordView: H.UPDATE_EMERGENCY_BUTTON
09-11 19:18:29.784 24087 24087 I KeyguardPasswordView: set params.topMargin:799
09-11 19:18:29.806 24087 24087 D KeyguardPasswordView: H.UPDATE_EMERGENCY_BUTTON
09-11 19:18:29.806 24087 24087 I KeyguardPasswordView: set params.topMargin:799
09-11 19:18:29.824 24087 24087 D KeyguardPasswordView: H.UPDATE_EMERGENCY_BUTTON
09-11 19:18:29.824 24087 24087 I KeyguardPasswordView: set params.topMargin:799
09-11 19:18:29.841 24087 24087 D KeyguardPasswordView: H.UPDATE_EMERGENCY_BUTTON
09-11 19:18:29.841 24087 24087 I KeyguardPasswordView: set params.topMargin:799
09-11 19:18:29.859 24087 24087 D KeyguardPasswordView: H.UPDATE_EMERGENCY_BUTTON
09-11 19:18:29.859 24087 24087 I KeyguardPasswordView: set params.topMargin:799
09-11 19:18:29.876 24087 24087 D KeyguardPasswordView: H.UPDATE_EMERGENCY_BUTTON
09-11 19:18:29.876 24087 24087 I KeyguardPasswordView: set params.topMargin:799
09-11 19:18:29.896 24087 24087 D KeyguardPasswordView: H.UPDATE_EMERGENCY_BUTTON
09-11 19:18:29.897 24087 24087 I KeyguardPasswordView: set params.topMargin:799
09-11 19:18:29.915 24087 24087 D KeyguardPasswordView: H.UPDATE_EMERGENCY_BUTTON
09-11 19:18:29.915 24087 24087 I KeyguardPasswordView: set params.topMargin:799
09-11 19:18:29.931 24087 24087 D KeyguardPasswordView: H.UPDATE_EMERGENCY_BUTTON
09-11 19:18:29.932 24087 24087 I KeyguardPasswordView: set params.topMargin:799
09-11 19:18:29.949  1555  1746 W AlarmManager: Unrecognized alarm listener com.android.server.OpPowerControllerService$tsu@ecdb27f
09-11 19:18:29.949 24087 24087 D KeyguardPasswordView: H.UPDATE_EMERGENCY_BUTTON
09-11 19:18:29.950 24087 24087 I KeyguardPasswordView: set params.topMargin:799
09-11 19:18:29.956 14890 14890 W WM-WorkSpec: Interval duration lesser than minimum allowed value; Changed to 900000
09-11 19:18:29.956 14890 14890 W WM-WorkSpec: Flex duration lesser than minimum allowed value; Changed to 300000
09-11 19:18:29.958 14890 14959 W System.err: java.lang.NullPointerException: Attempt to invoke virtual method 'void android.bluetooth.le.BluetoothLeAdvertiser.stopAdvertisingSet(android.bluetooth.le.AdvertisingSetCallback)' on a null object reference
09-11 19:18:29.958 14890 14959 W System.err: 	at u4.e(SourceFile:2)
09-11 19:18:29.958 14890 14959 W System.err: 	at u4.g(SourceFile:4)
09-11 19:18:29.958 14890 14959 W System.err: 	at v7.b(SourceFile:3)
09-11 19:18:29.958 14890 14959 W System.err: 	at v7.h(Unknown Source:0)
09-11 19:18:29.958 14890 14959 W System.err: 	at n0.run(Unknown Source:8)
09-11 19:18:29.958 14890 14959 W System.err: 	at java.util.concurrent.ThreadPoolExecutor.runWorker(ThreadPoolExecutor.java:1167)
09-11 19:18:29.958 14890 14959 W System.err: 	at java.util.concurrent.ThreadPoolExecutor$Worker.run(ThreadPoolExecutor.java:641)
09-11 19:18:29.958 14890 14959 W System.err: 	at java.lang.Thread.run(Thread.java:923)
09-11 19:18:29.958 14890 14959 W System.err: java.lang.NullPointerException: Attempt to invoke virtual method 'void android.bluetooth.le.BluetoothLeAdvertiser.startAdvertisingSet(android.bluetooth.le.AdvertisingSetParameters, android.bluetooth.le.AdvertiseData, android.bluetooth.le.AdvertiseData, android.bluetooth.le.PeriodicAdvertisingParameters, android.bluetooth.le.AdvertiseData, int, int, android.bluetooth.le.AdvertisingSetCallback)' on a null object reference
09-11 19:18:29.958 14890 14959 W System.err: 	at u4.g(SourceFile:8)
09-11 19:18:29.958 14890 14959 W System.err: 	at v7.b(SourceFile:3)
09-11 19:18:29.959 14890 14959 W System.err: 	at v7.h(Unknown Source:0)
09-11 19:18:29.959 14890 14959 W System.err: 	at n0.run(Unknown Source:8)
09-11 19:18:29.959 14890 14959 W System.err: 	at java.util.concurrent.ThreadPoolExecutor.runWorker(ThreadPoolExecutor.java:1167)
09-11 19:18:29.959 14890 14959 W System.err: 	at java.util.concurrent.ThreadPoolExecutor$Worker.run(ThreadPoolExecutor.java:641)
09-11 19:18:29.959 14890 14959 W System.err: 	at java.lang.Thread.run(Thread.java:923)
09-11 19:18:29.966 24087 24087 I OpUtils : isSupportWarpCharging:false
09-11 19:18:29.966 24087 24087 D OpSWarpChargingView: level is same as latest one [41]
09-11 19:18:29.967 24087 24109 D BatterySaverTile: handleUpdateState, true, false
09-11 19:18:29.967 24087 24087 D KeyguardUpdateMonitor: received broadcast android.intent.action.BATTERY_CHANGED
09-11 19:18:29.967 24087 24087 I OpUtils : isSupportWarpCharging:false
09-11 19:18:29.967 24087 24087 D KeyguardUpdateMonitor: pdCharge false, chargingstatus 0, fastcharge:0
09-11 19:18:29.967 24087 24087 D KeyguardPasswordView: H.UPDATE_EMERGENCY_BUTTON
09-11 19:18:29.967 24087 24087 I KeyguardPasswordView: set params.topMargin:799
09-11 19:18:29.987 24087 24087 D KeyguardPasswordView: H.UPDATE_EMERGENCY_BUTTON
09-11 19:18:29.988 24087 24087 I KeyguardPasswordView: set params.topMargin:799
09-11 19:18:29.995  8627  8627 D DeviceStatisticsService: chargerType=2 batteryLevel=41 totalBatteryCapacity=3784200
09-11 19:18:30.005 24087 24087 D KeyguardPasswordView: H.UPDATE_EMERGENCY_BUTTON
09-11 19:18:30.006 24087 24087 I KeyguardPasswordView: set params.topMargin:799
09-11 19:18:30.023 24087 24087 D KeyguardPasswordView: H.UPDATE_EMERGENCY_BUTTON
09-11 19:18:30.023 24087 24087 I KeyguardPasswordView: set params.topMargin:799
09-11 19:18:30.043 24087 24087 D KeyguardPasswordView: H.UPDATE_EMERGENCY_BUTTON
09-11 19:18:30.044 24087 24087 I KeyguardPasswordView: set params.topMargin:799
09-11 19:18:30.061 24087 24087 D KeyguardPasswordView: H.UPDATE_EMERGENCY_BUTTON
09-11 19:18:30.061 24087 24087 I KeyguardPasswordView: set params.topMargin:799
09-11 19:18:30.078 24087 24087 D KeyguardPasswordView: H.UPDATE_EMERGENCY_BUTTON
09-11 19:18:30.079 24087 24087 I KeyguardPasswordView: set params.topMargin:799
09-11 19:18:30.097 24087 24087 D KeyguardPasswordView: H.UPDATE_EMERGENCY_BUTTON
09-11 19:18:30.097 24087 24087 I KeyguardPasswordView: set params.topMargin:799
09-11 19:18:30.118 24087 24087 D KeyguardPasswordView: H.UPDATE_EMERGENCY_BUTTON
09-11 19:18:30.118 24087 24087 I KeyguardPasswordView: set params.topMargin:799
09-11 19:18:30.138 24087 24087 D KeyguardPasswordView: H.UPDATE_EMERGENCY_BUTTON
09-11 19:18:30.139 24087 24087 I KeyguardPasswordView: set params.topMargin:799
09-11 19:18:30.159 24087 24087 D KeyguardPasswordView: H.UPDATE_EMERGENCY_BUTTON
09-11 19:18:30.160 24087 24087 I KeyguardPasswordView: set params.topMargin:799
09-11 19:18:30.180 24087 24087 D KeyguardPasswordView: H.UPDATE_EMERGENCY_BUTTON
09-11 19:18:30.181 24087 24087 I KeyguardPasswordView: set params.topMargin:799
09-11 19:18:30.200 24087 24087 D KeyguardPasswordView: H.UPDATE_EMERGENCY_BUTTON
09-11 19:18:30.201 24087 24087 I KeyguardPasswordView: set params.topMargin:799
09-11 19:18:30.218 24087 24087 D KeyguardPasswordView: H.UPDATE_EMERGENCY_BUTTON
09-11 19:18:30.218 24087 24087 I KeyguardPasswordView: set params.topMargin:799
09-11 19:18:30.239 24087 24087 D KeyguardPasswordView: H.UPDATE_EMERGENCY_BUTTON
09-11 19:18:30.240 24087 24087 I KeyguardPasswordView: set params.topMargin:799
09-11 19:18:30.256 24087 24087 D KeyguardPasswordView: H.UPDATE_EMERGENCY_BUTTON
09-11 19:18:30.256 24087 24087 I KeyguardPasswordView: set params.topMargin:799
09-11 19:18:30.276 24087 24087 D KeyguardPasswordView: H.UPDATE_EMERGENCY_BUTTON
09-11 19:18:30.276 24087 24087 I KeyguardPasswordView: set params.topMargin:799
09-11 19:18:30.294 24087 24087 D KeyguardPasswordView: H.UPDATE_EMERGENCY_BUTTON
09-11 19:18:30.294 24087 24087 I KeyguardPasswordView: set params.topMargin:799
09-11 19:18:30.313 24087 24087 D KeyguardPasswordView: H.UPDATE_EMERGENCY_BUTTON
09-11 19:18:30.314 24087 24087 I KeyguardPasswordView: set params.topMargin:799
09-11 19:18:30.330 24087 24087 D KeyguardPasswordView: H.UPDATE_EMERGENCY_BUTTON
09-11 19:18:30.331 24087 24087 I KeyguardPasswordView: set params.topMargin:799
09-11 19:18:30.351 24087 24087 D KeyguardPasswordView: H.UPDATE_EMERGENCY_BUTTON
09-11 19:18:30.351 24087 24087 I KeyguardPasswordView: set params.topMargin:799
09-11 19:18:30.371 24087 24087 D KeyguardPasswordView: H.UPDATE_EMERGENCY_BUTTON
09-11 19:18:30.372 24087 24087 I KeyguardPasswordView: set params.topMargin:799
09-11 19:18:30.392 24087 24087 D KeyguardPasswordView: H.UPDATE_EMERGENCY_BUTTON
09-11 19:18:30.392 24087 24087 I KeyguardPasswordView: set params.topMargin:799
09-11 19:18:30.410 24087 24087 D KeyguardPasswordView: H.UPDATE_EMERGENCY_BUTTON
09-11 19:18:30.410 24087 24087 I KeyguardPasswordView: set params.topMargin:799
09-11 19:18:30.428 24087 24087 D KeyguardPasswordView: H.UPDATE_EMERGENCY_BUTTON
09-11 19:18:30.428 24087 24087 I KeyguardPasswordView: set params.topMargin:799
09-11 19:18:30.448 24087 24087 D KeyguardPasswordView: H.UPDATE_EMERGENCY_BUTTON
09-11 19:18:30.449 24087 24087 I KeyguardPasswordView: set params.topMargin:799
09-11 19:18:30.467 24087 24087 D KeyguardPasswordView: H.UPDATE_EMERGENCY_BUTTON
09-11 19:18:30.468 24087 24087 I KeyguardPasswordView: set params.topMargin:799
09-11 19:18:30.486 24087 24087 D KeyguardPasswordView: H.UPDATE_EMERGENCY_BUTTON
09-11 19:18:30.486 24087 24087 I KeyguardPasswordView: set params.topMargin:799
09-11 19:18:30.503 24087 24087 D KeyguardPasswordView: H.UPDATE_EMERGENCY_BUTTON
09-11 19:18:30.504 24087 24087 I KeyguardPasswordView: set params.topMargin:799
09-11 19:18:30.522 24087 24087 D KeyguardPasswordView: H.UPDATE_EMERGENCY_BUTTON
09-11 19:18:30.523 24087 24087 I KeyguardPasswordView: set params.topMargin:799
09-11 19:18:30.544 24087 24087 D KeyguardPasswordView: H.UPDATE_EMERGENCY_BUTTON
09-11 19:18:30.544 24087 24087 I KeyguardPasswordView: set params.topMargin:799
09-11 19:18:30.561 24087 24087 D KeyguardPasswordView: H.UPDATE_EMERGENCY_BUTTON
09-11 19:18:30.562 24087 24087 I KeyguardPasswordView: set params.topMargin:799
09-11 19:18:30.580 24087 24087 D KeyguardPasswordView: H.UPDATE_EMERGENCY_BUTTON
09-11 19:18:30.580 24087 24087 I KeyguardPasswordView: set params.topMargin:799
09-11 19:18:30.597 24087 24087 D KeyguardPasswordView: H.UPDATE_EMERGENCY_BUTTON
09-11 19:18:30.597 24087 24087 I KeyguardPasswordView: set params.topMargin:799
09-11 19:18:30.617 24087 24087 D KeyguardPasswordView: H.UPDATE_EMERGENCY_BUTTON
09-11 19:18:30.618 24087 24087 I KeyguardPasswordView: set params.topMargin:799
09-11 19:18:30.638 24087 24087 D KeyguardPasswordView: H.UPDATE_EMERGENCY_BUTTON
09-11 19:18:30.638 24087 24087 I KeyguardPasswordView: set params.topMargin:799
09-11 19:18:30.658 24087 24087 D KeyguardPasswordView: H.UPDATE_EMERGENCY_BUTTON
09-11 19:18:30.659 24087 24087 I KeyguardPasswordView: set params.topMargin:799
09-11 19:18:30.676 24087 24087 D KeyguardPasswordView: H.UPDATE_EMERGENCY_BUTTON
09-11 19:18:30.677 24087 24087 I KeyguardPasswordView: set params.topMargin:799
09-11 19:18:30.694 24087 24087 D KeyguardPasswordView: H.UPDATE_EMERGENCY_BUTTON
09-11 19:18:30.695 24087 24087 I KeyguardPasswordView: set params.topMargin:799
09-11 19:18:30.713 24087 24087 D KeyguardPasswordView: H.UPDATE_EMERGENCY_BUTTON
09-11 19:18:30.714 24087 24087 I KeyguardPasswordView: set params.topMargin:799
09-11 19:18:30.734 24087 24087 D KeyguardPasswordView: H.UPDATE_EMERGENCY_BUTTON
09-11 19:18:30.735 24087 24087 I KeyguardPasswordView: set params.topMargin:799
09-11 19:18:30.751 24087 24087 D KeyguardPasswordView: H.UPDATE_EMERGENCY_BUTTON
09-11 19:18:30.751 24087 24087 I KeyguardPasswordView: set params.topMargin:799
09-11 19:18:30.770 24087 24087 D KeyguardPasswordView: H.UPDATE_EMERGENCY_BUTTON
09-11 19:18:30.770 24087 24087 I KeyguardPasswordView: set params.topMargin:799
09-11 19:18:30.788 24087 24087 D KeyguardPasswordView: H.UPDATE_EMERGENCY_BUTTON
09-11 19:18:30.789 24087 24087 I KeyguardPasswordView: set params.topMargin:799
09-11 19:18:30.808 24087 24087 D KeyguardPasswordView: H.UPDATE_EMERGENCY_BUTTON
09-11 19:18:30.809 24087 24087 I KeyguardPasswordView: set params.topMargin:799
09-11 19:18:30.826 24087 24087 D KeyguardPasswordView: H.UPDATE_EMERGENCY_BUTTON
09-11 19:18:30.827 24087 24087 I KeyguardPasswordView: set params.topMargin:799
09-11 19:18:30.844 24087 24087 D KeyguardPasswordView: H.UPDATE_EMERGENCY_BUTTON
09-11 19:18:30.844 24087 24087 I KeyguardPasswordView: set params.topMargin:799
09-11 19:18:30.863 24087 24087 D KeyguardPasswordView: H.UPDATE_EMERGENCY_BUTTON
09-11 19:18:30.863 24087 24087 I KeyguardPasswordView: set params.topMargin:799
09-11 19:18:30.884 24087 24087 D KeyguardPasswordView: H.UPDATE_EMERGENCY_BUTTON
09-11 19:18:30.885 24087 24087 I KeyguardPasswordView: set params.topMargin:799
09-11 19:18:30.901 24087 24087 D KeyguardPasswordView: H.UPDATE_EMERGENCY_BUTTON
09-11 19:18:30.902 24087 24087 I KeyguardPasswordView: set params.topMargin:799
09-11 19:18:30.922 24087 24087 D KeyguardPasswordView: H.UPDATE_EMERGENCY_BUTTON
09-11 19:18:30.922 24087 24087 I KeyguardPasswordView: set params.topMargin:799
09-11 19:18:30.943 24087 24087 D KeyguardPasswordView: H.UPDATE_EMERGENCY_BUTTON
09-11 19:18:30.943 24087 24087 I KeyguardPasswordView: set params.topMargin:799
09-11 19:18:30.960 24087 24087 D KeyguardPasswordView: H.UPDATE_EMERGENCY_BUTTON
09-11 19:18:30.961 24087 24087 I KeyguardPasswordView: set params.topMargin:799
09-11 19:18:30.979 24087 24087 D KeyguardPasswordView: H.UPDATE_EMERGENCY_BUTTON
09-11 19:18:30.980 24087 24087 I KeyguardPasswordView: set params.topMargin:799
09-11 19:18:30.997 24087 24087 D KeyguardPasswordView: H.UPDATE_EMERGENCY_BUTTON
09-11 19:18:30.998 24087 24087 I KeyguardPasswordView: set params.topMargin:799
09-11 19:18:31.016 24087 24087 D KeyguardPasswordView: H.UPDATE_EMERGENCY_BUTTON
09-11 19:18:31.016 24087 24087 I KeyguardPasswordView: set params.topMargin:799
09-11 19:18:31.034 24087 24087 D KeyguardPasswordView: H.UPDATE_EMERGENCY_BUTTON
09-11 19:18:31.034 24087 24087 I KeyguardPasswordView: set params.topMargin:799
09-11 19:18:31.052 24087 24087 D KeyguardPasswordView: H.UPDATE_EMERGENCY_BUTTON
09-11 19:18:31.052 24087 24087 I KeyguardPasswordView: set params.topMargin:799
09-11 19:18:31.070 24087 24087 D KeyguardPasswordView: H.UPDATE_EMERGENCY_BUTTON
09-11 19:18:31.071 24087 24087 I KeyguardPasswordView: set params.topMargin:799
09-11 19:18:31.091 24087 24087 D KeyguardPasswordView: H.UPDATE_EMERGENCY_BUTTON
09-11 19:18:31.091 24087 24087 I KeyguardPasswordView: set params.topMargin:799
09-11 19:18:31.112 24087 24087 D KeyguardPasswordView: H.UPDATE_EMERGENCY_BUTTON
09-11 19:18:31.112 24087 24087 I KeyguardPasswordView: set params.topMargin:799
09-11 19:18:31.132 24087 24087 D KeyguardPasswordView: H.UPDATE_EMERGENCY_BUTTON
09-11 19:18:31.132 24087 24087 I KeyguardPasswordView: set params.topMargin:799
09-11 19:18:31.153 24087 24087 D KeyguardPasswordView: H.UPDATE_EMERGENCY_BUTTON
09-11 19:18:31.154 24087 24087 I KeyguardPasswordView: set params.topMargin:799
09-11 19:18:31.170 24087 24087 D KeyguardPasswordView: H.UPDATE_EMERGENCY_BUTTON
09-11 19:18:31.171 24087 24087 I KeyguardPasswordView: set params.topMargin:799
09-11 19:18:31.188 24087 24087 D KeyguardPasswordView: H.UPDATE_EMERGENCY_BUTTON
09-11 19:18:31.189 24087 24087 I KeyguardPasswordView: set params.topMargin:799
09-11 19:18:31.207 24087 24087 D KeyguardPasswordView: H.UPDATE_EMERGENCY_BUTTON
09-11 19:18:31.209 24087 24087 I KeyguardPasswordView: set params.topMargin:799
09-11 19:18:31.224 24087 24087 D KeyguardPasswordView: H.UPDATE_EMERGENCY_BUTTON
09-11 19:18:31.225 24087 24087 I KeyguardPasswordView: set params.topMargin:799
09-11 19:18:31.245 24087 24087 D KeyguardPasswordView: H.UPDATE_EMERGENCY_BUTTON
09-11 19:18:31.246 24087 24087 I KeyguardPasswordView: set params.topMargin:799
09-11 19:18:31.263 24087 24087 D KeyguardPasswordView: H.UPDATE_EMERGENCY_BUTTON
09-11 19:18:31.264 24087 24087 I KeyguardPasswordView: set params.topMargin:799
09-11 19:18:31.283 24087 24087 D KeyguardPasswordView: H.UPDATE_EMERGENCY_BUTTON
09-11 19:18:31.284 24087 24087 I KeyguardPasswordView: set params.topMargin:799
09-11 19:18:31.301 24087 24087 D KeyguardPasswordView: H.UPDATE_EMERGENCY_BUTTON
09-11 19:18:31.301 24087 24087 I KeyguardPasswordView: set params.topMargin:799
09-11 19:18:31.321 24087 24087 D KeyguardPasswordView: H.UPDATE_EMERGENCY_BUTTON
09-11 19:18:31.322 24087 24087 I KeyguardPasswordView: set params.topMargin:799
09-11 19:18:31.339 24087 24087 D KeyguardPasswordView: H.UPDATE_EMERGENCY_BUTTON
09-11 19:18:31.339 24087 24087 I KeyguardPasswordView: set params.topMargin:799
09-11 19:18:31.359 24087 24087 D KeyguardPasswordView: H.UPDATE_EMERGENCY_BUTTON
09-11 19:18:31.360 24087 24087 I KeyguardPasswordView: set params.topMargin:799
09-11 19:18:31.379 24087 24087 D KeyguardPasswordView: H.UPDATE_EMERGENCY_BUTTON
09-11 19:18:31.380 24087 24087 I KeyguardPasswordView: set params.topMargin:799
09-11 19:18:31.401 24087 24087 D KeyguardPasswordView: H.UPDATE_EMERGENCY_BUTTON
09-11 19:18:31.402 24087 24087 I KeyguardPasswordView: set params.topMargin:799
09-11 19:18:31.419 24087 24087 D KeyguardPasswordView: H.UPDATE_EMERGENCY_BUTTON
09-11 19:18:31.420 24087 24087 I KeyguardPasswordView: set params.topMargin:799
09-11 19:18:31.439 24087 24087 D KeyguardPasswordView: H.UPDATE_EMERGENCY_BUTTON
09-11 19:18:31.440 24087 24087 I KeyguardPasswordView: set params.topMargin:799
09-11 19:18:31.460 24087 24087 D KeyguardPasswordView: H.UPDATE_EMERGENCY_BUTTON
09-11 19:18:31.460 24087 24087 I KeyguardPasswordView: set params.topMargin:799
09-11 19:18:31.481 24087 24087 D KeyguardPasswordView: H.UPDATE_EMERGENCY_BUTTON
09-11 19:18:31.481 24087 24087 I KeyguardPasswordView: set params.topMargin:799
09-11 19:18:31.499 24087 24087 D KeyguardPasswordView: H.UPDATE_EMERGENCY_BUTTON
09-11 19:18:31.499 24087 24087 I KeyguardPasswordView: set params.topMargin:799
09-11 19:18:31.519 24087 24087 D KeyguardPasswordView: H.UPDATE_EMERGENCY_BUTTON
09-11 19:18:31.519 24087 24087 I KeyguardPasswordView: set params.topMargin:799
09-11 19:18:31.537 24087 24087 D KeyguardPasswordView: H.UPDATE_EMERGENCY_BUTTON
09-11 19:18:31.539 24087 24087 I KeyguardPasswordView: set params.topMargin:799
09-11 19:18:31.554 24087 24087 D KeyguardPasswordView: H.UPDATE_EMERGENCY_BUTTON
09-11 19:18:31.555 24087 24087 I KeyguardPasswordView: set params.topMargin:799
09-11 19:18:31.573 24087 24087 D KeyguardPasswordView: H.UPDATE_EMERGENCY_BUTTON
09-11 19:18:31.574 24087 24087 I KeyguardPasswordView: set params.topMargin:799
09-11 19:18:31.592 24087 24087 D KeyguardPasswordView: H.UPDATE_EMERGENCY_BUTTON
09-11 19:18:31.592 24087 24087 I KeyguardPasswordView: set params.topMargin:799
09-11 19:18:31.610 24087 24087 D KeyguardPasswordView: H.UPDATE_EMERGENCY_BUTTON
09-11 19:18:31.613 24087 24087 I KeyguardPasswordView: set params.topMargin:799
09-11 19:18:31.628 24087 24087 D KeyguardPasswordView: H.UPDATE_EMERGENCY_BUTTON
09-11 19:18:31.629 24087 24087 I KeyguardPasswordView: set params.topMargin:799
09-11 19:18:31.646 24087 24087 D KeyguardPasswordView: H.UPDATE_EMERGENCY_BUTTON
09-11 19:18:31.646 24087 24087 I KeyguardPasswordView: set params.topMargin:799
09-11 19:18:31.664 24087 24087 D KeyguardPasswordView: H.UPDATE_EMERGENCY_BUTTON
09-11 19:18:31.665 24087 24087 I KeyguardPasswordView: set params.topMargin:799
09-11 19:18:31.681 24087 24087 D KeyguardPasswordView: H.UPDATE_EMERGENCY_BUTTON
09-11 19:18:31.682 24087 24087 I KeyguardPasswordView: set params.topMargin:799
09-11 19:18:31.700 24087 24087 D KeyguardPasswordView: H.UPDATE_EMERGENCY_BUTTON
09-11 19:18:31.700 24087 24087 I KeyguardPasswordView: set params.topMargin:799
09-11 19:18:31.720 24087 24087 D KeyguardPasswordView: H.UPDATE_EMERGENCY_BUTTON
09-11 19:18:31.721 24087 24087 I KeyguardPasswordView: set params.topMargin:799
09-11 19:18:31.739 24087 24087 D KeyguardPasswordView: H.UPDATE_EMERGENCY_BUTTON
09-11 19:18:31.739 24087 24087 I KeyguardPasswordView: set params.topMargin:799
09-11 19:18:31.757 24087 24087 D KeyguardPasswordView: H.UPDATE_EMERGENCY_BUTTON
09-11 19:18:31.758 24087 24087 I KeyguardPasswordView: set params.topMargin:799
09-11 19:18:31.775 24087 24087 D KeyguardPasswordView: H.UPDATE_EMERGENCY_BUTTON
09-11 19:18:31.775 24087 24087 I KeyguardPasswordView: set params.topMargin:799
09-11 19:18:31.793 24087 24087 D KeyguardPasswordView: H.UPDATE_EMERGENCY_BUTTON
09-11 19:18:31.794 24087 24087 I KeyguardPasswordView: set params.topMargin:799
09-11 19:18:31.811 24087 24087 D KeyguardPasswordView: H.UPDATE_EMERGENCY_BUTTON
09-11 19:18:31.811 24087 24087 I KeyguardPasswordView: set params.topMargin:799
09-11 19:18:31.829 24087 24087 D KeyguardPasswordView: H.UPDATE_EMERGENCY_BUTTON
09-11 19:18:31.829 24087 24087 I KeyguardPasswordView: set params.topMargin:799
09-11 19:18:31.849 24087 24087 D KeyguardPasswordView: H.UPDATE_EMERGENCY_BUTTON
09-11 19:18:31.850 24087 24087 I KeyguardPasswordView: set params.topMargin:799
09-11 19:18:31.866 24087 24087 D KeyguardPasswordView: H.UPDATE_EMERGENCY_BUTTON
09-11 19:18:31.866 24087 24087 I KeyguardPasswordView: set params.topMargin:799
09-11 19:18:31.885 24087 24087 D KeyguardPasswordView: H.UPDATE_EMERGENCY_BUTTON
09-11 19:18:31.886 24087 24087 I KeyguardPasswordView: set params.topMargin:799
09-11 19:18:31.904 24087 24087 D KeyguardPasswordView: H.UPDATE_EMERGENCY_BUTTON
09-11 19:18:31.904 24087 24087 I KeyguardPasswordView: set params.topMargin:799
09-11 19:18:31.923 24087 24087 D KeyguardPasswordView: H.UPDATE_EMERGENCY_BUTTON
09-11 19:18:31.924 24087 24087 I KeyguardPasswordView: set params.topMargin:799
09-11 19:18:31.945 24087 24087 D KeyguardPasswordView: H.UPDATE_EMERGENCY_BUTTON
09-11 19:18:31.946 24087 24087 I KeyguardPasswordView: set params.topMargin:799
09-11 19:18:31.961 24087 24087 D KeyguardPasswordView: H.UPDATE_EMERGENCY_BUTTON
09-11 19:18:31.962 24087 24087 I KeyguardPasswordView: set params.topMargin:799
09-11 19:18:31.982 24087 24087 D KeyguardPasswordView: H.UPDATE_EMERGENCY_BUTTON
09-11 19:18:31.982 24087 24087 I KeyguardPasswordView: set params.topMargin:799
09-11 19:18:31.999 24087 24087 D KeyguardPasswordView: H.UPDATE_EMERGENCY_BUTTON
09-11 19:18:32.000 24087 24087 I KeyguardPasswordView: set params.topMargin:799
09-11 19:18:32.017 24087 24087 D KeyguardPasswordView: H.UPDATE_EMERGENCY_BUTTON
09-11 19:18:32.019 24087 24087 I KeyguardPasswordView: set params.topMargin:799
09-11 19:18:32.035 24087 24087 D KeyguardPasswordView: H.UPDATE_EMERGENCY_BUTTON
09-11 19:18:32.036 24087 24087 I KeyguardPasswordView: set params.topMargin:799
09-11 19:18:32.054 24087 24087 D KeyguardPasswordView: H.UPDATE_EMERGENCY_BUTTON
09-11 19:18:32.055 24087 24087 I KeyguardPasswordView: set params.topMargin:799
09-11 19:18:32.075 24087 24087 D KeyguardPasswordView: H.UPDATE_EMERGENCY_BUTTON
09-11 19:18:32.076 24087 24087 I KeyguardPasswordView: set params.topMargin:799
09-11 19:18:32.093 24087 24087 D KeyguardPasswordView: H.UPDATE_EMERGENCY_BUTTON
09-11 19:18:32.093 24087 24087 I KeyguardPasswordView: set params.topMargin:799
09-11 19:18:32.114 24087 24087 D KeyguardPasswordView: H.UPDATE_EMERGENCY_BUTTON
09-11 19:18:32.114 24087 24087 I KeyguardPasswordView: set params.topMargin:799
09-11 19:18:32.135 24087 24087 D KeyguardPasswordView: H.UPDATE_EMERGENCY_BUTTON
09-11 19:18:32.135 24087 24087 I KeyguardPasswordView: set params.topMargin:799
09-11 19:18:32.155 24087 24087 D KeyguardPasswordView: H.UPDATE_EMERGENCY_BUTTON
09-11 19:18:32.156 24087 24087 I KeyguardPasswordView: set params.topMargin:799
09-11 19:18:32.176 24087 24087 D KeyguardPasswordView: H.UPDATE_EMERGENCY_BUTTON
09-11 19:18:32.176 24087 24087 I KeyguardPasswordView: set params.topMargin:799
09-11 19:18:32.196 24087 24087 D KeyguardPasswordView: H.UPDATE_EMERGENCY_BUTTON
09-11 19:18:32.197 24087 24087 I KeyguardPasswordView: set params.topMargin:799
09-11 19:18:32.217 24087 24087 D KeyguardPasswordView: H.UPDATE_EMERGENCY_BUTTON
09-11 19:18:32.218 24087 24087 I KeyguardPasswordView: set params.topMargin:799
09-11 19:18:32.238 24087 24087 D KeyguardPasswordView: H.UPDATE_EMERGENCY_BUTTON
09-11 19:18:32.238 24087 24087 I KeyguardPasswordView: set params.topMargin:799
09-11 19:18:32.256 24087 24087 D KeyguardPasswordView: H.UPDATE_EMERGENCY_BUTTON
09-11 19:18:32.257 24087 24087 I KeyguardPasswordView: set params.topMargin:799
09-11 19:18:32.274 24087 24087 D KeyguardPasswordView: H.UPDATE_EMERGENCY_BUTTON
09-11 19:18:32.274 24087 24087 I KeyguardPasswordView: set params.topMargin:799
09-11 19:18:32.293 24087 24087 D KeyguardPasswordView: H.UPDATE_EMERGENCY_BUTTON
09-11 19:18:32.294 24087 24087 I KeyguardPasswordView: set params.topMargin:799
09-11 19:18:32.313 24087 24087 D KeyguardPasswordView: H.UPDATE_EMERGENCY_BUTTON
09-11 19:18:32.314 24087 24087 I KeyguardPasswordView: set params.topMargin:799
09-11 19:18:32.331 24087 24087 D KeyguardPasswordView: H.UPDATE_EMERGENCY_BUTTON
09-11 19:18:32.332 24087 24087 I KeyguardPasswordView: set params.topMargin:799
09-11 19:18:32.352 24087 24087 D KeyguardPasswordView: H.UPDATE_EMERGENCY_BUTTON
09-11 19:18:32.353 24087 24087 I KeyguardPasswordView: set params.topMargin:799
09-11 19:18:32.370 24087 24087 D KeyguardPasswordView: H.UPDATE_EMERGENCY_BUTTON
09-11 19:18:32.371 24087 24087 I KeyguardPasswordView: set params.topMargin:799
09-11 19:18:32.388 24087 24087 D KeyguardPasswordView: H.UPDATE_EMERGENCY_BUTTON
09-11 19:18:32.389 24087 24087 I KeyguardPasswordView: set params.topMargin:799
09-11 19:18:32.407 24087 24087 D KeyguardPasswordView: H.UPDATE_EMERGENCY_BUTTON
09-11 19:18:32.408 24087 24087 I KeyguardPasswordView: set params.topMargin:799
09-11 19:18:32.425 24087 24087 D KeyguardPasswordView: H.UPDATE_EMERGENCY_BUTTON
09-11 19:18:32.425 24087 24087 I KeyguardPasswordView: set params.topMargin:799
09-11 19:18:32.444 24087 24087 D KeyguardPasswordView: H.UPDATE_EMERGENCY_BUTTON
09-11 19:18:32.445 24087 24087 I KeyguardPasswordView: set params.topMargin:799
09-11 19:18:32.464 24087 24087 D KeyguardPasswordView: H.UPDATE_EMERGENCY_BUTTON
09-11 19:18:32.464 24087 24087 I KeyguardPasswordView: set params.topMargin:799
09-11 19:18:32.486 24087 24087 D KeyguardPasswordView: H.UPDATE_EMERGENCY_BUTTON
09-11 19:18:32.487 24087 24087 I KeyguardPasswordView: set params.topMargin:799
09-11 19:18:32.507 24087 24087 D KeyguardPasswordView: H.UPDATE_EMERGENCY_BUTTON
09-11 19:18:32.507 24087 24087 I KeyguardPasswordView: set params.topMargin:799
09-11 19:18:32.527 24087 24087 D KeyguardPasswordView: H.UPDATE_EMERGENCY_BUTTON
09-11 19:18:32.528 24087 24087 I KeyguardPasswordView: set params.topMargin:799
09-11 19:18:32.548 24087 24087 D KeyguardPasswordView: H.UPDATE_EMERGENCY_BUTTON
09-11 19:18:32.548 24087 24087 I KeyguardPasswordView: set params.topMargin:799
09-11 19:18:32.568 24087 24087 D KeyguardPasswordView: H.UPDATE_EMERGENCY_BUTTON
09-11 19:18:32.569 24087 24087 I KeyguardPasswordView: set params.topMargin:799
09-11 19:18:32.586 24087 24087 D KeyguardPasswordView: H.UPDATE_EMERGENCY_BUTTON
09-11 19:18:32.586 24087 24087 I KeyguardPasswordView: set params.topMargin:799
09-11 19:18:32.604 24087 24087 D KeyguardPasswordView: H.UPDATE_EMERGENCY_BUTTON
09-11 19:18:32.604 24087 24087 I KeyguardPasswordView: set params.topMargin:799
09-11 19:18:32.624 24087 24087 D KeyguardPasswordView: H.UPDATE_EMERGENCY_BUTTON
09-11 19:18:32.627 24087 24087 I KeyguardPasswordView: set params.topMargin:799
09-11 19:18:32.640 24087 24087 D KeyguardPasswordView: H.UPDATE_EMERGENCY_BUTTON
09-11 19:18:32.642 24087 24087 I KeyguardPasswordView: set params.topMargin:799
09-11 19:18:32.658 24087 24087 D KeyguardPasswordView: H.UPDATE_EMERGENCY_BUTTON
09-11 19:18:32.658 24087 24087 I KeyguardPasswordView: set params.topMargin:799
09-11 19:18:32.676 24087 24087 D KeyguardPasswordView: H.UPDATE_EMERGENCY_BUTTON
09-11 19:18:32.677 24087 24087 I KeyguardPasswordView: set params.topMargin:799
09-11 19:18:32.693 24087 24087 D KeyguardPasswordView: H.UPDATE_EMERGENCY_BUTTON
09-11 19:18:32.694 24087 24087 I KeyguardPasswordView: set params.topMargin:799
09-11 19:18:32.711 24087 24087 D KeyguardPasswordView: H.UPDATE_EMERGENCY_BUTTON
09-11 19:18:32.711 24087 24087 I KeyguardPasswordView: set params.topMargin:799
09-11 19:18:32.729 24087 24087 D KeyguardPasswordView: H.UPDATE_EMERGENCY_BUTTON
09-11 19:18:32.730 24087 24087 I KeyguardPasswordView: set params.topMargin:799
09-11 19:18:32.748 24087 24087 D KeyguardPasswordView: H.UPDATE_EMERGENCY_BUTTON
09-11 19:18:32.748 24087 24087 I KeyguardPasswordView: set params.topMargin:799
09-11 19:18:32.766 24087 24087 D KeyguardPasswordView: H.UPDATE_EMERGENCY_BUTTON
09-11 19:18:32.768 24087 24087 I KeyguardPasswordView: set params.topMargin:799
09-11 19:18:32.784 24087 24087 D KeyguardPasswordView: H.UPDATE_EMERGENCY_BUTTON
09-11 19:18:32.785 24087 24087 I KeyguardPasswordView: set params.topMargin:799
09-11 19:18:32.802 24087 24087 D KeyguardPasswordView: H.UPDATE_EMERGENCY_BUTTON
09-11 19:18:32.803 24087 24087 I KeyguardPasswordView: set params.topMargin:799
09-11 19:18:32.821 24087 24087 D KeyguardPasswordView: H.UPDATE_EMERGENCY_BUTTON
