09-11 19:17:49.785 24442 24442 V ActivityScenario: Activity lifecycle changed event received but ignored because the intent does not match. startActivityIntent=Intent { act=android.intent.action.MAIN cat=[android.intent.category.LAUNCHER] cmp=com.example.dogglers/.MainActivity }, activity.getIntent()=Intent { act=android.intent.action.MAIN cat=[android.intent.category.LAUNCHER] flg=0x10008000 cmp=com.example.dogglers/androidx.test.core.app.InstrumentationActivityInvoker$BootstrapActivity (has extras) }, activity=androidx.test.core.app.InstrumentationActivityInvoker$BootstrapActivity@f93b24a
09-11 19:17:49.786  1555  1714 D OpPowerConsumpStatsInjector: notifyPkgEvent
09-11 19:17:49.788 24087 24087 D KeyguardPasswordView: H.UPDATE_EMERGENCY_BUTTON
09-11 19:17:49.789 24087 24087 I KeyguardPasswordView: set params.topMargin:799
09-11 19:17:49.797 24442 24442 D LifecycleMonitor: Lifecycle status change: androidx.test.core.app.InstrumentationActivityInvoker$EmptyActivity@e6b4332 in: PRE_ON_CREATE
09-11 19:17:49.797 24442 24442 V ActivityScenario: Activity lifecycle changed event received but ignored because the intent does not match. startActivityIntent=Intent { act=android.intent.action.MAIN cat=[android.intent.category.LAUNCHER] cmp=com.example.dogglers/.MainActivity }, activity.getIntent()=Intent { act=android.intent.action.MAIN cat=[android.intent.category.LAUNCHER] flg=0x10000000 cmp=com.example.dogglers/androidx.test.core.app.InstrumentationActivityInvoker$EmptyActivity }, activity=androidx.test.core.app.InstrumentationActivityInvoker$EmptyActivity@e6b4332
09-11 19:17:49.808 24087 24087 D KeyguardPasswordView: H.UPDATE_EMERGENCY_BUTTON
09-11 19:17:49.808 24087 24087 I KeyguardPasswordView: set params.topMargin:799
09-11 19:17:49.811  1098  1098 E CompositionEngine: map unknown (BT709 sRGB Full range)/(Unknown RenderIntent) to default color mode
09-11 19:17:49.823 24087 24087 D KeyguardPasswordView: H.UPDATE_EMERGENCY_BUTTON
09-11 19:17:49.824 24087 24087 I KeyguardPasswordView: set params.topMargin:799
09-11 19:17:49.828 24442 24442 E xample.doggler: Invalid ID 0x00000000.
09-11 19:17:49.833 24442 24442 D LifecycleMonitor: Lifecycle status change: androidx.test.core.app.InstrumentationActivityInvoker$EmptyActivity@e6b4332 in: CREATED
09-11 19:17:49.834 24442 24442 V ActivityScenario: Activity lifecycle changed event received but ignored because the intent does not match. startActivityIntent=Intent { act=android.intent.action.MAIN cat=[android.intent.category.LAUNCHER] cmp=com.example.dogglers/.MainActivity }, activity.getIntent()=Intent { act=android.intent.action.MAIN cat=[android.intent.category.LAUNCHER] flg=0x10000000 cmp=com.example.dogglers/androidx.test.core.app.InstrumentationActivityInvoker$EmptyActivity }, activity=androidx.test.core.app.InstrumentationActivityInvoker$EmptyActivity@e6b4332
09-11 19:17:49.841 24442 24442 D LifecycleMonitor: Lifecycle status change: androidx.test.core.app.InstrumentationActivityInvoker$EmptyActivity@e6b4332 in: STARTED
09-11 19:17:49.842 24442 24442 V ActivityScenario: Activity lifecycle changed event received but ignored because the intent does not match. startActivityIntent=Intent { act=android.intent.action.MAIN cat=[android.intent.category.LAUNCHER] cmp=com.example.dogglers/.MainActivity }, activity.getIntent()=Intent { act=android.intent.action.MAIN cat=[android.intent.category.LAUNCHER] flg=0x10000000 cmp=com.example.dogglers/androidx.test.core.app.InstrumentationActivityInvoker$EmptyActivity }, activity=androidx.test.core.app.InstrumentationActivityInvoker$EmptyActivity@e6b4332
09-11 19:17:49.846 24442 24442 D LifecycleMonitor: Lifecycle status change: androidx.test.core.app.InstrumentationActivityInvoker$EmptyActivity@e6b4332 in: RESUMED
09-11 19:17:49.846 24442 24442 V ActivityScenario: Activity lifecycle changed event received but ignored because the intent does not match. startActivityIntent=Intent { act=android.intent.action.MAIN cat=[android.intent.category.LAUNCHER] cmp=com.example.dogglers/.MainActivity }, activity.getIntent()=Intent { act=android.intent.action.MAIN cat=[android.intent.category.LAUNCHER] flg=0x10000000 cmp=com.example.dogglers/androidx.test.core.app.InstrumentationActivityInvoker$EmptyActivity }, activity=androidx.test.core.app.InstrumentationActivityInvoker$EmptyActivity@e6b4332
09-11 19:17:49.846 24087 24087 D KeyguardPasswordView: H.UPDATE_EMERGENCY_BUTTON
09-11 19:17:49.846 24087 24087 I KeyguardPasswordView: set params.topMargin:799
09-11 19:17:49.855 24442 24442 V ViewRootImpl: The specified message queue synchronization  barrier token has not been posted or has already been removed
09-11 19:17:49.863 24087 24087 D KeyguardPasswordView: H.UPDATE_EMERGENCY_BUTTON
09-11 19:17:49.863 24087 24087 I KeyguardPasswordView: set params.topMargin:799
09-11 19:17:49.876  1098  1098 E CompositionEngine: map unknown (BT709 sRGB Full range)/(Unknown RenderIntent) to default color mode
09-11 19:17:49.878 24442 24442 D LifecycleMonitor: Lifecycle status change: androidx.test.core.app.InstrumentationActivityInvoker$EmptyActivity@e6b4332 in: PAUSED
09-11 19:17:49.879 24442 24442 V ActivityScenario: Activity lifecycle changed event received but ignored because the intent does not match. startActivityIntent=Intent { act=android.intent.action.MAIN cat=[android.intent.category.LAUNCHER] cmp=com.example.dogglers/.MainActivity }, activity.getIntent()=Intent { act=android.intent.action.MAIN cat=[android.intent.category.LAUNCHER] flg=0x10000000 cmp=com.example.dogglers/androidx.test.core.app.InstrumentationActivityInvoker$EmptyActivity }, activity=androidx.test.core.app.InstrumentationActivityInvoker$EmptyActivity@e6b4332
09-11 19:17:49.880  1555  1714 D OpPowerConsumpStatsInjector: notifyPkgEvent
09-11 19:17:49.880 24087 24087 D KeyguardPasswordView: H.UPDATE_EMERGENCY_BUTTON
09-11 19:17:49.880 24087 24087 I KeyguardPasswordView: set params.topMargin:799
09-11 19:17:49.887 24442 24442 D LifecycleMonitor: Lifecycle status change: androidx.test.core.app.InstrumentationActivityInvoker$EmptyActivity@e6b4332 in: STOPPED
09-11 19:17:49.887 24442 24442 V ActivityScenario: Activity lifecycle changed event received but ignored because the intent does not match. startActivityIntent=Intent { act=android.intent.action.MAIN cat=[android.intent.category.LAUNCHER] cmp=com.example.dogglers/.MainActivity }, activity.getIntent()=Intent { act=android.intent.action.MAIN cat=[android.intent.category.LAUNCHER] flg=0x10000000 cmp=com.example.dogglers/androidx.test.core.app.InstrumentationActivityInvoker$EmptyActivity }, activity=androidx.test.core.app.InstrumentationActivityInvoker$EmptyActivity@e6b4332
09-11 19:17:49.894  1098  1098 E CompositionEngine: map unknown (BT709 sRGB Full range)/(Unknown RenderIntent) to default color mode
09-11 19:17:49.908 24087 24087 D KeyguardPasswordView: H.UPDATE_EMERGENCY_BUTTON
09-11 19:17:49.909 24087 24087 I KeyguardPasswordView: set params.topMargin:799
09-11 19:17:49.929 24087 24087 D KeyguardPasswordView: H.UPDATE_EMERGENCY_BUTTON
09-11 19:17:49.929 24087 24087 I KeyguardPasswordView: set params.topMargin:799
09-11 19:17:49.939 24442 24442 D LifecycleMonitor: Lifecycle status change: androidx.test.core.app.InstrumentationActivityInvoker$EmptyActivity@9967cd0 in: DESTROYED
09-11 19:17:49.939 24442 24442 V ActivityScenario: Activity lifecycle changed event received but ignored because the intent does not match. startActivityIntent=Intent { act=android.intent.action.MAIN cat=[android.intent.category.LAUNCHER] cmp=com.example.dogglers/.MainActivity }, activity.getIntent()=Intent { act=android.intent.action.MAIN cat=[android.intent.category.LAUNCHER] flg=0x10000000 cmp=com.example.dogglers/androidx.test.core.app.InstrumentationActivityInvoker$EmptyActivity }, activity=androidx.test.core.app.InstrumentationActivityInvoker$EmptyActivity@9967cd0
09-11 19:17:49.944  1098  1098 E CompositionEngine: map unknown (BT709 sRGB Full range)/(Unknown RenderIntent) to default color mode
09-11 19:17:49.947 24087 24087 D KeyguardPasswordView: H.UPDATE_EMERGENCY_BUTTON
09-11 19:17:49.948 24087 24087 I KeyguardPasswordView: set params.topMargin:799
09-11 19:17:49.955 24442 24442 D LifecycleMonitor: Lifecycle status change: androidx.test.core.app.InstrumentationActivityInvoker$EmptyActivity@e6b4332 in: DESTROYED
09-11 19:17:49.956 24442 24442 V ActivityScenario: Activity lifecycle changed event received but ignored because the intent does not match. startActivityIntent=Intent { act=android.intent.action.MAIN cat=[android.intent.category.LAUNCHER] cmp=com.example.dogglers/.MainActivity }, activity.getIntent()=Intent { act=android.intent.action.MAIN cat=[android.intent.category.LAUNCHER] flg=0x10000000 cmp=com.example.dogglers/androidx.test.core.app.InstrumentationActivityInvoker$EmptyActivity }, activity=androidx.test.core.app.InstrumentationActivityInvoker$EmptyActivity@e6b4332
09-11 19:17:49.961  1098  1098 E CompositionEngine: map unknown (BT709 sRGB Full range)/(Unknown RenderIntent) to default color mode
09-11 19:17:49.964 24087 24087 D KeyguardPasswordView: H.UPDATE_EMERGENCY_BUTTON
09-11 19:17:49.964 24087 24087 I KeyguardPasswordView: set params.topMargin:799
09-11 19:17:49.965 24442 24465 E TestRunner: failed: grid_list_button_is_displayed(com.example.dogglers.ButtonTests)
09-11 19:17:49.965 24442 24465 E TestRunner: ----- begin exception -----
09-11 19:17:49.967 24442 24465 E TestRunner: androidx.test.espresso.NoActivityResumedException: No activities in stage RESUMED. Did you forget to launch the activity. (test.getActivity() or similar)?
09-11 19:17:49.967 24442 24465 E TestRunner: 	at dalvik.system.VMStack.getThreadStackTrace(Native Method)
09-11 19:17:49.967 24442 24465 E TestRunner: 	at java.lang.Thread.getStackTrace(Thread.java:1736)
09-11 19:17:49.967 24442 24465 E TestRunner: 	at androidx.test.espresso.base.DefaultFailureHandler.getUserFriendlyError(DefaultFailureHandler.java:12)
09-11 19:17:49.967 24442 24465 E TestRunner: 	at androidx.test.espresso.base.DefaultFailureHandler.handle(DefaultFailureHandler.java:7)
09-11 19:17:49.967 24442 24465 E TestRunner: 	at androidx.test.espresso.ViewInteraction.waitForAndHandleInteractionResults(ViewInteraction.java:8)
09-11 19:17:49.967 24442 24465 E TestRunner: 	at androidx.test.espresso.ViewInteraction.check(ViewInteraction.java:12)
09-11 19:17:49.967 24442 24465 E TestRunner: 	at com.example.dogglers.ButtonTests.grid_list_button_is_displayed(ButtonTests.kt:49)
09-11 19:17:49.967 24442 24465 E TestRunner: 	at java.lang.reflect.Method.invoke(Native Method)
09-11 19:17:49.967 24442 24465 E TestRunner: 	at org.junit.runners.model.FrameworkMethod$1.runReflectiveCall(FrameworkMethod.java:50)
09-11 19:17:49.967 24442 24465 E TestRunner: 	at org.junit.internal.runners.model.ReflectiveCallable.run(ReflectiveCallable.java:12)
09-11 19:17:49.967 24442 24465 E TestRunner: 	at org.junit.runners.model.FrameworkMethod.invokeExplosively(FrameworkMethod.java:47)
09-11 19:17:49.967 24442 24465 E TestRunner: 	at org.junit.internal.runners.statements.InvokeMethod.evaluate(InvokeMethod.java:17)
09-11 19:17:49.967 24442 24465 E TestRunner: 	at org.junit.rules.ExternalResource$1.evaluate(ExternalResource.java:48)
09-11 19:17:49.967 24442 24465 E TestRunner: 	at org.junit.rules.RunRules.evaluate(RunRules.java:20)
09-11 19:17:49.967 24442 24465 E TestRunner: 	at org.junit.runners.ParentRunner.runLeaf(ParentRunner.java:325)
09-11 19:17:49.967 24442 24465 E TestRunner: 	at org.junit.runners.BlockJUnit4ClassRunner.runChild(BlockJUnit4ClassRunner.java:78)
09-11 19:17:49.967 24442 24465 E TestRunner: 	at org.junit.runners.BlockJUnit4ClassRunner.runChild(BlockJUnit4ClassRunner.java:57)
09-11 19:17:49.967 24442 24465 E TestRunner: 	at org.junit.runners.ParentRunner$3.run(ParentRunner.java:290)
09-11 19:17:49.967 24442 24465 E TestRunner: 	at org.junit.runners.ParentRunner$1.schedule(ParentRunner.java:71)
09-11 19:17:49.967 24442 24465 E TestRunner: 	at org.junit.runners.ParentRunner.runChildren(ParentRunner.java:288)
09-11 19:17:49.967 24442 24465 E TestRunner: 	at org.junit.runners.ParentRunner.access$000(ParentRunner.java:58)
09-11 19:17:49.967 24442 24465 E TestRunner: 	at org.junit.runners.ParentRunner$2.evaluate(ParentRunner.java:268)
09-11 19:17:49.967 24442 24465 E TestRunner: 	at org.junit.runners.ParentRunner.run(ParentRunner.java:363)
09-11 19:17:49.967 24442 24465 E TestRunner: 	at androidx.test.ext.junit.runners.AndroidJUnit4.run(AndroidJUnit4.java:162)
09-11 19:17:49.967 24442 24465 E TestRunner: 	at org.junit.runners.Suite.runChild(Suite.java:128)
09-11 19:17:49.967 24442 24465 E TestRunner: 	at org.junit.runners.Suite.runChild(Suite.java:27)
09-11 19:17:49.967 24442 24465 E TestRunner: 	at org.junit.runners.ParentRunner$3.run(ParentRunner.java:290)
09-11 19:17:49.967 24442 24465 E TestRunner: 	at org.junit.runners.ParentRunner$1.schedule(ParentRunner.java:71)
09-11 19:17:49.967 24442 24465 E TestRunner: 	at org.junit.runners.ParentRunner.runChildren(ParentRunner.java:288)
09-11 19:17:49.967 24442 24465 E TestRunner: 	at org.junit.runners.ParentRunner.access$000(ParentRunner.java:58)
09-11 19:17:49.967 24442 24465 E TestRunner: 	at org.junit.runners.ParentRunner$2.evaluate(ParentRunner.java:268)
09-11 19:17:49.967 24442 24465 E TestRunner: 	at org.junit.runners.ParentRunner.run(ParentRunner.java:363)
09-11 19:17:49.967 24442 24465 E TestRunner: 	at org.junit.runner.JUnitCore.run(JUnitCore.java:137)
09-11 19:17:49.967 24442 24465 E TestRunner: 	at org.junit.runner.JUnitCore.run(JUnitCore.java:115)
09-11 19:17:49.967 24442 24465 E TestRunner: 	at androidx.test.internal.runner.TestExecutor.execute(TestExecutor.java:56)
09-11 19:17:49.967 24442 24465 E TestRunner: 	at androidx.test.runner.AndroidJUnitRunner.onStart(AndroidJUnitRunner.java:444)
09-11 19:17:49.967 24442 24465 E TestRunner: 	at android.app.Instrumentation$InstrumentationThread.run(Instrumentation.java:2396)
09-11 19:17:49.967 24442 24465 E TestRunner: ----- end exception -----
09-11 19:17:49.970  7677  7677 D RecentsView: onTaskRemoved taskId = 79186
09-11 19:17:49.970  7677  7677 D RecentsView: onTaskRemoved taskId = 79186
09-11 19:17:49.973 24442 24465 I TestRunner: finished: grid_list_button_is_displayed(com.example.dogglers.ButtonTests)
