09-11 19:17:35.587 24087 24087 D KeyguardPasswordView: H.UPDATE_EMERGENCY_BUTTON
09-11 19:17:35.588 24087 24087 I KeyguardPasswordView: set params.topMargin:799
09-11 19:17:35.608 24087 24087 D KeyguardPasswordView: H.UPDATE_EMERGENCY_BUTTON
09-11 19:17:35.608 24087 24087 I KeyguardPasswordView: set params.topMargin:799
09-11 19:17:35.628 24087 24087 D KeyguardPasswordView: H.UPDATE_EMERGENCY_BUTTON
09-11 19:17:35.628 24087 24087 I KeyguardPasswordView: set params.topMargin:799
09-11 19:17:35.648 24087 24087 D KeyguardPasswordView: H.UPDATE_EMERGENCY_BUTTON
09-11 19:17:35.649 24087 24087 I KeyguardPasswordView: set params.topMargin:799
09-11 19:17:35.666 24087 24087 D KeyguardPasswordView: H.UPDATE_EMERGENCY_BUTTON
09-11 19:17:35.667 24087 24087 I KeyguardPasswordView: set params.topMargin:799
09-11 19:17:35.686 24087 24087 D KeyguardPasswordView: H.UPDATE_EMERGENCY_BUTTON
09-11 19:17:35.687 24087 24087 I KeyguardPasswordView: set params.topMargin:799
09-11 19:17:35.708 24087 24087 D KeyguardPasswordView: H.UPDATE_EMERGENCY_BUTTON
09-11 19:17:35.709 24087 24087 I KeyguardPasswordView: set params.topMargin:799
09-11 19:17:35.727 24087 24087 D KeyguardPasswordView: H.UPDATE_EMERGENCY_BUTTON
09-11 19:17:35.728 24087 24087 I KeyguardPasswordView: set params.topMargin:799
09-11 19:17:35.745 24087 24087 D KeyguardPasswordView: H.UPDATE_EMERGENCY_BUTTON
09-11 19:17:35.745 24087 24087 I KeyguardPasswordView: set params.topMargin:799
09-11 19:17:35.762 24087 24087 D KeyguardPasswordView: H.UPDATE_EMERGENCY_BUTTON
09-11 19:17:35.763 24087 24087 I KeyguardPasswordView: set params.topMargin:799
09-11 19:17:35.780 24087 24087 D KeyguardPasswordView: H.UPDATE_EMERGENCY_BUTTON
09-11 19:17:35.781 24087 24087 I KeyguardPasswordView: set params.topMargin:799
09-11 19:17:35.799 24087 24087 D KeyguardPasswordView: H.UPDATE_EMERGENCY_BUTTON
09-11 19:17:35.800 24087 24087 I KeyguardPasswordView: set params.topMargin:799
09-11 19:17:35.817 24087 24087 D KeyguardPasswordView: H.UPDATE_EMERGENCY_BUTTON
09-11 19:17:35.818 24087 24087 I KeyguardPasswordView: set params.topMargin:799
09-11 19:17:35.837 24087 24087 D KeyguardPasswordView: H.UPDATE_EMERGENCY_BUTTON
09-11 19:17:35.838 24087 24087 I KeyguardPasswordView: set params.topMargin:799
09-11 19:17:35.857 24087 24087 D KeyguardPasswordView: H.UPDATE_EMERGENCY_BUTTON
09-11 19:17:35.858 24087 24087 I KeyguardPasswordView: set params.topMargin:799
09-11 19:17:35.876 24087 24087 D KeyguardPasswordView: H.UPDATE_EMERGENCY_BUTTON
09-11 19:17:35.877 24087 24087 I KeyguardPasswordView: set params.topMargin:799
09-11 19:17:35.896 24087 24087 D KeyguardPasswordView: H.UPDATE_EMERGENCY_BUTTON
09-11 19:17:35.896 24087 24087 I KeyguardPasswordView: set params.topMargin:799
09-11 19:17:35.917 24087 24087 D KeyguardPasswordView: H.UPDATE_EMERGENCY_BUTTON
09-11 19:17:35.918 24087 24087 I KeyguardPasswordView: set params.topMargin:799
09-11 19:17:35.934 24087 24087 D KeyguardPasswordView: H.UPDATE_EMERGENCY_BUTTON
09-11 19:17:35.934 24087 24087 I KeyguardPasswordView: set params.topMargin:799
09-11 19:17:35.952 24087 24087 D KeyguardPasswordView: H.UPDATE_EMERGENCY_BUTTON
09-11 19:17:35.952 24087 24087 I KeyguardPasswordView: set params.topMargin:799
09-11 19:17:35.970 24087 24087 D KeyguardPasswordView: H.UPDATE_EMERGENCY_BUTTON
09-11 19:17:35.970 24087 24087 I KeyguardPasswordView: set params.topMargin:799
09-11 19:17:35.988 24087 24087 D KeyguardPasswordView: H.UPDATE_EMERGENCY_BUTTON
09-11 19:17:35.990 24087 24087 I KeyguardPasswordView: set params.topMargin:799
09-11 19:17:36.006 24087 24087 D KeyguardPasswordView: H.UPDATE_EMERGENCY_BUTTON
09-11 19:17:36.007 24087 24087 I KeyguardPasswordView: set params.topMargin:799
09-11 19:17:36.025 24087 24087 D KeyguardPasswordView: H.UPDATE_EMERGENCY_BUTTON
09-11 19:17:36.025 24087 24087 I KeyguardPasswordView: set params.topMargin:799
09-11 19:17:36.041 24087 24087 D KeyguardPasswordView: H.UPDATE_EMERGENCY_BUTTON
09-11 19:17:36.041 24087 24087 I KeyguardPasswordView: set params.topMargin:799
09-11 19:17:36.059 24087 24087 D KeyguardPasswordView: H.UPDATE_EMERGENCY_BUTTON
09-11 19:17:36.060 24087 24087 I KeyguardPasswordView: set params.topMargin:799
09-11 19:17:36.077 24087 24087 D KeyguardPasswordView: H.UPDATE_EMERGENCY_BUTTON
09-11 19:17:36.078 24087 24087 I KeyguardPasswordView: set params.topMargin:799
09-11 19:17:36.095 24087 24087 D KeyguardPasswordView: H.UPDATE_EMERGENCY_BUTTON
09-11 19:17:36.096 24087 24087 I KeyguardPasswordView: set params.topMargin:799
09-11 19:17:36.114 24087 24087 D KeyguardPasswordView: H.UPDATE_EMERGENCY_BUTTON
09-11 19:17:36.115 24087 24087 I KeyguardPasswordView: set params.topMargin:799
09-11 19:17:36.130 24087 24087 D KeyguardPasswordView: H.UPDATE_EMERGENCY_BUTTON
09-11 19:17:36.131 24087 24087 I KeyguardPasswordView: set params.topMargin:799
09-11 19:17:36.148 24087 24087 D KeyguardPasswordView: H.UPDATE_EMERGENCY_BUTTON
09-11 19:17:36.149 24087 24087 I KeyguardPasswordView: set params.topMargin:799
09-11 19:17:36.167 24087 24087 D KeyguardPasswordView: H.UPDATE_EMERGENCY_BUTTON
09-11 19:17:36.167 24087 24087 I KeyguardPasswordView: set params.topMargin:799
09-11 19:17:36.185 24087 24087 D KeyguardPasswordView: H.UPDATE_EMERGENCY_BUTTON
09-11 19:17:36.186 24087 24087 I KeyguardPasswordView: set params.topMargin:799
09-11 19:17:36.203 30909 24412 E sqlite3_android: [IKR-38846] ONEPLUS_NAME_PARTS_MATCH SQLITE_OK
09-11 19:17:36.206 24087 24087 D KeyguardPasswordView: H.UPDATE_EMERGENCY_BUTTON
09-11 19:17:36.206 24087 24087 I KeyguardPasswordView: set params.topMargin:799
09-11 19:17:36.212 30909 24412 E sqlite3_android: [IKR-38846] ONEPLUS_NAME_PARTS_MATCH SQLITE_OK
09-11 19:17:36.221 24087 24087 D KeyguardPasswordView: H.UPDATE_EMERGENCY_BUTTON
09-11 19:17:36.223 24087 24087 I KeyguardPasswordView: set params.topMargin:799
09-11 19:17:36.228 30909 24412 W ChimeraUtils: Module com.google.android.gms.gcm has empty metadata display_name_string_id
09-11 19:17:36.239 24087 24087 D KeyguardPasswordView: H.UPDATE_EMERGENCY_BUTTON
09-11 19:17:36.240 24087 24087 I KeyguardPasswordView: set params.topMargin:799
09-11 19:17:36.256 24087 24087 D KeyguardPasswordView: H.UPDATE_EMERGENCY_BUTTON
09-11 19:17:36.257 24087 24087 I KeyguardPasswordView: set params.topMargin:799
09-11 19:17:36.266 30909 24412 E sqlite3_android: [IKR-38846] ONEPLUS_NAME_PARTS_MATCH SQLITE_OK
09-11 19:17:36.275 24087 24087 D KeyguardPasswordView: H.UPDATE_EMERGENCY_BUTTON
09-11 19:17:36.275 24087 24087 I KeyguardPasswordView: set params.topMargin:799
09-11 19:17:36.296 24087 24087 D KeyguardPasswordView: H.UPDATE_EMERGENCY_BUTTON
09-11 19:17:36.296 24087 24087 I KeyguardPasswordView: set params.topMargin:799
09-11 19:17:36.322 24087 24087 D KeyguardPasswordView: H.UPDATE_EMERGENCY_BUTTON
09-11 19:17:36.323 24087 24087 I KeyguardPasswordView: set params.topMargin:799
09-11 19:17:36.339 24087 24087 D KeyguardPasswordView: H.UPDATE_EMERGENCY_BUTTON
09-11 19:17:36.339 24087 24087 I KeyguardPasswordView: set params.topMargin:799
09-11 19:17:36.357 24087 24087 D KeyguardPasswordView: H.UPDATE_EMERGENCY_BUTTON
09-11 19:17:36.357 24087 24087 I KeyguardPasswordView: set params.topMargin:799
09-11 19:17:36.366 11405 24487 D AiqfomeMessageReceiver: From: /topics/cidade_4528
09-11 19:17:36.366 11405 24487 D AiqfomeMessageReceiver: Message data payload: {action=Update, target=Restaurante, data={"restaurante_id":36614,"status":"2"}}
09-11 19:17:36.375 24087 24087 D KeyguardPasswordView: H.UPDATE_EMERGENCY_BUTTON
09-11 19:17:36.375 24087 24087 I KeyguardPasswordView: set params.topMargin:799
09-11 19:17:36.378 11405 24487 W System.err: java.lang.NullPointerException: Attempt to read from field 'java.util.List com.vanuatu.aiqfome.model.Cidade.tags' on a null object reference
09-11 19:17:36.395 24087 24087 D KeyguardPasswordView: H.UPDATE_EMERGENCY_BUTTON
09-11 19:17:36.395 24087 24087 I KeyguardPasswordView: set params.topMargin:799
09-11 19:17:36.411 24087 24087 D KeyguardPasswordView: H.UPDATE_EMERGENCY_BUTTON
09-11 19:17:36.411 24087 24087 I KeyguardPasswordView: set params.topMargin:799
09-11 19:17:36.413 11405 24487 W System.err: 	at com.vanuatu.aiqfome.util.AiqfomeUtils.tratarMensagemCidade(AiqfomeUtils.java:684)
09-11 19:17:36.413 11405 24487 W System.err: 	at com.vanuatu.aiqfome.util.Firebase.AiqfomeMessageReceiver.onMessageReceived(AiqfomeMessageReceiver.java:28)
09-11 19:17:36.413 11405 24487 W System.err: 	at com.google.firebase.messaging.FirebaseMessagingService.dispatchMessage(com.google.firebase:firebase-messaging@@20.2.4:85)
09-11 19:17:36.413 11405 24487 W System.err: 	at com.google.firebase.messaging.FirebaseMessagingService.passMessageIntentToSdk(com.google.firebase:firebase-messaging@@20.2.4:55)
09-11 19:17:36.413 11405 24487 W System.err: 	at com.google.firebase.messaging.FirebaseMessagingService.handleMessageIntent(com.google.firebase:firebase-messaging@@20.2.4:34)
09-11 19:17:36.413 11405 24487 W System.err: 	at com.google.firebase.messaging.FirebaseMessagingService.handleIntent(com.google.firebase:firebase-messaging@@20.2.4:23)
09-11 19:17:36.413 11405 24487 W System.err: 	at com.google.firebase.messaging.EnhancedIntentService.lambda$processIntent$0$EnhancedIntentService(com.google.firebase:firebase-messaging@@20.2.4:43)
09-11 19:17:36.413 11405 24487 W System.err: 	at com.google.firebase.messaging.EnhancedIntentService$$Lambda$0.run(Unknown Source:6)
09-11 19:17:36.413 11405 24487 W System.err: 	at java.util.concurrent.ThreadPoolExecutor.runWorker(ThreadPoolExecutor.java:1167)
09-11 19:17:36.413 11405 24487 W System.err: 	at java.util.concurrent.ThreadPoolExecutor$Worker.run(ThreadPoolExecutor.java:641)
09-11 19:17:36.413 11405 24487 W System.err: 	at com.google.android.gms.common.util.concurrent.zza.run(com.google.android.gms:play-services-basement@@17.3.0:6)
09-11 19:17:36.413 11405 24487 W System.err: 	at java.lang.Thread.run(Thread.java:923)
09-11 19:17:36.430 24087 24087 D KeyguardPasswordView: H.UPDATE_EMERGENCY_BUTTON
09-11 19:17:36.431 24087 24087 I KeyguardPasswordView: set params.topMargin:799
09-11 19:17:36.450 24087 24087 D KeyguardPasswordView: H.UPDATE_EMERGENCY_BUTTON
09-11 19:17:36.450 24087 24087 I KeyguardPasswordView: set params.topMargin:799
09-11 19:17:36.471 24087 24087 D KeyguardPasswordView: H.UPDATE_EMERGENCY_BUTTON
09-11 19:17:36.472 24087 24087 I KeyguardPasswordView: set params.topMargin:799
09-11 19:17:36.488 24087 24087 D KeyguardPasswordView: H.UPDATE_EMERGENCY_BUTTON
09-11 19:17:36.489 24087 24087 I KeyguardPasswordView: set params.topMargin:799
09-11 19:17:36.508 24087 24087 D KeyguardPasswordView: H.UPDATE_EMERGENCY_BUTTON
09-11 19:17:36.509 24087 24087 I KeyguardPasswordView: set params.topMargin:799
09-11 19:17:36.529 24087 24087 D KeyguardPasswordView: H.UPDATE_EMERGENCY_BUTTON
09-11 19:17:36.529 24087 24087 I KeyguardPasswordView: set params.topMargin:799
09-11 19:17:36.547 24087 24087 D KeyguardPasswordView: H.UPDATE_EMERGENCY_BUTTON
09-11 19:17:36.547 24087 24087 I KeyguardPasswordView: set params.topMargin:799
09-11 19:17:36.562 24087 24087 D KeyguardPasswordView: H.UPDATE_EMERGENCY_BUTTON
09-11 19:17:36.563 24087 24087 I KeyguardPasswordView: set params.topMargin:799
09-11 19:17:36.567 14890 14952 W WM-WorkSpec: Interval duration lesser than minimum allowed value; Changed to 900000
09-11 19:17:36.568 14890 14952 W WM-WorkSpec: Flex duration lesser than minimum allowed value; Changed to 300000
09-11 19:17:36.578 14890 14959 W System.err: java.lang.NullPointerException: Attempt to invoke virtual method 'void android.bluetooth.le.BluetoothLeAdvertiser.stopAdvertisingSet(android.bluetooth.le.AdvertisingSetCallback)' on a null object reference
09-11 19:17:36.578 14890 14959 W System.err: 	at u4.e(SourceFile:2)
09-11 19:17:36.578 14890 14959 W System.err: 	at u4.g(SourceFile:4)
09-11 19:17:36.578 14890 14959 W System.err: 	at v7.b(SourceFile:3)
09-11 19:17:36.578 14890 14959 W System.err: 	at v7.h(Unknown Source:0)
09-11 19:17:36.578 14890 14959 W System.err: 	at n0.run(Unknown Source:8)
09-11 19:17:36.578 14890 14959 W System.err: 	at java.util.concurrent.ThreadPoolExecutor.runWorker(ThreadPoolExecutor.java:1167)
09-11 19:17:36.579 14890 14959 W System.err: 	at java.util.concurrent.ThreadPoolExecutor$Worker.run(ThreadPoolExecutor.java:641)
09-11 19:17:36.579 14890 14959 W System.err: 	at java.lang.Thread.run(Thread.java:923)
09-11 19:17:36.579 14890 14959 W System.err: java.lang.NullPointerException: Attempt to invoke virtual method 'void android.bluetooth.le.BluetoothLeAdvertiser.startAdvertisingSet(android.bluetooth.le.AdvertisingSetParameters, android.bluetooth.le.AdvertiseData, android.bluetooth.le.AdvertiseData, android.bluetooth.le.PeriodicAdvertisingParameters, android.bluetooth.le.AdvertiseData, int, int, android.bluetooth.le.AdvertisingSetCallback)' on a null object reference
09-11 19:17:36.579 14890 14959 W System.err: 	at u4.g(SourceFile:8)
09-11 19:17:36.579 14890 14959 W System.err: 	at v7.b(SourceFile:3)
09-11 19:17:36.579 14890 14959 W System.err: 	at v7.h(Unknown Source:0)
09-11 19:17:36.579 14890 14959 W System.err: 	at n0.run(Unknown Source:8)
09-11 19:17:36.579 14890 14959 W System.err: 	at java.util.concurrent.ThreadPoolExecutor.runWorker(ThreadPoolExecutor.java:1167)
09-11 19:17:36.579 14890 14959 W System.err: 	at java.util.concurrent.ThreadPoolExecutor$Worker.run(ThreadPoolExecutor.java:641)
09-11 19:17:36.579 14890 14959 W System.err: 	at java.lang.Thread.run(Thread.java:923)
09-11 19:17:36.582 24087 24087 D KeyguardPasswordView: H.UPDATE_EMERGENCY_BUTTON
09-11 19:17:36.582 24087 24087 I KeyguardPasswordView: set params.topMargin:799
09-11 19:17:36.597 24087 24087 D KeyguardPasswordView: H.UPDATE_EMERGENCY_BUTTON
09-11 19:17:36.598 24087 24087 I KeyguardPasswordView: set params.topMargin:799
09-11 19:17:36.616 24087 24087 D KeyguardPasswordView: H.UPDATE_EMERGENCY_BUTTON
09-11 19:17:36.616 24087 24087 I KeyguardPasswordView: set params.topMargin:799
09-11 19:17:36.634 24087 24087 D KeyguardPasswordView: H.UPDATE_EMERGENCY_BUTTON
09-11 19:17:36.635 24087 24087 I KeyguardPasswordView: set params.topMargin:799
09-11 19:17:36.655 24087 24087 D KeyguardPasswordView: H.UPDATE_EMERGENCY_BUTTON
09-11 19:17:36.656 24087 24087 I KeyguardPasswordView: set params.topMargin:799
09-11 19:17:36.674 24087 24087 D KeyguardPasswordView: H.UPDATE_EMERGENCY_BUTTON
09-11 19:17:36.674 24087 24087 I KeyguardPasswordView: set params.topMargin:799
09-11 19:17:36.694 24087 24087 D KeyguardPasswordView: H.UPDATE_EMERGENCY_BUTTON
09-11 19:17:36.695 24087 24087 I KeyguardPasswordView: set params.topMargin:799
09-11 19:17:36.714 24087 24087 D KeyguardPasswordView: H.UPDATE_EMERGENCY_BUTTON
09-11 19:17:36.714 24087 24087 I KeyguardPasswordView: set params.topMargin:799
09-11 19:17:36.731 24087 24087 D KeyguardPasswordView: H.UPDATE_EMERGENCY_BUTTON
09-11 19:17:36.732 24087 24087 I KeyguardPasswordView: set params.topMargin:799
09-11 19:17:36.750 24087 24087 D KeyguardPasswordView: H.UPDATE_EMERGENCY_BUTTON
09-11 19:17:36.751 24087 24087 I KeyguardPasswordView: set params.topMargin:799
09-11 19:17:36.769 24087 24087 D KeyguardPasswordView: H.UPDATE_EMERGENCY_BUTTON
09-11 19:17:36.769 24087 24087 I KeyguardPasswordView: set params.topMargin:799
09-11 19:17:36.789 24087 24087 D KeyguardPasswordView: H.UPDATE_EMERGENCY_BUTTON
09-11 19:17:36.789 24087 24087 I KeyguardPasswordView: set params.topMargin:799
09-11 19:17:36.807 24087 24087 D KeyguardPasswordView: H.UPDATE_EMERGENCY_BUTTON
09-11 19:17:36.808 24087 24087 I KeyguardPasswordView: set params.topMargin:799
09-11 19:17:36.824 24087 24087 D KeyguardPasswordView: H.UPDATE_EMERGENCY_BUTTON
09-11 19:17:36.825 24087 24087 I KeyguardPasswordView: set params.topMargin:799
09-11 19:17:36.842 24087 24087 D KeyguardPasswordView: H.UPDATE_EMERGENCY_BUTTON
09-11 19:17:36.843 24087 24087 I KeyguardPasswordView: set params.topMargin:799
09-11 19:17:36.861 24087 24087 D KeyguardPasswordView: H.UPDATE_EMERGENCY_BUTTON
09-11 19:17:36.861 24087 24087 I KeyguardPasswordView: set params.topMargin:799
09-11 19:17:36.879 24087 24087 D KeyguardPasswordView: H.UPDATE_EMERGENCY_BUTTON
09-11 19:17:36.879 24087 24087 I KeyguardPasswordView: set params.topMargin:799
09-11 19:17:36.898 24087 24087 D KeyguardPasswordView: H.UPDATE_EMERGENCY_BUTTON
09-11 19:17:36.899 24087 24087 I KeyguardPasswordView: set params.topMargin:799
09-11 19:17:36.920 24087 24087 D KeyguardPasswordView: H.UPDATE_EMERGENCY_BUTTON
09-11 19:17:36.920 24087 24087 I KeyguardPasswordView: set params.topMargin:799
09-11 19:17:36.937 24087 24087 D KeyguardPasswordView: H.UPDATE_EMERGENCY_BUTTON
09-11 19:17:36.938 24087 24087 I KeyguardPasswordView: set params.topMargin:799
09-11 19:17:36.956 24087 24087 D KeyguardPasswordView: H.UPDATE_EMERGENCY_BUTTON
09-11 19:17:36.957 24087 24087 I KeyguardPasswordView: set params.topMargin:799
09-11 19:17:36.974 24087 24087 D KeyguardPasswordView: H.UPDATE_EMERGENCY_BUTTON
09-11 19:17:36.974 24087 24087 I KeyguardPasswordView: set params.topMargin:799
09-11 19:17:36.977  1664  7162 E QMI_FW  : qmi_cci_get_ref: ref count increased 2
09-11 19:17:36.981  1664  1732 E QMI_FW  : qmi_cci_get_ref: ref count increased 2
09-11 19:17:36.993 24087 24087 D KeyguardPasswordView: H.UPDATE_EMERGENCY_BUTTON
09-11 19:17:36.994 24087 24087 I KeyguardPasswordView: set params.topMargin:799
09-11 19:17:37.014 24087 24087 D KeyguardPasswordView: H.UPDATE_EMERGENCY_BUTTON
09-11 19:17:37.015 24087 24087 I KeyguardPasswordView: set params.topMargin:799
09-11 19:17:37.031 24087 24087 D KeyguardPasswordView: H.UPDATE_EMERGENCY_BUTTON
09-11 19:17:37.031 24087 24087 I KeyguardPasswordView: set params.topMargin:799
09-11 19:17:37.032  3155  3155 D PhoneInterfaceManager: [PhoneIntfMgr] getPhoneFromSubId: 6
09-11 19:17:37.040  1664  1732 E QMI_FW  : qmi_cci_get_ref: ref count increased 2
09-11 19:17:37.043  1664  1732 E QMI_FW  : qmi_cci_get_ref: ref count increased 2
09-11 19:17:37.051 24087 24087 D KeyguardPasswordView: H.UPDATE_EMERGENCY_BUTTON
09-11 19:17:37.051 24087 24087 I KeyguardPasswordView: set params.topMargin:799
09-11 19:17:37.062  3155  3155 D MDM-OPMdmListener: onCellInfoChanged the cellInfo changed phoneId 0
09-11 19:17:37.070 24087 24087 D KeyguardPasswordView: H.UPDATE_EMERGENCY_BUTTON
09-11 19:17:37.071 24087 24087 I KeyguardPasswordView: set params.topMargin:799
09-11 19:17:37.088 24087 24087 D KeyguardPasswordView: H.UPDATE_EMERGENCY_BUTTON
09-11 19:17:37.089 24087 24087 I KeyguardPasswordView: set params.topMargin:799
09-11 19:17:37.106 24087 24087 D KeyguardPasswordView: H.UPDATE_EMERGENCY_BUTTON
09-11 19:17:37.107 24087 24087 I KeyguardPasswordView: set params.topMargin:799
09-11 19:17:37.126 24087 24087 D KeyguardPasswordView: H.UPDATE_EMERGENCY_BUTTON
09-11 19:17:37.127 24087 24087 I KeyguardPasswordView: set params.topMargin:799
09-11 19:17:37.147 24087 24087 D KeyguardPasswordView: H.UPDATE_EMERGENCY_BUTTON
09-11 19:17:37.148 24087 24087 I KeyguardPasswordView: set params.topMargin:799
09-11 19:17:37.165 24087 24087 D KeyguardPasswordView: H.UPDATE_EMERGENCY_BUTTON
09-11 19:17:37.166 24087 24087 I KeyguardPasswordView: set params.topMargin:799
09-11 19:17:37.184 24087 24087 D KeyguardPasswordView: H.UPDATE_EMERGENCY_BUTTON
09-11 19:17:37.184 24087 24087 I KeyguardPasswordView: set params.topMargin:799
09-11 19:17:37.203 24087 24087 D KeyguardPasswordView: H.UPDATE_EMERGENCY_BUTTON
09-11 19:17:37.204 24087 24087 I KeyguardPasswordView: set params.topMargin:799
09-11 19:17:37.220 24087 24087 D KeyguardPasswordView: H.UPDATE_EMERGENCY_BUTTON
09-11 19:17:37.220 24087 24087 I KeyguardPasswordView: set params.topMargin:799
09-11 19:17:37.240 24087 24087 D KeyguardPasswordView: H.UPDATE_EMERGENCY_BUTTON
09-11 19:17:37.240 24087 24087 I KeyguardPasswordView: set params.topMargin:799
09-11 19:17:37.257 24087 24087 D KeyguardPasswordView: H.UPDATE_EMERGENCY_BUTTON
09-11 19:17:37.257 24087 24087 I KeyguardPasswordView: set params.topMargin:799
09-11 19:17:37.278 24087 24087 D KeyguardPasswordView: H.UPDATE_EMERGENCY_BUTTON
09-11 19:17:37.279 24087 24087 I KeyguardPasswordView: set params.topMargin:799
09-11 19:17:37.299 24087 24087 D KeyguardPasswordView: H.UPDATE_EMERGENCY_BUTTON
09-11 19:17:37.299 24087 24087 I KeyguardPasswordView: set params.topMargin:799
09-11 19:17:37.317 24087 24087 D KeyguardPasswordView: H.UPDATE_EMERGENCY_BUTTON
09-11 19:17:37.318 24087 24087 I KeyguardPasswordView: set params.topMargin:799
09-11 19:17:37.336 24087 24087 D KeyguardPasswordView: H.UPDATE_EMERGENCY_BUTTON
09-11 19:17:37.336 24087 24087 I KeyguardPasswordView: set params.topMargin:799
09-11 19:17:37.356 24087 24087 D KeyguardPasswordView: H.UPDATE_EMERGENCY_BUTTON
09-11 19:17:37.357 24087 24087 I KeyguardPasswordView: set params.topMargin:799
09-11 19:17:37.378 24087 24087 D KeyguardPasswordView: H.UPDATE_EMERGENCY_BUTTON
09-11 19:17:37.378 24087 24087 I KeyguardPasswordView: set params.topMargin:799
09-11 19:17:37.395 24087 24087 D KeyguardPasswordView: H.UPDATE_EMERGENCY_BUTTON
09-11 19:17:37.395 24087 24087 I KeyguardPasswordView: set params.topMargin:799
09-11 19:17:37.412 24087 24087 D KeyguardPasswordView: H.UPDATE_EMERGENCY_BUTTON
09-11 19:17:37.413 24087 24087 I KeyguardPasswordView: set params.topMargin:799
09-11 19:17:37.433 24087 24087 D KeyguardPasswordView: H.UPDATE_EMERGENCY_BUTTON
09-11 19:17:37.434 24087 24087 I KeyguardPasswordView: set params.topMargin:799
09-11 19:17:37.452 24087 24087 D KeyguardPasswordView: H.UPDATE_EMERGENCY_BUTTON
09-11 19:17:37.453 24087 24087 I KeyguardPasswordView: set params.topMargin:799
09-11 19:17:37.471 24087 24087 D KeyguardPasswordView: H.UPDATE_EMERGENCY_BUTTON
09-11 19:17:37.472 24087 24087 I KeyguardPasswordView: set params.topMargin:799
09-11 19:17:37.488 24087 24087 D KeyguardPasswordView: H.UPDATE_EMERGENCY_BUTTON
09-11 19:17:37.489 24087 24087 I KeyguardPasswordView: set params.topMargin:799
09-11 19:17:37.509 24087 24087 D KeyguardPasswordView: H.UPDATE_EMERGENCY_BUTTON
09-11 19:17:37.509 24087 24087 I KeyguardPasswordView: set params.topMargin:799
09-11 19:17:37.529 24087 24087 D KeyguardPasswordView: H.UPDATE_EMERGENCY_BUTTON
09-11 19:17:37.530 24087 24087 I KeyguardPasswordView: set params.topMargin:799
09-11 19:17:37.547 24087 24087 D KeyguardPasswordView: H.UPDATE_EMERGENCY_BUTTON
09-11 19:17:37.548 24087 24087 I KeyguardPasswordView: set params.topMargin:799
09-11 19:17:37.565 24087 24087 D KeyguardPasswordView: H.UPDATE_EMERGENCY_BUTTON
09-11 19:17:37.566 24087 24087 I KeyguardPasswordView: set params.topMargin:799
09-11 19:17:37.583 24087 24087 D KeyguardPasswordView: H.UPDATE_EMERGENCY_BUTTON
09-11 19:17:37.584 24087 24087 I KeyguardPasswordView: set params.topMargin:799
09-11 19:17:37.601 24087 24087 D KeyguardPasswordView: H.UPDATE_EMERGENCY_BUTTON
09-11 19:17:37.601 24087 24087 I KeyguardPasswordView: set params.topMargin:799
09-11 19:17:37.619 24087 24087 D KeyguardPasswordView: H.UPDATE_EMERGENCY_BUTTON
09-11 19:17:37.619 24087 24087 I KeyguardPasswordView: set params.topMargin:799
09-11 19:17:37.639 24087 24087 D KeyguardPasswordView: H.UPDATE_EMERGENCY_BUTTON
09-11 19:17:37.640 24087 24087 I KeyguardPasswordView: set params.topMargin:799
09-11 19:17:37.658 24087 24087 D KeyguardPasswordView: H.UPDATE_EMERGENCY_BUTTON
09-11 19:17:37.658 24087 24087 I KeyguardPasswordView: set params.topMargin:799
09-11 19:17:37.678 24087 24087 D KeyguardPasswordView: H.UPDATE_EMERGENCY_BUTTON
09-11 19:17:37.678 24087 24087 I KeyguardPasswordView: set params.topMargin:799
09-11 19:17:37.699 24087 24087 D KeyguardPasswordView: H.UPDATE_EMERGENCY_BUTTON
09-11 19:17:37.699 24087 24087 I KeyguardPasswordView: set params.topMargin:799
09-11 19:17:37.717 24087 24087 D KeyguardPasswordView: H.UPDATE_EMERGENCY_BUTTON
09-11 19:17:37.718 24087 24087 I KeyguardPasswordView: set params.topMargin:799
09-11 19:17:37.738 24087 24087 D KeyguardPasswordView: H.UPDATE_EMERGENCY_BUTTON
09-11 19:17:37.738 24087 24087 I KeyguardPasswordView: set params.topMargin:799
09-11 19:17:37.755 24087 24087 D KeyguardPasswordView: H.UPDATE_EMERGENCY_BUTTON
09-11 19:17:37.756 24087 24087 I KeyguardPasswordView: set params.topMargin:799
09-11 19:17:37.776 24087 24087 D KeyguardPasswordView: H.UPDATE_EMERGENCY_BUTTON
09-11 19:17:37.777 24087 24087 I KeyguardPasswordView: set params.topMargin:799
09-11 19:17:37.797 24087 24087 D KeyguardPasswordView: H.UPDATE_EMERGENCY_BUTTON
09-11 19:17:37.797 24087 24087 I KeyguardPasswordView: set params.topMargin:799
09-11 19:17:37.817 24087 24087 D KeyguardPasswordView: H.UPDATE_EMERGENCY_BUTTON
09-11 19:17:37.818 24087 24087 I KeyguardPasswordView: set params.topMargin:799
09-11 19:17:37.838 24087 24087 D KeyguardPasswordView: H.UPDATE_EMERGENCY_BUTTON
09-11 19:17:37.839 24087 24087 I KeyguardPasswordView: set params.topMargin:799
09-11 19:17:37.859 24087 24087 D KeyguardPasswordView: H.UPDATE_EMERGENCY_BUTTON
09-11 19:17:37.860 24087 24087 I KeyguardPasswordView: set params.topMargin:799
09-11 19:17:37.881 24087 24087 D KeyguardPasswordView: H.UPDATE_EMERGENCY_BUTTON
09-11 19:17:37.882 24087 24087 I KeyguardPasswordView: set params.topMargin:799
09-11 19:17:37.899 24087 24087 D KeyguardPasswordView: H.UPDATE_EMERGENCY_BUTTON
09-11 19:17:37.900 24087 24087 I KeyguardPasswordView: set params.topMargin:799
09-11 19:17:37.916 24087 24087 D KeyguardPasswordView: H.UPDATE_EMERGENCY_BUTTON
09-11 19:17:37.917 24087 24087 I KeyguardPasswordView: set params.topMargin:799
09-11 19:17:37.936 24087 24087 D KeyguardPasswordView: H.UPDATE_EMERGENCY_BUTTON
09-11 19:17:37.937 24087 24087 I KeyguardPasswordView: set params.topMargin:799
09-11 19:17:37.955 24087 24087 D KeyguardPasswordView: H.UPDATE_EMERGENCY_BUTTON
09-11 19:17:37.956 24087 24087 I KeyguardPasswordView: set params.topMargin:799
09-11 19:17:37.972 24087 24087 D KeyguardPasswordView: H.UPDATE_EMERGENCY_BUTTON
09-11 19:17:37.973 24087 24087 I KeyguardPasswordView: set params.topMargin:799
09-11 19:17:37.993 24087 24087 D KeyguardPasswordView: H.UPDATE_EMERGENCY_BUTTON
09-11 19:17:37.994 24087 24087 I KeyguardPasswordView: set params.topMargin:799
09-11 19:17:38.010 24087 24087 D KeyguardPasswordView: H.UPDATE_EMERGENCY_BUTTON
09-11 19:17:38.011 24087 24087 I KeyguardPasswordView: set params.topMargin:799
09-11 19:17:38.030 24087 24087 D KeyguardPasswordView: H.UPDATE_EMERGENCY_BUTTON
09-11 19:17:38.031 24087 24087 I KeyguardPasswordView: set params.topMargin:799
09-11 19:17:38.052 24087 24087 D KeyguardPasswordView: H.UPDATE_EMERGENCY_BUTTON
09-11 19:17:38.053 24087 24087 I KeyguardPasswordView: set params.topMargin:799
09-11 19:17:38.069 24087 24087 D KeyguardPasswordView: H.UPDATE_EMERGENCY_BUTTON
09-11 19:17:38.069 24087 24087 I KeyguardPasswordView: set params.topMargin:799
09-11 19:17:38.087 24087 24087 D KeyguardPasswordView: H.UPDATE_EMERGENCY_BUTTON
09-11 19:17:38.088 24087 24087 I KeyguardPasswordView: set params.topMargin:799
09-11 19:17:38.106 24087 24087 D KeyguardPasswordView: H.UPDATE_EMERGENCY_BUTTON
09-11 19:17:38.106 24087 24087 I KeyguardPasswordView: set params.topMargin:799
09-11 19:17:38.123 24087 24087 D KeyguardPasswordView: H.UPDATE_EMERGENCY_BUTTON
09-11 19:17:38.124 24087 24087 I KeyguardPasswordView: set params.topMargin:799
09-11 19:17:38.141 24087 24087 D KeyguardPasswordView: H.UPDATE_EMERGENCY_BUTTON
09-11 19:17:38.142 24087 24087 I KeyguardPasswordView: set params.topMargin:799
09-11 19:17:38.160 24087 24087 D KeyguardPasswordView: H.UPDATE_EMERGENCY_BUTTON
09-11 19:17:38.160 24087 24087 I KeyguardPasswordView: set params.topMargin:799
09-11 19:17:38.180 24087 24087 D KeyguardPasswordView: H.UPDATE_EMERGENCY_BUTTON
09-11 19:17:38.180 24087 24087 I KeyguardPasswordView: set params.topMargin:799
09-11 19:17:38.200 24087 24087 D KeyguardPasswordView: H.UPDATE_EMERGENCY_BUTTON
09-11 19:17:38.201 24087 24087 I KeyguardPasswordView: set params.topMargin:799
09-11 19:17:38.218 24087 24087 D KeyguardPasswordView: H.UPDATE_EMERGENCY_BUTTON
09-11 19:17:38.218 24087 24087 I KeyguardPasswordView: set params.topMargin:799
09-11 19:17:38.235 24087 24087 D KeyguardPasswordView: H.UPDATE_EMERGENCY_BUTTON
09-11 19:17:38.236 24087 24087 I KeyguardPasswordView: set params.topMargin:799
09-11 19:17:38.252 24087 24087 D KeyguardPasswordView: H.UPDATE_EMERGENCY_BUTTON
09-11 19:17:38.252 24087 24087 I KeyguardPasswordView: set params.topMargin:799
09-11 19:17:38.271 24087 24087 D KeyguardPasswordView: H.UPDATE_EMERGENCY_BUTTON
09-11 19:17:38.271 24087 24087 I KeyguardPasswordView: set params.topMargin:799
09-11 19:17:38.292 24087 24087 D KeyguardPasswordView: H.UPDATE_EMERGENCY_BUTTON
09-11 19:17:38.292 24087 24087 I KeyguardPasswordView: set params.topMargin:799
09-11 19:17:38.312 24087 24087 D KeyguardPasswordView: H.UPDATE_EMERGENCY_BUTTON
09-11 19:17:38.314 24087 24087 I KeyguardPasswordView: set params.topMargin:799
09-11 19:17:38.332 24087 24087 D KeyguardPasswordView: H.UPDATE_EMERGENCY_BUTTON
09-11 19:17:38.332 24087 24087 I KeyguardPasswordView: set params.topMargin:799
09-11 19:17:38.349 24087 24087 D KeyguardPasswordView: H.UPDATE_EMERGENCY_BUTTON
09-11 19:17:38.350 24087 24087 I KeyguardPasswordView: set params.topMargin:799
09-11 19:17:38.367 24087 24087 D KeyguardPasswordView: H.UPDATE_EMERGENCY_BUTTON
09-11 19:17:38.368 24087 24087 I KeyguardPasswordView: set params.topMargin:799
09-11 19:17:38.386 24087 24087 D KeyguardPasswordView: H.UPDATE_EMERGENCY_BUTTON
09-11 19:17:38.386 24087 24087 I KeyguardPasswordView: set params.topMargin:799
09-11 19:17:38.407 24087 24087 D KeyguardPasswordView: H.UPDATE_EMERGENCY_BUTTON
09-11 19:17:38.407 24087 24087 I KeyguardPasswordView: set params.topMargin:799
09-11 19:17:38.425 24087 24087 D KeyguardPasswordView: H.UPDATE_EMERGENCY_BUTTON
09-11 19:17:38.425 24087 24087 I KeyguardPasswordView: set params.topMargin:799
09-11 19:17:38.441 24087 24087 D KeyguardPasswordView: H.UPDATE_EMERGENCY_BUTTON
09-11 19:17:38.442 24087 24087 I KeyguardPasswordView: set params.topMargin:799
09-11 19:17:38.459 24087 24087 D KeyguardPasswordView: H.UPDATE_EMERGENCY_BUTTON
09-11 19:17:38.459 24087 24087 I KeyguardPasswordView: set params.topMargin:799
09-11 19:17:38.480 24087 24087 D KeyguardPasswordView: H.UPDATE_EMERGENCY_BUTTON
09-11 19:17:38.480 24087 24087 I KeyguardPasswordView: set params.topMargin:799
09-11 19:17:38.497 24087 24087 D KeyguardPasswordView: H.UPDATE_EMERGENCY_BUTTON
09-11 19:17:38.498 24087 24087 I KeyguardPasswordView: set params.topMargin:799
09-11 19:17:38.515 24087 24087 D KeyguardPasswordView: H.UPDATE_EMERGENCY_BUTTON
09-11 19:17:38.516 24087 24087 I KeyguardPasswordView: set params.topMargin:799
09-11 19:17:38.534 24087 24087 D KeyguardPasswordView: H.UPDATE_EMERGENCY_BUTTON
09-11 19:17:38.535 24087 24087 I KeyguardPasswordView: set params.topMargin:799
09-11 19:17:38.552 24087 24087 D KeyguardPasswordView: H.UPDATE_EMERGENCY_BUTTON
09-11 19:17:38.552 24087 24087 I KeyguardPasswordView: set params.topMargin:799
09-11 19:17:38.572 24087 24087 D KeyguardPasswordView: H.UPDATE_EMERGENCY_BUTTON
09-11 19:17:38.573 24087 24087 I KeyguardPasswordView: set params.topMargin:799
09-11 19:17:38.593 24087 24087 D KeyguardPasswordView: H.UPDATE_EMERGENCY_BUTTON
09-11 19:17:38.593 24087 24087 I KeyguardPasswordView: set params.topMargin:799
09-11 19:17:38.611 24087 24087 D KeyguardPasswordView: H.UPDATE_EMERGENCY_BUTTON
09-11 19:17:38.611 24087 24087 I KeyguardPasswordView: set params.topMargin:799
09-11 19:17:38.629 24087 24087 D KeyguardPasswordView: H.UPDATE_EMERGENCY_BUTTON
09-11 19:17:38.629 24087 24087 I KeyguardPasswordView: set params.topMargin:799
09-11 19:17:38.649 24087 24087 D KeyguardPasswordView: H.UPDATE_EMERGENCY_BUTTON
09-11 19:17:38.650 24087 24087 I KeyguardPasswordView: set params.topMargin:799
09-11 19:17:38.667 24087 24087 D KeyguardPasswordView: H.UPDATE_EMERGENCY_BUTTON
09-11 19:17:38.668 24087 24087 I KeyguardPasswordView: set params.topMargin:799
09-11 19:17:38.687 24087 24087 D KeyguardPasswordView: H.UPDATE_EMERGENCY_BUTTON
09-11 19:17:38.688 24087 24087 I KeyguardPasswordView: set params.topMargin:799
09-11 19:17:38.708 24087 24087 D KeyguardPasswordView: H.UPDATE_EMERGENCY_BUTTON
09-11 19:17:38.708 24087 24087 I KeyguardPasswordView: set params.topMargin:799
09-11 19:17:38.730 24087 24087 D KeyguardPasswordView: H.UPDATE_EMERGENCY_BUTTON
09-11 19:17:38.730 24087 24087 I KeyguardPasswordView: set params.topMargin:799
09-11 19:17:38.751 24087 24087 D KeyguardPasswordView: H.UPDATE_EMERGENCY_BUTTON
09-11 19:17:38.751 24087 24087 I KeyguardPasswordView: set params.topMargin:799
09-11 19:17:38.769 24087 24087 D KeyguardPasswordView: H.UPDATE_EMERGENCY_BUTTON
09-11 19:17:38.769 24087 24087 I KeyguardPasswordView: set params.topMargin:799
09-11 19:17:38.790 24087 24087 D KeyguardPasswordView: H.UPDATE_EMERGENCY_BUTTON
09-11 19:17:38.790 24087 24087 I KeyguardPasswordView: set params.topMargin:799
09-11 19:17:38.807 24087 24087 D KeyguardPasswordView: H.UPDATE_EMERGENCY_BUTTON
09-11 19:17:38.807 24087 24087 I KeyguardPasswordView: set params.topMargin:799
09-11 19:17:38.825 24087 24087 D KeyguardPasswordView: H.UPDATE_EMERGENCY_BUTTON
09-11 19:17:38.825 24087 24087 I KeyguardPasswordView: set params.topMargin:799
09-11 19:17:38.845 24087 24087 D KeyguardPasswordView: H.UPDATE_EMERGENCY_BUTTON
09-11 19:17:38.845 24087 24087 I KeyguardPasswordView: set params.topMargin:799
09-11 19:17:38.865 24087 24087 D KeyguardPasswordView: H.UPDATE_EMERGENCY_BUTTON
09-11 19:17:38.865 24087 24087 I KeyguardPasswordView: set params.topMargin:799
09-11 19:17:38.885 24087 24087 D KeyguardPasswordView: H.UPDATE_EMERGENCY_BUTTON
09-11 19:17:38.886 24087 24087 I KeyguardPasswordView: set params.topMargin:799
09-11 19:17:38.901 24087 24087 D KeyguardPasswordView: H.UPDATE_EMERGENCY_BUTTON
09-11 19:17:38.901 24087 24087 I KeyguardPasswordView: set params.topMargin:799
09-11 19:17:38.918 24087 24087 D KeyguardPasswordView: H.UPDATE_EMERGENCY_BUTTON
09-11 19:17:38.918 24087 24087 I KeyguardPasswordView: set params.topMargin:799
09-11 19:17:38.937 24087 24087 D KeyguardPasswordView: H.UPDATE_EMERGENCY_BUTTON
09-11 19:17:38.937 24087 24087 I KeyguardPasswordView: set params.topMargin:799
09-11 19:17:38.956 24087 24087 D KeyguardPasswordView: H.UPDATE_EMERGENCY_BUTTON
09-11 19:17:38.956 24087 24087 I KeyguardPasswordView: set params.topMargin:799
09-11 19:17:38.975 24087 24087 D KeyguardPasswordView: H.UPDATE_EMERGENCY_BUTTON
09-11 19:17:38.975 24087 24087 I KeyguardPasswordView: set params.topMargin:799
09-11 19:17:38.984 22461 22461 E chromium: [ERROR:merchant_viewer_data_manager.cc(103)] Clearing 0 merchants.
09-11 19:17:38.994 24087 24087 D KeyguardPasswordView: H.UPDATE_EMERGENCY_BUTTON
09-11 19:17:38.994 24087 24087 I KeyguardPasswordView: set params.topMargin:799
09-11 19:17:39.011 24087 24087 D KeyguardPasswordView: H.UPDATE_EMERGENCY_BUTTON
09-11 19:17:39.012 24087 24087 I KeyguardPasswordView: set params.topMargin:799
09-11 19:17:39.029 24087 24087 D KeyguardPasswordView: H.UPDATE_EMERGENCY_BUTTON
09-11 19:17:39.030 24087 24087 I KeyguardPasswordView: set params.topMargin:799
09-11 19:17:39.047 24087 24087 D KeyguardPasswordView: H.UPDATE_EMERGENCY_BUTTON
09-11 19:17:39.047 24087 24087 I KeyguardPasswordView: set params.topMargin:799
09-11 19:17:39.067 24087 24087 D KeyguardPasswordView: H.UPDATE_EMERGENCY_BUTTON
09-11 19:17:39.067 24087 24087 I KeyguardPasswordView: set params.topMargin:799
09-11 19:17:39.087 24087 24087 D KeyguardPasswordView: H.UPDATE_EMERGENCY_BUTTON
09-11 19:17:39.087 24087 24087 I KeyguardPasswordView: set params.topMargin:799
09-11 19:17:39.107 24087 24087 D KeyguardPasswordView: H.UPDATE_EMERGENCY_BUTTON
09-11 19:17:39.108 24087 24087 I KeyguardPasswordView: set params.topMargin:799
09-11 19:17:39.126 24087 24087 D KeyguardPasswordView: H.UPDATE_EMERGENCY_BUTTON
09-11 19:17:39.126 24087 24087 I KeyguardPasswordView: set params.topMargin:799
09-11 19:17:39.144 24087 24087 D KeyguardPasswordView: H.UPDATE_EMERGENCY_BUTTON
09-11 19:17:39.144 24087 24087 I KeyguardPasswordView: set params.topMargin:799
09-11 19:17:39.161 24087 24087 D KeyguardPasswordView: H.UPDATE_EMERGENCY_BUTTON
09-11 19:17:39.162 24087 24087 I KeyguardPasswordView: set params.topMargin:799
09-11 19:17:39.179 24087 24087 D KeyguardPasswordView: H.UPDATE_EMERGENCY_BUTTON
09-11 19:17:39.180 24087 24087 I KeyguardPasswordView: set params.topMargin:799
09-11 19:17:39.200 24087 24087 D KeyguardPasswordView: H.UPDATE_EMERGENCY_BUTTON
09-11 19:17:39.200 24087 24087 I KeyguardPasswordView: set params.topMargin:799
09-11 19:17:39.218 24087 24087 D KeyguardPasswordView: H.UPDATE_EMERGENCY_BUTTON
09-11 19:17:39.219 24087 24087 I KeyguardPasswordView: set params.topMargin:799
09-11 19:17:39.236 24087 24087 D KeyguardPasswordView: H.UPDATE_EMERGENCY_BUTTON
09-11 19:17:39.236 24087 24087 I KeyguardPasswordView: set params.topMargin:799
09-11 19:17:39.256 24087 24087 D KeyguardPasswordView: H.UPDATE_EMERGENCY_BUTTON
09-11 19:17:39.257 24087 24087 I KeyguardPasswordView: set params.topMargin:799
09-11 19:17:39.274 24087 24087 D KeyguardPasswordView: H.UPDATE_EMERGENCY_BUTTON
09-11 19:17:39.274 24087 24087 I KeyguardPasswordView: set params.topMargin:799
09-11 19:17:39.294 24087 24087 D KeyguardPasswordView: H.UPDATE_EMERGENCY_BUTTON
09-11 19:17:39.294 24087 24087 I KeyguardPasswordView: set params.topMargin:799
09-11 19:17:39.304  1672  1729 E QMI_FW  : qmi_cci_get_ref: ref count increased 2
09-11 19:17:39.317 24087 24087 D KeyguardPasswordView: H.UPDATE_EMERGENCY_BUTTON
09-11 19:17:39.317 24087 24087 I KeyguardPasswordView: set params.topMargin:799
09-11 19:17:39.320  3155  3155 D MDM-OPMdmListener: onCellInfoChanged the cellInfo changed phoneId 1
09-11 19:17:39.332 24087 24087 D KeyguardPasswordView: H.UPDATE_EMERGENCY_BUTTON
09-11 19:17:39.332 24087 24087 I KeyguardPasswordView: set params.topMargin:799
09-11 19:17:39.351 24087 24087 D KeyguardPasswordView: H.UPDATE_EMERGENCY_BUTTON
09-11 19:17:39.351 24087 24087 I KeyguardPasswordView: set params.topMargin:799
09-11 19:17:39.369 24087 24087 D KeyguardPasswordView: H.UPDATE_EMERGENCY_BUTTON
09-11 19:17:39.370 24087 24087 I KeyguardPasswordView: set params.topMargin:799
09-11 19:17:39.387 24087 24087 D KeyguardPasswordView: H.UPDATE_EMERGENCY_BUTTON
09-11 19:17:39.388 24087 24087 I KeyguardPasswordView: set params.topMargin:799
09-11 19:17:39.405 24087 24087 D KeyguardPasswordView: H.UPDATE_EMERGENCY_BUTTON
09-11 19:17:39.405 24087 24087 I KeyguardPasswordView: set params.topMargin:799
09-11 19:17:39.423 24087 24087 D KeyguardPasswordView: H.UPDATE_EMERGENCY_BUTTON
09-11 19:17:39.424 24087 24087 I KeyguardPasswordView: set params.topMargin:799
09-11 19:17:39.443 24087 24087 D KeyguardPasswordView: H.UPDATE_EMERGENCY_BUTTON
09-11 19:17:39.443 24087 24087 I KeyguardPasswordView: set params.topMargin:799
09-11 19:17:39.464 24087 24087 D KeyguardPasswordView: H.UPDATE_EMERGENCY_BUTTON
09-11 19:17:39.464 24087 24087 I KeyguardPasswordView: set params.topMargin:799
09-11 19:17:39.481 24087 24087 D KeyguardPasswordView: H.UPDATE_EMERGENCY_BUTTON
09-11 19:17:39.482 24087 24087 I KeyguardPasswordView: set params.topMargin:799
09-11 19:17:39.499 24087 24087 D KeyguardPasswordView: H.UPDATE_EMERGENCY_BUTTON
09-11 19:17:39.500 24087 24087 I KeyguardPasswordView: set params.topMargin:799
09-11 19:17:39.520 24087 24087 D KeyguardPasswordView: H.UPDATE_EMERGENCY_BUTTON
09-11 19:17:39.521 24087 24087 I KeyguardPasswordView: set params.topMargin:799
09-11 19:17:39.537 24087 24087 D KeyguardPasswordView: H.UPDATE_EMERGENCY_BUTTON
09-11 19:17:39.538 24087 24087 I KeyguardPasswordView: set params.topMargin:799
09-11 19:17:39.558 24087 24087 D KeyguardPasswordView: H.UPDATE_EMERGENCY_BUTTON
09-11 19:17:39.558 24087 24087 I KeyguardPasswordView: set params.topMargin:799
09-11 19:17:39.576 24087 24087 D KeyguardPasswordView: H.UPDATE_EMERGENCY_BUTTON
09-11 19:17:39.577 24087 24087 I KeyguardPasswordView: set params.topMargin:799
09-11 19:17:39.594 24087 24087 D KeyguardPasswordView: H.UPDATE_EMERGENCY_BUTTON
09-11 19:17:39.595 24087 24087 I KeyguardPasswordView: set params.topMargin:799
09-11 19:17:39.611 24087 24087 D KeyguardPasswordView: H.UPDATE_EMERGENCY_BUTTON
09-11 19:17:39.612 24087 24087 I KeyguardPasswordView: set params.topMargin:799
09-11 19:17:39.629 24087 24087 D KeyguardPasswordView: H.UPDATE_EMERGENCY_BUTTON
09-11 19:17:39.629 24087 24087 I KeyguardPasswordView: set params.topMargin:799
09-11 19:17:39.647 24087 24087 D KeyguardPasswordView: H.UPDATE_EMERGENCY_BUTTON
09-11 19:17:39.647 24087 24087 I KeyguardPasswordView: set params.topMargin:799
09-11 19:17:39.664 24087 24087 D KeyguardPasswordView: H.UPDATE_EMERGENCY_BUTTON
09-11 19:17:39.665 24087 24087 I KeyguardPasswordView: set params.topMargin:799
09-11 19:17:39.682 24087 24087 D KeyguardPasswordView: H.UPDATE_EMERGENCY_BUTTON
09-11 19:17:39.682 24087 24087 I KeyguardPasswordView: set params.topMargin:799
09-11 19:17:39.704 24087 24087 D KeyguardPasswordView: H.UPDATE_EMERGENCY_BUTTON
09-11 19:17:39.704 24087 24087 I KeyguardPasswordView: set params.topMargin:799
09-11 19:17:39.723 24087 24087 D KeyguardPasswordView: H.UPDATE_EMERGENCY_BUTTON
09-11 19:17:39.724 24087 24087 I KeyguardPasswordView: set params.topMargin:799
09-11 19:17:39.741 24087 24087 D KeyguardPasswordView: H.UPDATE_EMERGENCY_BUTTON
09-11 19:17:39.742 24087 24087 I KeyguardPasswordView: set params.topMargin:799
09-11 19:17:39.760 24087 24087 D KeyguardPasswordView: H.UPDATE_EMERGENCY_BUTTON
09-11 19:17:39.760 24087 24087 I KeyguardPasswordView: set params.topMargin:799
09-11 19:17:39.781 24087 24087 D KeyguardPasswordView: H.UPDATE_EMERGENCY_BUTTON
09-11 19:17:39.781 24087 24087 I KeyguardPasswordView: set params.topMargin:799
09-11 19:17:39.801 24087 24087 D KeyguardPasswordView: H.UPDATE_EMERGENCY_BUTTON
09-11 19:17:39.802 24087 24087 I KeyguardPasswordView: set params.topMargin:799
09-11 19:17:39.822 24087 24087 D KeyguardPasswordView: H.UPDATE_EMERGENCY_BUTTON
09-11 19:17:39.822 24087 24087 I KeyguardPasswordView: set params.topMargin:799
09-11 19:17:39.839 24087 24087 D KeyguardPasswordView: H.UPDATE_EMERGENCY_BUTTON
09-11 19:17:39.840 24087 24087 I KeyguardPasswordView: set params.topMargin:799
09-11 19:17:39.860 24087 24087 D KeyguardPasswordView: H.UPDATE_EMERGENCY_BUTTON
09-11 19:17:39.861 24087 24087 I KeyguardPasswordView: set params.topMargin:799
09-11 19:17:39.879 24087 24087 D KeyguardPasswordView: H.UPDATE_EMERGENCY_BUTTON
09-11 19:17:39.880 24087 24087 I KeyguardPasswordView: set params.topMargin:799
09-11 19:17:39.896 24087 24087 D KeyguardPasswordView: H.UPDATE_EMERGENCY_BUTTON
09-11 19:17:39.897 24087 24087 I KeyguardPasswordView: set params.topMargin:799
09-11 19:17:39.917 24087 24087 D KeyguardPasswordView: H.UPDATE_EMERGENCY_BUTTON
09-11 19:17:39.918 24087 24087 I KeyguardPasswordView: set params.topMargin:799
09-11 19:17:39.936 24087 24087 D KeyguardPasswordView: H.UPDATE_EMERGENCY_BUTTON
09-11 19:17:39.937 24087 24087 I KeyguardPasswordView: set params.topMargin:799
09-11 19:17:39.958 24087 24087 D KeyguardPasswordView: H.UPDATE_EMERGENCY_BUTTON
09-11 19:17:39.959 24087 24087 I KeyguardPasswordView: set params.topMargin:799
09-11 19:17:39.977 24087 24087 D KeyguardPasswordView: H.UPDATE_EMERGENCY_BUTTON
09-11 19:17:39.977 24087 24087 I KeyguardPasswordView: set params.topMargin:799
09-11 19:17:39.994 24087 24087 D KeyguardPasswordView: H.UPDATE_EMERGENCY_BUTTON
09-11 19:17:39.995 24087 24087 I KeyguardPasswordView: set params.topMargin:799
09-11 19:17:40.013 24087 24087 D KeyguardPasswordView: H.UPDATE_EMERGENCY_BUTTON
09-11 19:17:40.014 24087 24087 I KeyguardPasswordView: set params.topMargin:799
09-11 19:17:40.031 24087 24087 D KeyguardPasswordView: H.UPDATE_EMERGENCY_BUTTON
09-11 19:17:40.032 24087 24087 I KeyguardPasswordView: set params.topMargin:799
09-11 19:17:40.049 24087 24087 D KeyguardPasswordView: H.UPDATE_EMERGENCY_BUTTON
09-11 19:17:40.049 24087 24087 I KeyguardPasswordView: set params.topMargin:799
09-11 19:17:40.069 24087 24087 D KeyguardPasswordView: H.UPDATE_EMERGENCY_BUTTON
09-11 19:17:40.069 24087 24087 I KeyguardPasswordView: set params.topMargin:799
09-11 19:17:40.089 24087 24087 D KeyguardPasswordView: H.UPDATE_EMERGENCY_BUTTON
09-11 19:17:40.090 24087 24087 I KeyguardPasswordView: set params.topMargin:799
09-11 19:17:40.107 24087 24087 D KeyguardPasswordView: H.UPDATE_EMERGENCY_BUTTON
09-11 19:17:40.107 24087 24087 I KeyguardPasswordView: set params.topMargin:799
09-11 19:17:40.128 24087 24087 D KeyguardPasswordView: H.UPDATE_EMERGENCY_BUTTON
09-11 19:17:40.129 24087 24087 I KeyguardPasswordView: set params.topMargin:799
09-11 19:17:40.146 24087 24087 D KeyguardPasswordView: H.UPDATE_EMERGENCY_BUTTON
09-11 19:17:40.146 24087 24087 I KeyguardPasswordView: set params.topMargin:799
09-11 19:17:40.166 24087 24087 D KeyguardPasswordView: H.UPDATE_EMERGENCY_BUTTON
09-11 19:17:40.167 24087 24087 I KeyguardPasswordView: set params.topMargin:799
09-11 19:17:40.187 24087 24087 D KeyguardPasswordView: H.UPDATE_EMERGENCY_BUTTON
09-11 19:17:40.187 24087 24087 I KeyguardPasswordView: set params.topMargin:799
09-11 19:17:40.205 24087 24087 D KeyguardPasswordView: H.UPDATE_EMERGENCY_BUTTON
09-11 19:17:40.206 24087 24087 I KeyguardPasswordView: set params.topMargin:799
09-11 19:17:40.224 24087 24087 D KeyguardPasswordView: H.UPDATE_EMERGENCY_BUTTON
09-11 19:17:40.224 24087 24087 I KeyguardPasswordView: set params.topMargin:799
09-11 19:17:40.241 24087 24087 D KeyguardPasswordView: H.UPDATE_EMERGENCY_BUTTON
09-11 19:17:40.241 24087 24087 I KeyguardPasswordView: set params.topMargin:799
09-11 19:17:40.257 24087 24087 D KeyguardPasswordView: H.UPDATE_EMERGENCY_BUTTON
09-11 19:17:40.258 24087 24087 I KeyguardPasswordView: set params.topMargin:799
09-11 19:17:40.276 24087 24087 D KeyguardPasswordView: H.UPDATE_EMERGENCY_BUTTON
09-11 19:17:40.276 24087 24087 I KeyguardPasswordView: set params.topMargin:799
09-11 19:17:40.297 24087 24087 D KeyguardPasswordView: H.UPDATE_EMERGENCY_BUTTON
09-11 19:17:40.297 24087 24087 I KeyguardPasswordView: set params.topMargin:799
09-11 19:17:40.318 24087 24087 D KeyguardPasswordView: H.UPDATE_EMERGENCY_BUTTON
09-11 19:17:40.319 24087 24087 I KeyguardPasswordView: set params.topMargin:799
09-11 19:17:40.335 24087 24087 D KeyguardPasswordView: H.UPDATE_EMERGENCY_BUTTON
09-11 19:17:40.335 24087 24087 I KeyguardPasswordView: set params.topMargin:799
09-11 19:17:40.353 24087 24087 D KeyguardPasswordView: H.UPDATE_EMERGENCY_BUTTON
09-11 19:17:40.354 24087 24087 I KeyguardPasswordView: set params.topMargin:799
09-11 19:17:40.371 24087 24087 D KeyguardPasswordView: H.UPDATE_EMERGENCY_BUTTON
09-11 19:17:40.371 24087 24087 I KeyguardPasswordView: set params.topMargin:799
09-11 19:17:40.391 24087 24087 D KeyguardPasswordView: H.UPDATE_EMERGENCY_BUTTON
09-11 19:17:40.392 24087 24087 I KeyguardPasswordView: set params.topMargin:799
09-11 19:17:40.412 24087 24087 D KeyguardPasswordView: H.UPDATE_EMERGENCY_BUTTON
09-11 19:17:40.412 24087 24087 I KeyguardPasswordView: set params.topMargin:799
09-11 19:17:40.432 24087 24087 D KeyguardPasswordView: H.UPDATE_EMERGENCY_BUTTON
09-11 19:17:40.434 24087 24087 I KeyguardPasswordView: set params.topMargin:799
09-11 19:17:40.450 24087 24087 D KeyguardPasswordView: H.UPDATE_EMERGENCY_BUTTON
09-11 19:17:40.451 24087 24087 I KeyguardPasswordView: set params.topMargin:799
09-11 19:17:40.468 24087 24087 D KeyguardPasswordView: H.UPDATE_EMERGENCY_BUTTON
09-11 19:17:40.469 24087 24087 I KeyguardPasswordView: set params.topMargin:799
09-11 19:17:40.487 24087 24087 D KeyguardPasswordView: H.UPDATE_EMERGENCY_BUTTON
09-11 19:17:40.488 24087 24087 I KeyguardPasswordView: set params.topMargin:799
09-11 19:17:40.504 24087 24087 D KeyguardPasswordView: H.UPDATE_EMERGENCY_BUTTON
09-11 19:17:40.504 24087 24087 I KeyguardPasswordView: set params.topMargin:799
09-11 19:17:40.521 24087 24087 D KeyguardPasswordView: H.UPDATE_EMERGENCY_BUTTON
09-11 19:17:40.522 24087 24087 I KeyguardPasswordView: set params.topMargin:799
09-11 19:17:40.539 24087 24087 D KeyguardPasswordView: H.UPDATE_EMERGENCY_BUTTON
09-11 19:17:40.539 24087 24087 I KeyguardPasswordView: set params.topMargin:799
09-11 19:17:40.557 24087 24087 D KeyguardPasswordView: H.UPDATE_EMERGENCY_BUTTON
09-11 19:17:40.557 24087 24087 I KeyguardPasswordView: set params.topMargin:799
09-11 19:17:40.574 24087 24087 D KeyguardPasswordView: H.UPDATE_EMERGENCY_BUTTON
09-11 19:17:40.575 24087 24087 I KeyguardPasswordView: set params.topMargin:799
09-11 19:17:40.593 24087 24087 D KeyguardPasswordView: H.UPDATE_EMERGENCY_BUTTON
09-11 19:17:40.594 24087 24087 I KeyguardPasswordView: set params.topMargin:799
09-11 19:17:40.614 24087 24087 D KeyguardPasswordView: H.UPDATE_EMERGENCY_BUTTON
09-11 19:17:40.615 24087 24087 I KeyguardPasswordView: set params.topMargin:799
09-11 19:17:40.631 24087 24087 D KeyguardPasswordView: H.UPDATE_EMERGENCY_BUTTON
09-11 19:17:40.632 24087 24087 I KeyguardPasswordView: set params.topMargin:799
09-11 19:17:40.652 24087 24087 D KeyguardPasswordView: H.UPDATE_EMERGENCY_BUTTON
09-11 19:17:40.652 24087 24087 I KeyguardPasswordView: set params.topMargin:799
09-11 19:17:40.669 24087 24087 D KeyguardPasswordView: H.UPDATE_EMERGENCY_BUTTON
09-11 19:17:40.670 24087 24087 I KeyguardPasswordView: set params.topMargin:799
09-11 19:17:40.690 24087 24087 D KeyguardPasswordView: H.UPDATE_EMERGENCY_BUTTON
09-11 19:17:40.690 24087 24087 I KeyguardPasswordView: set params.topMargin:799
09-11 19:17:40.710 24087 24087 D KeyguardPasswordView: H.UPDATE_EMERGENCY_BUTTON
09-11 19:17:40.711 24087 24087 I KeyguardPasswordView: set params.topMargin:799
09-11 19:17:40.728 24087 24087 D KeyguardPasswordView: H.UPDATE_EMERGENCY_BUTTON
09-11 19:17:40.728 24087 24087 I KeyguardPasswordView: set params.topMargin:799
09-11 19:17:40.748 24087 24087 D KeyguardPasswordView: H.UPDATE_EMERGENCY_BUTTON
09-11 19:17:40.749 24087 24087 I KeyguardPasswordView: set params.topMargin:799
09-11 19:17:40.767 24087 24087 D KeyguardPasswordView: H.UPDATE_EMERGENCY_BUTTON
