09-11 19:17:49.984 24442 24465 I TestRunner: started: clicking_horizontal_list_button_displays_horizontal_list(com.example.dogglers.ButtonTests)
09-11 19:17:49.994  1098  1098 E CompositionEngine: map unknown (BT709 sRGB Full range)/(Unknown RenderIntent) to default color mode
09-11 19:17:49.998 24442 24465 W Settings: Setting always_finish_activities has moved from android.provider.Settings.System to android.provider.Settings.Global, returning read-only value.
09-11 19:17:50.004 24087 24087 D EdgeBackGestureHandler: updateTopPackage isHomeApp false
09-11 19:17:50.004 24087 24087 D KeyguardPasswordView: H.UPDATE_EMERGENCY_BUTTON
09-11 19:17:50.005 24087 24087 I KeyguardPasswordView: set params.topMargin:799
09-11 19:17:50.014 24087 24087 D KeyguardPasswordView: H.UPDATE_EMERGENCY_BUTTON
09-11 19:17:50.014 24087 24087 I KeyguardPasswordView: set params.topMargin:799
09-11 19:17:50.017  1555  5265 E ANDR-PERF-JNI: com_qualcomm_qtiperformance_native_perf_io_prefetch_start
09-11 19:17:50.027  1098  1098 E CompositionEngine: map unknown (BT709 sRGB Full range)/(Unknown RenderIntent) to default color mode
09-11 19:17:50.031  1037  1060 E ANDR-IOP: io prefetch is disabled
09-11 19:17:50.032 24087 24087 D KeyguardPasswordView: H.UPDATE_EMERGENCY_BUTTON
09-11 19:17:50.032 24087 24087 I KeyguardPasswordView: set params.topMargin:799
09-11 19:17:50.041  1555  5265 D ActivityTrigger: ActivityTrigger activityPauseTrigger
09-11 19:17:50.050 24087 24087 D KeyguardPasswordView: H.UPDATE_EMERGENCY_BUTTON
09-11 19:17:50.050 24087 24087 I KeyguardPasswordView: set params.topMargin:799
09-11 19:17:50.051  1555  1714 D OpPowerConsumpStatsInjector: notifyPkgEvent
09-11 19:17:50.058 24442 24442 D LifecycleMonitor: Lifecycle status change: androidx.test.core.app.InstrumentationActivityInvoker$BootstrapActivity@9104fb in: PRE_ON_CREATE
09-11 19:17:50.059 24442 24442 V ActivityScenario: Activity lifecycle changed event received but ignored because the intent does not match. startActivityIntent=Intent { act=android.intent.action.MAIN cat=[android.intent.category.LAUNCHER] cmp=com.example.dogglers/.MainActivity }, activity.getIntent()=Intent { act=android.intent.action.MAIN cat=[android.intent.category.LAUNCHER] flg=0x10008000 cmp=com.example.dogglers/androidx.test.core.app.InstrumentationActivityInvoker$BootstrapActivity (has extras) }, activity=androidx.test.core.app.InstrumentationActivityInvoker$BootstrapActivity@9104fb
09-11 19:17:50.062  1098  1098 E CompositionEngine: map unknown (BT709 sRGB Full range)/(Unknown RenderIntent) to default color mode
09-11 19:17:50.071 24087 24087 D KeyguardPasswordView: H.UPDATE_EMERGENCY_BUTTON
09-11 19:17:50.072 24087 24087 I KeyguardPasswordView: set params.topMargin:799
09-11 19:17:50.088 24087 24087 D KeyguardPasswordView: H.UPDATE_EMERGENCY_BUTTON
09-11 19:17:50.088 24087 24087 I KeyguardPasswordView: set params.topMargin:799
09-11 19:17:50.094 24442 24442 E xample.doggler: Invalid ID 0x00000000.
09-11 19:17:50.099 24442 24442 D LifecycleMonitor: Lifecycle status change: androidx.test.core.app.InstrumentationActivityInvoker$BootstrapActivity@9104fb in: CREATED
09-11 19:17:50.100 24442 24442 V ActivityScenario: Activity lifecycle changed event received but ignored because the intent does not match. startActivityIntent=Intent { act=android.intent.action.MAIN cat=[android.intent.category.LAUNCHER] cmp=com.example.dogglers/.MainActivity }, activity.getIntent()=Intent { act=android.intent.action.MAIN cat=[android.intent.category.LAUNCHER] flg=0x10008000 cmp=com.example.dogglers/androidx.test.core.app.InstrumentationActivityInvoker$BootstrapActivity (has extras) }, activity=androidx.test.core.app.InstrumentationActivityInvoker$BootstrapActivity@9104fb
09-11 19:17:50.105 24442 24442 D LifecycleMonitor: Lifecycle status change: androidx.test.core.app.InstrumentationActivityInvoker$BootstrapActivity@9104fb in: STARTED
09-11 19:17:50.105 24442 24442 V ActivityScenario: Activity lifecycle changed event received but ignored because the intent does not match. startActivityIntent=Intent { act=android.intent.action.MAIN cat=[android.intent.category.LAUNCHER] cmp=com.example.dogglers/.MainActivity }, activity.getIntent()=Intent { act=android.intent.action.MAIN cat=[android.intent.category.LAUNCHER] flg=0x10008000 cmp=com.example.dogglers/androidx.test.core.app.InstrumentationActivityInvoker$BootstrapActivity (has extras) }, activity=androidx.test.core.app.InstrumentationActivityInvoker$BootstrapActivity@9104fb
09-11 19:17:50.106 24087 24087 D KeyguardPasswordView: H.UPDATE_EMERGENCY_BUTTON
09-11 19:17:50.107 24087 24087 I KeyguardPasswordView: set params.topMargin:799
09-11 19:17:50.121 24442 24442 D LifecycleMonitor: Lifecycle status change: androidx.test.core.app.InstrumentationActivityInvoker$BootstrapActivity@9104fb in: RESUMED
09-11 19:17:50.122 24442 24442 V ActivityScenario: Activity lifecycle changed event received but ignored because the intent does not match. startActivityIntent=Intent { act=android.intent.action.MAIN cat=[android.intent.category.LAUNCHER] cmp=com.example.dogglers/.MainActivity }, activity.getIntent()=Intent { act=android.intent.action.MAIN cat=[android.intent.category.LAUNCHER] flg=0x10008000 cmp=com.example.dogglers/androidx.test.core.app.InstrumentationActivityInvoker$BootstrapActivity (has extras) }, activity=androidx.test.core.app.InstrumentationActivityInvoker$BootstrapActivity@9104fb
09-11 19:17:50.125 24087 24087 D KeyguardPasswordView: H.UPDATE_EMERGENCY_BUTTON
09-11 19:17:50.125 24087 24087 I KeyguardPasswordView: set params.topMargin:799
09-11 19:17:50.126 24442 24442 D LifecycleMonitor: Lifecycle status change: androidx.test.core.app.InstrumentationActivityInvoker$BootstrapActivity@9104fb in: PAUSED
09-11 19:17:50.127 24442 24442 V ActivityScenario: Activity lifecycle changed event received but ignored because the intent does not match. startActivityIntent=Intent { act=android.intent.action.MAIN cat=[android.intent.category.LAUNCHER] cmp=com.example.dogglers/.MainActivity }, activity.getIntent()=Intent { act=android.intent.action.MAIN cat=[android.intent.category.LAUNCHER] flg=0x10008000 cmp=com.example.dogglers/androidx.test.core.app.InstrumentationActivityInvoker$BootstrapActivity (has extras) }, activity=androidx.test.core.app.InstrumentationActivityInvoker$BootstrapActivity@9104fb
09-11 19:17:50.128  1098  1098 E CompositionEngine: map unknown (BT709 sRGB Full range)/(Unknown RenderIntent) to default color mode
09-11 19:17:50.141  1555  5265 D ActivityTrigger: ActivityTrigger activityPauseTrigger
09-11 19:17:50.145  1098  1098 E CompositionEngine: map unknown (BT709 sRGB Full range)/(Unknown RenderIntent) to default color mode
09-11 19:17:50.147 24087 24087 D KeyguardPasswordView: H.UPDATE_EMERGENCY_BUTTON
09-11 19:17:50.148 24087 24087 I KeyguardPasswordView: set params.topMargin:799
09-11 19:17:50.162  1098  1098 E CompositionEngine: map unknown (BT709 sRGB Full range)/(Unknown RenderIntent) to default color mode
09-11 19:17:50.163  1555  1714 D OpPowerConsumpStatsInjector: notifyPkgEvent
09-11 19:17:50.165 24087 24087 D KeyguardPasswordView: H.UPDATE_EMERGENCY_BUTTON
09-11 19:17:50.166 24087 24087 I KeyguardPasswordView: set params.topMargin:799
09-11 19:17:50.166  1555  1714 D OpPowerConsumpStatsInjector: notifyPkgEvent
09-11 19:17:50.173 24442 24442 D LifecycleMonitor: Lifecycle status change: com.example.dogglers.MainActivity@9241ad in: PRE_ON_CREATE
09-11 19:17:50.174 24442 24442 V ActivityScenario: Activity lifecycle changed event received but ignored because the reported transition was not ON_CREATE while the last known transition was PRE_ON_CREATE
09-11 19:17:50.180 24087 24087 D KeyguardPasswordView: H.UPDATE_EMERGENCY_BUTTON
09-11 19:17:50.181 24087 24087 I KeyguardPasswordView: set params.topMargin:799
09-11 19:17:50.201 24087 24087 D KeyguardPasswordView: H.UPDATE_EMERGENCY_BUTTON
09-11 19:17:50.201 24087 24087 I KeyguardPasswordView: set params.topMargin:799
09-11 19:17:50.218 24087 24087 D KeyguardPasswordView: H.UPDATE_EMERGENCY_BUTTON
09-11 19:17:50.219 24087 24087 I KeyguardPasswordView: set params.topMargin:799
09-11 19:17:50.237 24087 24087 D KeyguardPasswordView: H.UPDATE_EMERGENCY_BUTTON
09-11 19:17:50.237 24087 24087 I KeyguardPasswordView: set params.topMargin:799
09-11 19:17:50.240 24442 24442 D LifecycleMonitor: Lifecycle status change: com.example.dogglers.MainActivity@9241ad in: CREATED
09-11 19:17:50.240 24442 24442 V ActivityScenario: Update currentActivityStage to CREATED, currentActivity=com.example.dogglers.MainActivity@9241ad
09-11 19:17:50.242 24442 24442 D LifecycleMonitor: Lifecycle status change: com.example.dogglers.MainActivity@9241ad in: STARTED
09-11 19:17:50.242 24442 24442 V ActivityScenario: Update currentActivityStage to STARTED, currentActivity=com.example.dogglers.MainActivity@9241ad
09-11 19:17:50.243 24442 24442 D LifecycleMonitor: Lifecycle status change: com.example.dogglers.MainActivity@9241ad in: RESUMED
09-11 19:17:50.244 24442 24442 V ActivityScenario: Update currentActivityStage to RESUMED, currentActivity=com.example.dogglers.MainActivity@9241ad
09-11 19:17:50.251 24442 24442 V ViewRootImpl: The specified message queue synchronization  barrier token has not been posted or has already been removed
09-11 19:17:50.261 24087 24087 D EdgeBackGestureHandler: updateTopPackage isHomeApp false
09-11 19:17:50.261 24087 24087 D KeyguardPasswordView: H.UPDATE_EMERGENCY_BUTTON
09-11 19:17:50.261  1098  1098 E CompositionEngine: map unknown (BT709 sRGB Full range)/(Unknown RenderIntent) to default color mode
09-11 19:17:50.262 24087 24087 I KeyguardPasswordView: set params.topMargin:799
09-11 19:17:50.276 24442 24442 D LifecycleMonitor: Lifecycle status change: com.example.dogglers.MainActivity@9241ad in: PAUSED
09-11 19:17:50.276 24442 24442 V ActivityScenario: Update currentActivityStage to PAUSED, currentActivity=com.example.dogglers.MainActivity@9241ad
09-11 19:17:50.277  1555  1714 D OpPowerConsumpStatsInjector: notifyPkgEvent
09-11 19:17:50.278  1098  1098 E CompositionEngine: map unknown (BT709 sRGB Full range)/(Unknown RenderIntent) to default color mode
09-11 19:17:50.278 24442 24442 D LifecycleMonitor: Lifecycle status change: androidx.test.core.app.InstrumentationActivityInvoker$BootstrapActivity@9104fb in: STOPPED
09-11 19:17:50.278 24442 24442 V ActivityScenario: Activity lifecycle changed event received but ignored because the intent does not match. startActivityIntent=Intent { act=android.intent.action.MAIN cat=[android.intent.category.LAUNCHER] cmp=com.example.dogglers/.MainActivity }, activity.getIntent()=Intent { act=android.intent.action.MAIN cat=[android.intent.category.LAUNCHER] flg=0x10008000 cmp=com.example.dogglers/androidx.test.core.app.InstrumentationActivityInvoker$BootstrapActivity (has extras) }, activity=androidx.test.core.app.InstrumentationActivityInvoker$BootstrapActivity@9104fb
09-11 19:17:50.278 24087 24087 D KeyguardPasswordView: H.UPDATE_EMERGENCY_BUTTON
09-11 19:17:50.278 24087 24087 I KeyguardPasswordView: set params.topMargin:799
09-11 19:17:50.295  1098  1098 E CompositionEngine: map unknown (BT709 sRGB Full range)/(Unknown RenderIntent) to default color mode
09-11 19:17:50.307 24087 24087 D KeyguardPasswordView: H.UPDATE_EMERGENCY_BUTTON
09-11 19:17:50.307 24087 24087 I KeyguardPasswordView: set params.topMargin:799
09-11 19:17:50.315 24442 24442 D LifecycleMonitor: Lifecycle status change: com.example.dogglers.MainActivity@9241ad in: STOPPED
09-11 19:17:50.316 24442 24442 V ActivityScenario: Update currentActivityStage to STOPPED, currentActivity=com.example.dogglers.MainActivity@9241ad
09-11 19:17:50.324 24087 24087 D KeyguardPasswordView: H.UPDATE_EMERGENCY_BUTTON
09-11 19:17:50.324 24087 24087 I KeyguardPasswordView: set params.topMargin:799
09-11 19:17:50.340 24087 24087 D KeyguardPasswordView: H.UPDATE_EMERGENCY_BUTTON
09-11 19:17:50.341 24087 24087 I KeyguardPasswordView: set params.topMargin:799
09-11 19:17:50.345 24442 24465 W xample.doggler: Accessing hidden method Landroid/view/ViewConfiguration;->getDoubleTapMinTime()I (greylist, reflection, allowed)
09-11 19:17:50.359 24442 24442 W RootViewPicker: No activity currently resumed - waiting: 10ms for one to appear.
09-11 19:17:50.360 24087 24087 D KeyguardPasswordView: H.UPDATE_EMERGENCY_BUTTON
09-11 19:17:50.360 24087 24087 I KeyguardPasswordView: set params.topMargin:799
09-11 19:17:50.364 14890 14954 W WM-WorkSpec: Interval duration lesser than minimum allowed value; Changed to 900000
09-11 19:17:50.364 14890 14954 W WM-WorkSpec: Flex duration lesser than minimum allowed value; Changed to 300000
09-11 19:17:50.364 14890 14954 W System.err: java.lang.IllegalStateException: Method addObserver must be called on the main thread
09-11 19:17:50.366 14890 14890 W WM-WorkSpec: Interval duration lesser than minimum allowed value; Changed to 900000
09-11 19:17:50.366 14890 14890 W WM-WorkSpec: Flex duration lesser than minimum allowed value; Changed to 300000
09-11 19:17:50.367 14890 14890 W WM-WorkSpec: Interval duration lesser than minimum allowed value; Changed to 900000
09-11 19:17:50.367 14890 14890 W WM-WorkSpec: Flex duration lesser than minimum allowed value; Changed to 300000
09-11 19:17:50.371 14890 14954 W System.err: 	at x0.r.n.f(LifecycleRegistry.java:3)
09-11 19:17:50.371 14890 14954 W System.err: 	at x0.r.n.a(LifecycleRegistry.java:1)
09-11 19:17:50.371 14890 14954 W System.err: 	at s7.e(SourceFile:4)
09-11 19:17:50.371 14890 14954 W System.err: 	at com.andriod.lib.wm.WorkManagerIBeaconScanner$ScanWorker.doWork(Unknown Source:12)
09-11 19:17:50.371 14890 14954 W System.err: 	at androidx.work.Worker$a.run(Worker.java:1)
09-11 19:17:50.371 14890 14954 W System.err: 	at java.util.concurrent.ThreadPoolExecutor.runWorker(ThreadPoolExecutor.java:1167)
09-11 19:17:50.371 14890 14954 W System.err: 	at java.util.concurrent.ThreadPoolExecutor$Worker.run(ThreadPoolExecutor.java:641)
09-11 19:17:50.371 14890 14954 W System.err: 	at java.lang.Thread.run(Thread.java:923)
09-11 19:17:50.371 14890 14959 W System.err: java.lang.NullPointerException: Attempt to invoke virtual method 'void android.bluetooth.le.BluetoothLeAdvertiser.stopAdvertisingSet(android.bluetooth.le.AdvertisingSetCallback)' on a null object reference
09-11 19:17:50.371 14890 14959 W System.err: 	at u4.e(SourceFile:2)
09-11 19:17:50.371 14890 14959 W System.err: 	at u4.g(SourceFile:4)
09-11 19:17:50.371 14890 14959 W System.err: 	at v7.b(SourceFile:3)
09-11 19:17:50.371 14890 14959 W System.err: 	at v7.h(Unknown Source:0)
09-11 19:17:50.371 14890 14959 W System.err: 	at n0.run(Unknown Source:8)
09-11 19:17:50.371 14890 14959 W System.err: 	at java.util.concurrent.ThreadPoolExecutor.runWorker(ThreadPoolExecutor.java:1167)
09-11 19:17:50.371 14890 14959 W System.err: 	at java.util.concurrent.ThreadPoolExecutor$Worker.run(ThreadPoolExecutor.java:641)
09-11 19:17:50.371 14890 14959 W System.err: 	at java.lang.Thread.run(Thread.java:923)
09-11 19:17:50.371 24442 24442 W RootViewPicker: No activity currently resumed - waiting: 50ms for one to appear.
09-11 19:17:50.371 14890 14959 W System.err: java.lang.NullPointerException: Attempt to invoke virtual method 'void android.bluetooth.le.BluetoothLeAdvertiser.startAdvertisingSet(android.bluetooth.le.AdvertisingSetParameters, android.bluetooth.le.AdvertiseData, android.bluetooth.le.AdvertiseData, android.bluetooth.le.PeriodicAdvertisingParameters, android.bluetooth.le.AdvertiseData, int, int, android.bluetooth.le.AdvertisingSetCallback)' on a null object reference
09-11 19:17:50.371 14890 14959 W System.err: 	at u4.g(SourceFile:8)
09-11 19:17:50.371 14890 14936 I WM-WorkerWrapper: Worker result SUCCESS for Work [ id=e724a3a7-f43c-4fdd-a88d-5cdf4bb9d420, tags={ com.andriod.lib.wm.WorkManagerIBeaconScanner$ScanWorker, com.grouplink.scan.ScanWorker } ]
09-11 19:17:50.371 14890 14959 W System.err: 	at v7.b(SourceFile:3)
09-11 19:17:50.372 14890 14959 W System.err: 	at v7.h(Unknown Source:0)
09-11 19:17:50.372 14890 14959 W System.err: 	at n0.run(Unknown Source:8)
09-11 19:17:50.372 14890 14959 W System.err: 	at java.util.concurrent.ThreadPoolExecutor.runWorker(ThreadPoolExecutor.java:1167)
09-11 19:17:50.372 14890 14959 W System.err: 	at java.util.concurrent.ThreadPoolExecutor$Worker.run(ThreadPoolExecutor.java:641)
09-11 19:17:50.372 14890 14959 W System.err: 	at java.lang.Thread.run(Thread.java:923)
09-11 19:17:50.372 14890 14959 W System.err: java.lang.NullPointerException: Attempt to invoke virtual method 'void android.bluetooth.le.BluetoothLeAdvertiser.stopAdvertisingSet(android.bluetooth.le.AdvertisingSetCallback)' on a null object reference
09-11 19:17:50.372 14890 14959 W System.err: 	at u4.e(SourceFile:2)
09-11 19:17:50.372 14890 14959 W System.err: 	at u4.g(SourceFile:4)
09-11 19:17:50.372 14890 14959 W System.err: 	at v7.b(SourceFile:3)
09-11 19:17:50.372 14890 14959 W System.err: 	at v7.h(Unknown Source:0)
09-11 19:17:50.372 14890 14959 W System.err: 	at n0.run(Unknown Source:8)
09-11 19:17:50.372 14890 14959 W System.err: 	at java.util.concurrent.ThreadPoolExecutor.runWorker(ThreadPoolExecutor.java:1167)
09-11 19:17:50.372 14890 14959 W System.err: 	at java.util.concurrent.ThreadPoolExecutor$Worker.run(ThreadPoolExecutor.java:641)
09-11 19:17:50.372 14890 14959 W System.err: 	at java.lang.Thread.run(Thread.java:923)
09-11 19:17:50.372 14890 14959 W System.err: java.lang.NullPointerException: Attempt to invoke virtual method 'void android.bluetooth.le.BluetoothLeAdvertiser.startAdvertisingSet(android.bluetooth.le.AdvertisingSetParameters, android.bluetooth.le.AdvertiseData, android.bluetooth.le.AdvertiseData, android.bluetooth.le.PeriodicAdvertisingParameters, android.bluetooth.le.AdvertiseData, int, int, android.bluetooth.le.AdvertisingSetCallback)' on a null object reference
09-11 19:17:50.373 14890 14959 W System.err: 	at u4.g(SourceFile:8)
09-11 19:17:50.373 14890 14959 W System.err: 	at v7.b(SourceFile:3)
09-11 19:17:50.373 14890 14959 W System.err: 	at v7.h(Unknown Source:0)
09-11 19:17:50.373 14890 14959 W System.err: 	at n0.run(Unknown Source:8)
09-11 19:17:50.373 14890 14959 W System.err: 	at java.util.concurrent.ThreadPoolExecutor.runWorker(ThreadPoolExecutor.java:1167)
09-11 19:17:50.373 14890 14959 W System.err: 	at java.util.concurrent.ThreadPoolExecutor$Worker.run(ThreadPoolExecutor.java:641)
09-11 19:17:50.373 14890 14959 W System.err: 	at java.lang.Thread.run(Thread.java:923)
09-11 19:17:50.380 24087 24087 D KeyguardPasswordView: H.UPDATE_EMERGENCY_BUTTON
09-11 19:17:50.380 24087 24087 I KeyguardPasswordView: set params.topMargin:799
09-11 19:17:50.399 24087 24087 D KeyguardPasswordView: H.UPDATE_EMERGENCY_BUTTON
09-11 19:17:50.399 24087 24087 I KeyguardPasswordView: set params.topMargin:799
09-11 19:17:50.416 24087 24087 D KeyguardPasswordView: H.UPDATE_EMERGENCY_BUTTON
09-11 19:17:50.417 24087 24087 I KeyguardPasswordView: set params.topMargin:799
09-11 19:17:50.424 24442 24442 W RootViewPicker: No activity currently resumed - waiting: 100ms for one to appear.
09-11 19:17:50.433 24087 24087 D KeyguardPasswordView: H.UPDATE_EMERGENCY_BUTTON
09-11 19:17:50.434 24087 24087 I KeyguardPasswordView: set params.topMargin:799
09-11 19:17:50.451 24087 24087 D KeyguardPasswordView: H.UPDATE_EMERGENCY_BUTTON
09-11 19:17:50.452 24087 24087 I KeyguardPasswordView: set params.topMargin:799
09-11 19:17:50.469 24087 24087 D KeyguardPasswordView: H.UPDATE_EMERGENCY_BUTTON
09-11 19:17:50.470 24087 24087 I KeyguardPasswordView: set params.topMargin:799
09-11 19:17:50.487 24087 24087 D KeyguardPasswordView: H.UPDATE_EMERGENCY_BUTTON
09-11 19:17:50.488 24087 24087 I KeyguardPasswordView: set params.topMargin:799
09-11 19:17:50.505 24087 24087 D KeyguardPasswordView: H.UPDATE_EMERGENCY_BUTTON
09-11 19:17:50.505 24087 24087 I KeyguardPasswordView: set params.topMargin:799
09-11 19:17:50.523 24087 24087 D KeyguardPasswordView: H.UPDATE_EMERGENCY_BUTTON
09-11 19:17:50.524 24087 24087 I KeyguardPasswordView: set params.topMargin:799
09-11 19:17:50.529 24442 24442 W RootViewPicker: No activity currently resumed - waiting: 500ms for one to appear.
09-11 19:17:50.541 24087 24087 D KeyguardPasswordView: H.UPDATE_EMERGENCY_BUTTON
09-11 19:17:50.541 24087 24087 I KeyguardPasswordView: set params.topMargin:799
09-11 19:17:50.561 24087 24087 D KeyguardPasswordView: H.UPDATE_EMERGENCY_BUTTON
09-11 19:17:50.562 24087 24087 I KeyguardPasswordView: set params.topMargin:799
09-11 19:17:50.582 24087 24087 D KeyguardPasswordView: H.UPDATE_EMERGENCY_BUTTON
09-11 19:17:50.583 24087 24087 I KeyguardPasswordView: set params.topMargin:799
09-11 19:17:50.599 24087 24087 D KeyguardPasswordView: H.UPDATE_EMERGENCY_BUTTON
09-11 19:17:50.600 24087 24087 I KeyguardPasswordView: set params.topMargin:799
09-11 19:17:50.618 24087 24087 D KeyguardPasswordView: H.UPDATE_EMERGENCY_BUTTON
09-11 19:17:50.619 24087 24087 I KeyguardPasswordView: set params.topMargin:799
09-11 19:17:50.640 24087 24087 D KeyguardPasswordView: H.UPDATE_EMERGENCY_BUTTON
09-11 19:17:50.640 24087 24087 I KeyguardPasswordView: set params.topMargin:799
09-11 19:17:50.659 24087 24087 D KeyguardPasswordView: H.UPDATE_EMERGENCY_BUTTON
09-11 19:17:50.659 24087 24087 I KeyguardPasswordView: set params.topMargin:799
09-11 19:17:50.679 24087 24087 D KeyguardPasswordView: H.UPDATE_EMERGENCY_BUTTON
09-11 19:17:50.679 24087 24087 I KeyguardPasswordView: set params.topMargin:799
09-11 19:17:50.699 24087 24087 D KeyguardPasswordView: H.UPDATE_EMERGENCY_BUTTON
09-11 19:17:50.700 24087 24087 I KeyguardPasswordView: set params.topMargin:799
09-11 19:17:50.717 24087 24087 D KeyguardPasswordView: H.UPDATE_EMERGENCY_BUTTON
09-11 19:17:50.717 24087 24087 I KeyguardPasswordView: set params.topMargin:799
09-11 19:17:50.734 24087 24087 D KeyguardPasswordView: H.UPDATE_EMERGENCY_BUTTON
09-11 19:17:50.735 24087 24087 I KeyguardPasswordView: set params.topMargin:799
09-11 19:17:50.753 24087 24087 D KeyguardPasswordView: H.UPDATE_EMERGENCY_BUTTON
09-11 19:17:50.754 24087 24087 I KeyguardPasswordView: set params.topMargin:799
09-11 19:17:50.772 24087 24087 D KeyguardPasswordView: H.UPDATE_EMERGENCY_BUTTON
09-11 19:17:50.773 24087 24087 I KeyguardPasswordView: set params.topMargin:799
09-11 19:17:50.794 24087 24087 D KeyguardPasswordView: H.UPDATE_EMERGENCY_BUTTON
09-11 19:17:50.794 24087 24087 I KeyguardPasswordView: set params.topMargin:799
09-11 19:17:50.815 24087 24087 D KeyguardPasswordView: H.UPDATE_EMERGENCY_BUTTON
09-11 19:17:50.816 24087 24087 I KeyguardPasswordView: set params.topMargin:799
09-11 19:17:50.833 24087 24087 D KeyguardPasswordView: H.UPDATE_EMERGENCY_BUTTON
09-11 19:17:50.834 24087 24087 I KeyguardPasswordView: set params.topMargin:799
09-11 19:17:50.852 24087 24087 D KeyguardPasswordView: H.UPDATE_EMERGENCY_BUTTON
09-11 19:17:50.852 24087 24087 I KeyguardPasswordView: set params.topMargin:799
09-11 19:17:50.873 24087 24087 D KeyguardPasswordView: H.UPDATE_EMERGENCY_BUTTON
09-11 19:17:50.874 24087 24087 I KeyguardPasswordView: set params.topMargin:799
09-11 19:17:50.894 24087 24087 D KeyguardPasswordView: H.UPDATE_EMERGENCY_BUTTON
09-11 19:17:50.894 24087 24087 I KeyguardPasswordView: set params.topMargin:799
09-11 19:17:50.915 24087 24087 D KeyguardPasswordView: H.UPDATE_EMERGENCY_BUTTON
09-11 19:17:50.915 24087 24087 I KeyguardPasswordView: set params.topMargin:799
09-11 19:17:50.935 24087 24087 D KeyguardPasswordView: H.UPDATE_EMERGENCY_BUTTON
09-11 19:17:50.937 24087 24087 I KeyguardPasswordView: set params.topMargin:799
09-11 19:17:50.954 24087 24087 D KeyguardPasswordView: H.UPDATE_EMERGENCY_BUTTON
09-11 19:17:50.954 24087 24087 I KeyguardPasswordView: set params.topMargin:799
09-11 19:17:50.976 24087 24087 D KeyguardPasswordView: H.UPDATE_EMERGENCY_BUTTON
09-11 19:17:50.976 24087 24087 I KeyguardPasswordView: set params.topMargin:799
09-11 19:17:50.993 24087 24087 D KeyguardPasswordView: H.UPDATE_EMERGENCY_BUTTON
09-11 19:17:50.994 24087 24087 I KeyguardPasswordView: set params.topMargin:799
09-11 19:17:51.014 24087 24087 D KeyguardPasswordView: H.UPDATE_EMERGENCY_BUTTON
09-11 19:17:51.015 24087 24087 I KeyguardPasswordView: set params.topMargin:799
09-11 19:17:51.031 24087 24087 D KeyguardPasswordView: H.UPDATE_EMERGENCY_BUTTON
09-11 19:17:51.032 24087 24087 I KeyguardPasswordView: set params.topMargin:799
09-11 19:17:51.033 24442 24442 W RootViewPicker: No activity currently resumed - waiting: 2000ms for one to appear.
09-11 19:17:51.050 24087 24087 D KeyguardPasswordView: H.UPDATE_EMERGENCY_BUTTON
09-11 19:17:51.050 24087 24087 I KeyguardPasswordView: set params.topMargin:799
09-11 19:17:51.070 24087 24087 D KeyguardPasswordView: H.UPDATE_EMERGENCY_BUTTON
09-11 19:17:51.071 24087 24087 I KeyguardPasswordView: set params.topMargin:799
09-11 19:17:51.091 24087 24087 D KeyguardPasswordView: H.UPDATE_EMERGENCY_BUTTON
09-11 19:17:51.092 24087 24087 I KeyguardPasswordView: set params.topMargin:799
09-11 19:17:51.110 24087 24087 D KeyguardPasswordView: H.UPDATE_EMERGENCY_BUTTON
09-11 19:17:51.110 24087 24087 I KeyguardPasswordView: set params.topMargin:799
09-11 19:17:51.128 24087 24087 D KeyguardPasswordView: H.UPDATE_EMERGENCY_BUTTON
09-11 19:17:51.129 24087 24087 I KeyguardPasswordView: set params.topMargin:799
09-11 19:17:51.146 24087 24087 D KeyguardPasswordView: H.UPDATE_EMERGENCY_BUTTON
09-11 19:17:51.146 24087 24087 I KeyguardPasswordView: set params.topMargin:799
09-11 19:17:51.163 24087 24087 D KeyguardPasswordView: H.UPDATE_EMERGENCY_BUTTON
09-11 19:17:51.164 24087 24087 I KeyguardPasswordView: set params.topMargin:799
09-11 19:17:51.183 24087 24087 D KeyguardPasswordView: H.UPDATE_EMERGENCY_BUTTON
09-11 19:17:51.184 24087 24087 I KeyguardPasswordView: set params.topMargin:799
09-11 19:17:51.201 24087 24087 D KeyguardPasswordView: H.UPDATE_EMERGENCY_BUTTON
09-11 19:17:51.202 24087 24087 I KeyguardPasswordView: set params.topMargin:799
09-11 19:17:51.218 24087 24087 D KeyguardPasswordView: H.UPDATE_EMERGENCY_BUTTON
09-11 19:17:51.219 24087 24087 I KeyguardPasswordView: set params.topMargin:799
09-11 19:17:51.236 24087 24087 D KeyguardPasswordView: H.UPDATE_EMERGENCY_BUTTON
09-11 19:17:51.237 24087 24087 I KeyguardPasswordView: set params.topMargin:799
09-11 19:17:51.254 24087 24087 D KeyguardPasswordView: H.UPDATE_EMERGENCY_BUTTON
09-11 19:17:51.255 24087 24087 I KeyguardPasswordView: set params.topMargin:799
09-11 19:17:51.272 24087 24087 D KeyguardPasswordView: H.UPDATE_EMERGENCY_BUTTON
09-11 19:17:51.273 24087 24087 I KeyguardPasswordView: set params.topMargin:799
09-11 19:17:51.294 24087 24087 D KeyguardPasswordView: H.UPDATE_EMERGENCY_BUTTON
09-11 19:17:51.295 24087 24087 I KeyguardPasswordView: set params.topMargin:799
09-11 19:17:51.315 24087 24087 D KeyguardPasswordView: H.UPDATE_EMERGENCY_BUTTON
09-11 19:17:51.316 24087 24087 I KeyguardPasswordView: set params.topMargin:799
09-11 19:17:51.334 24087 24087 D KeyguardPasswordView: H.UPDATE_EMERGENCY_BUTTON
09-11 19:17:51.335 24087 24087 I KeyguardPasswordView: set params.topMargin:799
09-11 19:17:51.354 24087 24087 D KeyguardPasswordView: H.UPDATE_EMERGENCY_BUTTON
09-11 19:17:51.354 24087 24087 I KeyguardPasswordView: set params.topMargin:799
09-11 19:17:51.371 24087 24087 D KeyguardPasswordView: H.UPDATE_EMERGENCY_BUTTON
09-11 19:17:51.372 24087 24087 I KeyguardPasswordView: set params.topMargin:799
09-11 19:17:51.393 24087 24087 D KeyguardPasswordView: H.UPDATE_EMERGENCY_BUTTON
09-11 19:17:51.394 24087 24087 I KeyguardPasswordView: set params.topMargin:799
09-11 19:17:51.415 24087 24087 D KeyguardPasswordView: H.UPDATE_EMERGENCY_BUTTON
09-11 19:17:51.415 24087 24087 I KeyguardPasswordView: set params.topMargin:799
09-11 19:17:51.436 24087 24087 D KeyguardPasswordView: H.UPDATE_EMERGENCY_BUTTON
09-11 19:17:51.436 24087 24087 I KeyguardPasswordView: set params.topMargin:799
09-11 19:17:51.453 24087 24087 D KeyguardPasswordView: H.UPDATE_EMERGENCY_BUTTON
09-11 19:17:51.454 24087 24087 I KeyguardPasswordView: set params.topMargin:799
09-11 19:17:51.471 24087 24087 D KeyguardPasswordView: H.UPDATE_EMERGENCY_BUTTON
09-11 19:17:51.472 24087 24087 I KeyguardPasswordView: set params.topMargin:799
09-11 19:17:51.489 24087 24087 D KeyguardPasswordView: H.UPDATE_EMERGENCY_BUTTON
09-11 19:17:51.491 24087 24087 I KeyguardPasswordView: set params.topMargin:799
09-11 19:17:51.507 24087 24087 D KeyguardPasswordView: H.UPDATE_EMERGENCY_BUTTON
09-11 19:17:51.508 24087 24087 I KeyguardPasswordView: set params.topMargin:799
09-11 19:17:51.526 24087 24087 D KeyguardPasswordView: H.UPDATE_EMERGENCY_BUTTON
09-11 19:17:51.527 24087 24087 I KeyguardPasswordView: set params.topMargin:799
09-11 19:17:51.545 24087 24087 D KeyguardPasswordView: H.UPDATE_EMERGENCY_BUTTON
09-11 19:17:51.546 24087 24087 I KeyguardPasswordView: set params.topMargin:799
09-11 19:17:51.563 24087 24087 D KeyguardPasswordView: H.UPDATE_EMERGENCY_BUTTON
09-11 19:17:51.564 24087 24087 I KeyguardPasswordView: set params.topMargin:799
09-11 19:17:51.582 24087 24087 D KeyguardPasswordView: H.UPDATE_EMERGENCY_BUTTON
09-11 19:17:51.583 24087 24087 I KeyguardPasswordView: set params.topMargin:799
09-11 19:17:51.604 24087 24087 D KeyguardPasswordView: H.UPDATE_EMERGENCY_BUTTON
09-11 19:17:51.604 24087 24087 I KeyguardPasswordView: set params.topMargin:799
09-11 19:17:51.621 24087 24087 D KeyguardPasswordView: H.UPDATE_EMERGENCY_BUTTON
09-11 19:17:51.621 24087 24087 I KeyguardPasswordView: set params.topMargin:799
09-11 19:17:51.639 24087 24087 D KeyguardPasswordView: H.UPDATE_EMERGENCY_BUTTON
09-11 19:17:51.639 24087 24087 I KeyguardPasswordView: set params.topMargin:799
09-11 19:17:51.658 24087 24087 D KeyguardPasswordView: H.UPDATE_EMERGENCY_BUTTON
09-11 19:17:51.659 24087 24087 I KeyguardPasswordView: set params.topMargin:799
09-11 19:17:51.676 24087 24087 D KeyguardPasswordView: H.UPDATE_EMERGENCY_BUTTON
09-11 19:17:51.676 24087 24087 I KeyguardPasswordView: set params.topMargin:799
09-11 19:17:51.694 24087 24087 D KeyguardPasswordView: H.UPDATE_EMERGENCY_BUTTON
09-11 19:17:51.695 24087 24087 I KeyguardPasswordView: set params.topMargin:799
09-11 19:17:51.713 24087 24087 D KeyguardPasswordView: H.UPDATE_EMERGENCY_BUTTON
09-11 19:17:51.714 24087 24087 I KeyguardPasswordView: set params.topMargin:799
09-11 19:17:51.731 24087 24087 D KeyguardPasswordView: H.UPDATE_EMERGENCY_BUTTON
09-11 19:17:51.732 24087 24087 I KeyguardPasswordView: set params.topMargin:799
09-11 19:17:51.752 24087 24087 D KeyguardPasswordView: H.UPDATE_EMERGENCY_BUTTON
09-11 19:17:51.753 24087 24087 I KeyguardPasswordView: set params.topMargin:799
09-11 19:17:51.772 24087 24087 D KeyguardPasswordView: H.UPDATE_EMERGENCY_BUTTON
09-11 19:17:51.773 24087 24087 I KeyguardPasswordView: set params.topMargin:799
09-11 19:17:51.790 24087 24087 D KeyguardPasswordView: H.UPDATE_EMERGENCY_BUTTON
09-11 19:17:51.791 24087 24087 I KeyguardPasswordView: set params.topMargin:799
09-11 19:17:51.808 24087 24087 D KeyguardPasswordView: H.UPDATE_EMERGENCY_BUTTON
09-11 19:17:51.809 24087 24087 I KeyguardPasswordView: set params.topMargin:799
09-11 19:17:51.827 24087 24087 D KeyguardPasswordView: H.UPDATE_EMERGENCY_BUTTON
09-11 19:17:51.827 24087 24087 I KeyguardPasswordView: set params.topMargin:799
09-11 19:17:51.844 24087 24087 D KeyguardPasswordView: H.UPDATE_EMERGENCY_BUTTON
09-11 19:17:51.844 24087 24087 I KeyguardPasswordView: set params.topMargin:799
09-11 19:17:51.864 24087 24087 D KeyguardPasswordView: H.UPDATE_EMERGENCY_BUTTON
09-11 19:17:51.864 24087 24087 I KeyguardPasswordView: set params.topMargin:799
09-11 19:17:51.882 24087 24087 D KeyguardPasswordView: H.UPDATE_EMERGENCY_BUTTON
09-11 19:17:51.882 24087 24087 I KeyguardPasswordView: set params.topMargin:799
09-11 19:17:51.902 24087 24087 D KeyguardPasswordView: H.UPDATE_EMERGENCY_BUTTON
09-11 19:17:51.903 24087 24087 I KeyguardPasswordView: set params.topMargin:799
09-11 19:17:51.919 24087 24087 D KeyguardPasswordView: H.UPDATE_EMERGENCY_BUTTON
09-11 19:17:51.920 24087 24087 I KeyguardPasswordView: set params.topMargin:799
09-11 19:17:51.937 24087 24087 D KeyguardPasswordView: H.UPDATE_EMERGENCY_BUTTON
09-11 19:17:51.937 24087 24087 I KeyguardPasswordView: set params.topMargin:799
09-11 19:17:51.958 24087 24087 D KeyguardPasswordView: H.UPDATE_EMERGENCY_BUTTON
09-11 19:17:51.958 24087 24087 I KeyguardPasswordView: set params.topMargin:799
09-11 19:17:51.976 24087 24087 D KeyguardPasswordView: H.UPDATE_EMERGENCY_BUTTON
09-11 19:17:51.977 24087 24087 I KeyguardPasswordView: set params.topMargin:799
09-11 19:17:51.994 24087 24087 D KeyguardPasswordView: H.UPDATE_EMERGENCY_BUTTON
09-11 19:17:51.994 24087 24087 I KeyguardPasswordView: set params.topMargin:799
09-11 19:17:52.015 24087 24087 D KeyguardPasswordView: H.UPDATE_EMERGENCY_BUTTON
09-11 19:17:52.016 24087 24087 I KeyguardPasswordView: set params.topMargin:799
09-11 19:17:52.036 24087 24087 D KeyguardPasswordView: H.UPDATE_EMERGENCY_BUTTON
09-11 19:17:52.037 24087 24087 I KeyguardPasswordView: set params.topMargin:799
09-11 19:17:52.053 24087 24087 D KeyguardPasswordView: H.UPDATE_EMERGENCY_BUTTON
09-11 19:17:52.054 24087 24087 I KeyguardPasswordView: set params.topMargin:799
09-11 19:17:52.074 24087 24087 D KeyguardPasswordView: H.UPDATE_EMERGENCY_BUTTON
09-11 19:17:52.075 24087 24087 I KeyguardPasswordView: set params.topMargin:799
09-11 19:17:52.095 24087 24087 D KeyguardPasswordView: H.UPDATE_EMERGENCY_BUTTON
09-11 19:17:52.096 24087 24087 I KeyguardPasswordView: set params.topMargin:799
09-11 19:17:52.114  1044  1086 E ANDR-PERF-OPTSHANDLER: perf_lock_rel: failed for /sys/class/devfreq/soc:qcom,llccbw/min_freq as previous value is not stored
09-11 19:17:52.116 24087 24087 D KeyguardPasswordView: H.UPDATE_EMERGENCY_BUTTON
09-11 19:17:52.116  1044  1086 E ANDR-PERF-OPTSHANDLER: perf_lock_rel: failed for /sys/class/devfreq/soc:qcom,cpubw/min_freq as previous value is not stored
09-11 19:17:52.116 24087 24087 I KeyguardPasswordView: set params.topMargin:799
09-11 19:17:52.138 24087 24087 D KeyguardPasswordView: H.UPDATE_EMERGENCY_BUTTON
09-11 19:17:52.139 24087 24087 I KeyguardPasswordView: set params.topMargin:799
09-11 19:17:52.156 24087 24087 D KeyguardPasswordView: H.UPDATE_EMERGENCY_BUTTON
09-11 19:17:52.159 24087 24087 I KeyguardPasswordView: set params.topMargin:799
09-11 19:17:52.174 24087 24087 D KeyguardPasswordView: H.UPDATE_EMERGENCY_BUTTON
09-11 19:17:52.174 24087 24087 I KeyguardPasswordView: set params.topMargin:799
09-11 19:17:52.193 24087 24087 D KeyguardPasswordView: H.UPDATE_EMERGENCY_BUTTON
09-11 19:17:52.194 24087 24087 I KeyguardPasswordView: set params.topMargin:799
09-11 19:17:52.211 24087 24087 D KeyguardPasswordView: H.UPDATE_EMERGENCY_BUTTON
09-11 19:17:52.211 24087 24087 I KeyguardPasswordView: set params.topMargin:799
09-11 19:17:52.229 24087 24087 D KeyguardPasswordView: H.UPDATE_EMERGENCY_BUTTON
09-11 19:17:52.230 24087 24087 I KeyguardPasswordView: set params.topMargin:799
09-11 19:17:52.248 24087 24087 D KeyguardPasswordView: H.UPDATE_EMERGENCY_BUTTON
09-11 19:17:52.248 24087 24087 I KeyguardPasswordView: set params.topMargin:799
09-11 19:17:52.267 24087 24087 D KeyguardPasswordView: H.UPDATE_EMERGENCY_BUTTON
09-11 19:17:52.268 24087 24087 I KeyguardPasswordView: set params.topMargin:799
09-11 19:17:52.285 24087 24087 D KeyguardPasswordView: H.UPDATE_EMERGENCY_BUTTON
09-11 19:17:52.286 24087 24087 I KeyguardPasswordView: set params.topMargin:799
09-11 19:17:52.303 24087 24087 D KeyguardPasswordView: H.UPDATE_EMERGENCY_BUTTON
09-11 19:17:52.304 24087 24087 I KeyguardPasswordView: set params.topMargin:799
09-11 19:17:52.324 24087 24087 D KeyguardPasswordView: H.UPDATE_EMERGENCY_BUTTON
09-11 19:17:52.325 24087 24087 I KeyguardPasswordView: set params.topMargin:799
09-11 19:17:52.341  1664  7162 E QMI_FW  : qmi_cci_get_ref: ref count increased 2
09-11 19:17:52.341 24087 24087 D KeyguardPasswordView: H.UPDATE_EMERGENCY_BUTTON
09-11 19:17:52.342 24087 24087 I KeyguardPasswordView: set params.topMargin:799
09-11 19:17:52.344  1664  1732 E QMI_FW  : qmi_cci_get_ref: ref count increased 2
09-11 19:17:52.360 24087 24087 D KeyguardPasswordView: H.UPDATE_EMERGENCY_BUTTON
09-11 19:17:52.361 24087 24087 I KeyguardPasswordView: set params.topMargin:799
09-11 19:17:52.385 24087 24087 D KeyguardPasswordView: H.UPDATE_EMERGENCY_BUTTON
09-11 19:17:52.385 24087 24087 I KeyguardPasswordView: set params.topMargin:799
09-11 19:17:52.392  3155  3155 D PhoneInterfaceManager: [PhoneIntfMgr] getPhoneFromSubId: 6
09-11 19:17:52.401 24087 24087 D KeyguardPasswordView: H.UPDATE_EMERGENCY_BUTTON
09-11 19:17:52.402 24087 24087 I KeyguardPasswordView: set params.topMargin:799
09-11 19:17:52.420 24087 24087 D KeyguardPasswordView: H.UPDATE_EMERGENCY_BUTTON
09-11 19:17:52.420 24087 24087 I KeyguardPasswordView: set params.topMargin:799
09-11 19:17:52.437 24087 24087 D KeyguardPasswordView: H.UPDATE_EMERGENCY_BUTTON
09-11 19:17:52.437 24087 24087 I KeyguardPasswordView: set params.topMargin:799
09-11 19:17:52.460 24087 24087 D KeyguardPasswordView: H.UPDATE_EMERGENCY_BUTTON
09-11 19:17:52.460 24087 24087 I KeyguardPasswordView: set params.topMargin:799
09-11 19:17:52.480 24087 24087 D KeyguardPasswordView: H.UPDATE_EMERGENCY_BUTTON
09-11 19:17:52.481 24087 24087 I KeyguardPasswordView: set params.topMargin:799
09-11 19:17:52.498 24087 24087 D KeyguardPasswordView: H.UPDATE_EMERGENCY_BUTTON
09-11 19:17:52.499 24087 24087 I KeyguardPasswordView: set params.topMargin:799
09-11 19:17:52.516 24087 24087 D KeyguardPasswordView: H.UPDATE_EMERGENCY_BUTTON
09-11 19:17:52.517 24087 24087 I KeyguardPasswordView: set params.topMargin:799
09-11 19:17:52.535 24087 24087 D KeyguardPasswordView: H.UPDATE_EMERGENCY_BUTTON
09-11 19:17:52.536 24087 24087 I KeyguardPasswordView: set params.topMargin:799
09-11 19:17:52.557 24087 24087 D KeyguardPasswordView: H.UPDATE_EMERGENCY_BUTTON
09-11 19:17:52.557 24087 24087 I KeyguardPasswordView: set params.topMargin:799
09-11 19:17:52.577 24087 24087 D KeyguardPasswordView: H.UPDATE_EMERGENCY_BUTTON
09-11 19:17:52.578 24087 24087 I KeyguardPasswordView: set params.topMargin:799
09-11 19:17:52.598 24087 24087 D KeyguardPasswordView: H.UPDATE_EMERGENCY_BUTTON
09-11 19:17:52.599 24087 24087 I KeyguardPasswordView: set params.topMargin:799
09-11 19:17:52.619 24087 24087 D KeyguardPasswordView: H.UPDATE_EMERGENCY_BUTTON
09-11 19:17:52.619 24087 24087 I KeyguardPasswordView: set params.topMargin:799
09-11 19:17:52.637 24087 24087 D KeyguardPasswordView: H.UPDATE_EMERGENCY_BUTTON
09-11 19:17:52.637 24087 24087 I KeyguardPasswordView: set params.topMargin:799
09-11 19:17:52.658 24087 24087 D KeyguardPasswordView: H.UPDATE_EMERGENCY_BUTTON
09-11 19:17:52.658 24087 24087 I KeyguardPasswordView: set params.topMargin:799
09-11 19:17:52.678 24087 24087 D KeyguardPasswordView: H.UPDATE_EMERGENCY_BUTTON
09-11 19:17:52.679 24087 24087 I KeyguardPasswordView: set params.topMargin:799
09-11 19:17:52.697 24087 24087 D KeyguardPasswordView: H.UPDATE_EMERGENCY_BUTTON
09-11 19:17:52.698 24087 24087 I KeyguardPasswordView: set params.topMargin:799
09-11 19:17:52.716 24087 24087 D KeyguardPasswordView: H.UPDATE_EMERGENCY_BUTTON
09-11 19:17:52.716 24087 24087 I KeyguardPasswordView: set params.topMargin:799
09-11 19:17:52.734 24087 24087 D KeyguardPasswordView: H.UPDATE_EMERGENCY_BUTTON
09-11 19:17:52.735 24087 24087 I KeyguardPasswordView: set params.topMargin:799
09-11 19:17:52.751 24087 24087 D KeyguardPasswordView: H.UPDATE_EMERGENCY_BUTTON
09-11 19:17:52.751 24087 24087 I KeyguardPasswordView: set params.topMargin:799
09-11 19:17:52.769 24087 24087 D KeyguardPasswordView: H.UPDATE_EMERGENCY_BUTTON
09-11 19:17:52.769 24087 24087 I KeyguardPasswordView: set params.topMargin:799
09-11 19:17:52.787 24087 24087 D KeyguardPasswordView: H.UPDATE_EMERGENCY_BUTTON
09-11 19:17:52.787 24087 24087 I KeyguardPasswordView: set params.topMargin:799
09-11 19:17:52.805 24087 24087 D KeyguardPasswordView: H.UPDATE_EMERGENCY_BUTTON
09-11 19:17:52.805 24087 24087 I KeyguardPasswordView: set params.topMargin:799
09-11 19:17:52.823 24087 24087 D KeyguardPasswordView: H.UPDATE_EMERGENCY_BUTTON
09-11 19:17:52.823 24087 24087 I KeyguardPasswordView: set params.topMargin:799
09-11 19:17:52.840 24087 24087 D KeyguardPasswordView: H.UPDATE_EMERGENCY_BUTTON
09-11 19:17:52.841 24087 24087 I KeyguardPasswordView: set params.topMargin:799
09-11 19:17:52.858 24087 24087 D KeyguardPasswordView: H.UPDATE_EMERGENCY_BUTTON
09-11 19:17:52.858 24087 24087 I KeyguardPasswordView: set params.topMargin:799
09-11 19:17:52.876 24087 24087 D KeyguardPasswordView: H.UPDATE_EMERGENCY_BUTTON
09-11 19:17:52.877 24087 24087 I KeyguardPasswordView: set params.topMargin:799
09-11 19:17:52.897 24087 24087 D KeyguardPasswordView: H.UPDATE_EMERGENCY_BUTTON
09-11 19:17:52.898 24087 24087 I KeyguardPasswordView: set params.topMargin:799
09-11 19:17:52.917 24087 24087 D KeyguardPasswordView: H.UPDATE_EMERGENCY_BUTTON
09-11 19:17:52.918 24087 24087 I KeyguardPasswordView: set params.topMargin:799
09-11 19:17:52.936 24087 24087 D KeyguardPasswordView: H.UPDATE_EMERGENCY_BUTTON
09-11 19:17:52.936 24087 24087 I KeyguardPasswordView: set params.topMargin:799
09-11 19:17:52.953 24087 24087 D KeyguardPasswordView: H.UPDATE_EMERGENCY_BUTTON
09-11 19:17:52.954 24087 24087 I KeyguardPasswordView: set params.topMargin:799
09-11 19:17:52.970 24087 24087 D KeyguardPasswordView: H.UPDATE_EMERGENCY_BUTTON
09-11 19:17:52.972 24087 24087 I KeyguardPasswordView: set params.topMargin:799
09-11 19:17:52.989 24087 24087 D KeyguardPasswordView: H.UPDATE_EMERGENCY_BUTTON
09-11 19:17:52.989 24087 24087 I KeyguardPasswordView: set params.topMargin:799
09-11 19:17:53.007 24087 24087 D KeyguardPasswordView: H.UPDATE_EMERGENCY_BUTTON
09-11 19:17:53.008 24087 24087 I KeyguardPasswordView: set params.topMargin:799
09-11 19:17:53.025 24087 24087 D KeyguardPasswordView: H.UPDATE_EMERGENCY_BUTTON
09-11 19:17:53.026 24087 24087 I KeyguardPasswordView: set params.topMargin:799
09-11 19:17:53.041 24442 24442 W RootViewPicker: No activity currently resumed - waiting: 30000ms for one to appear.
09-11 19:17:53.043 24087 24087 D KeyguardPasswordView: H.UPDATE_EMERGENCY_BUTTON
09-11 19:17:53.044 24087 24087 I KeyguardPasswordView: set params.topMargin:799
09-11 19:17:53.065 24087 24087 D KeyguardPasswordView: H.UPDATE_EMERGENCY_BUTTON
09-11 19:17:53.066 24087 24087 I KeyguardPasswordView: set params.topMargin:799
09-11 19:17:53.083 24087 24087 D KeyguardPasswordView: H.UPDATE_EMERGENCY_BUTTON
09-11 19:17:53.084 24087 24087 I KeyguardPasswordView: set params.topMargin:799
09-11 19:17:53.104 24087 24087 D KeyguardPasswordView: H.UPDATE_EMERGENCY_BUTTON
09-11 19:17:53.104 24087 24087 I KeyguardPasswordView: set params.topMargin:799
09-11 19:17:53.121 24087 24087 D KeyguardPasswordView: H.UPDATE_EMERGENCY_BUTTON
09-11 19:17:53.121 24087 24087 I KeyguardPasswordView: set params.topMargin:799
09-11 19:17:53.139 24087 24087 D KeyguardPasswordView: H.UPDATE_EMERGENCY_BUTTON
09-11 19:17:53.140 24087 24087 I KeyguardPasswordView: set params.topMargin:799
09-11 19:17:53.160 24087 24087 D KeyguardPasswordView: H.UPDATE_EMERGENCY_BUTTON
09-11 19:17:53.163 24087 24087 I KeyguardPasswordView: set params.topMargin:799
09-11 19:17:53.177 24087 24087 D KeyguardPasswordView: H.UPDATE_EMERGENCY_BUTTON
09-11 19:17:53.178 24087 24087 I KeyguardPasswordView: set params.topMargin:799
09-11 19:17:53.195 24087 24087 D KeyguardPasswordView: H.UPDATE_EMERGENCY_BUTTON
09-11 19:17:53.196 24087 24087 I KeyguardPasswordView: set params.topMargin:799
09-11 19:17:53.213 24087 24087 D KeyguardPasswordView: H.UPDATE_EMERGENCY_BUTTON
09-11 19:17:53.214 24087 24087 I KeyguardPasswordView: set params.topMargin:799
09-11 19:17:53.231 24087 24087 D KeyguardPasswordView: H.UPDATE_EMERGENCY_BUTTON
09-11 19:17:53.231 24087 24087 I KeyguardPasswordView: set params.topMargin:799
09-11 19:17:53.251 24087 24087 D KeyguardPasswordView: H.UPDATE_EMERGENCY_BUTTON
09-11 19:17:53.251 24087 24087 I KeyguardPasswordView: set params.topMargin:799
09-11 19:17:53.271 24087 24087 D KeyguardPasswordView: H.UPDATE_EMERGENCY_BUTTON
09-11 19:17:53.272 24087 24087 I KeyguardPasswordView: set params.topMargin:799
09-11 19:17:53.292 24087 24087 D KeyguardPasswordView: H.UPDATE_EMERGENCY_BUTTON
09-11 19:17:53.292 24087 24087 I KeyguardPasswordView: set params.topMargin:799
09-11 19:17:53.313 24087 24087 D KeyguardPasswordView: H.UPDATE_EMERGENCY_BUTTON
09-11 19:17:53.314 24087 24087 I KeyguardPasswordView: set params.topMargin:799
09-11 19:17:53.334 24087 24087 D KeyguardPasswordView: H.UPDATE_EMERGENCY_BUTTON
09-11 19:17:53.335 24087 24087 I KeyguardPasswordView: set params.topMargin:799
09-11 19:17:53.351 24087 24087 D KeyguardPasswordView: H.UPDATE_EMERGENCY_BUTTON
09-11 19:17:53.352 24087 24087 I KeyguardPasswordView: set params.topMargin:799
09-11 19:17:53.369 24087 24087 D KeyguardPasswordView: H.UPDATE_EMERGENCY_BUTTON
09-11 19:17:53.369 24087 24087 I KeyguardPasswordView: set params.topMargin:799
09-11 19:17:53.389 24087 24087 D KeyguardPasswordView: H.UPDATE_EMERGENCY_BUTTON
09-11 19:17:53.390 24087 24087 I KeyguardPasswordView: set params.topMargin:799
09-11 19:17:53.410 24087 24087 D KeyguardPasswordView: H.UPDATE_EMERGENCY_BUTTON
09-11 19:17:53.410 24087 24087 I KeyguardPasswordView: set params.topMargin:799
09-11 19:17:53.428 24087 24087 D KeyguardPasswordView: H.UPDATE_EMERGENCY_BUTTON
09-11 19:17:53.430 24087 24087 I KeyguardPasswordView: set params.topMargin:799
09-11 19:17:53.445 24087 24087 D KeyguardPasswordView: H.UPDATE_EMERGENCY_BUTTON
09-11 19:17:53.446 24087 24087 I KeyguardPasswordView: set params.topMargin:799
09-11 19:17:53.463 24087 24087 D KeyguardPasswordView: H.UPDATE_EMERGENCY_BUTTON
09-11 19:17:53.464 24087 24087 I KeyguardPasswordView: set params.topMargin:799
09-11 19:17:53.482 24087 24087 D KeyguardPasswordView: H.UPDATE_EMERGENCY_BUTTON
09-11 19:17:53.482 24087 24087 I KeyguardPasswordView: set params.topMargin:799
09-11 19:17:53.500 24087 24087 D KeyguardPasswordView: H.UPDATE_EMERGENCY_BUTTON
09-11 19:17:53.500 24087 24087 I KeyguardPasswordView: set params.topMargin:799
09-11 19:17:53.518 24087 24087 D KeyguardPasswordView: H.UPDATE_EMERGENCY_BUTTON
09-11 19:17:53.519 24087 24087 I KeyguardPasswordView: set params.topMargin:799
09-11 19:17:53.536 24087 24087 D KeyguardPasswordView: H.UPDATE_EMERGENCY_BUTTON
09-11 19:17:53.537 24087 24087 I KeyguardPasswordView: set params.topMargin:799
09-11 19:17:53.554 24087 24087 D KeyguardPasswordView: H.UPDATE_EMERGENCY_BUTTON
09-11 19:17:53.555 24087 24087 I KeyguardPasswordView: set params.topMargin:799
09-11 19:17:53.572 24087 24087 D KeyguardPasswordView: H.UPDATE_EMERGENCY_BUTTON
09-11 19:17:53.573 24087 24087 I KeyguardPasswordView: set params.topMargin:799
09-11 19:17:53.590 24087 24087 D KeyguardPasswordView: H.UPDATE_EMERGENCY_BUTTON
09-11 19:17:53.590 24087 24087 I KeyguardPasswordView: set params.topMargin:799
09-11 19:17:53.610 24087 24087 D KeyguardPasswordView: H.UPDATE_EMERGENCY_BUTTON
09-11 19:17:53.611 24087 24087 I KeyguardPasswordView: set params.topMargin:799
09-11 19:17:53.625 24087 24087 D KeyguardPasswordView: H.UPDATE_EMERGENCY_BUTTON
09-11 19:17:53.626 24087 24087 I KeyguardPasswordView: set params.topMargin:799
09-11 19:17:53.642 24087 24087 D KeyguardPasswordView: H.UPDATE_EMERGENCY_BUTTON
09-11 19:17:53.643 24087 24087 I KeyguardPasswordView: set params.topMargin:799
09-11 19:17:53.660 24087 24087 D KeyguardPasswordView: H.UPDATE_EMERGENCY_BUTTON
09-11 19:17:53.661 24087 24087 I KeyguardPasswordView: set params.topMargin:799
09-11 19:17:53.678 24087 24087 D KeyguardPasswordView: H.UPDATE_EMERGENCY_BUTTON
09-11 19:17:53.679 24087 24087 I KeyguardPasswordView: set params.topMargin:799
09-11 19:17:53.698 24087 24087 D KeyguardPasswordView: H.UPDATE_EMERGENCY_BUTTON
09-11 19:17:53.699 24087 24087 I KeyguardPasswordView: set params.topMargin:799
09-11 19:17:53.717 24087 24087 D KeyguardPasswordView: H.UPDATE_EMERGENCY_BUTTON
09-11 19:17:53.718 24087 24087 I KeyguardPasswordView: set params.topMargin:799
09-11 19:17:53.736 24087 24087 D KeyguardPasswordView: H.UPDATE_EMERGENCY_BUTTON
09-11 19:17:53.737 24087 24087 I KeyguardPasswordView: set params.topMargin:799
09-11 19:17:53.755 24087 24087 D KeyguardPasswordView: H.UPDATE_EMERGENCY_BUTTON
09-11 19:17:53.756 24087 24087 I KeyguardPasswordView: set params.topMargin:799
09-11 19:17:53.773 24087 24087 D KeyguardPasswordView: H.UPDATE_EMERGENCY_BUTTON
09-11 19:17:53.773 24087 24087 I KeyguardPasswordView: set params.topMargin:799
09-11 19:17:53.794 24087 24087 D KeyguardPasswordView: H.UPDATE_EMERGENCY_BUTTON
09-11 19:17:53.795 24087 24087 I KeyguardPasswordView: set params.topMargin:799
09-11 19:17:53.811 24087 24087 D KeyguardPasswordView: H.UPDATE_EMERGENCY_BUTTON
09-11 19:17:53.811 24087 24087 I KeyguardPasswordView: set params.topMargin:799
09-11 19:17:53.828 24087 24087 D KeyguardPasswordView: H.UPDATE_EMERGENCY_BUTTON
09-11 19:17:53.829 24087 24087 I KeyguardPasswordView: set params.topMargin:799
09-11 19:17:53.846 24087 24087 D KeyguardPasswordView: H.UPDATE_EMERGENCY_BUTTON
09-11 19:17:53.847 24087 24087 I KeyguardPasswordView: set params.topMargin:799
09-11 19:17:53.865 24087 24087 D KeyguardPasswordView: H.UPDATE_EMERGENCY_BUTTON
09-11 19:17:53.865 24087 24087 I KeyguardPasswordView: set params.topMargin:799
09-11 19:17:53.882 24087 24087 D KeyguardPasswordView: H.UPDATE_EMERGENCY_BUTTON
09-11 19:17:53.883 24087 24087 I KeyguardPasswordView: set params.topMargin:799
09-11 19:17:53.900 24087 24087 D KeyguardPasswordView: H.UPDATE_EMERGENCY_BUTTON
09-11 19:17:53.901 24087 24087 I KeyguardPasswordView: set params.topMargin:799
09-11 19:17:53.918 24087 24087 D KeyguardPasswordView: H.UPDATE_EMERGENCY_BUTTON
09-11 19:17:53.919 24087 24087 I KeyguardPasswordView: set params.topMargin:799
09-11 19:17:53.937 24087 24087 D KeyguardPasswordView: H.UPDATE_EMERGENCY_BUTTON
09-11 19:17:53.937 24087 24087 I KeyguardPasswordView: set params.topMargin:799
09-11 19:17:53.954 24087 24087 D KeyguardPasswordView: H.UPDATE_EMERGENCY_BUTTON
